Drivers/STM32F3xx_HAL_Driver/Src/stm32f3xx_hal_hrtim.c:719:13:HAL_HRTIM_MspInit	0	static
Drivers/STM32F3xx_HAL_Driver/Src/stm32f3xx_hal_hrtim.c:540:19:HAL_HRTIM_Init	16	static
Drivers/STM32F3xx_HAL_Driver/Src/stm32f3xx_hal_hrtim.c:734:13:HAL_HRTIM_MspDeInit	0	static
Drivers/STM32F3xx_HAL_Driver/Src/stm32f3xx_hal_hrtim.c:683:19:HAL_HRTIM_DeInit	8	static
Drivers/STM32F3xx_HAL_Driver/Src/stm32f3xx_hal_hrtim.c:759:19:HAL_HRTIM_DLLCalibrationStart	0	static
Drivers/STM32F3xx_HAL_Driver/Src/stm32f3xx_hal_hrtim.c:809:19:HAL_HRTIM_DLLCalibrationStart_IT	0	static
Drivers/STM32F3xx_HAL_Driver/Src/stm32f3xx_hal_hrtim.c:850:19:HAL_HRTIM_PollForDLLCalibration	16	static
Drivers/STM32F3xx_HAL_Driver/Src/stm32f3xx_hal_hrtim.c:899:19:HAL_HRTIM_TimeBaseConfig	4	static
Drivers/STM32F3xx_HAL_Driver/Src/stm32f3xx_hal_hrtim.c:970:19:HAL_HRTIM_SimpleBaseStart	4	static
Drivers/STM32F3xx_HAL_Driver/Src/stm32f3xx_hal_hrtim.c:1005:19:HAL_HRTIM_SimpleBaseStop	0	static
Drivers/STM32F3xx_HAL_Driver/Src/stm32f3xx_hal_hrtim.c:1041:19:HAL_HRTIM_SimpleBaseStart_IT	8	static
Drivers/STM32F3xx_HAL_Driver/Src/stm32f3xx_hal_hrtim.c:1087:19:HAL_HRTIM_SimpleBaseStop_IT	0	static
Drivers/STM32F3xx_HAL_Driver/Src/stm32f3xx_hal_hrtim.c:1136:19:HAL_HRTIM_SimpleBaseStart_DMA	16	static
Drivers/STM32F3xx_HAL_Driver/Src/stm32f3xx_hal_hrtim.c:1238:19:HAL_HRTIM_SimpleBaseStop_DMA	16	static
Drivers/STM32F3xx_HAL_Driver/Src/stm32f3xx_hal_hrtim.c:1360:19:HAL_HRTIM_SimpleOCChannelConfig	20	static
Drivers/STM32F3xx_HAL_Driver/Src/stm32f3xx_hal_hrtim.c:1534:19:HAL_HRTIM_SimpleOCStart	4	static
Drivers/STM32F3xx_HAL_Driver/Src/stm32f3xx_hal_hrtim.c:1584:19:HAL_HRTIM_SimpleOCStop	4	static
Drivers/STM32F3xx_HAL_Driver/Src/stm32f3xx_hal_hrtim.c:1639:19:HAL_HRTIM_SimpleOCStart_IT	12	static
Drivers/STM32F3xx_HAL_Driver/Src/stm32f3xx_hal_hrtim.c:1698:19:HAL_HRTIM_SimpleOCStop_IT	8	static
Drivers/STM32F3xx_HAL_Driver/Src/stm32f3xx_hal_hrtim.c:1765:19:HAL_HRTIM_SimpleOCStart_DMA	24	static
Drivers/STM32F3xx_HAL_Driver/Src/stm32f3xx_hal_hrtim.c:1872:19:HAL_HRTIM_SimpleOCStop_DMA	16	static
Drivers/STM32F3xx_HAL_Driver/Src/stm32f3xx_hal_hrtim.c:1980:19:HAL_HRTIM_SimplePWMChannelConfig	20	static
Drivers/STM32F3xx_HAL_Driver/Src/stm32f3xx_hal_hrtim.c:2098:19:HAL_HRTIM_SimplePWMStart	4	static
Drivers/STM32F3xx_HAL_Driver/Src/stm32f3xx_hal_hrtim.c:2148:19:HAL_HRTIM_SimplePWMStop	4	static
Drivers/STM32F3xx_HAL_Driver/Src/stm32f3xx_hal_hrtim.c:2199:19:HAL_HRTIM_SimplePWMStart_IT	4	static
Drivers/STM32F3xx_HAL_Driver/Src/stm32f3xx_hal_hrtim.c:2289:19:HAL_HRTIM_SimplePWMStop_IT	4	static
Drivers/STM32F3xx_HAL_Driver/Src/stm32f3xx_hal_hrtim.c:2383:19:HAL_HRTIM_SimplePWMStart_DMA	16	static
Drivers/STM32F3xx_HAL_Driver/Src/stm32f3xx_hal_hrtim.c:2522:19:HAL_HRTIM_SimplePWMStop_DMA	16	static
Drivers/STM32F3xx_HAL_Driver/Src/stm32f3xx_hal_hrtim.c:2646:19:HAL_HRTIM_SimpleCaptureChannelConfig	28	static
Drivers/STM32F3xx_HAL_Driver/Src/stm32f3xx_hal_hrtim.c:2717:19:HAL_HRTIM_SimpleCaptureStart	4	static
Drivers/STM32F3xx_HAL_Driver/Src/stm32f3xx_hal_hrtim.c:2788:19:HAL_HRTIM_SimpleCaptureStop	4	static
Drivers/STM32F3xx_HAL_Driver/Src/stm32f3xx_hal_hrtim.c:2870:19:HAL_HRTIM_SimpleCaptureStart_IT	4	static
Drivers/STM32F3xx_HAL_Driver/Src/stm32f3xx_hal_hrtim.c:2948:19:HAL_HRTIM_SimpleCaptureStop_IT	4	static
Drivers/STM32F3xx_HAL_Driver/Src/stm32f3xx_hal_hrtim.c:3041:19:HAL_HRTIM_SimpleCaptureStart_DMA	16	static
Drivers/STM32F3xx_HAL_Driver/Src/stm32f3xx_hal_hrtim.c:3154:19:HAL_HRTIM_SimpleCaptureStop_DMA	16	static
Drivers/STM32F3xx_HAL_Driver/Src/stm32f3xx_hal_hrtim.c:3301:19:HAL_HRTIM_SimpleOnePulseChannelConfig	24	static
Drivers/STM32F3xx_HAL_Driver/Src/stm32f3xx_hal_hrtim.c:3437:19:HAL_HRTIM_SimpleOnePulseStart	4	static
Drivers/STM32F3xx_HAL_Driver/Src/stm32f3xx_hal_hrtim.c:3487:19:HAL_HRTIM_SimpleOnePulseStop	4	static
Drivers/STM32F3xx_HAL_Driver/Src/stm32f3xx_hal_hrtim.c:3538:19:HAL_HRTIM_SimpleOnePulseStart_IT	4	static
Drivers/STM32F3xx_HAL_Driver/Src/stm32f3xx_hal_hrtim.c:3628:19:HAL_HRTIM_SimpleOnePulseStop_IT	4	static
Drivers/STM32F3xx_HAL_Driver/Src/stm32f3xx_hal_hrtim.c:3725:19:HAL_HRTIM_BurstModeConfig	8	static
Drivers/STM32F3xx_HAL_Driver/Src/stm32f3xx_hal_hrtim.c:3805:19:HAL_HRTIM_EventConfig	16	static
Drivers/STM32F3xx_HAL_Driver/Src/stm32f3xx_hal_hrtim.c:3850:19:HAL_HRTIM_EventPrescalerConfig	0	static
Drivers/STM32F3xx_HAL_Driver/Src/stm32f3xx_hal_hrtim.c:3892:19:HAL_HRTIM_FaultConfig	16	static
Drivers/STM32F3xx_HAL_Driver/Src/stm32f3xx_hal_hrtim.c:4017:19:HAL_HRTIM_FaultPrescalerConfig	0	static
Drivers/STM32F3xx_HAL_Driver/Src/stm32f3xx_hal_hrtim.c:4060:6:HAL_HRTIM_FaultModeCtl	4	static
Drivers/STM32F3xx_HAL_Driver/Src/stm32f3xx_hal_hrtim.c:4104:19:HAL_HRTIM_ADCTriggerConfig	8	static
Drivers/STM32F3xx_HAL_Driver/Src/stm32f3xx_hal_hrtim.c:4256:19:HAL_HRTIM_WaveformTimerConfig	32	static
Drivers/STM32F3xx_HAL_Driver/Src/stm32f3xx_hal_hrtim.c:4357:19:HAL_HRTIM_TimerEventFilteringConfig	8	static
Drivers/STM32F3xx_HAL_Driver/Src/stm32f3xx_hal_hrtim.c:4487:19:HAL_HRTIM_DeadTimeConfig	8	static
Drivers/STM32F3xx_HAL_Driver/Src/stm32f3xx_hal_hrtim.c:4552:19:HAL_HRTIM_ChopperModeConfig	4	static
Drivers/STM32F3xx_HAL_Driver/Src/stm32f3xx_hal_hrtim.c:4629:19:HAL_HRTIM_BurstDMAConfig	0	static
Drivers/STM32F3xx_HAL_Driver/Src/stm32f3xx_hal_hrtim.c:4736:19:HAL_HRTIM_WaveformCompareConfig	8	static
Drivers/STM32F3xx_HAL_Driver/Src/stm32f3xx_hal_hrtim.c:4937:19:HAL_HRTIM_WaveformCaptureConfig	4	static
Drivers/STM32F3xx_HAL_Driver/Src/stm32f3xx_hal_hrtim.c:5023:19:HAL_HRTIM_WaveformOutputConfig	28	static
Drivers/STM32F3xx_HAL_Driver/Src/stm32f3xx_hal_hrtim.c:5091:19:HAL_HRTIM_WaveformSetOutputLevel	4	static
Drivers/STM32F3xx_HAL_Driver/Src/stm32f3xx_hal_hrtim.c:5193:19:HAL_HRTIM_WaveformOutputStart	0	static
Drivers/STM32F3xx_HAL_Driver/Src/stm32f3xx_hal_hrtim.c:5233:19:HAL_HRTIM_WaveformOutputStop	0	static
Drivers/STM32F3xx_HAL_Driver/Src/stm32f3xx_hal_hrtim.c:5269:19:HAL_HRTIM_WaveformCountStart	0	static
Drivers/STM32F3xx_HAL_Driver/Src/stm32f3xx_hal_hrtim.c:5306:19:HAL_HRTIM_WaveformCountStop	0	static
Drivers/STM32F3xx_HAL_Driver/Src/stm32f3xx_hal_hrtim.c:5346:19:HAL_HRTIM_WaveformCountStart_IT	8	static
Drivers/STM32F3xx_HAL_Driver/Src/stm32f3xx_hal_hrtim.c:5408:19:HAL_HRTIM_WaveformCountStop_IT	16	static
Drivers/STM32F3xx_HAL_Driver/Src/stm32f3xx_hal_hrtim.c:5480:19:HAL_HRTIM_WaveformCountStart_DMA	40	static
Drivers/STM32F3xx_HAL_Driver/Src/stm32f3xx_hal_hrtim.c:5601:19:HAL_HRTIM_WaveformCountStop_DMA	40	static
Drivers/STM32F3xx_HAL_Driver/Src/stm32f3xx_hal_hrtim.c:5676:19:HAL_HRTIM_BurstModeCtl	0	static
Drivers/STM32F3xx_HAL_Driver/Src/stm32f3xx_hal_hrtim.c:5708:19:HAL_HRTIM_BurstModeSoftwareTrigger	0	static
Drivers/STM32F3xx_HAL_Driver/Src/stm32f3xx_hal_hrtim.c:5749:19:HAL_HRTIM_SoftwareCapture	0	static
Drivers/STM32F3xx_HAL_Driver/Src/stm32f3xx_hal_hrtim.c:5821:19:HAL_HRTIM_SoftwareUpdate	0	static
Drivers/STM32F3xx_HAL_Driver/Src/stm32f3xx_hal_hrtim.c:5863:19:HAL_HRTIM_SoftwareReset	0	static
Drivers/STM32F3xx_HAL_Driver/Src/stm32f3xx_hal_hrtim.c:5914:19:HAL_HRTIM_BurstDMATransfer	16	static
Drivers/STM32F3xx_HAL_Driver/Src/stm32f3xx_hal_hrtim.c:5998:19:HAL_HRTIM_UpdateEnable	0	static
Drivers/STM32F3xx_HAL_Driver/Src/stm32f3xx_hal_hrtim.c:6034:19:HAL_HRTIM_UpdateDisable	0	static
Drivers/STM32F3xx_HAL_Driver/Src/stm32f3xx_hal_hrtim.c:6086:24:HAL_HRTIM_GetState	0	static
Drivers/STM32F3xx_HAL_Driver/Src/stm32f3xx_hal_hrtim.c:6108:10:HAL_HRTIM_GetCapturedValue	0	static
Drivers/STM32F3xx_HAL_Driver/Src/stm32f3xx_hal_hrtim.c:6171:10:HAL_HRTIM_WaveformGetOutputLevel	0	static
Drivers/STM32F3xx_HAL_Driver/Src/stm32f3xx_hal_hrtim.c:6251:10:HAL_HRTIM_WaveformGetOutputState	0	static
Drivers/STM32F3xx_HAL_Driver/Src/stm32f3xx_hal_hrtim.c:6381:10:HAL_HRTIM_GetDelayedProtectionStatus	0	static
Drivers/STM32F3xx_HAL_Driver/Src/stm32f3xx_hal_hrtim.c:6446:10:HAL_HRTIM_GetBurstStatus	0	static
Drivers/STM32F3xx_HAL_Driver/Src/stm32f3xx_hal_hrtim.c:6469:10:HAL_HRTIM_GetCurrentPushPullStatus	0	static
Drivers/STM32F3xx_HAL_Driver/Src/stm32f3xx_hal_hrtim.c:6497:10:HAL_HRTIM_GetIdlePushPullStatus	0	static
Drivers/STM32F3xx_HAL_Driver/Src/stm32f3xx_hal_hrtim.c:6610:13:HAL_HRTIM_Fault1Callback	0	static
Drivers/STM32F3xx_HAL_Driver/Src/stm32f3xx_hal_hrtim.c:6625:13:HAL_HRTIM_Fault2Callback	0	static
Drivers/STM32F3xx_HAL_Driver/Src/stm32f3xx_hal_hrtim.c:6640:13:HAL_HRTIM_Fault3Callback	0	static
Drivers/STM32F3xx_HAL_Driver/Src/stm32f3xx_hal_hrtim.c:6655:13:HAL_HRTIM_Fault4Callback	0	static
Drivers/STM32F3xx_HAL_Driver/Src/stm32f3xx_hal_hrtim.c:6670:13:HAL_HRTIM_Fault5Callback	0	static
Drivers/STM32F3xx_HAL_Driver/Src/stm32f3xx_hal_hrtim.c:6685:13:HAL_HRTIM_SystemFaultCallback	0	static
Drivers/STM32F3xx_HAL_Driver/Src/stm32f3xx_hal_hrtim.c:6700:13:HAL_HRTIM_DLLCalibrationReadyCallback	0	static
Drivers/STM32F3xx_HAL_Driver/Src/stm32f3xx_hal_hrtim.c:6715:13:HAL_HRTIM_BurstModePeriodCallback	0	static
Drivers/STM32F3xx_HAL_Driver/Src/stm32f3xx_hal_hrtim.c:6730:13:HAL_HRTIM_SynchronizationEventCallback	0	static
Drivers/STM32F3xx_HAL_Driver/Src/stm32f3xx_hal_hrtim.c:6753:13:HAL_HRTIM_RegistersUpdateCallback	0	static
Drivers/STM32F3xx_HAL_Driver/Src/stm32f3xx_hal_hrtim.c:6778:13:HAL_HRTIM_RepetitionEventCallback	0	static
Drivers/STM32F3xx_HAL_Driver/Src/stm32f3xx_hal_hrtim.c:6804:13:HAL_HRTIM_Compare1EventCallback	0	static
Drivers/STM32F3xx_HAL_Driver/Src/stm32f3xx_hal_hrtim.c:6830:13:HAL_HRTIM_Compare2EventCallback	0	static
Drivers/STM32F3xx_HAL_Driver/Src/stm32f3xx_hal_hrtim.c:6856:13:HAL_HRTIM_Compare3EventCallback	0	static
Drivers/STM32F3xx_HAL_Driver/Src/stm32f3xx_hal_hrtim.c:6882:13:HAL_HRTIM_Compare4EventCallback	0	static
Drivers/STM32F3xx_HAL_Driver/Src/stm32f3xx_hal_hrtim.c:9222:13:HRTIM_DMAMasterCplt	8	static
Drivers/STM32F3xx_HAL_Driver/Src/stm32f3xx_hal_hrtim.c:6906:13:HAL_HRTIM_Capture1EventCallback	0	static
Drivers/STM32F3xx_HAL_Driver/Src/stm32f3xx_hal_hrtim.c:6930:13:HAL_HRTIM_Capture2EventCallback	0	static
Drivers/STM32F3xx_HAL_Driver/Src/stm32f3xx_hal_hrtim.c:6955:13:HAL_HRTIM_DelayedProtectionCallback	0	static
Drivers/STM32F3xx_HAL_Driver/Src/stm32f3xx_hal_hrtim.c:6980:13:HAL_HRTIM_CounterResetCallback	0	static
Drivers/STM32F3xx_HAL_Driver/Src/stm32f3xx_hal_hrtim.c:7004:13:HAL_HRTIM_Output1SetCallback	0	static
Drivers/STM32F3xx_HAL_Driver/Src/stm32f3xx_hal_hrtim.c:7028:13:HAL_HRTIM_Output1ResetCallback	0	static
Drivers/STM32F3xx_HAL_Driver/Src/stm32f3xx_hal_hrtim.c:7052:13:HAL_HRTIM_Output2SetCallback	0	static
Drivers/STM32F3xx_HAL_Driver/Src/stm32f3xx_hal_hrtim.c:7076:13:HAL_HRTIM_Output2ResetCallback	0	static
Drivers/STM32F3xx_HAL_Driver/Src/stm32f3xx_hal_hrtim.c:9293:13:HRTIM_DMATimerxCplt	8	static
Drivers/STM32F3xx_HAL_Driver/Src/stm32f3xx_hal_hrtim.c:6584:6:HAL_HRTIM_IRQHandler	24	static
Drivers/STM32F3xx_HAL_Driver/Src/stm32f3xx_hal_hrtim.c:7101:13:HAL_HRTIM_BurstDMATransferCallback	0	static
Drivers/STM32F3xx_HAL_Driver/Src/stm32f3xx_hal_hrtim.c:9442:13:HRTIM_BurstDMACplt	8	static
Drivers/STM32F3xx_HAL_Driver/Src/stm32f3xx_hal_hrtim.c:7118:13:HAL_HRTIM_ErrorCallback	0	static
Drivers/STM32F3xx_HAL_Driver/Src/stm32f3xx_hal_hrtim.c:9426:13:HRTIM_DMAError	8	static
