ARM GAS   			page 1


   1              	 .cpu cortex-m4
   2              	 .eabi_attribute 27,1
   3              	 .eabi_attribute 28,1
   4              	 .eabi_attribute 20,1
   5              	 .eabi_attribute 21,1
   6              	 .eabi_attribute 23,3
   7              	 .eabi_attribute 24,1
   8              	 .eabi_attribute 25,1
   9              	 .eabi_attribute 26,1
  10              	 .eabi_attribute 30,2
  11              	 .eabi_attribute 34,1
  12              	 .eabi_attribute 18,4
  13              	 .file "stm32f3xx_hal_pwr_ex.c"
  14              	 .text
  15              	.Ltext0:
  16              	 .cfi_sections .debug_frame
  17              	 .section .text.HAL_PWR_ConfigPVD,"ax",%progbits
  18              	 .align 1
  19              	 .p2align 2,,3
  20              	 .global HAL_PWR_ConfigPVD
  21              	 .arch armv7e-m
  22              	 .syntax unified
  23              	 .thumb
  24              	 .thumb_func
  25              	 .fpu fpv4-sp-d16
  27              	HAL_PWR_ConfigPVD:
  28              	.LVL0:
  29              	.LFB123:
  30              	 .file 1 "Drivers/STM32F3xx_HAL_Driver/Src/stm32f3xx_hal_pwr_ex.c"
   1:Drivers/STM32F3xx_HAL_Driver/Src/stm32f3xx_hal_pwr_ex.c **** /**
   2:Drivers/STM32F3xx_HAL_Driver/Src/stm32f3xx_hal_pwr_ex.c ****   ******************************************************************************
   3:Drivers/STM32F3xx_HAL_Driver/Src/stm32f3xx_hal_pwr_ex.c ****   * @file    stm32f3xx_hal_pwr_ex.c
   4:Drivers/STM32F3xx_HAL_Driver/Src/stm32f3xx_hal_pwr_ex.c ****   * @author  MCD Application Team
   5:Drivers/STM32F3xx_HAL_Driver/Src/stm32f3xx_hal_pwr_ex.c ****   * @brief   Extended PWR HAL module driver.
   6:Drivers/STM32F3xx_HAL_Driver/Src/stm32f3xx_hal_pwr_ex.c ****   *          This file provides firmware functions to manage the following
   7:Drivers/STM32F3xx_HAL_Driver/Src/stm32f3xx_hal_pwr_ex.c ****   *          functionalities of the Power Controller (PWR) peripheral:
   8:Drivers/STM32F3xx_HAL_Driver/Src/stm32f3xx_hal_pwr_ex.c ****   *           + Extended Initialization and de-initialization functions
   9:Drivers/STM32F3xx_HAL_Driver/Src/stm32f3xx_hal_pwr_ex.c ****   *           + Extended Peripheral Control functions
  10:Drivers/STM32F3xx_HAL_Driver/Src/stm32f3xx_hal_pwr_ex.c ****   *         
  11:Drivers/STM32F3xx_HAL_Driver/Src/stm32f3xx_hal_pwr_ex.c ****   ******************************************************************************
  12:Drivers/STM32F3xx_HAL_Driver/Src/stm32f3xx_hal_pwr_ex.c ****   * @attention
  13:Drivers/STM32F3xx_HAL_Driver/Src/stm32f3xx_hal_pwr_ex.c ****   *
  14:Drivers/STM32F3xx_HAL_Driver/Src/stm32f3xx_hal_pwr_ex.c ****   * Copyright (c) 2016 STMicroelectronics.
  15:Drivers/STM32F3xx_HAL_Driver/Src/stm32f3xx_hal_pwr_ex.c ****   * All rights reserved.
  16:Drivers/STM32F3xx_HAL_Driver/Src/stm32f3xx_hal_pwr_ex.c ****   *
  17:Drivers/STM32F3xx_HAL_Driver/Src/stm32f3xx_hal_pwr_ex.c ****   * This software is licensed under terms that can be found in the LICENSE file
  18:Drivers/STM32F3xx_HAL_Driver/Src/stm32f3xx_hal_pwr_ex.c ****   * in the root directory of this software component.
  19:Drivers/STM32F3xx_HAL_Driver/Src/stm32f3xx_hal_pwr_ex.c ****   * If no LICENSE file comes with this software, it is provided AS-IS.
  20:Drivers/STM32F3xx_HAL_Driver/Src/stm32f3xx_hal_pwr_ex.c ****   *
  21:Drivers/STM32F3xx_HAL_Driver/Src/stm32f3xx_hal_pwr_ex.c ****   ******************************************************************************
  22:Drivers/STM32F3xx_HAL_Driver/Src/stm32f3xx_hal_pwr_ex.c ****   */
  23:Drivers/STM32F3xx_HAL_Driver/Src/stm32f3xx_hal_pwr_ex.c **** 
  24:Drivers/STM32F3xx_HAL_Driver/Src/stm32f3xx_hal_pwr_ex.c **** /* Includes ------------------------------------------------------------------*/
  25:Drivers/STM32F3xx_HAL_Driver/Src/stm32f3xx_hal_pwr_ex.c **** #include "stm32f3xx_hal.h"
  26:Drivers/STM32F3xx_HAL_Driver/Src/stm32f3xx_hal_pwr_ex.c **** 
  27:Drivers/STM32F3xx_HAL_Driver/Src/stm32f3xx_hal_pwr_ex.c **** /** @addtogroup STM32F3xx_HAL_Driver
  28:Drivers/STM32F3xx_HAL_Driver/Src/stm32f3xx_hal_pwr_ex.c ****   * @{
ARM GAS   			page 2


  29:Drivers/STM32F3xx_HAL_Driver/Src/stm32f3xx_hal_pwr_ex.c ****   */
  30:Drivers/STM32F3xx_HAL_Driver/Src/stm32f3xx_hal_pwr_ex.c **** 
  31:Drivers/STM32F3xx_HAL_Driver/Src/stm32f3xx_hal_pwr_ex.c **** /** @defgroup PWREx PWREx
  32:Drivers/STM32F3xx_HAL_Driver/Src/stm32f3xx_hal_pwr_ex.c ****   * @brief    PWREx HAL module driver
  33:Drivers/STM32F3xx_HAL_Driver/Src/stm32f3xx_hal_pwr_ex.c ****   * @{
  34:Drivers/STM32F3xx_HAL_Driver/Src/stm32f3xx_hal_pwr_ex.c ****   */
  35:Drivers/STM32F3xx_HAL_Driver/Src/stm32f3xx_hal_pwr_ex.c **** 
  36:Drivers/STM32F3xx_HAL_Driver/Src/stm32f3xx_hal_pwr_ex.c **** #ifdef HAL_PWR_MODULE_ENABLED
  37:Drivers/STM32F3xx_HAL_Driver/Src/stm32f3xx_hal_pwr_ex.c **** 
  38:Drivers/STM32F3xx_HAL_Driver/Src/stm32f3xx_hal_pwr_ex.c **** /* Private typedef -----------------------------------------------------------*/
  39:Drivers/STM32F3xx_HAL_Driver/Src/stm32f3xx_hal_pwr_ex.c **** /* Private define ------------------------------------------------------------*/
  40:Drivers/STM32F3xx_HAL_Driver/Src/stm32f3xx_hal_pwr_ex.c **** /** @defgroup PWREx_Private_Constants PWR Extended Private Constants
  41:Drivers/STM32F3xx_HAL_Driver/Src/stm32f3xx_hal_pwr_ex.c ****   * @{
  42:Drivers/STM32F3xx_HAL_Driver/Src/stm32f3xx_hal_pwr_ex.c ****   */
  43:Drivers/STM32F3xx_HAL_Driver/Src/stm32f3xx_hal_pwr_ex.c **** #define PVD_MODE_IT               (0x00010000U)
  44:Drivers/STM32F3xx_HAL_Driver/Src/stm32f3xx_hal_pwr_ex.c **** #define PVD_MODE_EVT              (0x00020000U)
  45:Drivers/STM32F3xx_HAL_Driver/Src/stm32f3xx_hal_pwr_ex.c **** #define PVD_RISING_EDGE           (0x00000001U)
  46:Drivers/STM32F3xx_HAL_Driver/Src/stm32f3xx_hal_pwr_ex.c **** #define PVD_FALLING_EDGE          (0x00000002U)
  47:Drivers/STM32F3xx_HAL_Driver/Src/stm32f3xx_hal_pwr_ex.c **** /**
  48:Drivers/STM32F3xx_HAL_Driver/Src/stm32f3xx_hal_pwr_ex.c ****   * @}
  49:Drivers/STM32F3xx_HAL_Driver/Src/stm32f3xx_hal_pwr_ex.c ****   */
  50:Drivers/STM32F3xx_HAL_Driver/Src/stm32f3xx_hal_pwr_ex.c ****  
  51:Drivers/STM32F3xx_HAL_Driver/Src/stm32f3xx_hal_pwr_ex.c **** /* Private macro -------------------------------------------------------------*/
  52:Drivers/STM32F3xx_HAL_Driver/Src/stm32f3xx_hal_pwr_ex.c **** /* Private variables ---------------------------------------------------------*/
  53:Drivers/STM32F3xx_HAL_Driver/Src/stm32f3xx_hal_pwr_ex.c **** /* Private function prototypes -----------------------------------------------*/
  54:Drivers/STM32F3xx_HAL_Driver/Src/stm32f3xx_hal_pwr_ex.c **** /* Exported functions ---------------------------------------------------------*/
  55:Drivers/STM32F3xx_HAL_Driver/Src/stm32f3xx_hal_pwr_ex.c **** 
  56:Drivers/STM32F3xx_HAL_Driver/Src/stm32f3xx_hal_pwr_ex.c **** /** @defgroup PWREx_Exported_Functions PWR Extended Exported Functions
  57:Drivers/STM32F3xx_HAL_Driver/Src/stm32f3xx_hal_pwr_ex.c ****   * @{
  58:Drivers/STM32F3xx_HAL_Driver/Src/stm32f3xx_hal_pwr_ex.c ****   */
  59:Drivers/STM32F3xx_HAL_Driver/Src/stm32f3xx_hal_pwr_ex.c **** 
  60:Drivers/STM32F3xx_HAL_Driver/Src/stm32f3xx_hal_pwr_ex.c **** /** @defgroup PWREx_Exported_Functions_Group1 Peripheral Extended Control Functions
  61:Drivers/STM32F3xx_HAL_Driver/Src/stm32f3xx_hal_pwr_ex.c ****   *  @brief   Extended Peripheral Control functions
  62:Drivers/STM32F3xx_HAL_Driver/Src/stm32f3xx_hal_pwr_ex.c ****   *
  63:Drivers/STM32F3xx_HAL_Driver/Src/stm32f3xx_hal_pwr_ex.c **** @verbatim
  64:Drivers/STM32F3xx_HAL_Driver/Src/stm32f3xx_hal_pwr_ex.c **** 
  65:Drivers/STM32F3xx_HAL_Driver/Src/stm32f3xx_hal_pwr_ex.c ****  ===============================================================================
  66:Drivers/STM32F3xx_HAL_Driver/Src/stm32f3xx_hal_pwr_ex.c ****                  ##### Peripheral Extended control functions #####
  67:Drivers/STM32F3xx_HAL_Driver/Src/stm32f3xx_hal_pwr_ex.c ****  ===============================================================================
  68:Drivers/STM32F3xx_HAL_Driver/Src/stm32f3xx_hal_pwr_ex.c ****     *** PVD configuration (present on all other devices than STM32F3x8 devices) ***
  69:Drivers/STM32F3xx_HAL_Driver/Src/stm32f3xx_hal_pwr_ex.c ****     =========================
  70:Drivers/STM32F3xx_HAL_Driver/Src/stm32f3xx_hal_pwr_ex.c ****     [..]
  71:Drivers/STM32F3xx_HAL_Driver/Src/stm32f3xx_hal_pwr_ex.c ****       (+) The PVD is used to monitor the VDD power supply by comparing it to a
  72:Drivers/STM32F3xx_HAL_Driver/Src/stm32f3xx_hal_pwr_ex.c ****           threshold selected by the PVD Level (PLS[2:0] bits in the PWR_CR).
  73:Drivers/STM32F3xx_HAL_Driver/Src/stm32f3xx_hal_pwr_ex.c ****       (+) A PVDO flag is available to indicate if VDD/VDDA is higher or lower
  74:Drivers/STM32F3xx_HAL_Driver/Src/stm32f3xx_hal_pwr_ex.c ****           than the PVD threshold. This event is internally connected to the EXTI
  75:Drivers/STM32F3xx_HAL_Driver/Src/stm32f3xx_hal_pwr_ex.c ****           line16 and can generate an interrupt if enabled. This is done through
  76:Drivers/STM32F3xx_HAL_Driver/Src/stm32f3xx_hal_pwr_ex.c ****           __HAL_PWR_PVD_EXTI_ENABLE_IT() macro
  77:Drivers/STM32F3xx_HAL_Driver/Src/stm32f3xx_hal_pwr_ex.c ****       (+) The PVD is stopped in Standby mode.
  78:Drivers/STM32F3xx_HAL_Driver/Src/stm32f3xx_hal_pwr_ex.c ****       -@- PVD is not available on STM32F3x8 Product Line
  79:Drivers/STM32F3xx_HAL_Driver/Src/stm32f3xx_hal_pwr_ex.c **** 
  80:Drivers/STM32F3xx_HAL_Driver/Src/stm32f3xx_hal_pwr_ex.c **** 
  81:Drivers/STM32F3xx_HAL_Driver/Src/stm32f3xx_hal_pwr_ex.c ****     *** Voltage regulator ***
  82:Drivers/STM32F3xx_HAL_Driver/Src/stm32f3xx_hal_pwr_ex.c ****     =========================
  83:Drivers/STM32F3xx_HAL_Driver/Src/stm32f3xx_hal_pwr_ex.c ****     [..]
  84:Drivers/STM32F3xx_HAL_Driver/Src/stm32f3xx_hal_pwr_ex.c ****       (+) The voltage regulator is always enabled after Reset. It works in three different
  85:Drivers/STM32F3xx_HAL_Driver/Src/stm32f3xx_hal_pwr_ex.c ****           modes.
ARM GAS   			page 3


  86:Drivers/STM32F3xx_HAL_Driver/Src/stm32f3xx_hal_pwr_ex.c ****           In Run mode, the regulator supplies full power to the 1.8V domain (core, memories
  87:Drivers/STM32F3xx_HAL_Driver/Src/stm32f3xx_hal_pwr_ex.c ****           and digital peripherals).
  88:Drivers/STM32F3xx_HAL_Driver/Src/stm32f3xx_hal_pwr_ex.c ****           In Stop mode, the regulator supplies low power to the 1.8V domain, preserving
  89:Drivers/STM32F3xx_HAL_Driver/Src/stm32f3xx_hal_pwr_ex.c ****           contents of registers and SRAM.
  90:Drivers/STM32F3xx_HAL_Driver/Src/stm32f3xx_hal_pwr_ex.c ****           In Stop mode, the regulator is powered off. The contents of the registers and SRAM
  91:Drivers/STM32F3xx_HAL_Driver/Src/stm32f3xx_hal_pwr_ex.c ****           are lost except for the Standby circuitry and the Backup Domain.
  92:Drivers/STM32F3xx_HAL_Driver/Src/stm32f3xx_hal_pwr_ex.c ****           Note: in the STM32F3x8xx devices, the voltage regulator is bypassed and the
  93:Drivers/STM32F3xx_HAL_Driver/Src/stm32f3xx_hal_pwr_ex.c ****           microcontroller must be powered from a nominal VDD = 1.8V +/-8U% voltage.
  94:Drivers/STM32F3xx_HAL_Driver/Src/stm32f3xx_hal_pwr_ex.c **** 
  95:Drivers/STM32F3xx_HAL_Driver/Src/stm32f3xx_hal_pwr_ex.c **** 
  96:Drivers/STM32F3xx_HAL_Driver/Src/stm32f3xx_hal_pwr_ex.c ****       (+) A PVDO flag is available to indicate if VDD/VDDA is higher or lower
  97:Drivers/STM32F3xx_HAL_Driver/Src/stm32f3xx_hal_pwr_ex.c ****           than the PVD threshold. This event is internally connected to the EXTI
  98:Drivers/STM32F3xx_HAL_Driver/Src/stm32f3xx_hal_pwr_ex.c ****           line16 and can generate an interrupt if enabled. This is done through
  99:Drivers/STM32F3xx_HAL_Driver/Src/stm32f3xx_hal_pwr_ex.c ****           __HAL_PWR_PVD_EXTI_ENABLE_IT() macro
 100:Drivers/STM32F3xx_HAL_Driver/Src/stm32f3xx_hal_pwr_ex.c ****       (+) The PVD is stopped in Standby mode.
 101:Drivers/STM32F3xx_HAL_Driver/Src/stm32f3xx_hal_pwr_ex.c **** 
 102:Drivers/STM32F3xx_HAL_Driver/Src/stm32f3xx_hal_pwr_ex.c **** 
 103:Drivers/STM32F3xx_HAL_Driver/Src/stm32f3xx_hal_pwr_ex.c ****     *** SDADC power configuration ***
 104:Drivers/STM32F3xx_HAL_Driver/Src/stm32f3xx_hal_pwr_ex.c ****     ================================
 105:Drivers/STM32F3xx_HAL_Driver/Src/stm32f3xx_hal_pwr_ex.c ****     [..]
 106:Drivers/STM32F3xx_HAL_Driver/Src/stm32f3xx_hal_pwr_ex.c ****       (+) On STM32F373xC/STM32F378xx devices, there are up to 
 107:Drivers/STM32F3xx_HAL_Driver/Src/stm32f3xx_hal_pwr_ex.c ****           3 SDADC instances that can be enabled/disabled.
 108:Drivers/STM32F3xx_HAL_Driver/Src/stm32f3xx_hal_pwr_ex.c **** 
 109:Drivers/STM32F3xx_HAL_Driver/Src/stm32f3xx_hal_pwr_ex.c **** @endverbatim
 110:Drivers/STM32F3xx_HAL_Driver/Src/stm32f3xx_hal_pwr_ex.c ****   * @{
 111:Drivers/STM32F3xx_HAL_Driver/Src/stm32f3xx_hal_pwr_ex.c ****   */
 112:Drivers/STM32F3xx_HAL_Driver/Src/stm32f3xx_hal_pwr_ex.c **** 
 113:Drivers/STM32F3xx_HAL_Driver/Src/stm32f3xx_hal_pwr_ex.c **** #if defined(STM32F302xE) || defined(STM32F303xE) || \
 114:Drivers/STM32F3xx_HAL_Driver/Src/stm32f3xx_hal_pwr_ex.c ****     defined(STM32F302xC) || defined(STM32F303xC) || \
 115:Drivers/STM32F3xx_HAL_Driver/Src/stm32f3xx_hal_pwr_ex.c ****     defined(STM32F303x8) || defined(STM32F334x8) || \
 116:Drivers/STM32F3xx_HAL_Driver/Src/stm32f3xx_hal_pwr_ex.c ****     defined(STM32F301x8) || defined(STM32F302x8) || \
 117:Drivers/STM32F3xx_HAL_Driver/Src/stm32f3xx_hal_pwr_ex.c ****     defined(STM32F373xC)
 118:Drivers/STM32F3xx_HAL_Driver/Src/stm32f3xx_hal_pwr_ex.c **** 
 119:Drivers/STM32F3xx_HAL_Driver/Src/stm32f3xx_hal_pwr_ex.c **** /**
 120:Drivers/STM32F3xx_HAL_Driver/Src/stm32f3xx_hal_pwr_ex.c ****   * @brief Configures the voltage threshold detected by the Power Voltage Detector(PVD).
 121:Drivers/STM32F3xx_HAL_Driver/Src/stm32f3xx_hal_pwr_ex.c ****   * @param sConfigPVD pointer to an PWR_PVDTypeDef structure that contains the configuration
 122:Drivers/STM32F3xx_HAL_Driver/Src/stm32f3xx_hal_pwr_ex.c ****   *        information for the PVD.
 123:Drivers/STM32F3xx_HAL_Driver/Src/stm32f3xx_hal_pwr_ex.c ****   * @note Refer to the electrical characteristics of your device datasheet for
 124:Drivers/STM32F3xx_HAL_Driver/Src/stm32f3xx_hal_pwr_ex.c ****   *         more details about the voltage threshold corresponding to each
 125:Drivers/STM32F3xx_HAL_Driver/Src/stm32f3xx_hal_pwr_ex.c ****   *         detection level.
 126:Drivers/STM32F3xx_HAL_Driver/Src/stm32f3xx_hal_pwr_ex.c ****   * @retval None
 127:Drivers/STM32F3xx_HAL_Driver/Src/stm32f3xx_hal_pwr_ex.c ****   */
 128:Drivers/STM32F3xx_HAL_Driver/Src/stm32f3xx_hal_pwr_ex.c **** void HAL_PWR_ConfigPVD(PWR_PVDTypeDef *sConfigPVD)
 129:Drivers/STM32F3xx_HAL_Driver/Src/stm32f3xx_hal_pwr_ex.c **** {
  31              	 .loc 1 129 1 view-0
  32              	 .cfi_startproc
  33              	 
  34              	 
  35              	 
 130:Drivers/STM32F3xx_HAL_Driver/Src/stm32f3xx_hal_pwr_ex.c ****   /* Check the parameters */
 131:Drivers/STM32F3xx_HAL_Driver/Src/stm32f3xx_hal_pwr_ex.c ****   assert_param(IS_PWR_PVD_LEVEL(sConfigPVD->PVDLevel));
  36              	 .loc 1 131 3 view .LVU1
 132:Drivers/STM32F3xx_HAL_Driver/Src/stm32f3xx_hal_pwr_ex.c ****   assert_param(IS_PWR_PVD_MODE(sConfigPVD->Mode));
  37              	 .loc 1 132 3 view .LVU2
 133:Drivers/STM32F3xx_HAL_Driver/Src/stm32f3xx_hal_pwr_ex.c **** 
 134:Drivers/STM32F3xx_HAL_Driver/Src/stm32f3xx_hal_pwr_ex.c ****   /* Set PLS[7:5] bits according to PVDLevel value */
 135:Drivers/STM32F3xx_HAL_Driver/Src/stm32f3xx_hal_pwr_ex.c ****   MODIFY_REG(PWR->CR, PWR_CR_PLS, sConfigPVD->PVDLevel);
ARM GAS   			page 4


  38              	 .loc 1 135 3 view .LVU3
  39 0000 1B49     	 ldr r1,.L20
 136:Drivers/STM32F3xx_HAL_Driver/Src/stm32f3xx_hal_pwr_ex.c ****   
 137:Drivers/STM32F3xx_HAL_Driver/Src/stm32f3xx_hal_pwr_ex.c ****   /* Clear any previous config. Keep it clear if no event or IT mode is selected */
 138:Drivers/STM32F3xx_HAL_Driver/Src/stm32f3xx_hal_pwr_ex.c ****   __HAL_PWR_PVD_EXTI_DISABLE_EVENT();
  40              	 .loc 1 138 3 is_stmt 0 view .LVU4
  41 0002 1C4B     	 ldr r3,.L20+4
 135:Drivers/STM32F3xx_HAL_Driver/Src/stm32f3xx_hal_pwr_ex.c ****   
  42              	 .loc 1 135 3 view .LVU5
  43 0004 0A68     	 ldr r2,[r1]
 129:Drivers/STM32F3xx_HAL_Driver/Src/stm32f3xx_hal_pwr_ex.c ****   /* Check the parameters */
  44              	 .loc 1 129 1 view .LVU6
  45 0006 10B4     	 push {r4}
  46              	 .cfi_def_cfa_offset 4
  47              	 .cfi_offset 4,-4
 135:Drivers/STM32F3xx_HAL_Driver/Src/stm32f3xx_hal_pwr_ex.c ****   
  48              	 .loc 1 135 3 view .LVU7
  49 0008 0468     	 ldr r4,[r0]
  50 000a 22F0E002 	 bic r2,r2,#224
  51 000e 2243     	 orrs r2,r2,r4
  52 0010 0A60     	 str r2,[r1]
  53              	 .loc 1 138 3 is_stmt 1 view .LVU8
  54 0012 5A68     	 ldr r2,[r3,#4]
  55 0014 22F48032 	 bic r2,r2,#65536
  56 0018 5A60     	 str r2,[r3,#4]
 139:Drivers/STM32F3xx_HAL_Driver/Src/stm32f3xx_hal_pwr_ex.c ****   __HAL_PWR_PVD_EXTI_DISABLE_IT();
  57              	 .loc 1 139 3 view .LVU9
  58 001a 1A68     	 ldr r2,[r3]
  59 001c 22F48032 	 bic r2,r2,#65536
  60 0020 1A60     	 str r2,[r3]
 140:Drivers/STM32F3xx_HAL_Driver/Src/stm32f3xx_hal_pwr_ex.c ****   __HAL_PWR_PVD_EXTI_DISABLE_RISING_EDGE();__HAL_PWR_PVD_EXTI_DISABLE_FALLING_EDGE();
  61              	 .loc 1 140 3 view .LVU10
  62 0022 9A68     	 ldr r2,[r3,#8]
  63 0024 22F48032 	 bic r2,r2,#65536
  64 0028 9A60     	 str r2,[r3,#8]
  65              	 .loc 1 140 44 view .LVU11
  66 002a DA68     	 ldr r2,[r3,#12]
  67 002c 22F48032 	 bic r2,r2,#65536
  68 0030 DA60     	 str r2,[r3,#12]
 141:Drivers/STM32F3xx_HAL_Driver/Src/stm32f3xx_hal_pwr_ex.c **** 
 142:Drivers/STM32F3xx_HAL_Driver/Src/stm32f3xx_hal_pwr_ex.c ****   /* Configure interrupt mode */
 143:Drivers/STM32F3xx_HAL_Driver/Src/stm32f3xx_hal_pwr_ex.c ****   if((sConfigPVD->Mode & PVD_MODE_IT) == PVD_MODE_IT)
  69              	 .loc 1 143 3 view .LVU12
  70              	 .loc 1 143 17 is_stmt 0 view .LVU13
  71 0032 4268     	 ldr r2,[r0,#4]
  72              	 .loc 1 143 5 view .LVU14
  73 0034 D403     	 lsls r4,r2,#15
  74 0036 03D5     	 bpl .L2
 144:Drivers/STM32F3xx_HAL_Driver/Src/stm32f3xx_hal_pwr_ex.c ****   {
 145:Drivers/STM32F3xx_HAL_Driver/Src/stm32f3xx_hal_pwr_ex.c ****     __HAL_PWR_PVD_EXTI_ENABLE_IT();
  75              	 .loc 1 145 5 is_stmt 1 view .LVU15
  76 0038 1968     	 ldr r1,[r3]
  77 003a 41F48031 	 orr r1,r1,#65536
  78 003e 1960     	 str r1,[r3]
  79              	.L2:
 146:Drivers/STM32F3xx_HAL_Driver/Src/stm32f3xx_hal_pwr_ex.c ****   }
 147:Drivers/STM32F3xx_HAL_Driver/Src/stm32f3xx_hal_pwr_ex.c ****   
ARM GAS   			page 5


 148:Drivers/STM32F3xx_HAL_Driver/Src/stm32f3xx_hal_pwr_ex.c ****   /* Configure event mode */
 149:Drivers/STM32F3xx_HAL_Driver/Src/stm32f3xx_hal_pwr_ex.c ****   if((sConfigPVD->Mode & PVD_MODE_EVT) == PVD_MODE_EVT)
  80              	 .loc 1 149 3 view .LVU16
  81              	 .loc 1 149 5 is_stmt 0 view .LVU17
  82 0040 9003     	 lsls r0,r2,#14
  83              	.LVL1:
  84              	 .loc 1 149 5 view .LVU18
  85 0042 04D5     	 bpl .L3
 150:Drivers/STM32F3xx_HAL_Driver/Src/stm32f3xx_hal_pwr_ex.c ****   {
 151:Drivers/STM32F3xx_HAL_Driver/Src/stm32f3xx_hal_pwr_ex.c ****     __HAL_PWR_PVD_EXTI_ENABLE_EVENT();
  86              	 .loc 1 151 5 is_stmt 1 view .LVU19
  87 0044 0B49     	 ldr r1,.L20+4
  88 0046 4B68     	 ldr r3,[r1,#4]
  89 0048 43F48033 	 orr r3,r3,#65536
  90 004c 4B60     	 str r3,[r1,#4]
  91              	.L3:
 152:Drivers/STM32F3xx_HAL_Driver/Src/stm32f3xx_hal_pwr_ex.c ****   }
 153:Drivers/STM32F3xx_HAL_Driver/Src/stm32f3xx_hal_pwr_ex.c ****   
 154:Drivers/STM32F3xx_HAL_Driver/Src/stm32f3xx_hal_pwr_ex.c ****   /* Configure the edge */
 155:Drivers/STM32F3xx_HAL_Driver/Src/stm32f3xx_hal_pwr_ex.c ****   if((sConfigPVD->Mode & PVD_RISING_EDGE) == PVD_RISING_EDGE)
  92              	 .loc 1 155 3 view .LVU20
  93              	 .loc 1 155 5 is_stmt 0 view .LVU21
  94 004e D107     	 lsls r1,r2,#31
  95 0050 04D5     	 bpl .L4
 156:Drivers/STM32F3xx_HAL_Driver/Src/stm32f3xx_hal_pwr_ex.c ****   {
 157:Drivers/STM32F3xx_HAL_Driver/Src/stm32f3xx_hal_pwr_ex.c ****     __HAL_PWR_PVD_EXTI_ENABLE_RISING_EDGE();
  96              	 .loc 1 157 5 is_stmt 1 view .LVU22
  97 0052 0849     	 ldr r1,.L20+4
  98 0054 8B68     	 ldr r3,[r1,#8]
  99 0056 43F48033 	 orr r3,r3,#65536
 100 005a 8B60     	 str r3,[r1,#8]
 101              	.L4:
 158:Drivers/STM32F3xx_HAL_Driver/Src/stm32f3xx_hal_pwr_ex.c ****   }
 159:Drivers/STM32F3xx_HAL_Driver/Src/stm32f3xx_hal_pwr_ex.c ****   
 160:Drivers/STM32F3xx_HAL_Driver/Src/stm32f3xx_hal_pwr_ex.c ****   if((sConfigPVD->Mode & PVD_FALLING_EDGE) == PVD_FALLING_EDGE)
 102              	 .loc 1 160 3 view .LVU23
 103              	 .loc 1 160 5 is_stmt 0 view .LVU24
 104 005c 9307     	 lsls r3,r2,#30
 105 005e 04D5     	 bpl .L1
 161:Drivers/STM32F3xx_HAL_Driver/Src/stm32f3xx_hal_pwr_ex.c ****   {
 162:Drivers/STM32F3xx_HAL_Driver/Src/stm32f3xx_hal_pwr_ex.c ****     __HAL_PWR_PVD_EXTI_ENABLE_FALLING_EDGE();
 106              	 .loc 1 162 5 is_stmt 1 view .LVU25
 107 0060 044A     	 ldr r2,.L20+4
 108 0062 D368     	 ldr r3,[r2,#12]
 109 0064 43F48033 	 orr r3,r3,#65536
 110 0068 D360     	 str r3,[r2,#12]
 111              	.L1:
 163:Drivers/STM32F3xx_HAL_Driver/Src/stm32f3xx_hal_pwr_ex.c ****   }
 164:Drivers/STM32F3xx_HAL_Driver/Src/stm32f3xx_hal_pwr_ex.c **** }
 112              	 .loc 1 164 1 is_stmt 0 view .LVU26
 113 006a 5DF8044B 	 ldr r4,[sp],#4
 114              	 .cfi_restore 4
 115              	 .cfi_def_cfa_offset 0
 116 006e 7047     	 bx lr
 117              	.L21:
 118              	 .align 2
 119              	.L20:
ARM GAS   			page 6


 120 0070 00700040 	 .word 1073770496
 121 0074 00040140 	 .word 1073808384
 122              	 .cfi_endproc
 123              	.LFE123:
 125              	 .section .text.HAL_PWR_EnablePVD,"ax",%progbits
 126              	 .align 1
 127              	 .p2align 2,,3
 128              	 .global HAL_PWR_EnablePVD
 129              	 .syntax unified
 130              	 .thumb
 131              	 .thumb_func
 132              	 .fpu fpv4-sp-d16
 134              	HAL_PWR_EnablePVD:
 135              	.LFB124:
 165:Drivers/STM32F3xx_HAL_Driver/Src/stm32f3xx_hal_pwr_ex.c **** 
 166:Drivers/STM32F3xx_HAL_Driver/Src/stm32f3xx_hal_pwr_ex.c **** /**
 167:Drivers/STM32F3xx_HAL_Driver/Src/stm32f3xx_hal_pwr_ex.c ****   * @brief Enables the Power Voltage Detector(PVD).
 168:Drivers/STM32F3xx_HAL_Driver/Src/stm32f3xx_hal_pwr_ex.c ****   * @retval None
 169:Drivers/STM32F3xx_HAL_Driver/Src/stm32f3xx_hal_pwr_ex.c ****   */
 170:Drivers/STM32F3xx_HAL_Driver/Src/stm32f3xx_hal_pwr_ex.c **** void HAL_PWR_EnablePVD(void)
 171:Drivers/STM32F3xx_HAL_Driver/Src/stm32f3xx_hal_pwr_ex.c **** {
 136              	 .loc 1 171 1 is_stmt 1 view-0
 137              	 .cfi_startproc
 138              	 
 139              	 
 140              	 
 172:Drivers/STM32F3xx_HAL_Driver/Src/stm32f3xx_hal_pwr_ex.c ****   SET_BIT(PWR->CR, PWR_CR_PVDE);  
 141              	 .loc 1 172 3 view .LVU28
 142 0000 024A     	 ldr r2,.L23
 143 0002 1368     	 ldr r3,[r2]
 144 0004 43F01003 	 orr r3,r3,#16
 145 0008 1360     	 str r3,[r2]
 173:Drivers/STM32F3xx_HAL_Driver/Src/stm32f3xx_hal_pwr_ex.c **** }
 146              	 .loc 1 173 1 is_stmt 0 view .LVU29
 147 000a 7047     	 bx lr
 148              	.L24:
 149              	 .align 2
 150              	.L23:
 151 000c 00700040 	 .word 1073770496
 152              	 .cfi_endproc
 153              	.LFE124:
 155              	 .section .text.HAL_PWR_DisablePVD,"ax",%progbits
 156              	 .align 1
 157              	 .p2align 2,,3
 158              	 .global HAL_PWR_DisablePVD
 159              	 .syntax unified
 160              	 .thumb
 161              	 .thumb_func
 162              	 .fpu fpv4-sp-d16
 164              	HAL_PWR_DisablePVD:
 165              	.LFB125:
 174:Drivers/STM32F3xx_HAL_Driver/Src/stm32f3xx_hal_pwr_ex.c **** 
 175:Drivers/STM32F3xx_HAL_Driver/Src/stm32f3xx_hal_pwr_ex.c **** /**
 176:Drivers/STM32F3xx_HAL_Driver/Src/stm32f3xx_hal_pwr_ex.c ****   * @brief Disables the Power Voltage Detector(PVD).
 177:Drivers/STM32F3xx_HAL_Driver/Src/stm32f3xx_hal_pwr_ex.c ****   * @retval None
 178:Drivers/STM32F3xx_HAL_Driver/Src/stm32f3xx_hal_pwr_ex.c ****   */
 179:Drivers/STM32F3xx_HAL_Driver/Src/stm32f3xx_hal_pwr_ex.c **** void HAL_PWR_DisablePVD(void)
ARM GAS   			page 7


 180:Drivers/STM32F3xx_HAL_Driver/Src/stm32f3xx_hal_pwr_ex.c **** {
 166              	 .loc 1 180 1 is_stmt 1 view-0
 167              	 .cfi_startproc
 168              	 
 169              	 
 170              	 
 181:Drivers/STM32F3xx_HAL_Driver/Src/stm32f3xx_hal_pwr_ex.c ****   CLEAR_BIT(PWR->CR, PWR_CR_PVDE);  
 171              	 .loc 1 181 3 view .LVU31
 172 0000 024A     	 ldr r2,.L26
 173 0002 1368     	 ldr r3,[r2]
 174 0004 23F01003 	 bic r3,r3,#16
 175 0008 1360     	 str r3,[r2]
 182:Drivers/STM32F3xx_HAL_Driver/Src/stm32f3xx_hal_pwr_ex.c **** }
 176              	 .loc 1 182 1 is_stmt 0 view .LVU32
 177 000a 7047     	 bx lr
 178              	.L27:
 179              	 .align 2
 180              	.L26:
 181 000c 00700040 	 .word 1073770496
 182              	 .cfi_endproc
 183              	.LFE125:
 185              	 .section .text.HAL_PWR_PVDCallback,"ax",%progbits
 186              	 .align 1
 187              	 .p2align 2,,3
 188              	 .weak HAL_PWR_PVDCallback
 189              	 .syntax unified
 190              	 .thumb
 191              	 .thumb_func
 192              	 .fpu fpv4-sp-d16
 194              	HAL_PWR_PVDCallback:
 195              	.LFB127:
 183:Drivers/STM32F3xx_HAL_Driver/Src/stm32f3xx_hal_pwr_ex.c **** 
 184:Drivers/STM32F3xx_HAL_Driver/Src/stm32f3xx_hal_pwr_ex.c **** /**
 185:Drivers/STM32F3xx_HAL_Driver/Src/stm32f3xx_hal_pwr_ex.c ****   * @brief This function handles the PWR PVD interrupt request.
 186:Drivers/STM32F3xx_HAL_Driver/Src/stm32f3xx_hal_pwr_ex.c ****   * @note This API should be called under the PVD_IRQHandler().
 187:Drivers/STM32F3xx_HAL_Driver/Src/stm32f3xx_hal_pwr_ex.c ****   * @retval None
 188:Drivers/STM32F3xx_HAL_Driver/Src/stm32f3xx_hal_pwr_ex.c ****   */
 189:Drivers/STM32F3xx_HAL_Driver/Src/stm32f3xx_hal_pwr_ex.c **** void HAL_PWR_PVD_IRQHandler(void)
 190:Drivers/STM32F3xx_HAL_Driver/Src/stm32f3xx_hal_pwr_ex.c **** {
 191:Drivers/STM32F3xx_HAL_Driver/Src/stm32f3xx_hal_pwr_ex.c ****   /* Check PWR exti flag */
 192:Drivers/STM32F3xx_HAL_Driver/Src/stm32f3xx_hal_pwr_ex.c ****   if(__HAL_PWR_PVD_EXTI_GET_FLAG() != RESET)
 193:Drivers/STM32F3xx_HAL_Driver/Src/stm32f3xx_hal_pwr_ex.c ****   {
 194:Drivers/STM32F3xx_HAL_Driver/Src/stm32f3xx_hal_pwr_ex.c ****     /* PWR PVD interrupt user callback */
 195:Drivers/STM32F3xx_HAL_Driver/Src/stm32f3xx_hal_pwr_ex.c ****     HAL_PWR_PVDCallback();
 196:Drivers/STM32F3xx_HAL_Driver/Src/stm32f3xx_hal_pwr_ex.c **** 
 197:Drivers/STM32F3xx_HAL_Driver/Src/stm32f3xx_hal_pwr_ex.c ****     /* Clear PWR Exti pending bit */
 198:Drivers/STM32F3xx_HAL_Driver/Src/stm32f3xx_hal_pwr_ex.c ****     __HAL_PWR_PVD_EXTI_CLEAR_FLAG();
 199:Drivers/STM32F3xx_HAL_Driver/Src/stm32f3xx_hal_pwr_ex.c ****   }
 200:Drivers/STM32F3xx_HAL_Driver/Src/stm32f3xx_hal_pwr_ex.c **** }
 201:Drivers/STM32F3xx_HAL_Driver/Src/stm32f3xx_hal_pwr_ex.c **** 
 202:Drivers/STM32F3xx_HAL_Driver/Src/stm32f3xx_hal_pwr_ex.c **** /**
 203:Drivers/STM32F3xx_HAL_Driver/Src/stm32f3xx_hal_pwr_ex.c ****   * @brief PWR PVD interrupt callback
 204:Drivers/STM32F3xx_HAL_Driver/Src/stm32f3xx_hal_pwr_ex.c ****   * @retval None
 205:Drivers/STM32F3xx_HAL_Driver/Src/stm32f3xx_hal_pwr_ex.c ****   */
 206:Drivers/STM32F3xx_HAL_Driver/Src/stm32f3xx_hal_pwr_ex.c **** __weak void HAL_PWR_PVDCallback(void)
 207:Drivers/STM32F3xx_HAL_Driver/Src/stm32f3xx_hal_pwr_ex.c **** {
 196              	 .loc 1 207 1 is_stmt 1 view-0
ARM GAS   			page 8


 197              	 .cfi_startproc
 198              	 
 199              	 
 200              	 
 208:Drivers/STM32F3xx_HAL_Driver/Src/stm32f3xx_hal_pwr_ex.c ****   /* NOTE : This function Should not be modified, when the callback is needed,
 209:Drivers/STM32F3xx_HAL_Driver/Src/stm32f3xx_hal_pwr_ex.c ****             the HAL_PWR_PVDCallback could be implemented in the user file
 210:Drivers/STM32F3xx_HAL_Driver/Src/stm32f3xx_hal_pwr_ex.c ****    */
 211:Drivers/STM32F3xx_HAL_Driver/Src/stm32f3xx_hal_pwr_ex.c **** }
 201              	 .loc 1 211 1 view .LVU34
 202 0000 7047     	 bx lr
 203              	 .cfi_endproc
 204              	.LFE127:
 206 0002 00BF     	 .section .text.HAL_PWR_PVD_IRQHandler,"ax",%progbits
 207              	 .align 1
 208              	 .p2align 2,,3
 209              	 .global HAL_PWR_PVD_IRQHandler
 210              	 .syntax unified
 211              	 .thumb
 212              	 .thumb_func
 213              	 .fpu fpv4-sp-d16
 215              	HAL_PWR_PVD_IRQHandler:
 216              	.LFB126:
 190:Drivers/STM32F3xx_HAL_Driver/Src/stm32f3xx_hal_pwr_ex.c ****   /* Check PWR exti flag */
 217              	 .loc 1 190 1 view-0
 218              	 .cfi_startproc
 219              	 
 220              	 
 192:Drivers/STM32F3xx_HAL_Driver/Src/stm32f3xx_hal_pwr_ex.c ****   {
 221              	 .loc 1 192 3 view .LVU36
 190:Drivers/STM32F3xx_HAL_Driver/Src/stm32f3xx_hal_pwr_ex.c ****   /* Check PWR exti flag */
 222              	 .loc 1 190 1 is_stmt 0 view .LVU37
 223 0000 10B5     	 push {r4,lr}
 224              	 .cfi_def_cfa_offset 8
 225              	 .cfi_offset 4,-8
 226              	 .cfi_offset 14,-4
 192:Drivers/STM32F3xx_HAL_Driver/Src/stm32f3xx_hal_pwr_ex.c ****   {
 227              	 .loc 1 192 6 view .LVU38
 228 0002 054C     	 ldr r4,.L36
 229 0004 6369     	 ldr r3,[r4,#20]
 192:Drivers/STM32F3xx_HAL_Driver/Src/stm32f3xx_hal_pwr_ex.c ****   {
 230              	 .loc 1 192 5 view .LVU39
 231 0006 DB03     	 lsls r3,r3,#15
 232 0008 00D4     	 bmi .L35
 200:Drivers/STM32F3xx_HAL_Driver/Src/stm32f3xx_hal_pwr_ex.c **** 
 233              	 .loc 1 200 1 view .LVU40
 234 000a 10BD     	 pop {r4,pc}
 235              	.L35:
 195:Drivers/STM32F3xx_HAL_Driver/Src/stm32f3xx_hal_pwr_ex.c **** 
 236              	 .loc 1 195 5 is_stmt 1 view .LVU41
 237 000c FFF7FEFF 	 bl HAL_PWR_PVDCallback
 238              	.LVL2:
 198:Drivers/STM32F3xx_HAL_Driver/Src/stm32f3xx_hal_pwr_ex.c ****   }
 239              	 .loc 1 198 5 view .LVU42
 240 0010 4FF48033 	 mov r3,#65536
 241 0014 6361     	 str r3,[r4,#20]
 200:Drivers/STM32F3xx_HAL_Driver/Src/stm32f3xx_hal_pwr_ex.c **** 
 242              	 .loc 1 200 1 is_stmt 0 view .LVU43
ARM GAS   			page 9


 243 0016 10BD     	 pop {r4,pc}
 244              	.L37:
 245              	 .align 2
 246              	.L36:
 247 0018 00040140 	 .word 1073808384
 248              	 .cfi_endproc
 249              	.LFE126:
 251              	 .text
 252              	.Letext0:
 253              	 .file 2 "Drivers/CMSIS/Device/ST/STM32F3xx/Include/stm32f334x8.h"
 254              	 .file 3 "/usr/lib/gcc/arm-none-eabi/10.3.1/include/stdint.h"
 255              	 .file 4 "Drivers/STM32F3xx_HAL_Driver/Inc/stm32f3xx_hal_pwr_ex.h"
 256              	 .file 5 "Drivers/CMSIS/Device/ST/STM32F3xx/Include/stm32f3xx.h"
ARM GAS   			page 10


DEFINED SYMBOLS
                            *ABS*:0000000000000000 stm32f3xx_hal_pwr_ex.c
    {standard input}:18     .text.HAL_PWR_ConfigPVD:0000000000000000 $t
    {standard input}:27     .text.HAL_PWR_ConfigPVD:0000000000000000 HAL_PWR_ConfigPVD
    {standard input}:120    .text.HAL_PWR_ConfigPVD:0000000000000070 $d
    {standard input}:126    .text.HAL_PWR_EnablePVD:0000000000000000 $t
    {standard input}:134    .text.HAL_PWR_EnablePVD:0000000000000000 HAL_PWR_EnablePVD
    {standard input}:151    .text.HAL_PWR_EnablePVD:000000000000000c $d
    {standard input}:156    .text.HAL_PWR_DisablePVD:0000000000000000 $t
    {standard input}:164    .text.HAL_PWR_DisablePVD:0000000000000000 HAL_PWR_DisablePVD
    {standard input}:181    .text.HAL_PWR_DisablePVD:000000000000000c $d
    {standard input}:186    .text.HAL_PWR_PVDCallback:0000000000000000 $t
    {standard input}:194    .text.HAL_PWR_PVDCallback:0000000000000000 HAL_PWR_PVDCallback
    {standard input}:207    .text.HAL_PWR_PVD_IRQHandler:0000000000000000 $t
    {standard input}:215    .text.HAL_PWR_PVD_IRQHandler:0000000000000000 HAL_PWR_PVD_IRQHandler
    {standard input}:247    .text.HAL_PWR_PVD_IRQHandler:0000000000000018 $d
                           .group:0000000000000000 wm4.0.5772491a24f9cd1476a244d548d5000f
                           .group:0000000000000000 wm4.stm32f3xx_hal_conf.h.22.68702fcb376080053c327f742c9961b5
                           .group:0000000000000000 wm4.stm32f3xx.h.38.82e8e99dfe49c20b1a4a903bd92d6a62
                           .group:0000000000000000 wm4.stm32f334x8.h.34.4062b27910dbe4163b311597cc3129d0
                           .group:0000000000000000 wm4.stdint.h.29.6d480f4ba0f60596e88234283d42444f
                           .group:0000000000000000 wm4.cmsis_version.h.32.4d5822004c01a829a975260e854b5f8e
                           .group:0000000000000000 wm4.core_cm4.h.66.e4ff136c4a17abc46741866f64f8e729
                           .group:0000000000000000 wm4.cmsis_gcc.h.26.6774fe91202d65f4d5ffcff60e00da34
                           .group:0000000000000000 wm4.core_cm4.h.174.300c477346073ecdebb72dd943ae4d09
                           .group:0000000000000000 wm4.stm32f334x8.h.742.4d018c717ec53f6245cec4363d185c67
                           .group:0000000000000000 wm4.stm32f3xx.h.174.91b72afab8b3d83f71cfd7ef15cf4952
                           .group:0000000000000000 wm4.stm32_hal_legacy.h.22.faf2d895fc44f19fdf533a93a00a4465
                           .group:0000000000000000 wm4.stddef.h.39.144cf5ddcd53cbfdac30259dc1a6c87f
                           .group:0000000000000000 wm4.stm32f3xx_hal_def.h.58.9b3c2bdf4a254dccb0f88c83bea62e05
                           .group:0000000000000000 wm4.stm32f3xx_hal_rcc.h.46.e37a97e5b8d0ca06a596d1c15979cbcc
                           .group:0000000000000000 wm4.stm32f3xx_hal_rcc_ex.h.20.10471072208d7575503f2f1804851a76
                           .group:0000000000000000 wm4.stm32f3xx_hal_gpio.h.21.7cd0c7cb2091a8a34b9016ef7d16b8a7
                           .group:0000000000000000 wm4.stm32f3xx_hal_gpio_ex.h.21.af39eaa5623e0a1009fcf4398ea2c1b7
                           .group:0000000000000000 wm4.stm32f3xx_hal_exti.h.21.97ce243ab3f68da52c38aef7d478a1e0
                           .group:0000000000000000 wm4.stm32f3xx_hal_dma.h.21.cc527711b185a0aec89274d6a9e66e40
                           .group:0000000000000000 wm4.stm32f3xx_hal_dma_ex.h.21.0990be4ccabf56d8663bc991eae085b1
                           .group:0000000000000000 wm4.stm32f3xx_hal_dma.h.406.bee398d2c322633b5d4483460294543c
                           .group:0000000000000000 wm4.stm32f3xx_hal_cortex.h.21.2e6f8d82a4b5342dc6cb4d8275d4190e
                           .group:0000000000000000 wm4.stm32f3xx_hal_adc_ex.h.21.83e1b666f94c6741e0f75669498b4cf0
                           .group:0000000000000000 wm4.stm32f3xx_hal_adc.h.55.6de54c307a17ed796a45b8e483250af2
                           .group:0000000000000000 wm4.stm32f3xx_hal_can.h.21.e8a2553fb767050d2b1baa10ea524b9c
                           .group:0000000000000000 wm4.stm32f3xx_hal_flash.h.20.53fc2ade23629e1c8d41b6b358abbb8d
                           .group:0000000000000000 wm4.stm32f3xx_hal_flash_ex.h.20.66a2e271db53c743be1fcb77b2017459
                           .group:0000000000000000 wm4.stm32f3xx_hal_hrtim.h.21.fb28980682ad68d99a88889d8ff4d172
                           .group:0000000000000000 wm4.stm32f3xx_hal_i2c.h.21.f7663f116d03c0043fd0e75e612f16ea
                           .group:0000000000000000 wm4.stm32f3xx_hal_i2c_ex.h.21.cf479782f4f3a68ef5fbce499167225b
                           .group:0000000000000000 wm4.stm32f3xx_hal_i2c.h.739.edde0c83ea6830c2c975fff967ebea26
                           .group:0000000000000000 wm4.stm32f3xx_hal_iwdg.h.21.3504a210964eb279ef1de8bb44988f11
                           .group:0000000000000000 wm4.stm32f3xx_hal_pwr.h.21.6193057a5c33d0b02d2f3a23acd22249
                           .group:0000000000000000 wm4.stm32f3xx_hal_pwr_ex.h.21.0ae6fdf7fd790f205b68ea57197f080d
                           .group:0000000000000000 wm4.stm32f3xx_hal_tim.h.21.d20cc3ea3a57aedcc53e87fa48cc1f6c
                           .group:0000000000000000 wm4.stm32f3xx_hal_tim_ex.h.21.87406a6cc7024a9faaf6aed69e2733ce
                           .group:0000000000000000 wm4.stm32f3xx_hal_uart.h.21.11bf2ca66aa636cfe74a1eb39fe0d460
                           .group:0000000000000000 wm4.stm32f3xx_hal_uart_ex.h.21.f592049ad8b63c2f48d6a2e8f48bef5c
                           .group:0000000000000000 wm4.stm32f3xx_hal.h.43.350d066a115a4ce03caef6c5048b93ca

ARM GAS   			page 11


NO UNDEFINED SYMBOLS
