ARM GAS   			page 1


   1              	 .cpu cortex-m4
   2              	 .eabi_attribute 27,1
   3              	 .eabi_attribute 28,1
   4              	 .eabi_attribute 20,1
   5              	 .eabi_attribute 21,1
   6              	 .eabi_attribute 23,3
   7              	 .eabi_attribute 24,1
   8              	 .eabi_attribute 25,1
   9              	 .eabi_attribute 26,1
  10              	 .eabi_attribute 30,2
  11              	 .eabi_attribute 34,1
  12              	 .eabi_attribute 18,4
  13              	 .file "Buzzer.cpp"
  14              	 .text
  15              	.Ltext0:
  16              	 .cfi_sections .debug_frame
  17              	 .section .text._ZN6Buzzer4initEv,"ax",%progbits
  18              	 .align 1
  19              	 .p2align 2,,3
  20              	 .global _ZN6Buzzer4initEv
  21              	 .arch armv7e-m
  22              	 .syntax unified
  23              	 .thumb
  24              	 .thumb_func
  25              	 .fpu fpv4-sp-d16
  27              	_ZN6Buzzer4initEv:
  28              	.LFB126:
  29              	 .file 1 "Core/Src/Buzzer.cpp"
   1:Core/Src/Buzzer.cpp **** /**
   2:Core/Src/Buzzer.cpp ****  * @file buzzer.hpp
   3:Core/Src/Buzzer.cpp ****  * @author JIANG Yicheng RM2023
   4:Core/Src/Buzzer.cpp ****  * @brief
   5:Core/Src/Buzzer.cpp ****  * @version 0.1
   6:Core/Src/Buzzer.cpp ****  * @date 2023-01-22
   7:Core/Src/Buzzer.cpp ****  *
   8:Core/Src/Buzzer.cpp ****  * @copyright Copyright (c) 2023
   9:Core/Src/Buzzer.cpp ****  */
  10:Core/Src/Buzzer.cpp **** 
  11:Core/Src/Buzzer.cpp **** #include "Buzzer.hpp"
  12:Core/Src/Buzzer.cpp **** 
  13:Core/Src/Buzzer.cpp **** #include "Config.hpp"
  14:Core/Src/Buzzer.cpp **** 
  15:Core/Src/Buzzer.cpp **** namespace Buzzer
  16:Core/Src/Buzzer.cpp **** {
  17:Core/Src/Buzzer.cpp **** void init()
  18:Core/Src/Buzzer.cpp **** {
  30              	 .loc 1 18 1 view-0
  31              	 .cfi_startproc
  32              	 
  33              	 
  34              	 
  19:Core/Src/Buzzer.cpp ****     BUZZER_TIM.Instance->BUZZER_TIM_CHANNEL_CCR = 0U;
  35              	 .loc 1 19 5 view .LVU1
  36              	 .loc 1 19 16 is_stmt 0 view .LVU2
  37 0000 0348     	 ldr r0,.L3
  38 0002 0368     	 ldr r3,[r0]
  39              	 .loc 1 19 49 view .LVU3
ARM GAS   			page 2


  40 0004 0022     	 movs r2,#0
  20:Core/Src/Buzzer.cpp ****     BUZZER_TIM_PWM_Start(&BUZZER_TIM, BUZZER_TIM_CHANNEL);
  41              	 .loc 1 20 25 view .LVU4
  42 0006 0421     	 movs r1,#4
  19:Core/Src/Buzzer.cpp ****     BUZZER_TIM.Instance->BUZZER_TIM_CHANNEL_CCR = 0U;
  43              	 .loc 1 19 49 view .LVU5
  44 0008 9A63     	 str r2,[r3,#56]
  45              	 .loc 1 20 5 is_stmt 1 view .LVU6
  46              	 .loc 1 20 25 is_stmt 0 view .LVU7
  47 000a FFF7FEBF 	 b HAL_TIMEx_PWMN_Start
  48              	.LVL0:
  49              	.L4:
  50 000e 00BF     	 .align 2
  51              	.L3:
  52 0010 00000000 	 .word htim1
  53              	 .cfi_endproc
  54              	.LFE126:
  56              	 .section .text.TIM1_UP_TIM16_IRQHandler,"ax",%progbits
  57              	 .align 1
  58              	 .p2align 2,,3
  59              	 .global TIM1_UP_TIM16_IRQHandler
  60              	 .syntax unified
  61              	 .thumb
  62              	 .thumb_func
  63              	 .fpu fpv4-sp-d16
  65              	TIM1_UP_TIM16_IRQHandler:
  66              	.LFB127:
  21:Core/Src/Buzzer.cpp **** }
  22:Core/Src/Buzzer.cpp **** 
  23:Core/Src/Buzzer.cpp **** extern "C"
  24:Core/Src/Buzzer.cpp **** {
  25:Core/Src/Buzzer.cpp ****     void TIM1_UP_TIM16_IRQHandler(void)
  26:Core/Src/Buzzer.cpp ****     {
  67              	 .loc 1 26 5 is_stmt 1 view-0
  68              	 .cfi_startproc
  69              	 
  70              	 
  71              	 
  27:Core/Src/Buzzer.cpp ****         __HAL_TIM_CLEAR_FLAG(&BUZZER_TIM, TIM_FLAG_UPDATE);
  72              	 .loc 1 27 9 view .LVU9
  73 0000 054B     	 ldr r3,.L6
  74 0002 1B68     	 ldr r3,[r3]
  75 0004 6FF00102 	 mvn r2,#1
  76 0008 1A61     	 str r2,[r3,#16]
  28:Core/Src/Buzzer.cpp ****         __HAL_TIM_DISABLE_IT(&BUZZER_TIM, TIM_IT_UPDATE);
  77              	 .loc 1 28 9 view .LVU10
  78 000a DA68     	 ldr r2,[r3,#12]
  79              	.LBB4:
  80              	.LBB5:
  81              	 .file 2 "Core/Inc/Buzzer.hpp"
   1:Core/Inc/Buzzer.hpp **** /**
   2:Core/Inc/Buzzer.hpp ****  * @file buzzer.hpp
   3:Core/Inc/Buzzer.hpp ****  * @author JIANG Yicheng RM2023
   4:Core/Inc/Buzzer.hpp ****  * @brief
   5:Core/Inc/Buzzer.hpp ****  * @version 0.1
   6:Core/Inc/Buzzer.hpp ****  * @date 2023-01-22
   7:Core/Inc/Buzzer.hpp ****  *
ARM GAS   			page 3


   8:Core/Inc/Buzzer.hpp ****  * @copyright Copyright (c) 2023
   9:Core/Inc/Buzzer.hpp ****  */
  10:Core/Inc/Buzzer.hpp **** 
  11:Core/Inc/Buzzer.hpp **** #pragma once
  12:Core/Inc/Buzzer.hpp **** 
  13:Core/Inc/Buzzer.hpp **** #include "main.h"
  14:Core/Inc/Buzzer.hpp **** #include "tim.h"
  15:Core/Inc/Buzzer.hpp **** 
  16:Core/Inc/Buzzer.hpp **** #define BUZZER_TIM htim1
  17:Core/Inc/Buzzer.hpp **** #define BUZZER_TIM_CHANNEL TIM_CHANNEL_2
  18:Core/Inc/Buzzer.hpp **** #define BUZZER_TIM_CHANNEL_CCR CCR2
  19:Core/Inc/Buzzer.hpp **** #define BUZZER_TIM_PWM_Start HAL_TIMEx_PWMN_Start
  20:Core/Inc/Buzzer.hpp **** 
  21:Core/Inc/Buzzer.hpp **** namespace Buzzer
  22:Core/Inc/Buzzer.hpp **** {
  23:Core/Inc/Buzzer.hpp **** /**
  24:Core/Inc/Buzzer.hpp ****  * @brief Initialize the buzzer
  25:Core/Inc/Buzzer.hpp ****  */
  26:Core/Inc/Buzzer.hpp **** void init();
  27:Core/Inc/Buzzer.hpp **** 
  28:Core/Inc/Buzzer.hpp **** /**
  29:Core/Inc/Buzzer.hpp ****  * @brief Play a tone
  30:Core/Inc/Buzzer.hpp ****  *
  31:Core/Inc/Buzzer.hpp ****  * @param frequency Frequency of the tone
  32:Core/Inc/Buzzer.hpp ****  */
  33:Core/Inc/Buzzer.hpp **** inline void play(uint32_t frequency)
  34:Core/Inc/Buzzer.hpp **** {
  35:Core/Inc/Buzzer.hpp ****     BUZZER_TIM.Instance->ARR                    = (uint32_t)(50000U / frequency) - 1U;
  36:Core/Inc/Buzzer.hpp ****     BUZZER_TIM.Instance->BUZZER_TIM_CHANNEL_CCR = BUZZER_TIM.Instance->ARR / 2U;
  37:Core/Inc/Buzzer.hpp ****     BUZZER_TIM.Instance->CNT                    = 0U;
  38:Core/Inc/Buzzer.hpp **** }
  39:Core/Inc/Buzzer.hpp **** 
  40:Core/Inc/Buzzer.hpp **** /**
  41:Core/Inc/Buzzer.hpp ****  * @brief Play a tone
  42:Core/Inc/Buzzer.hpp ****  *
  43:Core/Inc/Buzzer.hpp ****  * @param frequency Frequency of the tone
  44:Core/Inc/Buzzer.hpp ****  * @param duration Duration of the tone
  45:Core/Inc/Buzzer.hpp ****  */
  46:Core/Inc/Buzzer.hpp **** inline void play(uint32_t frequency, uint32_t duration)
  47:Core/Inc/Buzzer.hpp **** {
  48:Core/Inc/Buzzer.hpp ****     BUZZER_TIM.Instance->RCR                    = (duration * frequency / 1000U) - 1U;
  49:Core/Inc/Buzzer.hpp ****     BUZZER_TIM.Instance->EGR                    = TIM_EGR_UG;
  50:Core/Inc/Buzzer.hpp ****     BUZZER_TIM.Instance->ARR                    = (50000U / frequency) - 1U;
  51:Core/Inc/Buzzer.hpp ****     BUZZER_TIM.Instance->BUZZER_TIM_CHANNEL_CCR = BUZZER_TIM.Instance->ARR / 2U;
  52:Core/Inc/Buzzer.hpp ****     BUZZER_TIM.Instance->CNT                    = 0U;
  53:Core/Inc/Buzzer.hpp ****     __HAL_TIM_CLEAR_FLAG(&BUZZER_TIM, TIM_FLAG_UPDATE);
  54:Core/Inc/Buzzer.hpp ****     __HAL_TIM_ENABLE_IT(&BUZZER_TIM, TIM_IT_UPDATE);
  55:Core/Inc/Buzzer.hpp **** }
  56:Core/Inc/Buzzer.hpp **** 
  57:Core/Inc/Buzzer.hpp **** /**
  58:Core/Inc/Buzzer.hpp ****  * @brief Stop playing the tone
  59:Core/Inc/Buzzer.hpp ****  */
  60:Core/Inc/Buzzer.hpp **** inline void stop() { BUZZER_TIM.Instance->BUZZER_TIM_CHANNEL_CCR = 0U; }
  82              	 .loc 2 60 66 is_stmt 0 view .LVU11
  83 000c 0021     	 movs r1,#0
  84              	.LBE5:
  85              	.LBE4:
ARM GAS   			page 4


  86              	 .loc 1 28 9 view .LVU12
  87 000e 22F00102 	 bic r2,r2,#1
  88 0012 DA60     	 str r2,[r3,#12]
  29:Core/Src/Buzzer.cpp ****         Buzzer::stop();
  89              	 .loc 1 29 9 is_stmt 1 view .LVU13
  90              	.LBB7:
  91              	.LBI4:
  92              	 .loc 2 60 13 view .LVU14
  93              	.LBB6:
  94              	 .loc 2 60 22 view .LVU15
  95              	 .loc 2 60 66 is_stmt 0 view .LVU16
  96 0014 9963     	 str r1,[r3,#56]
  97              	.LBE6:
  98              	.LBE7:
  30:Core/Src/Buzzer.cpp ****     }
  99              	 .loc 1 30 5 view .LVU17
 100 0016 7047     	 bx lr
 101              	.L7:
 102              	 .align 2
 103              	.L6:
 104 0018 00000000 	 .word htim1
 105              	 .cfi_endproc
 106              	.LFE127:
 108              	 .text
 109              	.Letext0:
 110              	 .file 3 "Drivers/CMSIS/Device/ST/STM32F3xx/Include/stm32f334x8.h"
 111              	 .file 4 "/usr/lib/gcc/arm-none-eabi/10.3.1/include/stdint.h"
 112              	 .file 5 "Drivers/STM32F3xx_HAL_Driver/Inc/stm32f3xx_hal_def.h"
 113              	 .file 6 "Drivers/STM32F3xx_HAL_Driver/Inc/stm32f3xx_hal_dma.h"
 114              	 .file 7 "Drivers/STM32F3xx_HAL_Driver/Inc/stm32f3xx_hal_tim.h"
 115              	 .file 8 "Core/Inc/tim.h"
 116              	 .file 9 "Drivers/STM32F3xx_HAL_Driver/Inc/stm32f3xx_hal_tim_ex.h"
ARM GAS   			page 5


DEFINED SYMBOLS
                            *ABS*:0000000000000000 Buzzer.cpp
    {standard input}:18     .text._ZN6Buzzer4initEv:0000000000000000 $t
    {standard input}:27     .text._ZN6Buzzer4initEv:0000000000000000 _ZN6Buzzer4initEv
    {standard input}:52     .text._ZN6Buzzer4initEv:0000000000000010 $d
    {standard input}:57     .text.TIM1_UP_TIM16_IRQHandler:0000000000000000 $t
    {standard input}:65     .text.TIM1_UP_TIM16_IRQHandler:0000000000000000 TIM1_UP_TIM16_IRQHandler
    {standard input}:104    .text.TIM1_UP_TIM16_IRQHandler:0000000000000018 $d
                           .group:0000000000000000 wm4.0.8aa5dda2f385e1046792ed921bd1f17a
                           .group:0000000000000000 wm4.stm32f3xx_hal_conf.h.22.68702fcb376080053c327f742c9961b5
                           .group:0000000000000000 wm4.stm32f3xx.h.38.82e8e99dfe49c20b1a4a903bd92d6a62
                           .group:0000000000000000 wm4.stm32f334x8.h.34.4062b27910dbe4163b311597cc3129d0
                           .group:0000000000000000 wm4.stdint.h.29.6d480f4ba0f60596e88234283d42444f
                           .group:0000000000000000 wm4.cmsis_version.h.32.4d5822004c01a829a975260e854b5f8e
                           .group:0000000000000000 wm4.core_cm4.h.66.e4ff136c4a17abc46741866f64f8e729
                           .group:0000000000000000 wm4.cmsis_gcc.h.26.6774fe91202d65f4d5ffcff60e00da34
                           .group:0000000000000000 wm4.core_cm4.h.174.50ec3abb944da12b18793171c26093dc
                           .group:0000000000000000 wm4.stm32f334x8.h.742.4d018c717ec53f6245cec4363d185c67
                           .group:0000000000000000 wm4.stm32f3xx.h.174.91b72afab8b3d83f71cfd7ef15cf4952
                           .group:0000000000000000 wm4.stm32_hal_legacy.h.22.faf2d895fc44f19fdf533a93a00a4465
                           .group:0000000000000000 wm4.stddef.h.39.cdc2cef840622b974aa19abcc0caae93
                           .group:0000000000000000 wm4.stm32f3xx_hal_def.h.58.9b3c2bdf4a254dccb0f88c83bea62e05
                           .group:0000000000000000 wm4.stm32f3xx_hal_rcc.h.46.e37a97e5b8d0ca06a596d1c15979cbcc
                           .group:0000000000000000 wm4.stm32f3xx_hal_rcc_ex.h.20.10471072208d7575503f2f1804851a76
                           .group:0000000000000000 wm4.stm32f3xx_hal_gpio.h.21.7cd0c7cb2091a8a34b9016ef7d16b8a7
                           .group:0000000000000000 wm4.stm32f3xx_hal_gpio_ex.h.21.af39eaa5623e0a1009fcf4398ea2c1b7
                           .group:0000000000000000 wm4.stm32f3xx_hal_exti.h.21.97ce243ab3f68da52c38aef7d478a1e0
                           .group:0000000000000000 wm4.stm32f3xx_hal_dma.h.21.cc527711b185a0aec89274d6a9e66e40
                           .group:0000000000000000 wm4.stm32f3xx_hal_dma_ex.h.21.0990be4ccabf56d8663bc991eae085b1
                           .group:0000000000000000 wm4.stm32f3xx_hal_dma.h.406.bee398d2c322633b5d4483460294543c
                           .group:0000000000000000 wm4.stm32f3xx_hal_cortex.h.21.2e6f8d82a4b5342dc6cb4d8275d4190e
                           .group:0000000000000000 wm4.stm32f3xx_hal_adc_ex.h.21.83e1b666f94c6741e0f75669498b4cf0
                           .group:0000000000000000 wm4.stm32f3xx_hal_adc.h.55.6de54c307a17ed796a45b8e483250af2
                           .group:0000000000000000 wm4.stm32f3xx_hal_can.h.21.e8a2553fb767050d2b1baa10ea524b9c
                           .group:0000000000000000 wm4.stm32f3xx_hal_flash.h.20.53fc2ade23629e1c8d41b6b358abbb8d
                           .group:0000000000000000 wm4.stm32f3xx_hal_flash_ex.h.20.66a2e271db53c743be1fcb77b2017459
                           .group:0000000000000000 wm4.stm32f3xx_hal_hrtim.h.21.fb28980682ad68d99a88889d8ff4d172
                           .group:0000000000000000 wm4.stm32f3xx_hal_i2c.h.21.f7663f116d03c0043fd0e75e612f16ea
                           .group:0000000000000000 wm4.stm32f3xx_hal_i2c_ex.h.21.cf479782f4f3a68ef5fbce499167225b
                           .group:0000000000000000 wm4.stm32f3xx_hal_i2c.h.739.edde0c83ea6830c2c975fff967ebea26
                           .group:0000000000000000 wm4.stm32f3xx_hal_iwdg.h.21.3504a210964eb279ef1de8bb44988f11
                           .group:0000000000000000 wm4.stm32f3xx_hal_pwr.h.21.6193057a5c33d0b02d2f3a23acd22249
                           .group:0000000000000000 wm4.stm32f3xx_hal_pwr_ex.h.21.0ae6fdf7fd790f205b68ea57197f080d
                           .group:0000000000000000 wm4.stm32f3xx_hal_tim.h.21.d20cc3ea3a57aedcc53e87fa48cc1f6c
                           .group:0000000000000000 wm4.stm32f3xx_hal_tim_ex.h.21.87406a6cc7024a9faaf6aed69e2733ce
                           .group:0000000000000000 wm4.stm32f3xx_hal_uart.h.21.11bf2ca66aa636cfe74a1eb39fe0d460
                           .group:0000000000000000 wm4.stm32f3xx_hal_uart_ex.h.21.f592049ad8b63c2f48d6a2e8f48bef5c
                           .group:0000000000000000 wm4.stm32f3xx_hal.h.43.350d066a115a4ce03caef6c5048b93ca
                           .group:0000000000000000 wm4.main.h.60.25040540409f96806b00c4a4ef3ee0f3
                           .group:0000000000000000 wm4.Buzzer.hpp.16.737626402bcd6fbabc170a71ab5298d8
                           .group:0000000000000000 wm4.Config.hpp.11.9c0704772cb31e2ad94f4faa30dee35e

UNDEFINED SYMBOLS
HAL_TIMEx_PWMN_Start
htim1
