ARM GAS   			page 1


   1              	 .cpu cortex-m4
   2              	 .eabi_attribute 27,1
   3              	 .eabi_attribute 28,1
   4              	 .eabi_attribute 20,1
   5              	 .eabi_attribute 21,1
   6              	 .eabi_attribute 23,3
   7              	 .eabi_attribute 24,1
   8              	 .eabi_attribute 25,1
   9              	 .eabi_attribute 26,1
  10              	 .eabi_attribute 30,2
  11              	 .eabi_attribute 34,1
  12              	 .eabi_attribute 18,4
  13              	 .file "can.c"
  14              	 .text
  15              	.Ltext0:
  16              	 .cfi_sections .debug_frame
  17              	 .section .text.MX_CAN_Init,"ax",%progbits
  18              	 .align 1
  19              	 .p2align 2,,3
  20              	 .global MX_CAN_Init
  21              	 .arch armv7e-m
  22              	 .syntax unified
  23              	 .thumb
  24              	 .thumb_func
  25              	 .fpu fpv4-sp-d16
  27              	MX_CAN_Init:
  28              	.LFB123:
  29              	 .file 1 "Core/Src/can.c"
   1:Core/Src/can.c **** /* USER CODE BEGIN Header */
   2:Core/Src/can.c **** /**
   3:Core/Src/can.c ****   ******************************************************************************
   4:Core/Src/can.c ****   * @file    can.c
   5:Core/Src/can.c ****   * @brief   This file provides code for the configuration
   6:Core/Src/can.c ****   *          of the CAN instances.
   7:Core/Src/can.c ****   ******************************************************************************
   8:Core/Src/can.c ****   * @attention
   9:Core/Src/can.c ****   *
  10:Core/Src/can.c ****   * Copyright (c) 2023 STMicroelectronics.
  11:Core/Src/can.c ****   * All rights reserved.
  12:Core/Src/can.c ****   *
  13:Core/Src/can.c ****   * This software is licensed under terms that can be found in the LICENSE file
  14:Core/Src/can.c ****   * in the root directory of this software component.
  15:Core/Src/can.c ****   * If no LICENSE file comes with this software, it is provided AS-IS.
  16:Core/Src/can.c ****   *
  17:Core/Src/can.c ****   ******************************************************************************
  18:Core/Src/can.c ****   */
  19:Core/Src/can.c **** /* USER CODE END Header */
  20:Core/Src/can.c **** /* Includes ------------------------------------------------------------------*/
  21:Core/Src/can.c **** #include "can.h"
  22:Core/Src/can.c **** 
  23:Core/Src/can.c **** /* USER CODE BEGIN 0 */
  24:Core/Src/can.c **** 
  25:Core/Src/can.c **** /* USER CODE END 0 */
  26:Core/Src/can.c **** 
  27:Core/Src/can.c **** CAN_HandleTypeDef hcan;
  28:Core/Src/can.c **** 
  29:Core/Src/can.c **** /* CAN init function */
ARM GAS   			page 2


  30:Core/Src/can.c **** void MX_CAN_Init(void)
  31:Core/Src/can.c **** {
  30              	 .loc 1 31 1 view-0
  31              	 .cfi_startproc
  32              	 
  33              	 
  32:Core/Src/can.c **** 
  33:Core/Src/can.c ****   /* USER CODE BEGIN CAN_Init 0 */
  34:Core/Src/can.c **** 
  35:Core/Src/can.c ****   /* USER CODE END CAN_Init 0 */
  36:Core/Src/can.c **** 
  37:Core/Src/can.c ****   /* USER CODE BEGIN CAN_Init 1 */
  38:Core/Src/can.c **** 
  39:Core/Src/can.c ****   /* USER CODE END CAN_Init 1 */
  40:Core/Src/can.c ****   hcan.Instance = CAN;
  34              	 .loc 1 40 3 view .LVU1
  41:Core/Src/can.c ****   hcan.Init.Prescaler = 4;
  35              	 .loc 1 41 3 view .LVU2
  42:Core/Src/can.c ****   hcan.Init.Mode = CAN_MODE_NORMAL;
  36              	 .loc 1 42 3 view .LVU3
  43:Core/Src/can.c ****   hcan.Init.SyncJumpWidth = CAN_SJW_1TQ;
  37              	 .loc 1 43 3 view .LVU4
  44:Core/Src/can.c ****   hcan.Init.TimeSeg1 = CAN_BS1_4TQ;
  38              	 .loc 1 44 3 view .LVU5
  45:Core/Src/can.c ****   hcan.Init.TimeSeg2 = CAN_BS2_4TQ;
  39              	 .loc 1 45 3 view .LVU6
  46:Core/Src/can.c ****   hcan.Init.TimeTriggeredMode = DISABLE;
  40              	 .loc 1 46 3 view .LVU7
  47:Core/Src/can.c ****   hcan.Init.AutoBusOff = ENABLE;
  41              	 .loc 1 47 3 view .LVU8
  48:Core/Src/can.c ****   hcan.Init.AutoWakeUp = ENABLE;
  42              	 .loc 1 48 3 view .LVU9
  49:Core/Src/can.c ****   hcan.Init.AutoRetransmission = ENABLE;
  43              	 .loc 1 49 3 view .LVU10
  50:Core/Src/can.c ****   hcan.Init.ReceiveFifoLocked = DISABLE;
  44              	 .loc 1 50 3 view .LVU11
  51:Core/Src/can.c ****   hcan.Init.TransmitFifoPriority = DISABLE;
  45              	 .loc 1 51 3 view .LVU12
  40:Core/Src/can.c ****   hcan.Init.Prescaler = 4;
  46              	 .loc 1 40 17 is_stmt 0 view .LVU13
  47 0000 0C48     	 ldr r0,.L6
  48 0002 0D49     	 ldr r1,.L6+4
  46:Core/Src/can.c ****   hcan.Init.AutoBusOff = ENABLE;
  49              	 .loc 1 46 31 view .LVU14
  50 0004 0D4A     	 ldr r2,.L6+8
  31:Core/Src/can.c **** 
  51              	 .loc 1 31 1 view .LVU15
  52 0006 10B5     	 push {r4,lr}
  53              	 .cfi_def_cfa_offset 8
  54              	 .cfi_offset 4,-8
  55              	 .cfi_offset 14,-4
  42:Core/Src/can.c ****   hcan.Init.SyncJumpWidth = CAN_SJW_1TQ;
  56              	 .loc 1 42 18 view .LVU16
  57 0008 0023     	 movs r3,#0
  40:Core/Src/can.c ****   hcan.Init.Prescaler = 4;
  58              	 .loc 1 40 17 view .LVU17
  59 000a 0160     	 str r1,[r0]
ARM GAS   			page 3


  44:Core/Src/can.c ****   hcan.Init.TimeSeg2 = CAN_BS2_4TQ;
  60              	 .loc 1 44 22 view .LVU18
  61 000c 4FF44031 	 mov r1,#196608
  62 0010 C0E90331 	 strd r3,r1,[r0,#12]
  45:Core/Src/can.c ****   hcan.Init.TimeTriggeredMode = DISABLE;
  63              	 .loc 1 45 22 view .LVU19
  64 0014 4FF44011 	 mov r1,#3145728
  41:Core/Src/can.c ****   hcan.Init.Mode = CAN_MODE_NORMAL;
  65              	 .loc 1 41 23 view .LVU20
  66 0018 0424     	 movs r4,#4
  46:Core/Src/can.c ****   hcan.Init.AutoBusOff = ENABLE;
  67              	 .loc 1 46 31 view .LVU21
  68 001a C0E90512 	 strd r1,r2,[r0,#20]
  50:Core/Src/can.c ****   hcan.Init.TransmitFifoPriority = DISABLE;
  69              	 .loc 1 50 31 view .LVU22
  70 001e 8383     	 strh r3,[r0,#28]
  52:Core/Src/can.c ****   if (HAL_CAN_Init(&hcan) != HAL_OK)
  71              	 .loc 1 52 3 is_stmt 1 view .LVU23
  42:Core/Src/can.c ****   hcan.Init.SyncJumpWidth = CAN_SJW_1TQ;
  72              	 .loc 1 42 18 is_stmt 0 view .LVU24
  73 0020 C0E90143 	 strd r4,r3,[r0,#4]
  74              	 .loc 1 52 7 view .LVU25
  75 0024 FFF7FEFF 	 bl HAL_CAN_Init
  76              	.LVL0:
  77              	 .loc 1 52 6 view .LVU26
  78 0028 00B9     	 cbnz r0,.L5
  53:Core/Src/can.c ****   {
  54:Core/Src/can.c ****     Error_Handler();
  55:Core/Src/can.c ****   }
  56:Core/Src/can.c ****   /* USER CODE BEGIN CAN_Init 2 */
  57:Core/Src/can.c **** 
  58:Core/Src/can.c ****   /* USER CODE END CAN_Init 2 */
  59:Core/Src/can.c **** 
  60:Core/Src/can.c **** }
  79              	 .loc 1 60 1 view .LVU27
  80 002a 10BD     	 pop {r4,pc}
  81              	.L5:
  54:Core/Src/can.c ****   }
  82              	 .loc 1 54 5 is_stmt 1 view .LVU28
  83              	 .loc 1 60 1 is_stmt 0 view .LVU29
  84 002c BDE81040 	 pop {r4,lr}
  85              	 .cfi_restore 14
  86              	 .cfi_restore 4
  87              	 .cfi_def_cfa_offset 0
  54:Core/Src/can.c ****   }
  88              	 .loc 1 54 5 view .LVU30
  89 0030 FFF7FEBF 	 b Error_Handler
  90              	.LVL1:
  91              	.L7:
  92              	 .align 2
  93              	.L6:
  94 0034 00000000 	 .word .LANCHOR0
  95 0038 00640040 	 .word 1073767424
  96 003c 00010101 	 .word 16843008
  97              	 .cfi_endproc
  98              	.LFE123:
 100              	 .section .text.HAL_CAN_MspInit,"ax",%progbits
ARM GAS   			page 4


 101              	 .align 1
 102              	 .p2align 2,,3
 103              	 .global HAL_CAN_MspInit
 104              	 .syntax unified
 105              	 .thumb
 106              	 .thumb_func
 107              	 .fpu fpv4-sp-d16
 109              	HAL_CAN_MspInit:
 110              	.LVL2:
 111              	.LFB124:
  61:Core/Src/can.c **** 
  62:Core/Src/can.c **** void HAL_CAN_MspInit(CAN_HandleTypeDef* canHandle)
  63:Core/Src/can.c **** {
 112              	 .loc 1 63 1 is_stmt 1 view-0
 113              	 .cfi_startproc
 114              	 
 115              	 
  64:Core/Src/can.c **** 
  65:Core/Src/can.c ****   GPIO_InitTypeDef GPIO_InitStruct = {0};
 116              	 .loc 1 65 3 view .LVU32
  63:Core/Src/can.c **** 
 117              	 .loc 1 63 1 is_stmt 0 view .LVU33
 118 0000 30B5     	 push {r4,r5,lr}
 119              	 .cfi_def_cfa_offset 12
 120              	 .cfi_offset 4,-12
 121              	 .cfi_offset 5,-8
 122              	 .cfi_offset 14,-4
  66:Core/Src/can.c ****   if(canHandle->Instance==CAN)
 123              	 .loc 1 66 5 view .LVU34
 124 0002 1C4B     	 ldr r3,.L12
 125 0004 0268     	 ldr r2,[r0]
  63:Core/Src/can.c **** 
 126              	 .loc 1 63 1 view .LVU35
 127 0006 89B0     	 sub sp,sp,#36
 128              	 .cfi_def_cfa_offset 48
  65:Core/Src/can.c ****   if(canHandle->Instance==CAN)
 129              	 .loc 1 65 20 view .LVU36
 130 0008 0024     	 movs r4,#0
 131              	 .loc 1 66 5 view .LVU37
 132 000a 9A42     	 cmp r2,r3
  65:Core/Src/can.c ****   if(canHandle->Instance==CAN)
 133              	 .loc 1 65 20 view .LVU38
 134 000c CDE90244 	 strd r4,r4,[sp,#8]
 135 0010 CDE90444 	 strd r4,r4,[sp,#16]
 136 0014 0694     	 str r4,[sp,#24]
 137              	 .loc 1 66 3 is_stmt 1 view .LVU39
 138              	 .loc 1 66 5 is_stmt 0 view .LVU40
 139 0016 01D0     	 beq .L11
  67:Core/Src/can.c ****   {
  68:Core/Src/can.c ****   /* USER CODE BEGIN CAN_MspInit 0 */
  69:Core/Src/can.c **** 
  70:Core/Src/can.c ****   /* USER CODE END CAN_MspInit 0 */
  71:Core/Src/can.c ****     /* CAN clock enable */
  72:Core/Src/can.c ****     __HAL_RCC_CAN1_CLK_ENABLE();
  73:Core/Src/can.c **** 
  74:Core/Src/can.c ****     __HAL_RCC_GPIOB_CLK_ENABLE();
  75:Core/Src/can.c ****     /**CAN GPIO Configuration
ARM GAS   			page 5


  76:Core/Src/can.c ****     PB8     ------> CAN_RX
  77:Core/Src/can.c ****     PB9     ------> CAN_TX
  78:Core/Src/can.c ****     */
  79:Core/Src/can.c ****     GPIO_InitStruct.Pin = GPIO_PIN_8|GPIO_PIN_9;
  80:Core/Src/can.c ****     GPIO_InitStruct.Mode = GPIO_MODE_AF_PP;
  81:Core/Src/can.c ****     GPIO_InitStruct.Pull = GPIO_NOPULL;
  82:Core/Src/can.c ****     GPIO_InitStruct.Speed = GPIO_SPEED_FREQ_HIGH;
  83:Core/Src/can.c ****     GPIO_InitStruct.Alternate = GPIO_AF9_CAN;
  84:Core/Src/can.c ****     HAL_GPIO_Init(GPIOB, &GPIO_InitStruct);
  85:Core/Src/can.c **** 
  86:Core/Src/can.c ****     /* CAN interrupt Init */
  87:Core/Src/can.c ****     HAL_NVIC_SetPriority(CAN_RX0_IRQn, 7, 0);
  88:Core/Src/can.c ****     HAL_NVIC_EnableIRQ(CAN_RX0_IRQn);
  89:Core/Src/can.c ****   /* USER CODE BEGIN CAN_MspInit 1 */
  90:Core/Src/can.c **** 
  91:Core/Src/can.c ****   /* USER CODE END CAN_MspInit 1 */
  92:Core/Src/can.c ****   }
  93:Core/Src/can.c **** }
 140              	 .loc 1 93 1 view .LVU41
 141 0018 09B0     	 add sp,sp,#36
 142              	 .cfi_remember_state
 143              	 .cfi_def_cfa_offset 12
 144              	 
 145 001a 30BD     	 pop {r4,r5,pc}
 146              	.L11:
 147              	 .cfi_restore_state
  72:Core/Src/can.c **** 
 148              	 .loc 1 72 5 is_stmt 1 view .LVU42
 149              	.LBB2:
  72:Core/Src/can.c **** 
 150              	 .loc 1 72 5 view .LVU43
  72:Core/Src/can.c **** 
 151              	 .loc 1 72 5 view .LVU44
 152 001c 03F5D633 	 add r3,r3,#109568
 153              	.LBE2:
  84:Core/Src/can.c **** 
 154              	 .loc 1 84 5 is_stmt 0 view .LVU45
 155 0020 02A9     	 add r1,sp,#8
 156              	.LBB3:
  72:Core/Src/can.c **** 
 157              	 .loc 1 72 5 view .LVU46
 158 0022 DA69     	 ldr r2,[r3,#28]
 159              	.LBE3:
  84:Core/Src/can.c **** 
 160              	 .loc 1 84 5 view .LVU47
 161 0024 1448     	 ldr r0,.L12+4
 162              	.LVL3:
 163              	.LBB4:
  72:Core/Src/can.c **** 
 164              	 .loc 1 72 5 view .LVU48
 165 0026 42F00072 	 orr r2,r2,#33554432
 166 002a DA61     	 str r2,[r3,#28]
  72:Core/Src/can.c **** 
 167              	 .loc 1 72 5 is_stmt 1 view .LVU49
 168 002c DA69     	 ldr r2,[r3,#28]
 169 002e 02F00072 	 and r2,r2,#33554432
 170 0032 0092     	 str r2,[sp]
ARM GAS   			page 6


  72:Core/Src/can.c **** 
 171              	 .loc 1 72 5 view .LVU50
 172 0034 009A     	 ldr r2,[sp]
 173              	.LBE4:
  72:Core/Src/can.c **** 
 174              	 .loc 1 72 5 view .LVU51
  74:Core/Src/can.c ****     /**CAN GPIO Configuration
 175              	 .loc 1 74 5 view .LVU52
 176              	.LBB5:
  74:Core/Src/can.c ****     /**CAN GPIO Configuration
 177              	 .loc 1 74 5 view .LVU53
  74:Core/Src/can.c ****     /**CAN GPIO Configuration
 178              	 .loc 1 74 5 view .LVU54
 179 0036 5A69     	 ldr r2,[r3,#20]
 180 0038 42F48022 	 orr r2,r2,#262144
 181 003c 5A61     	 str r2,[r3,#20]
  74:Core/Src/can.c ****     /**CAN GPIO Configuration
 182              	 .loc 1 74 5 view .LVU55
 183 003e 5B69     	 ldr r3,[r3,#20]
 184 0040 03F48023 	 and r3,r3,#262144
 185 0044 0193     	 str r3,[sp,#4]
  74:Core/Src/can.c ****     /**CAN GPIO Configuration
 186              	 .loc 1 74 5 view .LVU56
 187              	.LBE5:
  79:Core/Src/can.c ****     GPIO_InitStruct.Mode = GPIO_MODE_AF_PP;
 188              	 .loc 1 79 25 is_stmt 0 view .LVU57
 189 0046 4FF44072 	 mov r2,#768
 190 004a 0223     	 movs r3,#2
 191 004c CDE90223 	 strd r2,[sp,#8]
  83:Core/Src/can.c ****     HAL_GPIO_Init(GPIOB, &GPIO_InitStruct);
 192              	 .loc 1 83 31 view .LVU58
 193 0050 0923     	 movs r3,#9
  82:Core/Src/can.c ****     GPIO_InitStruct.Alternate = GPIO_AF9_CAN;
 194              	 .loc 1 82 27 view .LVU59
 195 0052 0322     	 movs r2,#3
  83:Core/Src/can.c ****     HAL_GPIO_Init(GPIOB, &GPIO_InitStruct);
 196              	 .loc 1 83 31 view .LVU60
 197 0054 CDE90523 	 strd r2,r3,[sp,#20]
 198              	.LBB6:
  74:Core/Src/can.c ****     /**CAN GPIO Configuration
 199              	 .loc 1 74 5 view .LVU61
 200 0058 019D     	 ldr r5,[sp,#4]
 201              	.LBE6:
  74:Core/Src/can.c ****     /**CAN GPIO Configuration
 202              	 .loc 1 74 5 is_stmt 1 view .LVU62
  79:Core/Src/can.c ****     GPIO_InitStruct.Mode = GPIO_MODE_AF_PP;
 203              	 .loc 1 79 5 view .LVU63
  80:Core/Src/can.c ****     GPIO_InitStruct.Pull = GPIO_NOPULL;
 204              	 .loc 1 80 5 view .LVU64
  81:Core/Src/can.c ****     GPIO_InitStruct.Speed = GPIO_SPEED_FREQ_HIGH;
 205              	 .loc 1 81 5 view .LVU65
  82:Core/Src/can.c ****     GPIO_InitStruct.Alternate = GPIO_AF9_CAN;
 206              	 .loc 1 82 5 view .LVU66
  84:Core/Src/can.c **** 
 207              	 .loc 1 84 5 view .LVU67
 208 005a FFF7FEFF 	 bl HAL_GPIO_Init
 209              	.LVL4:
ARM GAS   			page 7


  87:Core/Src/can.c ****     HAL_NVIC_EnableIRQ(CAN_RX0_IRQn);
 210              	 .loc 1 87 5 view .LVU68
 211 005e 2246     	 mov r2,r4
 212 0060 0721     	 movs r1,#7
 213 0062 1420     	 movs r0,#20
 214 0064 FFF7FEFF 	 bl HAL_NVIC_SetPriority
 215              	.LVL5:
  88:Core/Src/can.c ****   /* USER CODE BEGIN CAN_MspInit 1 */
 216              	 .loc 1 88 5 view .LVU69
 217 0068 1420     	 movs r0,#20
 218 006a FFF7FEFF 	 bl HAL_NVIC_EnableIRQ
 219              	.LVL6:
 220              	 .loc 1 93 1 is_stmt 0 view .LVU70
 221 006e 09B0     	 add sp,sp,#36
 222              	 .cfi_def_cfa_offset 12
 223              	 
 224 0070 30BD     	 pop {r4,r5,pc}
 225              	.L13:
 226 0072 00BF     	 .align 2
 227              	.L12:
 228 0074 00640040 	 .word 1073767424
 229 0078 00040048 	 .word 1207960576
 230              	 .cfi_endproc
 231              	.LFE124:
 233              	 .section .text.HAL_CAN_MspDeInit,"ax",%progbits
 234              	 .align 1
 235              	 .p2align 2,,3
 236              	 .global HAL_CAN_MspDeInit
 237              	 .syntax unified
 238              	 .thumb
 239              	 .thumb_func
 240              	 .fpu fpv4-sp-d16
 242              	HAL_CAN_MspDeInit:
 243              	.LVL7:
 244              	.LFB125:
  94:Core/Src/can.c **** 
  95:Core/Src/can.c **** void HAL_CAN_MspDeInit(CAN_HandleTypeDef* canHandle)
  96:Core/Src/can.c **** {
 245              	 .loc 1 96 1 is_stmt 1 view-0
 246              	 .cfi_startproc
 247              	 
 248              	 
  97:Core/Src/can.c **** 
  98:Core/Src/can.c ****   if(canHandle->Instance==CAN)
 249              	 .loc 1 98 3 view .LVU72
  96:Core/Src/can.c **** 
 250              	 .loc 1 96 1 is_stmt 0 view .LVU73
 251 0000 08B5     	 push {r3,lr}
 252              	 .cfi_def_cfa_offset 8
 253              	 .cfi_offset 3,-8
 254              	 .cfi_offset 14,-4
 255              	 .loc 1 98 5 view .LVU74
 256 0002 0268     	 ldr r2,[r0]
 257 0004 094B     	 ldr r3,.L18
 258 0006 9A42     	 cmp r2,r3
 259 0008 00D0     	 beq .L17
  99:Core/Src/can.c ****   {
ARM GAS   			page 8


 100:Core/Src/can.c ****   /* USER CODE BEGIN CAN_MspDeInit 0 */
 101:Core/Src/can.c **** 
 102:Core/Src/can.c ****   /* USER CODE END CAN_MspDeInit 0 */
 103:Core/Src/can.c ****     /* Peripheral clock disable */
 104:Core/Src/can.c ****     __HAL_RCC_CAN1_CLK_DISABLE();
 105:Core/Src/can.c **** 
 106:Core/Src/can.c ****     /**CAN GPIO Configuration
 107:Core/Src/can.c ****     PB8     ------> CAN_RX
 108:Core/Src/can.c ****     PB9     ------> CAN_TX
 109:Core/Src/can.c ****     */
 110:Core/Src/can.c ****     HAL_GPIO_DeInit(GPIOB, GPIO_PIN_8|GPIO_PIN_9);
 111:Core/Src/can.c **** 
 112:Core/Src/can.c ****     /* CAN interrupt Deinit */
 113:Core/Src/can.c ****     HAL_NVIC_DisableIRQ(CAN_RX0_IRQn);
 114:Core/Src/can.c ****   /* USER CODE BEGIN CAN_MspDeInit 1 */
 115:Core/Src/can.c **** 
 116:Core/Src/can.c ****   /* USER CODE END CAN_MspDeInit 1 */
 117:Core/Src/can.c ****   }
 118:Core/Src/can.c **** }
 260              	 .loc 1 118 1 view .LVU75
 261 000a 08BD     	 pop {r3,pc}
 262              	.L17:
 104:Core/Src/can.c **** 
 263              	 .loc 1 104 5 is_stmt 1 view .LVU76
 264 000c 084A     	 ldr r2,.L18+4
 110:Core/Src/can.c **** 
 265              	 .loc 1 110 5 is_stmt 0 view .LVU77
 266 000e 0948     	 ldr r0,.L18+8
 267              	.LVL8:
 104:Core/Src/can.c **** 
 268              	 .loc 1 104 5 view .LVU78
 269 0010 D369     	 ldr r3,[r2,#28]
 270 0012 23F00073 	 bic r3,r3,#33554432
 271 0016 D361     	 str r3,[r2,#28]
 110:Core/Src/can.c **** 
 272              	 .loc 1 110 5 is_stmt 1 view .LVU79
 273 0018 4FF44071 	 mov r1,#768
 274 001c FFF7FEFF 	 bl HAL_GPIO_DeInit
 275              	.LVL9:
 113:Core/Src/can.c ****   /* USER CODE BEGIN CAN_MspDeInit 1 */
 276              	 .loc 1 113 5 view .LVU80
 277              	 .loc 1 118 1 is_stmt 0 view .LVU81
 278 0020 BDE80840 	 pop {r3,lr}
 279              	 .cfi_restore 14
 280              	 .cfi_restore 3
 281              	 .cfi_def_cfa_offset 0
 113:Core/Src/can.c ****   /* USER CODE BEGIN CAN_MspDeInit 1 */
 282              	 .loc 1 113 5 view .LVU82
 283 0024 1420     	 movs r0,#20
 284 0026 FFF7FEBF 	 b HAL_NVIC_DisableIRQ
 285              	.LVL10:
 286              	.L19:
 287 002a 00BF     	 .align 2
 288              	.L18:
 289 002c 00640040 	 .word 1073767424
 290 0030 00100240 	 .word 1073876992
 291 0034 00040048 	 .word 1207960576
ARM GAS   			page 9


 292              	 .cfi_endproc
 293              	.LFE125:
 295              	 .global hcan
 296              	 .section .bss.hcan,"aw",%nobits
 297              	 .align 2
 298              	 .set .LANCHOR0,.+0
 301              	hcan:
 302 0000 00000000 	 .space 40
 302      00000000 
 302      00000000 
 302      00000000 
 302      00000000 
 303              	 .text
 304              	.Letext0:
 305              	 .file 2 "/usr/lib/gcc/arm-none-eabi/10.3.1/include/stdint.h"
 306              	 .file 3 "Drivers/CMSIS/Device/ST/STM32F3xx/Include/stm32f334x8.h"
 307              	 .file 4 "Drivers/CMSIS/Device/ST/STM32F3xx/Include/stm32f3xx.h"
 308              	 .file 5 "Drivers/STM32F3xx_HAL_Driver/Inc/stm32f3xx_hal_def.h"
 309              	 .file 6 "Drivers/STM32F3xx_HAL_Driver/Inc/stm32f3xx_hal_gpio.h"
 310              	 .file 7 "Drivers/STM32F3xx_HAL_Driver/Inc/stm32f3xx_hal_can.h"
 311              	 .file 8 "Drivers/STM32F3xx_HAL_Driver/Inc/stm32f3xx_hal_cortex.h"
 312              	 .file 9 "Core/Inc/main.h"
 313              	 .file 10 "Core/Inc/can.h"
ARM GAS   			page 10


DEFINED SYMBOLS
                            *ABS*:0000000000000000 can.c
    {standard input}:18     .text.MX_CAN_Init:0000000000000000 $t
    {standard input}:27     .text.MX_CAN_Init:0000000000000000 MX_CAN_Init
    {standard input}:94     .text.MX_CAN_Init:0000000000000034 $d
    {standard input}:101    .text.HAL_CAN_MspInit:0000000000000000 $t
    {standard input}:109    .text.HAL_CAN_MspInit:0000000000000000 HAL_CAN_MspInit
    {standard input}:228    .text.HAL_CAN_MspInit:0000000000000074 $d
    {standard input}:234    .text.HAL_CAN_MspDeInit:0000000000000000 $t
    {standard input}:242    .text.HAL_CAN_MspDeInit:0000000000000000 HAL_CAN_MspDeInit
    {standard input}:289    .text.HAL_CAN_MspDeInit:000000000000002c $d
    {standard input}:301    .bss.hcan:0000000000000000 hcan
    {standard input}:297    .bss.hcan:0000000000000000 $d
                           .group:0000000000000000 wm4.0.5bd3fb47ece8cd89db7f39859867d34b
                           .group:0000000000000000 wm4.stm32f3xx_hal_conf.h.22.68702fcb376080053c327f742c9961b5
                           .group:0000000000000000 wm4.stm32f3xx.h.38.82e8e99dfe49c20b1a4a903bd92d6a62
                           .group:0000000000000000 wm4.stm32f334x8.h.34.4062b27910dbe4163b311597cc3129d0
                           .group:0000000000000000 wm4.stdint.h.29.6d480f4ba0f60596e88234283d42444f
                           .group:0000000000000000 wm4.cmsis_version.h.32.4d5822004c01a829a975260e854b5f8e
                           .group:0000000000000000 wm4.core_cm4.h.66.e4ff136c4a17abc46741866f64f8e729
                           .group:0000000000000000 wm4.cmsis_gcc.h.26.6774fe91202d65f4d5ffcff60e00da34
                           .group:0000000000000000 wm4.core_cm4.h.174.300c477346073ecdebb72dd943ae4d09
                           .group:0000000000000000 wm4.stm32f334x8.h.742.4d018c717ec53f6245cec4363d185c67
                           .group:0000000000000000 wm4.stm32f3xx.h.174.91b72afab8b3d83f71cfd7ef15cf4952
                           .group:0000000000000000 wm4.stm32_hal_legacy.h.22.faf2d895fc44f19fdf533a93a00a4465
                           .group:0000000000000000 wm4.stddef.h.39.144cf5ddcd53cbfdac30259dc1a6c87f
                           .group:0000000000000000 wm4.stm32f3xx_hal_def.h.58.9b3c2bdf4a254dccb0f88c83bea62e05
                           .group:0000000000000000 wm4.stm32f3xx_hal_rcc.h.46.e37a97e5b8d0ca06a596d1c15979cbcc
                           .group:0000000000000000 wm4.stm32f3xx_hal_rcc_ex.h.20.10471072208d7575503f2f1804851a76
                           .group:0000000000000000 wm4.stm32f3xx_hal_gpio.h.21.7cd0c7cb2091a8a34b9016ef7d16b8a7
                           .group:0000000000000000 wm4.stm32f3xx_hal_gpio_ex.h.21.af39eaa5623e0a1009fcf4398ea2c1b7
                           .group:0000000000000000 wm4.stm32f3xx_hal_exti.h.21.97ce243ab3f68da52c38aef7d478a1e0
                           .group:0000000000000000 wm4.stm32f3xx_hal_dma.h.21.cc527711b185a0aec89274d6a9e66e40
                           .group:0000000000000000 wm4.stm32f3xx_hal_dma_ex.h.21.0990be4ccabf56d8663bc991eae085b1
                           .group:0000000000000000 wm4.stm32f3xx_hal_dma.h.406.bee398d2c322633b5d4483460294543c
                           .group:0000000000000000 wm4.stm32f3xx_hal_cortex.h.21.2e6f8d82a4b5342dc6cb4d8275d4190e
                           .group:0000000000000000 wm4.stm32f3xx_hal_adc_ex.h.21.83e1b666f94c6741e0f75669498b4cf0
                           .group:0000000000000000 wm4.stm32f3xx_hal_adc.h.55.6de54c307a17ed796a45b8e483250af2
                           .group:0000000000000000 wm4.stm32f3xx_hal_can.h.21.e8a2553fb767050d2b1baa10ea524b9c
                           .group:0000000000000000 wm4.stm32f3xx_hal_flash.h.20.53fc2ade23629e1c8d41b6b358abbb8d
                           .group:0000000000000000 wm4.stm32f3xx_hal_flash_ex.h.20.66a2e271db53c743be1fcb77b2017459
                           .group:0000000000000000 wm4.stm32f3xx_hal_hrtim.h.21.fb28980682ad68d99a88889d8ff4d172
                           .group:0000000000000000 wm4.stm32f3xx_hal_i2c.h.21.f7663f116d03c0043fd0e75e612f16ea
                           .group:0000000000000000 wm4.stm32f3xx_hal_i2c_ex.h.21.cf479782f4f3a68ef5fbce499167225b
                           .group:0000000000000000 wm4.stm32f3xx_hal_i2c.h.739.edde0c83ea6830c2c975fff967ebea26
                           .group:0000000000000000 wm4.stm32f3xx_hal_iwdg.h.21.3504a210964eb279ef1de8bb44988f11
                           .group:0000000000000000 wm4.stm32f3xx_hal_pwr.h.21.6193057a5c33d0b02d2f3a23acd22249
                           .group:0000000000000000 wm4.stm32f3xx_hal_pwr_ex.h.21.0ae6fdf7fd790f205b68ea57197f080d
                           .group:0000000000000000 wm4.stm32f3xx_hal_tim.h.21.d20cc3ea3a57aedcc53e87fa48cc1f6c
                           .group:0000000000000000 wm4.stm32f3xx_hal_tim_ex.h.21.87406a6cc7024a9faaf6aed69e2733ce
                           .group:0000000000000000 wm4.stm32f3xx_hal_uart.h.21.11bf2ca66aa636cfe74a1eb39fe0d460
                           .group:0000000000000000 wm4.stm32f3xx_hal_uart_ex.h.21.f592049ad8b63c2f48d6a2e8f48bef5c
                           .group:0000000000000000 wm4.stm32f3xx_hal.h.43.350d066a115a4ce03caef6c5048b93ca
                           .group:0000000000000000 wm4.main.h.60.25040540409f96806b00c4a4ef3ee0f3

UNDEFINED SYMBOLS
HAL_CAN_Init
ARM GAS   			page 11


Error_Handler
HAL_GPIO_Init
HAL_NVIC_SetPriority
HAL_NVIC_EnableIRQ
HAL_GPIO_DeInit
HAL_NVIC_DisableIRQ
