ARM GAS   			page 1


   1              	 .cpu cortex-m4
   2              	 .arch armv7e-m
   3              	 .fpu fpv4-sp-d16
   4              	 .eabi_attribute 27,1
   5              	 .eabi_attribute 28,1
   6              	 .eabi_attribute 23,1
   7              	 .eabi_attribute 24,1
   8              	 .eabi_attribute 25,1
   9              	 .eabi_attribute 26,1
  10              	 .eabi_attribute 30,2
  11              	 .eabi_attribute 34,1
  12              	 .eabi_attribute 18,4
  13              	 .file "dac.c"
  14              	 .text
  15              	.Ltext0:
  16              	 .cfi_sections .debug_frame
  17              	 .file 1 "Core/Src/dac.c"
  18              	 .section .text.MX_DAC1_Init,"ax",%progbits
  19              	 .align 1
  20              	 .p2align 2,,3
  21              	 .global MX_DAC1_Init
  22              	 .syntax unified
  23              	 .thumb
  24              	 .thumb_func
  26              	MX_DAC1_Init:
  27              	.LFB361:
   1:Core/Src/dac.c **** /* USER CODE BEGIN Header */
   2:Core/Src/dac.c **** /**
   3:Core/Src/dac.c ****   ******************************************************************************
   4:Core/Src/dac.c ****   * @file    dac.c
   5:Core/Src/dac.c ****   * @brief   This file provides code for the configuration
   6:Core/Src/dac.c ****   *          of the DAC instances.
   7:Core/Src/dac.c ****   ******************************************************************************
   8:Core/Src/dac.c ****   * @attention
   9:Core/Src/dac.c ****   *
  10:Core/Src/dac.c ****   * Copyright (c) 2025 STMicroelectronics.
  11:Core/Src/dac.c ****   * All rights reserved.
  12:Core/Src/dac.c ****   *
  13:Core/Src/dac.c ****   * This software is licensed under terms that can be found in the LICENSE file
  14:Core/Src/dac.c ****   * in the root directory of this software component.
  15:Core/Src/dac.c ****   * If no LICENSE file comes with this software, it is provided AS-IS.
  16:Core/Src/dac.c ****   *
  17:Core/Src/dac.c ****   ******************************************************************************
  18:Core/Src/dac.c ****   */
  19:Core/Src/dac.c **** /* USER CODE END Header */
  20:Core/Src/dac.c **** /* Includes ------------------------------------------------------------------*/
  21:Core/Src/dac.c **** #include "dac.h"
  22:Core/Src/dac.c **** 
  23:Core/Src/dac.c **** /* USER CODE BEGIN 0 */
  24:Core/Src/dac.c **** 
  25:Core/Src/dac.c **** /* USER CODE END 0 */
  26:Core/Src/dac.c **** 
  27:Core/Src/dac.c **** DAC_HandleTypeDef hdac1;
  28:Core/Src/dac.c **** 
  29:Core/Src/dac.c **** /* DAC1 init function */
  30:Core/Src/dac.c **** void MX_DAC1_Init(void)
  31:Core/Src/dac.c **** {
ARM GAS   			page 2


  28              	 .loc 1 31 1 view-0
  29              	 .cfi_startproc
  30              	 
  31              	 
  32:Core/Src/dac.c **** 
  33:Core/Src/dac.c ****   /* USER CODE BEGIN DAC1_Init 0 */
  34:Core/Src/dac.c **** 
  35:Core/Src/dac.c ****   /* USER CODE END DAC1_Init 0 */
  36:Core/Src/dac.c **** 
  37:Core/Src/dac.c ****   DAC_ChannelConfTypeDef sConfig = {0};
  32              	 .loc 1 37 3 view .LVU1
  31:Core/Src/dac.c **** 
  33              	 .loc 1 31 1 is_stmt 0 view .LVU2
  34 0000 00B5     	 push {lr}
  35              	 .cfi_def_cfa_offset 4
  36              	 .cfi_offset 14,-4
  37 0002 8FB0     	 sub sp,sp,#60
  38              	 .cfi_def_cfa_offset 64
  39              	 .loc 1 37 26 view .LVU3
  40 0004 3022     	 movs r2,#48
  41 0006 0021     	 movs r1,#0
  42 0008 02A8     	 add r0,sp,#8
  43 000a FFF7FEFF 	 bl memset
  44              	.LVL0:
  38:Core/Src/dac.c **** 
  39:Core/Src/dac.c ****   /* USER CODE BEGIN DAC1_Init 1 */
  40:Core/Src/dac.c **** 
  41:Core/Src/dac.c ****   /* USER CODE END DAC1_Init 1 */
  42:Core/Src/dac.c **** 
  43:Core/Src/dac.c ****   /** DAC Initialization
  44:Core/Src/dac.c ****   */
  45:Core/Src/dac.c ****   hdac1.Instance = DAC1;
  45              	 .loc 1 45 3 is_stmt 1 view .LVU4
  46:Core/Src/dac.c ****   if (HAL_DAC_Init(&hdac1) != HAL_OK)
  46              	 .loc 1 46 7 is_stmt 0 view .LVU5
  47 000e 2848     	 ldr r0,.L29
  45:Core/Src/dac.c ****   if (HAL_DAC_Init(&hdac1) != HAL_OK)
  48              	 .loc 1 45 18 view .LVU6
  49 0010 284B     	 ldr r3,.L29+4
  50 0012 0360     	 str r3,[r0]
  51              	 .loc 1 46 3 is_stmt 1 view .LVU7
  52              	 .loc 1 46 7 is_stmt 0 view .LVU8
  53 0014 FFF7FEFF 	 bl HAL_DAC_Init
  54              	.LVL1:
  55              	 .loc 1 46 6 discriminator 1 view .LVU9
  56 0018 0028     	 cmp r0,#0
  57 001a 38D1     	 bne .L24
  58              	.L2:
  47:Core/Src/dac.c ****   {
  48:Core/Src/dac.c ****     Error_Handler();
  49:Core/Src/dac.c ****   }
  50:Core/Src/dac.c **** 
  51:Core/Src/dac.c ****   /** DAC channel OUT1 config
  52:Core/Src/dac.c ****   */
  53:Core/Src/dac.c ****   sConfig.DAC_HighFrequency = DAC_HIGH_FREQUENCY_INTERFACE_MODE_ABOVE_160MHZ;
  59              	 .loc 1 53 3 is_stmt 1 view .LVU10
  54:Core/Src/dac.c ****   sConfig.DAC_DMADoubleDataMode = DISABLE;
ARM GAS   			page 3


  60              	 .loc 1 54 33 is_stmt 0 view .LVU11
  61 001c 0022     	 movs r2,#0
  53:Core/Src/dac.c ****   sConfig.DAC_DMADoubleDataMode = DISABLE;
  62              	 .loc 1 53 29 view .LVU12
  63 001e 4FF40040 	 mov r0,#32768
  55:Core/Src/dac.c ****   sConfig.DAC_SignedFormat = DISABLE;
  56:Core/Src/dac.c ****   sConfig.DAC_SampleAndHold = DAC_SAMPLEANDHOLD_DISABLE;
  57:Core/Src/dac.c ****   sConfig.DAC_Trigger = DAC_TRIGGER_HRTIM_RST_TRG2;
  58:Core/Src/dac.c ****   sConfig.DAC_Trigger2 = DAC_TRIGGER_HRTIM_STEP_TRG2;
  59:Core/Src/dac.c ****   sConfig.DAC_OutputBuffer = DAC_OUTPUTBUFFER_ENABLE;
  60:Core/Src/dac.c ****   sConfig.DAC_ConnectOnChipPeripheral = DAC_CHIPCONNECT_BOTH;
  64              	 .loc 1 60 39 view .LVU13
  65 0022 0421     	 movs r1,#4
  57:Core/Src/dac.c ****   sConfig.DAC_Trigger2 = DAC_TRIGGER_HRTIM_STEP_TRG2;
  66              	 .loc 1 57 23 view .LVU14
  67 0024 2A23     	 movs r3,#42
  68              	 .loc 1 60 39 view .LVU15
  69 0026 CDE90721 	 strd r2,r1,[sp,#28]
  53:Core/Src/dac.c ****   sConfig.DAC_DMADoubleDataMode = DISABLE;
  70              	 .loc 1 53 29 view .LVU16
  71 002a 0290     	 str r0,[sp,#8]
  54:Core/Src/dac.c ****   sConfig.DAC_SignedFormat = DISABLE;
  72              	 .loc 1 54 3 is_stmt 1 view .LVU17
  55:Core/Src/dac.c ****   sConfig.DAC_SignedFormat = DISABLE;
  73              	 .loc 1 55 3 view .LVU18
  61:Core/Src/dac.c ****   sConfig.DAC_UserTrimming = DAC_TRIMMING_FACTORY;
  62:Core/Src/dac.c ****   if (HAL_DAC_ConfigChannel(&hdac1, &sConfig, DAC_CHANNEL_1) != HAL_OK)
  74              	 .loc 1 62 7 is_stmt 0 view .LVU19
  75 002c 02A9     	 add r1,sp,#8
  76 002e 2048     	 ldr r0,.L29
  54:Core/Src/dac.c ****   sConfig.DAC_SignedFormat = DISABLE;
  77              	 .loc 1 54 33 view .LVU20
  78 0030 ADF80C20 	 strh r2,[sp,#12]
  56:Core/Src/dac.c ****   sConfig.DAC_Trigger = DAC_TRIGGER_HRTIM_RST_TRG2;
  79              	 .loc 1 56 3 is_stmt 1 view .LVU21
  57:Core/Src/dac.c ****   sConfig.DAC_Trigger2 = DAC_TRIGGER_HRTIM_STEP_TRG2;
  80              	 .loc 1 57 23 is_stmt 0 view .LVU22
  81 0034 CDE90423 	 strd r2,r3,[sp,#16]
  58:Core/Src/dac.c ****   sConfig.DAC_OutputBuffer = DAC_OUTPUTBUFFER_ENABLE;
  82              	 .loc 1 58 3 is_stmt 1 view .LVU23
  58:Core/Src/dac.c ****   sConfig.DAC_OutputBuffer = DAC_OUTPUTBUFFER_ENABLE;
  83              	 .loc 1 58 24 is_stmt 0 view .LVU24
  84 0038 0693     	 str r3,[sp,#24]
  59:Core/Src/dac.c ****   sConfig.DAC_ConnectOnChipPeripheral = DAC_CHIPCONNECT_BOTH;
  85              	 .loc 1 59 3 is_stmt 1 view .LVU25
  61:Core/Src/dac.c ****   if (HAL_DAC_ConfigChannel(&hdac1, &sConfig, DAC_CHANNEL_1) != HAL_OK)
  86              	 .loc 1 61 3 view .LVU26
  61:Core/Src/dac.c ****   if (HAL_DAC_ConfigChannel(&hdac1, &sConfig, DAC_CHANNEL_1) != HAL_OK)
  87              	 .loc 1 61 28 is_stmt 0 view .LVU27
  88 003a 0992     	 str r2,[sp,#36]
  89              	 .loc 1 62 3 is_stmt 1 view .LVU28
  90              	 .loc 1 62 7 is_stmt 0 view .LVU29
  91 003c FFF7FEFF 	 bl HAL_DAC_ConfigChannel
  92              	.LVL2:
  93              	 .loc 1 62 6 discriminator 1 view .LVU30
  94 0040 98BB     	 cbnz r0,.L25
  95              	.L3:
ARM GAS   			page 4


  63:Core/Src/dac.c ****   {
  64:Core/Src/dac.c ****     Error_Handler();
  65:Core/Src/dac.c ****   }
  66:Core/Src/dac.c **** 
  67:Core/Src/dac.c ****   /** Configure Sawtooth wave generation on DAC OUT1
  68:Core/Src/dac.c ****   */
  69:Core/Src/dac.c ****   if (HAL_DACEx_SawtoothWaveGenerate(&hdac1, DAC_CHANNEL_1, DAC_SAWTOOTH_POLARITY_DECREMENT, 2300, 
  96              	 .loc 1 69 3 is_stmt 1 view .LVU31
  97              	 .loc 1 69 7 is_stmt 0 view .LVU32
  98 0042 4FF4FA73 	 mov r3,#500
  99 0046 0022     	 movs r2,#0
 100 0048 0093     	 str r3,[sp]
 101 004a 1948     	 ldr r0,.L29
 102 004c 40F6FC03 	 movw r3,#2300
 103 0050 1146     	 mov r1,r2
 104 0052 FFF7FEFF 	 bl HAL_DACEx_SawtoothWaveGenerate
 105              	.LVL3:
 106              	 .loc 1 69 6 discriminator 1 view .LVU33
 107 0056 28BB     	 cbnz r0,.L26
 108              	.L4:
  70:Core/Src/dac.c ****   {
  71:Core/Src/dac.c ****     Error_Handler();
  72:Core/Src/dac.c ****   }
  73:Core/Src/dac.c **** 
  74:Core/Src/dac.c ****   /** DAC channel OUT2 config
  75:Core/Src/dac.c ****   */
  76:Core/Src/dac.c ****   sConfig.DAC_DMADoubleDataMode = ENABLE;
 109              	 .loc 1 76 3 is_stmt 1 view .LVU34
  77:Core/Src/dac.c ****   sConfig.DAC_SignedFormat = ENABLE;
 110              	 .loc 1 77 3 view .LVU35
  78:Core/Src/dac.c ****   sConfig.DAC_Trigger = DAC_TRIGGER_HRTIM_RST_TRG1;
 111              	 .loc 1 78 23 is_stmt 0 view .LVU36
 112 0058 2623     	 movs r3,#38
  76:Core/Src/dac.c ****   sConfig.DAC_SignedFormat = ENABLE;
 113              	 .loc 1 76 33 view .LVU37
 114 005a 40F2011C 	 movw ip,#257
  79:Core/Src/dac.c ****   sConfig.DAC_Trigger2 = DAC_TRIGGER_HRTIM_STEP_TRG1;
  80:Core/Src/dac.c ****   if (HAL_DAC_ConfigChannel(&hdac1, &sConfig, DAC_CHANNEL_2) != HAL_OK)
 115              	 .loc 1 80 7 view .LVU38
 116 005e 1448     	 ldr r0,.L29
  76:Core/Src/dac.c ****   sConfig.DAC_SignedFormat = ENABLE;
 117              	 .loc 1 76 33 view .LVU39
 118 0060 ADF80CC0 	 strh ip,[sp,#12]
  78:Core/Src/dac.c ****   sConfig.DAC_Trigger2 = DAC_TRIGGER_HRTIM_STEP_TRG1;
 119              	 .loc 1 78 3 is_stmt 1 view .LVU40
 120              	 .loc 1 80 7 is_stmt 0 view .LVU41
 121 0064 1022     	 movs r2,#16
 122 0066 02A9     	 add r1,sp,#8
  79:Core/Src/dac.c ****   sConfig.DAC_Trigger2 = DAC_TRIGGER_HRTIM_STEP_TRG1;
 123              	 .loc 1 79 24 view .LVU42
 124 0068 CDE90533 	 strd r3,r3,[sp,#20]
 125              	 .loc 1 80 3 is_stmt 1 view .LVU43
 126              	 .loc 1 80 7 is_stmt 0 view .LVU44
 127 006c FFF7FEFF 	 bl HAL_DAC_ConfigChannel
 128              	.LVL4:
 129              	 .loc 1 80 6 discriminator 1 view .LVU45
 130 0070 A8B9     	 cbnz r0,.L27
ARM GAS   			page 5


 131              	.L5:
  81:Core/Src/dac.c ****   {
  82:Core/Src/dac.c ****     Error_Handler();
  83:Core/Src/dac.c ****   }
  84:Core/Src/dac.c **** 
  85:Core/Src/dac.c ****   /** Configure Sawtooth wave generation on DAC OUT2
  86:Core/Src/dac.c ****   */
  87:Core/Src/dac.c ****   if (HAL_DACEx_SawtoothWaveGenerate(&hdac1, DAC_CHANNEL_2, DAC_SAWTOOTH_POLARITY_INCREMENT, 2300, 
 132              	 .loc 1 87 3 is_stmt 1 view .LVU46
 133              	 .loc 1 87 7 is_stmt 0 view .LVU47
 134 0072 1423     	 movs r3,#20
 135 0074 0093     	 str r3,[sp]
 136 0076 0E48     	 ldr r0,.L29
 137 0078 40F6FC03 	 movw r3,#2300
 138 007c 4FF48052 	 mov r2,#4096
 139 0080 1021     	 movs r1,#16
 140 0082 FFF7FEFF 	 bl HAL_DACEx_SawtoothWaveGenerate
 141              	.LVL5:
 142              	 .loc 1 87 6 discriminator 1 view .LVU48
 143 0086 28B9     	 cbnz r0,.L28
  88:Core/Src/dac.c ****   {
  89:Core/Src/dac.c ****     Error_Handler();
  90:Core/Src/dac.c ****   }
  91:Core/Src/dac.c ****   /* USER CODE BEGIN DAC1_Init 2 */
  92:Core/Src/dac.c **** 
  93:Core/Src/dac.c ****   /* USER CODE END DAC1_Init 2 */
  94:Core/Src/dac.c **** 
  95:Core/Src/dac.c **** }
 144              	 .loc 1 95 1 view .LVU49
 145 0088 0FB0     	 add sp,sp,#60
 146              	 .cfi_remember_state
 147              	 .cfi_def_cfa_offset 4
 148              	 
 149 008a 5DF804FB 	 ldr pc,[sp],#4
 150              	.L24:
 151              	 .cfi_restore_state
  48:Core/Src/dac.c ****   }
 152              	 .loc 1 48 5 is_stmt 1 view .LVU50
 153 008e FFF7FEFF 	 bl Error_Handler
 154              	.LVL6:
 155 0092 C3E7     	 b .L2
 156              	.L28:
  89:Core/Src/dac.c ****   }
 157              	 .loc 1 89 5 view .LVU51
 158 0094 FFF7FEFF 	 bl Error_Handler
 159              	.LVL7:
 160              	 .loc 1 95 1 is_stmt 0 view .LVU52
 161 0098 0FB0     	 add sp,sp,#60
 162              	 .cfi_remember_state
 163              	 .cfi_def_cfa_offset 4
 164              	 
 165 009a 5DF804FB 	 ldr pc,[sp],#4
 166              	.L27:
 167              	 .cfi_restore_state
  82:Core/Src/dac.c ****   }
 168              	 .loc 1 82 5 is_stmt 1 view .LVU53
 169 009e FFF7FEFF 	 bl Error_Handler
ARM GAS   			page 6


 170              	.LVL8:
 171 00a2 E6E7     	 b .L5
 172              	.L26:
  71:Core/Src/dac.c ****   }
 173              	 .loc 1 71 5 view .LVU54
 174 00a4 FFF7FEFF 	 bl Error_Handler
 175              	.LVL9:
 176 00a8 D6E7     	 b .L4
 177              	.L25:
  64:Core/Src/dac.c ****   }
 178              	 .loc 1 64 5 view .LVU55
 179 00aa FFF7FEFF 	 bl Error_Handler
 180              	.LVL10:
 181 00ae C8E7     	 b .L3
 182              	.L30:
 183              	 .align 2
 184              	.L29:
 185 00b0 00000000 	 .word hdac1
 186 00b4 00080050 	 .word 1342179328
 187              	 .cfi_endproc
 188              	.LFE361:
 190              	 .section .text.HAL_DAC_MspInit,"ax",%progbits
 191              	 .align 1
 192              	 .p2align 2,,3
 193              	 .global HAL_DAC_MspInit
 194              	 .syntax unified
 195              	 .thumb
 196              	 .thumb_func
 198              	HAL_DAC_MspInit:
 199              	.LVL11:
 200              	.LFB362:
  96:Core/Src/dac.c **** 
  97:Core/Src/dac.c **** void HAL_DAC_MspInit(DAC_HandleTypeDef* dacHandle)
  98:Core/Src/dac.c **** {
 201              	 .loc 1 98 1 view-0
 202              	 .cfi_startproc
 203              	 
 204              	 
  99:Core/Src/dac.c **** 
 100:Core/Src/dac.c ****   GPIO_InitTypeDef GPIO_InitStruct = {0};
 205              	 .loc 1 100 3 view .LVU57
  98:Core/Src/dac.c **** 
 206              	 .loc 1 98 1 is_stmt 0 view .LVU58
 207 0000 10B5     	 push {r4,lr}
 208              	 .cfi_def_cfa_offset 8
 209              	 .cfi_offset 4,-8
 210              	 .cfi_offset 14,-4
 101:Core/Src/dac.c ****   if(dacHandle->Instance==DAC1)
 211              	 .loc 1 101 5 view .LVU59
 212 0002 1B4B     	 ldr r3,.L35
 213 0004 0268     	 ldr r2,[r0]
  98:Core/Src/dac.c **** 
 214              	 .loc 1 98 1 view .LVU60
 215 0006 88B0     	 sub sp,sp,#32
 216              	 .cfi_def_cfa_offset 40
 100:Core/Src/dac.c ****   if(dacHandle->Instance==DAC1)
 217              	 .loc 1 100 20 view .LVU61
ARM GAS   			page 7


 218 0008 0024     	 movs r4,#0
 219              	 .loc 1 101 5 view .LVU62
 220 000a 9A42     	 cmp r2,r3
 100:Core/Src/dac.c ****   if(dacHandle->Instance==DAC1)
 221              	 .loc 1 100 20 view .LVU63
 222 000c CDE90244 	 strd r4,r4,[sp,#8]
 223 0010 CDE90444 	 strd r4,r4,[sp,#16]
 224 0014 0694     	 str r4,[sp,#24]
 225              	 .loc 1 101 3 is_stmt 1 view .LVU64
 226              	 .loc 1 101 5 is_stmt 0 view .LVU65
 227 0016 01D0     	 beq .L34
 102:Core/Src/dac.c ****   {
 103:Core/Src/dac.c ****   /* USER CODE BEGIN DAC1_MspInit 0 */
 104:Core/Src/dac.c **** 
 105:Core/Src/dac.c ****   /* USER CODE END DAC1_MspInit 0 */
 106:Core/Src/dac.c ****     /* DAC1 clock enable */
 107:Core/Src/dac.c ****     __HAL_RCC_DAC1_CLK_ENABLE();
 108:Core/Src/dac.c **** 
 109:Core/Src/dac.c ****     __HAL_RCC_GPIOA_CLK_ENABLE();
 110:Core/Src/dac.c ****     /**DAC1 GPIO Configuration
 111:Core/Src/dac.c ****     PA4     ------> DAC1_OUT1
 112:Core/Src/dac.c ****     PA5     ------> DAC1_OUT2
 113:Core/Src/dac.c ****     */
 114:Core/Src/dac.c ****     GPIO_InitStruct.Pin = GPIO_PIN_4|GPIO_PIN_5;
 115:Core/Src/dac.c ****     GPIO_InitStruct.Mode = GPIO_MODE_ANALOG;
 116:Core/Src/dac.c ****     GPIO_InitStruct.Pull = GPIO_NOPULL;
 117:Core/Src/dac.c ****     HAL_GPIO_Init(GPIOA, &GPIO_InitStruct);
 118:Core/Src/dac.c **** 
 119:Core/Src/dac.c ****     /* DAC1 interrupt Init */
 120:Core/Src/dac.c ****     HAL_NVIC_SetPriority(TIM6_DAC_IRQn, 2, 0);
 121:Core/Src/dac.c ****     HAL_NVIC_EnableIRQ(TIM6_DAC_IRQn);
 122:Core/Src/dac.c ****   /* USER CODE BEGIN DAC1_MspInit 1 */
 123:Core/Src/dac.c **** 
 124:Core/Src/dac.c ****   /* USER CODE END DAC1_MspInit 1 */
 125:Core/Src/dac.c ****   }
 126:Core/Src/dac.c **** }
 228              	 .loc 1 126 1 view .LVU66
 229 0018 08B0     	 add sp,sp,#32
 230              	 .cfi_remember_state
 231              	 .cfi_def_cfa_offset 8
 232              	 
 233 001a 10BD     	 pop {r4,pc}
 234              	.L34:
 235              	 .cfi_restore_state
 107:Core/Src/dac.c **** 
 236              	 .loc 1 107 5 is_stmt 1 view .LVU67
 237              	.LBB2:
 107:Core/Src/dac.c **** 
 238              	 .loc 1 107 5 view .LVU68
 107:Core/Src/dac.c **** 
 239              	 .loc 1 107 5 view .LVU69
 240 001c 03F17043 	 add r3,r3,#-268435456
 241 0020 03F50233 	 add r3,r3,#133120
 242              	.LBE2:
 117:Core/Src/dac.c **** 
 243              	 .loc 1 117 5 is_stmt 0 view .LVU70
 244 0024 02A9     	 add r1,sp,#8
ARM GAS   			page 8


 245              	.LBB3:
 107:Core/Src/dac.c **** 
 246              	 .loc 1 107 5 view .LVU71
 247 0026 DA6C     	 ldr r2,[r3,#76]
 248 0028 42F48032 	 orr r2,r2,#65536
 249 002c DA64     	 str r2,[r3,#76]
 107:Core/Src/dac.c **** 
 250              	 .loc 1 107 5 is_stmt 1 view .LVU72
 251 002e DA6C     	 ldr r2,[r3,#76]
 252 0030 02F48032 	 and r2,r2,#65536
 253 0034 0092     	 str r2,[sp]
 107:Core/Src/dac.c **** 
 254              	 .loc 1 107 5 view .LVU73
 255 0036 009A     	 ldr r2,[sp]
 256              	.LBE3:
 107:Core/Src/dac.c **** 
 257              	 .loc 1 107 5 view .LVU74
 109:Core/Src/dac.c ****     /**DAC1 GPIO Configuration
 258              	 .loc 1 109 5 view .LVU75
 259              	.LBB4:
 109:Core/Src/dac.c ****     /**DAC1 GPIO Configuration
 260              	 .loc 1 109 5 view .LVU76
 109:Core/Src/dac.c ****     /**DAC1 GPIO Configuration
 261              	 .loc 1 109 5 view .LVU77
 262 0038 DA6C     	 ldr r2,[r3,#76]
 263 003a 42F00102 	 orr r2,r2,#1
 264 003e DA64     	 str r2,[r3,#76]
 109:Core/Src/dac.c ****     /**DAC1 GPIO Configuration
 265              	 .loc 1 109 5 view .LVU78
 266 0040 DB6C     	 ldr r3,[r3,#76]
 267 0042 03F00103 	 and r3,r3,#1
 268 0046 0193     	 str r3,[sp,#4]
 109:Core/Src/dac.c ****     /**DAC1 GPIO Configuration
 269              	 .loc 1 109 5 view .LVU79
 270              	.LBE4:
 114:Core/Src/dac.c ****     GPIO_InitStruct.Mode = GPIO_MODE_ANALOG;
 271              	 .loc 1 114 25 is_stmt 0 view .LVU80
 272 0048 3022     	 movs r2,#48
 273 004a 0323     	 movs r3,#3
 117:Core/Src/dac.c **** 
 274              	 .loc 1 117 5 view .LVU81
 275 004c 4FF09040 	 mov r0,#1207959552
 276              	.LVL12:
 114:Core/Src/dac.c ****     GPIO_InitStruct.Mode = GPIO_MODE_ANALOG;
 277              	 .loc 1 114 25 view .LVU82
 278 0050 CDE90223 	 strd r2,[sp,#8]
 279              	.LBB5:
 109:Core/Src/dac.c ****     /**DAC1 GPIO Configuration
 280              	 .loc 1 109 5 view .LVU83
 281 0054 019B     	 ldr r3,[sp,#4]
 282              	.LBE5:
 109:Core/Src/dac.c ****     /**DAC1 GPIO Configuration
 283              	 .loc 1 109 5 is_stmt 1 view .LVU84
 114:Core/Src/dac.c ****     GPIO_InitStruct.Mode = GPIO_MODE_ANALOG;
 284              	 .loc 1 114 5 view .LVU85
 115:Core/Src/dac.c ****     GPIO_InitStruct.Pull = GPIO_NOPULL;
 285              	 .loc 1 115 5 view .LVU86
ARM GAS   			page 9


 116:Core/Src/dac.c ****     HAL_GPIO_Init(GPIOA, &GPIO_InitStruct);
 286              	 .loc 1 116 5 view .LVU87
 117:Core/Src/dac.c **** 
 287              	 .loc 1 117 5 view .LVU88
 288 0056 FFF7FEFF 	 bl HAL_GPIO_Init
 289              	.LVL13:
 120:Core/Src/dac.c ****     HAL_NVIC_EnableIRQ(TIM6_DAC_IRQn);
 290              	 .loc 1 120 5 view .LVU89
 291 005a 2246     	 mov r2,r4
 292 005c 0221     	 movs r1,#2
 293 005e 3620     	 movs r0,#54
 294 0060 FFF7FEFF 	 bl HAL_NVIC_SetPriority
 295              	.LVL14:
 121:Core/Src/dac.c ****   /* USER CODE BEGIN DAC1_MspInit 1 */
 296              	 .loc 1 121 5 view .LVU90
 297 0064 3620     	 movs r0,#54
 298 0066 FFF7FEFF 	 bl HAL_NVIC_EnableIRQ
 299              	.LVL15:
 300              	 .loc 1 126 1 is_stmt 0 view .LVU91
 301 006a 08B0     	 add sp,sp,#32
 302              	 .cfi_def_cfa_offset 8
 303              	 
 304 006c 10BD     	 pop {r4,pc}
 305              	.L36:
 306 006e 00BF     	 .align 2
 307              	.L35:
 308 0070 00080050 	 .word 1342179328
 309              	 .cfi_endproc
 310              	.LFE362:
 312              	 .section .text.HAL_DAC_MspDeInit,"ax",%progbits
 313              	 .align 1
 314              	 .p2align 2,,3
 315              	 .global HAL_DAC_MspDeInit
 316              	 .syntax unified
 317              	 .thumb
 318              	 .thumb_func
 320              	HAL_DAC_MspDeInit:
 321              	.LVL16:
 322              	.LFB363:
 127:Core/Src/dac.c **** 
 128:Core/Src/dac.c **** void HAL_DAC_MspDeInit(DAC_HandleTypeDef* dacHandle)
 129:Core/Src/dac.c **** {
 323              	 .loc 1 129 1 is_stmt 1 view-0
 324              	 .cfi_startproc
 325              	 
 326              	 
 327              	 
 130:Core/Src/dac.c **** 
 131:Core/Src/dac.c ****   if(dacHandle->Instance==DAC1)
 328              	 .loc 1 131 3 view .LVU93
 329              	 .loc 1 131 5 is_stmt 0 view .LVU94
 330 0000 074B     	 ldr r3,.L40
 331 0002 0268     	 ldr r2,[r0]
 332 0004 9A42     	 cmp r2,r3
 333 0006 00D0     	 beq .L39
 132:Core/Src/dac.c ****   {
 133:Core/Src/dac.c ****   /* USER CODE BEGIN DAC1_MspDeInit 0 */
ARM GAS   			page 10


 134:Core/Src/dac.c **** 
 135:Core/Src/dac.c ****   /* USER CODE END DAC1_MspDeInit 0 */
 136:Core/Src/dac.c ****     /* Peripheral clock disable */
 137:Core/Src/dac.c ****     __HAL_RCC_DAC1_CLK_DISABLE();
 138:Core/Src/dac.c **** 
 139:Core/Src/dac.c ****     /**DAC1 GPIO Configuration
 140:Core/Src/dac.c ****     PA4     ------> DAC1_OUT1
 141:Core/Src/dac.c ****     PA5     ------> DAC1_OUT2
 142:Core/Src/dac.c ****     */
 143:Core/Src/dac.c ****     HAL_GPIO_DeInit(GPIOA, GPIO_PIN_4|GPIO_PIN_5);
 144:Core/Src/dac.c **** 
 145:Core/Src/dac.c ****     /* DAC1 interrupt Deinit */
 146:Core/Src/dac.c ****   /* USER CODE BEGIN DAC1:TIM6_DAC_IRQn disable */
 147:Core/Src/dac.c ****     /**
 148:Core/Src/dac.c ****     * Uncomment the line below to disable the "TIM6_DAC_IRQn" interrupt
 149:Core/Src/dac.c ****     * Be aware, disabling shared interrupt may affect other IPs
 150:Core/Src/dac.c ****     */
 151:Core/Src/dac.c ****     /* HAL_NVIC_DisableIRQ(TIM6_DAC_IRQn); */
 152:Core/Src/dac.c ****   /* USER CODE END DAC1:TIM6_DAC_IRQn disable */
 153:Core/Src/dac.c **** 
 154:Core/Src/dac.c ****   /* USER CODE BEGIN DAC1_MspDeInit 1 */
 155:Core/Src/dac.c **** 
 156:Core/Src/dac.c ****   /* USER CODE END DAC1_MspDeInit 1 */
 157:Core/Src/dac.c ****   }
 158:Core/Src/dac.c **** }
 334              	 .loc 1 158 1 view .LVU95
 335 0008 7047     	 bx lr
 336              	.L39:
 137:Core/Src/dac.c **** 
 337              	 .loc 1 137 5 is_stmt 1 view .LVU96
 338 000a 064A     	 ldr r2,.L40+4
 339 000c D36C     	 ldr r3,[r2,#76]
 340 000e 23F48033 	 bic r3,r3,#65536
 143:Core/Src/dac.c **** 
 341              	 .loc 1 143 5 is_stmt 0 view .LVU97
 342 0012 3021     	 movs r1,#48
 343 0014 4FF09040 	 mov r0,#1207959552
 344              	.LVL17:
 137:Core/Src/dac.c **** 
 345              	 .loc 1 137 5 view .LVU98
 346 0018 D364     	 str r3,[r2,#76]
 143:Core/Src/dac.c **** 
 347              	 .loc 1 143 5 is_stmt 1 view .LVU99
 348 001a FFF7FEBF 	 b HAL_GPIO_DeInit
 349              	.LVL18:
 350              	.L41:
 351 001e 00BF     	 .align 2
 352              	.L40:
 353 0020 00080050 	 .word 1342179328
 354 0024 00100240 	 .word 1073876992
 355              	 .cfi_endproc
 356              	.LFE363:
 358              	 .global hdac1
 359              	 .section .bss.hdac1,"aw",%nobits
 360              	 .align 2
 363              	hdac1:
 364 0000 00000000 	 .space 20
ARM GAS   			page 11


 364      00000000 
 364      00000000 
 364      00000000 
 364      00000000 
 365              	 .text
 366              	.Letext0:
 367              	 .file 2 "Drivers/CMSIS/Device/ST/STM32G4xx/Include/stm32g474xx.h"
 368              	 .file 3 "/usr/lib/gcc/arm-none-eabi/14.2.1/include/stdint.h"
 369              	 .file 4 "Drivers/CMSIS/Device/ST/STM32G4xx/Include/stm32g4xx.h"
 370              	 .file 5 "Drivers/STM32G4xx_HAL_Driver/Inc/stm32g4xx_hal_def.h"
 371              	 .file 6 "Drivers/STM32G4xx_HAL_Driver/Inc/stm32g4xx_hal_gpio.h"
 372              	 .file 7 "Drivers/STM32G4xx_HAL_Driver/Inc/stm32g4xx_hal_dma.h"
 373              	 .file 8 "Drivers/STM32G4xx_HAL_Driver/Inc/stm32g4xx_hal_dac.h"
 374              	 .file 9 "Drivers/STM32G4xx_HAL_Driver/Inc/stm32g4xx_hal_cortex.h"
 375              	 .file 10 "Drivers/STM32G4xx_HAL_Driver/Inc/stm32g4xx_hal_dac_ex.h"
 376              	 .file 11 "Core/Inc/dac.h"
 377              	 .file 12 "Core/Inc/main.h"
 378              	 .file 13 "<built-in>"
ARM GAS   			page 12


DEFINED SYMBOLS
                            *ABS*:00000000 dac.c
    {standard input}:19     .text.MX_DAC1_Init:00000000 $t
    {standard input}:26     .text.MX_DAC1_Init:00000000 MX_DAC1_Init
    {standard input}:185    .text.MX_DAC1_Init:000000b0 $d
    {standard input}:363    .bss.hdac1:00000000 hdac1
    {standard input}:191    .text.HAL_DAC_MspInit:00000000 $t
    {standard input}:198    .text.HAL_DAC_MspInit:00000000 HAL_DAC_MspInit
    {standard input}:308    .text.HAL_DAC_MspInit:00000070 $d
    {standard input}:313    .text.HAL_DAC_MspDeInit:00000000 $t
    {standard input}:320    .text.HAL_DAC_MspDeInit:00000000 HAL_DAC_MspDeInit
    {standard input}:353    .text.HAL_DAC_MspDeInit:00000020 $d
    {standard input}:360    .bss.hdac1:00000000 $d
                           .group:00000000 wm4.0.ea19c25cbb216197368fe558daea6575
                           .group:00000000 wm4.stm32g4xx_hal_conf.h.23.942b1d1576b5866b7e11680d4727b823
                           .group:00000000 wm4.stm32g4xx.h.38.4ce5d67cecf3db23972af81b516b937b
                           .group:00000000 wm4.stm32g474xx.h.34.0f14ed7ce45f8c3c7c55af7520d7efa5
                           .group:00000000 wm4.stdint.h.29.6d480f4ba0f60596e88234283d42444f
                           .group:00000000 wm4.cmsis_version.h.32.46e8eccfa2cfeaae11d008bb2823a3ed
                           .group:00000000 wm4.core_cm4.h.66.e4ff136c4a17abc46741866f64f8e729
                           .group:00000000 wm4.cmsis_gcc.h.26.78077cef1206e937f7b56043ffca496a
                           .group:00000000 wm4.core_cm4.h.174.fcddd62df80231752fa39eb9b61dadfe
                           .group:00000000 wm4.mpu_armv7.h.32.4049752bb5792d4e15357775e9506cfc
                           .group:00000000 wm4.stm32g474xx.h.714.40df4d5d8bd1a3a0e2dcb49e18b09038
                           .group:00000000 wm4.stm32g4xx.h.158.aa4340ed3b15fb0d4b1741cf5ce96563
                           .group:00000000 wm4.stm32_hal_legacy.h.22.e1e932ae083ad1562e3b1af87ae47999
                           .group:00000000 wm4.stddef.h.39.0dc9006b34572d4d9cae4c8b422c4971
                           .group:00000000 wm4.stm32g4xx_hal_def.h.57.460ac21f0caebde175d7222cb23afe15
                           .group:00000000 wm4.stm32g4xx_hal_rcc.h.135.8d28bdf720f4165758e115c83d05a7c2
                           .group:00000000 wm4.stm32g4xx_hal_rcc_ex.h.20.a381de89af88802207f549f948fabbc4
                           .group:00000000 wm4.stm32g4xx_hal_gpio.h.21.2ca30689d7a5ad939e06f5298d557243
                           .group:00000000 wm4.stm32g4xx_hal_gpio_ex.h.22.1b7da6fc7615b2341724123ae8e461d9
                           .group:00000000 wm4.stm32g4xx_hal_dma.h.21.2e23b0d56595a6b838cda841e78b2cf2
                           .group:00000000 wm4.stm32g4xx_hal_dma_ex.h.21.93a1fe56678997ad72754076070f4a0d
                           .group:00000000 wm4.stm32g4xx_hal_dma.h.803.dd88ea57b632f588d556f066658ac8d8
                           .group:00000000 wm4.stm32g4xx_hal_cortex.h.20.1ad77fb6b4fc679887cb0a980ea44a7a
                           .group:00000000 wm4.stm32g4xx_ll_adc.h.21.8052bcc80fb264686ac0eb0df096b4eb
                           .group:00000000 wm4.stm32g4xx_hal_adc.h.441.b9143c2a34e1e7389f3042e2226178dc
                           .group:00000000 wm4.stm32g4xx_hal_adc_ex.h.21.bf5e513b0c782ac53971b6599734b8c4
                           .group:00000000 wm4.stm32g4xx_ll_exti.h.21.3148a6980741767f71761eb445f346e9
                           .group:00000000 wm4.stm32g4xx_hal_comp.h.74.993852ecfac8b19c902e64e33c61511c
                           .group:00000000 wm4.stm32g4xx_hal_dac.h.21.db627068e52007634376a4c972c5d419
                           .group:00000000 wm4.stm32g4xx_hal_dac_ex.h.21.3725e9b2e9e08a08e2a598b2d2f18a92
                           .group:00000000 wm4.stm32g4xx_hal_exti.h.21.723acd8e98480aae634680651af4eb2a
                           .group:00000000 wm4.stm32g4xx_hal_fdcan.h.21.7e3b4b48cfc4adf8b669f7e4b16ec2a0
                           .group:00000000 wm4.stm32g4xx_hal_flash.h.20.d5eb04c7abbe2eb79b40a04b3414a774
                           .group:00000000 wm4.stm32g4xx_hal_flash.h.868.06dd2f9ca2f40ac164951ad647480079
                           .group:00000000 wm4.stm32g4xx_hal_hrtim.h.21.5bb9cc2116aa63503a68d53ce84fbb8c
                           .group:00000000 wm4.stm32g4xx_hal_opamp.h.21.0de86917e81e98dccfa125838db59b66
                           .group:00000000 wm4.stm32g4xx_hal_pwr.h.21.9b149e14c0ecf58cee46e8fb7f654b77
                           .group:00000000 wm4.stm32g4xx_hal_pwr_ex.h.21.32206cbbd2cbec024b8600a98cfa3df7
                           .group:00000000 wm4.stm32g4xx_hal_tim.h.21.48998681c932026239437f6645b6b47f
                           .group:00000000 wm4.stm32g4xx_hal_tim_ex.h.21.931c546f492dcdbc9ac587da38712500
                           .group:00000000 wm4.stm32g4xx_hal.h.49.77ad48c45d6a59e5132483403b560be0
                           .group:00000000 wm4.main.h.60.b5d5fcf8e20642920eaa5e2c93fc5ae7

UNDEFINED SYMBOLS
ARM GAS   			page 13


memset
HAL_DAC_Init
HAL_DAC_ConfigChannel
HAL_DACEx_SawtoothWaveGenerate
Error_Handler
HAL_GPIO_Init
HAL_NVIC_SetPriority
HAL_NVIC_EnableIRQ
HAL_GPIO_DeInit
