ARM GAS   			page 1


   1              	 .cpu cortex-m4
   2              	 .arch armv7e-m
   3              	 .fpu fpv4-sp-d16
   4              	 .eabi_attribute 27,1
   5              	 .eabi_attribute 28,1
   6              	 .eabi_attribute 23,1
   7              	 .eabi_attribute 24,1
   8              	 .eabi_attribute 25,1
   9              	 .eabi_attribute 26,1
  10              	 .eabi_attribute 30,2
  11              	 .eabi_attribute 34,1
  12              	 .eabi_attribute 18,4
  13              	 .file "fdcan.c"
  14              	 .text
  15              	.Ltext0:
  16              	 .cfi_sections .debug_frame
  17              	 .file 1 "Core/Src/fdcan.c"
  18              	 .section .text.MX_FDCAN3_Init,"ax",%progbits
  19              	 .align 1
  20              	 .p2align 2,,3
  21              	 .global MX_FDCAN3_Init
  22              	 .syntax unified
  23              	 .thumb
  24              	 .thumb_func
  26              	MX_FDCAN3_Init:
  27              	.LFB361:
   1:Core/Src/fdcan.c **** /* USER CODE BEGIN Header */
   2:Core/Src/fdcan.c **** /**
   3:Core/Src/fdcan.c ****   ******************************************************************************
   4:Core/Src/fdcan.c ****   * @file    fdcan.c
   5:Core/Src/fdcan.c ****   * @brief   This file provides code for the configuration
   6:Core/Src/fdcan.c ****   *          of the FDCAN instances.
   7:Core/Src/fdcan.c ****   ******************************************************************************
   8:Core/Src/fdcan.c ****   * @attention
   9:Core/Src/fdcan.c ****   *
  10:Core/Src/fdcan.c ****   * Copyright (c) 2025 STMicroelectronics.
  11:Core/Src/fdcan.c ****   * All rights reserved.
  12:Core/Src/fdcan.c ****   *
  13:Core/Src/fdcan.c ****   * This software is licensed under terms that can be found in the LICENSE file
  14:Core/Src/fdcan.c ****   * in the root directory of this software component.
  15:Core/Src/fdcan.c ****   * If no LICENSE file comes with this software, it is provided AS-IS.
  16:Core/Src/fdcan.c ****   *
  17:Core/Src/fdcan.c ****   ******************************************************************************
  18:Core/Src/fdcan.c ****   */
  19:Core/Src/fdcan.c **** /* USER CODE END Header */
  20:Core/Src/fdcan.c **** /* Includes ------------------------------------------------------------------*/
  21:Core/Src/fdcan.c **** #include "fdcan.h"
  22:Core/Src/fdcan.c **** 
  23:Core/Src/fdcan.c **** /* USER CODE BEGIN 0 */
  24:Core/Src/fdcan.c **** 
  25:Core/Src/fdcan.c **** /* USER CODE END 0 */
  26:Core/Src/fdcan.c **** 
  27:Core/Src/fdcan.c **** FDCAN_HandleTypeDef hfdcan3;
  28:Core/Src/fdcan.c **** 
  29:Core/Src/fdcan.c **** /* FDCAN3 init function */
  30:Core/Src/fdcan.c **** void MX_FDCAN3_Init(void)
  31:Core/Src/fdcan.c **** {
ARM GAS   			page 2


  28              	 .loc 1 31 1 view-0
  29              	 .cfi_startproc
  30              	 
  31              	 
  32:Core/Src/fdcan.c **** 
  33:Core/Src/fdcan.c ****   /* USER CODE BEGIN FDCAN3_Init 0 */
  34:Core/Src/fdcan.c **** 
  35:Core/Src/fdcan.c ****   /* USER CODE END FDCAN3_Init 0 */
  36:Core/Src/fdcan.c **** 
  37:Core/Src/fdcan.c ****   /* USER CODE BEGIN FDCAN3_Init 1 */
  38:Core/Src/fdcan.c **** 
  39:Core/Src/fdcan.c ****   /* USER CODE END FDCAN3_Init 1 */
  40:Core/Src/fdcan.c ****   hfdcan3.Instance = FDCAN3;
  32              	 .loc 1 40 3 view .LVU1
  31:Core/Src/fdcan.c **** 
  33              	 .loc 1 31 1 is_stmt 0 view .LVU2
  34 0000 10B5     	 push {r4,lr}
  35              	 .cfi_def_cfa_offset 8
  36              	 .cfi_offset 4,-8
  37              	 .cfi_offset 14,-4
  38              	 .loc 1 40 20 view .LVU3
  39 0002 1048     	 ldr r0,.L6
  40 0004 104C     	 ldr r4,.L6+4
  41:Core/Src/fdcan.c ****   hfdcan3.Init.ClockDivider = FDCAN_CLOCK_DIV1;
  41              	 .loc 1 41 29 view .LVU4
  42 0006 0023     	 movs r3,#0
  42:Core/Src/fdcan.c ****   hfdcan3.Init.FrameFormat = FDCAN_FRAME_CLASSIC;
  43:Core/Src/fdcan.c ****   hfdcan3.Init.Mode = FDCAN_MODE_NORMAL;
  44:Core/Src/fdcan.c ****   hfdcan3.Init.AutoRetransmission = DISABLE;
  45:Core/Src/fdcan.c ****   hfdcan3.Init.TransmitPause = DISABLE;
  46:Core/Src/fdcan.c ****   hfdcan3.Init.ProtocolException = DISABLE;
  47:Core/Src/fdcan.c ****   hfdcan3.Init.NominalPrescaler = 17;
  48:Core/Src/fdcan.c ****   hfdcan3.Init.NominalSyncJumpWidth = 1;
  43              	 .loc 1 48 37 view .LVU5
  44 0008 0122     	 movs r2,#1
  47:Core/Src/fdcan.c ****   hfdcan3.Init.NominalSyncJumpWidth = 1;
  45              	 .loc 1 47 33 view .LVU6
  46 000a 1121     	 movs r1,#17
  41:Core/Src/fdcan.c ****   hfdcan3.Init.ClockDivider = FDCAN_CLOCK_DIV1;
  47              	 .loc 1 41 29 view .LVU7
  48 000c C4E90003 	 strd r0,r3,[r4]
  42:Core/Src/fdcan.c ****   hfdcan3.Init.FrameFormat = FDCAN_FRAME_CLASSIC;
  49              	 .loc 1 42 3 is_stmt 1 view .LVU8
  49:Core/Src/fdcan.c ****   hfdcan3.Init.NominalTimeSeg1 = 7;
  50              	 .loc 1 49 32 is_stmt 0 view .LVU9
  51 0010 0720     	 movs r0,#7
  52 0012 C4E90620 	 strd r2,r0,[r4,#24]
  47:Core/Src/fdcan.c ****   hfdcan3.Init.NominalSyncJumpWidth = 1;
  53              	 .loc 1 47 33 view .LVU10
  54 0016 6161     	 str r1,[r4,#20]
  50:Core/Src/fdcan.c ****   hfdcan3.Init.NominalTimeSeg2 = 2;
  51:Core/Src/fdcan.c ****   hfdcan3.Init.DataPrescaler = 1;
  52:Core/Src/fdcan.c ****   hfdcan3.Init.DataSyncJumpWidth = 1;
  53:Core/Src/fdcan.c ****   hfdcan3.Init.DataTimeSeg1 = 1;
  54:Core/Src/fdcan.c ****   hfdcan3.Init.DataTimeSeg2 = 1;
  55:Core/Src/fdcan.c ****   hfdcan3.Init.StdFiltersNbr = 1;
  56:Core/Src/fdcan.c ****   hfdcan3.Init.ExtFiltersNbr = 0;
ARM GAS   			page 3


  57:Core/Src/fdcan.c ****   hfdcan3.Init.TxFifoQueueMode = FDCAN_TX_FIFO_OPERATION;
  58:Core/Src/fdcan.c ****   if (HAL_FDCAN_Init(&hfdcan3) != HAL_OK)
  55              	 .loc 1 58 7 view .LVU11
  56 0018 2046     	 mov r0,r4
  50:Core/Src/fdcan.c ****   hfdcan3.Init.NominalTimeSeg2 = 2;
  57              	 .loc 1 50 32 view .LVU12
  58 001a 0221     	 movs r1,#2
  43:Core/Src/fdcan.c ****   hfdcan3.Init.AutoRetransmission = DISABLE;
  59              	 .loc 1 43 21 view .LVU13
  60 001c C4E90233 	 strd r3,r3,[r4,#8]
  44:Core/Src/fdcan.c ****   hfdcan3.Init.TransmitPause = DISABLE;
  61              	 .loc 1 44 3 is_stmt 1 view .LVU14
  45:Core/Src/fdcan.c ****   hfdcan3.Init.ProtocolException = DISABLE;
  62              	 .loc 1 45 3 view .LVU15
  52:Core/Src/fdcan.c ****   hfdcan3.Init.DataTimeSeg1 = 1;
  63              	 .loc 1 52 34 is_stmt 0 view .LVU16
  64 0020 C4E90922 	 strd r2,r2,[r4,#36]
  54:Core/Src/fdcan.c ****   hfdcan3.Init.StdFiltersNbr = 1;
  65              	 .loc 1 54 29 view .LVU17
  66 0024 C4E90B22 	 strd r2,r2,[r4,#44]
  56:Core/Src/fdcan.c ****   hfdcan3.Init.TxFifoQueueMode = FDCAN_TX_FIFO_OPERATION;
  67              	 .loc 1 56 30 view .LVU18
  68 0028 C4E90D23 	 strd r2,r3,[r4,#52]
  44:Core/Src/fdcan.c ****   hfdcan3.Init.TransmitPause = DISABLE;
  69              	 .loc 1 44 35 view .LVU19
  70 002c 2382     	 strh r3,[r4,#16]
  46:Core/Src/fdcan.c ****   hfdcan3.Init.NominalPrescaler = 17;
  71              	 .loc 1 46 3 is_stmt 1 view .LVU20
  46:Core/Src/fdcan.c ****   hfdcan3.Init.NominalPrescaler = 17;
  72              	 .loc 1 46 34 is_stmt 0 view .LVU21
  73 002e A374     	 strb r3,[r4,#18]
  47:Core/Src/fdcan.c ****   hfdcan3.Init.NominalSyncJumpWidth = 1;
  74              	 .loc 1 47 3 is_stmt 1 view .LVU22
  48:Core/Src/fdcan.c ****   hfdcan3.Init.NominalTimeSeg1 = 7;
  75              	 .loc 1 48 3 view .LVU23
  50:Core/Src/fdcan.c ****   hfdcan3.Init.DataPrescaler = 1;
  76              	 .loc 1 50 3 view .LVU24
  50:Core/Src/fdcan.c ****   hfdcan3.Init.DataPrescaler = 1;
  77              	 .loc 1 50 32 is_stmt 0 view .LVU25
  78 0030 2162     	 str r1,[r4,#32]
  51:Core/Src/fdcan.c ****   hfdcan3.Init.DataSyncJumpWidth = 1;
  79              	 .loc 1 51 3 is_stmt 1 view .LVU26
  53:Core/Src/fdcan.c ****   hfdcan3.Init.DataTimeSeg2 = 1;
  80              	 .loc 1 53 3 view .LVU27
  55:Core/Src/fdcan.c ****   hfdcan3.Init.ExtFiltersNbr = 0;
  81              	 .loc 1 55 3 view .LVU28
  57:Core/Src/fdcan.c ****   if (HAL_FDCAN_Init(&hfdcan3) != HAL_OK)
  82              	 .loc 1 57 3 view .LVU29
  57:Core/Src/fdcan.c ****   if (HAL_FDCAN_Init(&hfdcan3) != HAL_OK)
  83              	 .loc 1 57 32 is_stmt 0 view .LVU30
  84 0032 E363     	 str r3,[r4,#60]
  85              	 .loc 1 58 3 is_stmt 1 view .LVU31
  86              	 .loc 1 58 7 is_stmt 0 view .LVU32
  87 0034 FFF7FEFF 	 bl HAL_FDCAN_Init
  88              	.LVL0:
  89              	 .loc 1 58 6 discriminator 1 view .LVU33
  90 0038 00B9     	 cbnz r0,.L5
ARM GAS   			page 4


  59:Core/Src/fdcan.c ****   {
  60:Core/Src/fdcan.c ****     Error_Handler();
  61:Core/Src/fdcan.c ****   }
  62:Core/Src/fdcan.c ****   /* USER CODE BEGIN FDCAN3_Init 2 */
  63:Core/Src/fdcan.c **** 
  64:Core/Src/fdcan.c ****   /* USER CODE END FDCAN3_Init 2 */
  65:Core/Src/fdcan.c **** 
  66:Core/Src/fdcan.c **** }
  91              	 .loc 1 66 1 view .LVU34
  92 003a 10BD     	 pop {r4,pc}
  93              	.L5:
  60:Core/Src/fdcan.c ****   }
  94              	 .loc 1 60 5 is_stmt 1 view .LVU35
  95              	 .loc 1 66 1 is_stmt 0 view .LVU36
  96 003c BDE81040 	 pop {r4,lr}
  97              	 .cfi_restore 14
  98              	 .cfi_restore 4
  99              	 .cfi_def_cfa_offset 0
  60:Core/Src/fdcan.c ****   }
 100              	 .loc 1 60 5 view .LVU37
 101 0040 FFF7FEBF 	 b Error_Handler
 102              	.LVL1:
 103              	.L7:
 104              	 .align 2
 105              	.L6:
 106 0044 006C0040 	 .word 1073769472
 107 0048 00000000 	 .word hfdcan3
 108              	 .cfi_endproc
 109              	.LFE361:
 111              	 .section .text.HAL_FDCAN_MspInit,"ax",%progbits
 112              	 .align 1
 113              	 .p2align 2,,3
 114              	 .global HAL_FDCAN_MspInit
 115              	 .syntax unified
 116              	 .thumb
 117              	 .thumb_func
 119              	HAL_FDCAN_MspInit:
 120              	.LVL2:
 121              	.LFB362:
  67:Core/Src/fdcan.c **** 
  68:Core/Src/fdcan.c **** void HAL_FDCAN_MspInit(FDCAN_HandleTypeDef* fdcanHandle)
  69:Core/Src/fdcan.c **** {
 122              	 .loc 1 69 1 is_stmt 1 view-0
 123              	 .cfi_startproc
 124              	 
 125              	 
  70:Core/Src/fdcan.c **** 
  71:Core/Src/fdcan.c ****   GPIO_InitTypeDef GPIO_InitStruct = {0};
 126              	 .loc 1 71 3 view .LVU39
  69:Core/Src/fdcan.c **** 
 127              	 .loc 1 69 1 is_stmt 0 view .LVU40
 128 0000 10B5     	 push {r4,lr}
 129              	 .cfi_def_cfa_offset 8
 130              	 .cfi_offset 4,-8
 131              	 .cfi_offset 14,-4
 132 0002 0446     	 mov r4,r0
 133 0004 9CB0     	 sub sp,sp,#112
ARM GAS   			page 5


 134              	 .cfi_def_cfa_offset 120
 135              	 .loc 1 71 20 view .LVU41
 136 0006 0021     	 movs r1,#0
  72:Core/Src/fdcan.c ****   RCC_PeriphCLKInitTypeDef PeriphClkInit = {0};
 137              	 .loc 1 72 28 view .LVU42
 138 0008 5422     	 movs r2,#84
 139 000a 07A8     	 add r0,sp,#28
 140              	.LVL3:
  71:Core/Src/fdcan.c ****   RCC_PeriphCLKInitTypeDef PeriphClkInit = {0};
 141              	 .loc 1 71 20 view .LVU43
 142 000c CDE90211 	 strd r1,r1,[sp,#8]
 143 0010 CDE90411 	 strd r1,r1,[sp,#16]
 144 0014 0691     	 str r1,[sp,#24]
 145              	 .loc 1 72 3 is_stmt 1 view .LVU44
 146              	 .loc 1 72 28 is_stmt 0 view .LVU45
 147 0016 FFF7FEFF 	 bl memset
 148              	.LVL4:
  73:Core/Src/fdcan.c ****   if(fdcanHandle->Instance==FDCAN3)
 149              	 .loc 1 73 3 is_stmt 1 view .LVU46
 150              	 .loc 1 73 5 is_stmt 0 view .LVU47
 151 001a 234B     	 ldr r3,.L17+16
 152 001c 2268     	 ldr r2,[r4]
 153 001e 9A42     	 cmp r2,r3
 154 0020 01D0     	 beq .L15
  74:Core/Src/fdcan.c ****   {
  75:Core/Src/fdcan.c ****   /* USER CODE BEGIN FDCAN3_MspInit 0 */
  76:Core/Src/fdcan.c **** 
  77:Core/Src/fdcan.c ****   /* USER CODE END FDCAN3_MspInit 0 */
  78:Core/Src/fdcan.c **** 
  79:Core/Src/fdcan.c ****   /** Initializes the peripherals clocks
  80:Core/Src/fdcan.c ****   */
  81:Core/Src/fdcan.c ****     PeriphClkInit.PeriphClockSelection = RCC_PERIPHCLK_FDCAN;
  82:Core/Src/fdcan.c ****     PeriphClkInit.FdcanClockSelection = RCC_FDCANCLKSOURCE_PCLK1;
  83:Core/Src/fdcan.c ****     if (HAL_RCCEx_PeriphCLKConfig(&PeriphClkInit) != HAL_OK)
  84:Core/Src/fdcan.c ****     {
  85:Core/Src/fdcan.c ****       Error_Handler();
  86:Core/Src/fdcan.c ****     }
  87:Core/Src/fdcan.c **** 
  88:Core/Src/fdcan.c ****     /* FDCAN3 clock enable */
  89:Core/Src/fdcan.c ****     __HAL_RCC_FDCAN_CLK_ENABLE();
  90:Core/Src/fdcan.c **** 
  91:Core/Src/fdcan.c ****     __HAL_RCC_GPIOB_CLK_ENABLE();
  92:Core/Src/fdcan.c ****     /**FDCAN3 GPIO Configuration
  93:Core/Src/fdcan.c ****     PB3     ------> FDCAN3_RX
  94:Core/Src/fdcan.c ****     PB4     ------> FDCAN3_TX
  95:Core/Src/fdcan.c ****     */
  96:Core/Src/fdcan.c ****     GPIO_InitStruct.Pin = GPIO_PIN_3|GPIO_PIN_4;
  97:Core/Src/fdcan.c ****     GPIO_InitStruct.Mode = GPIO_MODE_AF_PP;
  98:Core/Src/fdcan.c ****     GPIO_InitStruct.Pull = GPIO_NOPULL;
  99:Core/Src/fdcan.c ****     GPIO_InitStruct.Speed = GPIO_SPEED_FREQ_LOW;
 100:Core/Src/fdcan.c ****     GPIO_InitStruct.Alternate = GPIO_AF11_FDCAN3;
 101:Core/Src/fdcan.c ****     HAL_GPIO_Init(GPIOB, &GPIO_InitStruct);
 102:Core/Src/fdcan.c **** 
 103:Core/Src/fdcan.c ****     /* FDCAN3 interrupt Init */
 104:Core/Src/fdcan.c ****     HAL_NVIC_SetPriority(FDCAN3_IT0_IRQn, 1, 0);
 105:Core/Src/fdcan.c ****     HAL_NVIC_EnableIRQ(FDCAN3_IT0_IRQn);
 106:Core/Src/fdcan.c ****   /* USER CODE BEGIN FDCAN3_MspInit 1 */
ARM GAS   			page 6


 107:Core/Src/fdcan.c **** 
 108:Core/Src/fdcan.c ****   /* USER CODE END FDCAN3_MspInit 1 */
 109:Core/Src/fdcan.c ****   }
 110:Core/Src/fdcan.c **** }
 155              	 .loc 1 110 1 view .LVU48
 156 0022 1CB0     	 add sp,sp,#112
 157              	 .cfi_remember_state
 158              	 .cfi_def_cfa_offset 8
 159              	 
 160 0024 10BD     	 pop {r4,pc}
 161              	.LVL5:
 162              	.L15:
 163              	 .cfi_restore_state
  81:Core/Src/fdcan.c ****     PeriphClkInit.FdcanClockSelection = RCC_FDCANCLKSOURCE_PCLK1;
 164              	 .loc 1 81 5 is_stmt 1 view .LVU49
  81:Core/Src/fdcan.c ****     PeriphClkInit.FdcanClockSelection = RCC_FDCANCLKSOURCE_PCLK1;
 165              	 .loc 1 81 40 is_stmt 0 view .LVU50
 166 0026 4FF48052 	 mov r2,#4096
  82:Core/Src/fdcan.c ****     if (HAL_RCCEx_PeriphCLKConfig(&PeriphClkInit) != HAL_OK)
 167              	 .loc 1 82 39 view .LVU51
 168 002a 4FF00073 	 mov r3,#33554432
  83:Core/Src/fdcan.c ****     {
 169              	 .loc 1 83 9 view .LVU52
 170 002e 07A8     	 add r0,sp,#28
  81:Core/Src/fdcan.c ****     PeriphClkInit.FdcanClockSelection = RCC_FDCANCLKSOURCE_PCLK1;
 171              	 .loc 1 81 40 view .LVU53
 172 0030 0792     	 str r2,[sp,#28]
  82:Core/Src/fdcan.c ****     if (HAL_RCCEx_PeriphCLKConfig(&PeriphClkInit) != HAL_OK)
 173              	 .loc 1 82 5 is_stmt 1 view .LVU54
  82:Core/Src/fdcan.c ****     if (HAL_RCCEx_PeriphCLKConfig(&PeriphClkInit) != HAL_OK)
 174              	 .loc 1 82 39 is_stmt 0 view .LVU55
 175 0032 1593     	 str r3,[sp,#84]
  83:Core/Src/fdcan.c ****     {
 176              	 .loc 1 83 5 is_stmt 1 view .LVU56
  83:Core/Src/fdcan.c ****     {
 177              	 .loc 1 83 9 is_stmt 0 view .LVU57
 178 0034 FFF7FEFF 	 bl HAL_RCCEx_PeriphCLKConfig
 179              	.LVL6:
  83:Core/Src/fdcan.c ****     {
 180              	 .loc 1 83 8 discriminator 1 view .LVU58
 181 0038 50BB     	 cbnz r0,.L16
 182              	.L10:
  89:Core/Src/fdcan.c **** 
 183              	 .loc 1 89 5 is_stmt 1 view .LVU59
 184              	.LBB2:
  89:Core/Src/fdcan.c **** 
 185              	 .loc 1 89 5 view .LVU60
  89:Core/Src/fdcan.c **** 
 186              	 .loc 1 89 5 view .LVU61
 187 003a 1C4B     	 ldr r3,.L17+20
 188              	.LBE2:
 101:Core/Src/fdcan.c **** 
 189              	 .loc 1 101 5 is_stmt 0 view .LVU62
 190 003c 1C48     	 ldr r0,.L17+24
 191              	.LBB3:
  89:Core/Src/fdcan.c **** 
 192              	 .loc 1 89 5 view .LVU63
ARM GAS   			page 7


 193 003e 9A6D     	 ldr r2,[r3,#88]
 194 0040 42F00072 	 orr r2,r2,#33554432
 195 0044 9A65     	 str r2,[r3,#88]
  89:Core/Src/fdcan.c **** 
 196              	 .loc 1 89 5 is_stmt 1 view .LVU64
 197 0046 9A6D     	 ldr r2,[r3,#88]
 198 0048 02F00072 	 and r2,r2,#33554432
 199 004c 0092     	 str r2,[sp]
  89:Core/Src/fdcan.c **** 
 200              	 .loc 1 89 5 view .LVU65
 201 004e 009A     	 ldr r2,[sp]
 202              	.LBE3:
  89:Core/Src/fdcan.c **** 
 203              	 .loc 1 89 5 view .LVU66
  91:Core/Src/fdcan.c ****     /**FDCAN3 GPIO Configuration
 204              	 .loc 1 91 5 view .LVU67
 205              	.LBB4:
  91:Core/Src/fdcan.c ****     /**FDCAN3 GPIO Configuration
 206              	 .loc 1 91 5 view .LVU68
  91:Core/Src/fdcan.c ****     /**FDCAN3 GPIO Configuration
 207              	 .loc 1 91 5 view .LVU69
 208 0050 DA6C     	 ldr r2,[r3,#76]
 209              	.LBE4:
  96:Core/Src/fdcan.c ****     GPIO_InitStruct.Mode = GPIO_MODE_AF_PP;
 210              	 .loc 1 96 25 is_stmt 0 view .LVU70
 211 0052 9FED117B 	 vldr.64 d7,.L17
 212              	.LBB5:
  91:Core/Src/fdcan.c ****     /**FDCAN3 GPIO Configuration
 213              	 .loc 1 91 5 view .LVU71
 214 0056 42F00202 	 orr r2,r2,#2
 215 005a DA64     	 str r2,[r3,#76]
  91:Core/Src/fdcan.c ****     /**FDCAN3 GPIO Configuration
 216              	 .loc 1 91 5 is_stmt 1 view .LVU72
 217 005c DB6C     	 ldr r3,[r3,#76]
 218              	.LBE5:
  96:Core/Src/fdcan.c ****     GPIO_InitStruct.Mode = GPIO_MODE_AF_PP;
 219              	 .loc 1 96 25 is_stmt 0 view .LVU73
 220 005e 8DED027B 	 vstr.64 d7,[sp,#8]
 221 0062 9FED0F7B 	 vldr.64 d7,.L17+8
 222              	.LBB6:
  91:Core/Src/fdcan.c ****     /**FDCAN3 GPIO Configuration
 223              	 .loc 1 91 5 view .LVU74
 224 0066 03F00203 	 and r3,r3,#2
 225 006a 0193     	 str r3,[sp,#4]
  91:Core/Src/fdcan.c ****     /**FDCAN3 GPIO Configuration
 226              	 .loc 1 91 5 is_stmt 1 view .LVU75
 227              	.LBE6:
 101:Core/Src/fdcan.c **** 
 228              	 .loc 1 101 5 is_stmt 0 view .LVU76
 229 006c 02A9     	 add r1,sp,#8
 100:Core/Src/fdcan.c ****     HAL_GPIO_Init(GPIOB, &GPIO_InitStruct);
 230              	 .loc 1 100 31 view .LVU77
 231 006e 0B23     	 movs r3,#11
  96:Core/Src/fdcan.c ****     GPIO_InitStruct.Mode = GPIO_MODE_AF_PP;
 232              	 .loc 1 96 25 view .LVU78
 233 0070 8DED047B 	 vstr.64 d7,[sp,#16]
 100:Core/Src/fdcan.c ****     HAL_GPIO_Init(GPIOB, &GPIO_InitStruct);
ARM GAS   			page 8


 234              	 .loc 1 100 31 view .LVU79
 235 0074 0693     	 str r3,[sp,#24]
 236              	.LBB7:
  91:Core/Src/fdcan.c ****     /**FDCAN3 GPIO Configuration
 237              	 .loc 1 91 5 view .LVU80
 238 0076 019A     	 ldr r2,[sp,#4]
 239              	.LBE7:
  91:Core/Src/fdcan.c ****     /**FDCAN3 GPIO Configuration
 240              	 .loc 1 91 5 is_stmt 1 view .LVU81
  96:Core/Src/fdcan.c ****     GPIO_InitStruct.Mode = GPIO_MODE_AF_PP;
 241              	 .loc 1 96 5 view .LVU82
  97:Core/Src/fdcan.c ****     GPIO_InitStruct.Pull = GPIO_NOPULL;
 242              	 .loc 1 97 5 view .LVU83
  98:Core/Src/fdcan.c ****     GPIO_InitStruct.Speed = GPIO_SPEED_FREQ_LOW;
 243              	 .loc 1 98 5 view .LVU84
  99:Core/Src/fdcan.c ****     GPIO_InitStruct.Alternate = GPIO_AF11_FDCAN3;
 244              	 .loc 1 99 5 view .LVU85
 100:Core/Src/fdcan.c ****     HAL_GPIO_Init(GPIOB, &GPIO_InitStruct);
 245              	 .loc 1 100 5 view .LVU86
 101:Core/Src/fdcan.c **** 
 246              	 .loc 1 101 5 view .LVU87
 247 0078 FFF7FEFF 	 bl HAL_GPIO_Init
 248              	.LVL7:
 104:Core/Src/fdcan.c ****     HAL_NVIC_EnableIRQ(FDCAN3_IT0_IRQn);
 249              	 .loc 1 104 5 view .LVU88
 250 007c 0022     	 movs r2,#0
 251 007e 0121     	 movs r1,#1
 252 0080 5820     	 movs r0,#88
 253 0082 FFF7FEFF 	 bl HAL_NVIC_SetPriority
 254              	.LVL8:
 105:Core/Src/fdcan.c ****   /* USER CODE BEGIN FDCAN3_MspInit 1 */
 255              	 .loc 1 105 5 view .LVU89
 256 0086 5820     	 movs r0,#88
 257 0088 FFF7FEFF 	 bl HAL_NVIC_EnableIRQ
 258              	.LVL9:
 259              	 .loc 1 110 1 is_stmt 0 view .LVU90
 260 008c 1CB0     	 add sp,sp,#112
 261              	 .cfi_remember_state
 262              	 .cfi_def_cfa_offset 8
 263              	 
 264 008e 10BD     	 pop {r4,pc}
 265              	.LVL10:
 266              	.L16:
 267              	 .cfi_restore_state
  85:Core/Src/fdcan.c ****     }
 268              	 .loc 1 85 7 is_stmt 1 view .LVU91
 269 0090 FFF7FEFF 	 bl Error_Handler
 270              	.LVL11:
 271 0094 D1E7     	 b .L10
 272              	.L18:
 273 0096 00BF     	 .align 3
 274              	.L17:
 275 0098 18000000 	 .word 24
 276 009c 02000000 	 .word 2
 277 00a0 00000000 	 .word 0
 278 00a4 00000000 	 .word 0
 279 00a8 006C0040 	 .word 1073769472
ARM GAS   			page 9


 280 00ac 00100240 	 .word 1073876992
 281 00b0 00040048 	 .word 1207960576
 282              	 .cfi_endproc
 283              	.LFE362:
 285              	 .section .text.HAL_FDCAN_MspDeInit,"ax",%progbits
 286              	 .align 1
 287              	 .p2align 2,,3
 288              	 .global HAL_FDCAN_MspDeInit
 289              	 .syntax unified
 290              	 .thumb
 291              	 .thumb_func
 293              	HAL_FDCAN_MspDeInit:
 294              	.LVL12:
 295              	.LFB363:
 111:Core/Src/fdcan.c **** 
 112:Core/Src/fdcan.c **** void HAL_FDCAN_MspDeInit(FDCAN_HandleTypeDef* fdcanHandle)
 113:Core/Src/fdcan.c **** {
 296              	 .loc 1 113 1 view-0
 297              	 .cfi_startproc
 298              	 
 299              	 
 114:Core/Src/fdcan.c **** 
 115:Core/Src/fdcan.c ****   if(fdcanHandle->Instance==FDCAN3)
 300              	 .loc 1 115 3 view .LVU93
 113:Core/Src/fdcan.c **** 
 301              	 .loc 1 113 1 is_stmt 0 view .LVU94
 302 0000 08B5     	 push {r3,lr}
 303              	 .cfi_def_cfa_offset 8
 304              	 .cfi_offset 3,-8
 305              	 .cfi_offset 14,-4
 306              	 .loc 1 115 5 view .LVU95
 307 0002 0268     	 ldr r2,[r0]
 308 0004 084B     	 ldr r3,.L23
 309 0006 9A42     	 cmp r2,r3
 310 0008 00D0     	 beq .L22
 116:Core/Src/fdcan.c ****   {
 117:Core/Src/fdcan.c ****   /* USER CODE BEGIN FDCAN3_MspDeInit 0 */
 118:Core/Src/fdcan.c **** 
 119:Core/Src/fdcan.c ****   /* USER CODE END FDCAN3_MspDeInit 0 */
 120:Core/Src/fdcan.c ****     /* Peripheral clock disable */
 121:Core/Src/fdcan.c ****     __HAL_RCC_FDCAN_CLK_DISABLE();
 122:Core/Src/fdcan.c **** 
 123:Core/Src/fdcan.c ****     /**FDCAN3 GPIO Configuration
 124:Core/Src/fdcan.c ****     PB3     ------> FDCAN3_RX
 125:Core/Src/fdcan.c ****     PB4     ------> FDCAN3_TX
 126:Core/Src/fdcan.c ****     */
 127:Core/Src/fdcan.c ****     HAL_GPIO_DeInit(GPIOB, GPIO_PIN_3|GPIO_PIN_4);
 128:Core/Src/fdcan.c **** 
 129:Core/Src/fdcan.c ****     /* FDCAN3 interrupt Deinit */
 130:Core/Src/fdcan.c ****     HAL_NVIC_DisableIRQ(FDCAN3_IT0_IRQn);
 131:Core/Src/fdcan.c ****   /* USER CODE BEGIN FDCAN3_MspDeInit 1 */
 132:Core/Src/fdcan.c **** 
 133:Core/Src/fdcan.c ****   /* USER CODE END FDCAN3_MspDeInit 1 */
 134:Core/Src/fdcan.c ****   }
 135:Core/Src/fdcan.c **** }
 311              	 .loc 1 135 1 view .LVU96
 312 000a 08BD     	 pop {r3,pc}
ARM GAS   			page 10


 313              	.L22:
 121:Core/Src/fdcan.c **** 
 314              	 .loc 1 121 5 is_stmt 1 view .LVU97
 315 000c 074A     	 ldr r2,.L23+4
 127:Core/Src/fdcan.c **** 
 316              	 .loc 1 127 5 is_stmt 0 view .LVU98
 317 000e 0848     	 ldr r0,.L23+8
 318              	.LVL13:
 121:Core/Src/fdcan.c **** 
 319              	 .loc 1 121 5 view .LVU99
 320 0010 936D     	 ldr r3,[r2,#88]
 321 0012 23F00073 	 bic r3,r3,#33554432
 322 0016 9365     	 str r3,[r2,#88]
 127:Core/Src/fdcan.c **** 
 323              	 .loc 1 127 5 is_stmt 1 view .LVU100
 324 0018 1821     	 movs r1,#24
 325 001a FFF7FEFF 	 bl HAL_GPIO_DeInit
 326              	.LVL14:
 130:Core/Src/fdcan.c ****   /* USER CODE BEGIN FDCAN3_MspDeInit 1 */
 327              	 .loc 1 130 5 view .LVU101
 328              	 .loc 1 135 1 is_stmt 0 view .LVU102
 329 001e BDE80840 	 pop {r3,lr}
 330              	 .cfi_restore 14
 331              	 .cfi_restore 3
 332              	 .cfi_def_cfa_offset 0
 130:Core/Src/fdcan.c ****   /* USER CODE BEGIN FDCAN3_MspDeInit 1 */
 333              	 .loc 1 130 5 view .LVU103
 334 0022 5820     	 movs r0,#88
 335 0024 FFF7FEBF 	 b HAL_NVIC_DisableIRQ
 336              	.LVL15:
 337              	.L24:
 338              	 .align 2
 339              	.L23:
 340 0028 006C0040 	 .word 1073769472
 341 002c 00100240 	 .word 1073876992
 342 0030 00040048 	 .word 1207960576
 343              	 .cfi_endproc
 344              	.LFE363:
 346              	 .global hfdcan3
 347              	 .section .bss.hfdcan3,"aw",%nobits
 348              	 .align 2
 351              	hfdcan3:
 352 0000 00000000 	 .space 152
 352      00000000 
 352      00000000 
 352      00000000 
 352      00000000 
 353              	 .text
 354              	.Letext0:
 355              	 .file 2 "Drivers/CMSIS/Device/ST/STM32G4xx/Include/stm32g474xx.h"
 356              	 .file 3 "/usr/lib/gcc/arm-none-eabi/14.2.1/include/stdint.h"
 357              	 .file 4 "Drivers/CMSIS/Device/ST/STM32G4xx/Include/stm32g4xx.h"
 358              	 .file 5 "Drivers/STM32G4xx_HAL_Driver/Inc/stm32g4xx_hal_def.h"
 359              	 .file 6 "Drivers/STM32G4xx_HAL_Driver/Inc/stm32g4xx_hal_rcc_ex.h"
 360              	 .file 7 "Drivers/STM32G4xx_HAL_Driver/Inc/stm32g4xx_hal_gpio.h"
 361              	 .file 8 "Drivers/STM32G4xx_HAL_Driver/Inc/stm32g4xx_hal_fdcan.h"
 362              	 .file 9 "Drivers/STM32G4xx_HAL_Driver/Inc/stm32g4xx_hal_cortex.h"
ARM GAS   			page 11


 363              	 .file 10 "Core/Inc/fdcan.h"
 364              	 .file 11 "Core/Inc/main.h"
 365              	 .file 12 "<built-in>"
ARM GAS   			page 12


DEFINED SYMBOLS
                            *ABS*:00000000 fdcan.c
    {standard input}:19     .text.MX_FDCAN3_Init:00000000 $t
    {standard input}:26     .text.MX_FDCAN3_Init:00000000 MX_FDCAN3_Init
    {standard input}:106    .text.MX_FDCAN3_Init:00000044 $d
    {standard input}:351    .bss.hfdcan3:00000000 hfdcan3
    {standard input}:112    .text.HAL_FDCAN_MspInit:00000000 $t
    {standard input}:119    .text.HAL_FDCAN_MspInit:00000000 HAL_FDCAN_MspInit
    {standard input}:275    .text.HAL_FDCAN_MspInit:00000098 $d
    {standard input}:286    .text.HAL_FDCAN_MspDeInit:00000000 $t
    {standard input}:293    .text.HAL_FDCAN_MspDeInit:00000000 HAL_FDCAN_MspDeInit
    {standard input}:340    .text.HAL_FDCAN_MspDeInit:00000028 $d
    {standard input}:348    .bss.hfdcan3:00000000 $d
                           .group:00000000 wm4.0.ea19c25cbb216197368fe558daea6575
                           .group:00000000 wm4.stm32g4xx_hal_conf.h.23.942b1d1576b5866b7e11680d4727b823
                           .group:00000000 wm4.stm32g4xx.h.38.4ce5d67cecf3db23972af81b516b937b
                           .group:00000000 wm4.stm32g474xx.h.34.0f14ed7ce45f8c3c7c55af7520d7efa5
                           .group:00000000 wm4.stdint.h.29.6d480f4ba0f60596e88234283d42444f
                           .group:00000000 wm4.cmsis_version.h.32.46e8eccfa2cfeaae11d008bb2823a3ed
                           .group:00000000 wm4.core_cm4.h.66.e4ff136c4a17abc46741866f64f8e729
                           .group:00000000 wm4.cmsis_gcc.h.26.78077cef1206e937f7b56043ffca496a
                           .group:00000000 wm4.core_cm4.h.174.fcddd62df80231752fa39eb9b61dadfe
                           .group:00000000 wm4.mpu_armv7.h.32.4049752bb5792d4e15357775e9506cfc
                           .group:00000000 wm4.stm32g474xx.h.714.40df4d5d8bd1a3a0e2dcb49e18b09038
                           .group:00000000 wm4.stm32g4xx.h.158.aa4340ed3b15fb0d4b1741cf5ce96563
                           .group:00000000 wm4.stm32_hal_legacy.h.22.e1e932ae083ad1562e3b1af87ae47999
                           .group:00000000 wm4.stddef.h.39.0dc9006b34572d4d9cae4c8b422c4971
                           .group:00000000 wm4.stm32g4xx_hal_def.h.57.460ac21f0caebde175d7222cb23afe15
                           .group:00000000 wm4.stm32g4xx_hal_rcc.h.135.8d28bdf720f4165758e115c83d05a7c2
                           .group:00000000 wm4.stm32g4xx_hal_rcc_ex.h.20.a381de89af88802207f549f948fabbc4
                           .group:00000000 wm4.stm32g4xx_hal_gpio.h.21.2ca30689d7a5ad939e06f5298d557243
                           .group:00000000 wm4.stm32g4xx_hal_gpio_ex.h.22.1b7da6fc7615b2341724123ae8e461d9
                           .group:00000000 wm4.stm32g4xx_hal_dma.h.21.2e23b0d56595a6b838cda841e78b2cf2
                           .group:00000000 wm4.stm32g4xx_hal_dma_ex.h.21.93a1fe56678997ad72754076070f4a0d
                           .group:00000000 wm4.stm32g4xx_hal_dma.h.803.dd88ea57b632f588d556f066658ac8d8
                           .group:00000000 wm4.stm32g4xx_hal_cortex.h.20.1ad77fb6b4fc679887cb0a980ea44a7a
                           .group:00000000 wm4.stm32g4xx_ll_adc.h.21.8052bcc80fb264686ac0eb0df096b4eb
                           .group:00000000 wm4.stm32g4xx_hal_adc.h.441.b9143c2a34e1e7389f3042e2226178dc
                           .group:00000000 wm4.stm32g4xx_hal_adc_ex.h.21.bf5e513b0c782ac53971b6599734b8c4
                           .group:00000000 wm4.stm32g4xx_ll_exti.h.21.3148a6980741767f71761eb445f346e9
                           .group:00000000 wm4.stm32g4xx_hal_comp.h.74.993852ecfac8b19c902e64e33c61511c
                           .group:00000000 wm4.stm32g4xx_hal_dac.h.21.db627068e52007634376a4c972c5d419
                           .group:00000000 wm4.stm32g4xx_hal_dac_ex.h.21.3725e9b2e9e08a08e2a598b2d2f18a92
                           .group:00000000 wm4.stm32g4xx_hal_exti.h.21.723acd8e98480aae634680651af4eb2a
                           .group:00000000 wm4.stm32g4xx_hal_fdcan.h.21.7e3b4b48cfc4adf8b669f7e4b16ec2a0
                           .group:00000000 wm4.stm32g4xx_hal_flash.h.20.d5eb04c7abbe2eb79b40a04b3414a774
                           .group:00000000 wm4.stm32g4xx_hal_flash.h.868.06dd2f9ca2f40ac164951ad647480079
                           .group:00000000 wm4.stm32g4xx_hal_hrtim.h.21.5bb9cc2116aa63503a68d53ce84fbb8c
                           .group:00000000 wm4.stm32g4xx_hal_opamp.h.21.0de86917e81e98dccfa125838db59b66
                           .group:00000000 wm4.stm32g4xx_hal_pwr.h.21.9b149e14c0ecf58cee46e8fb7f654b77
                           .group:00000000 wm4.stm32g4xx_hal_pwr_ex.h.21.32206cbbd2cbec024b8600a98cfa3df7
                           .group:00000000 wm4.stm32g4xx_hal_tim.h.21.48998681c932026239437f6645b6b47f
                           .group:00000000 wm4.stm32g4xx_hal_tim_ex.h.21.931c546f492dcdbc9ac587da38712500
                           .group:00000000 wm4.stm32g4xx_hal.h.49.77ad48c45d6a59e5132483403b560be0
                           .group:00000000 wm4.main.h.60.b5d5fcf8e20642920eaa5e2c93fc5ae7

UNDEFINED SYMBOLS
ARM GAS   			page 13


HAL_FDCAN_Init
Error_Handler
memset
HAL_RCCEx_PeriphCLKConfig
HAL_GPIO_Init
HAL_NVIC_SetPriority
HAL_NVIC_EnableIRQ
HAL_GPIO_DeInit
HAL_NVIC_DisableIRQ
