ARM GAS   			page 1


   1              	 .cpu cortex-m4
   2              	 .eabi_attribute 27,1
   3              	 .eabi_attribute 28,1
   4              	 .eabi_attribute 20,1
   5              	 .eabi_attribute 21,1
   6              	 .eabi_attribute 23,3
   7              	 .eabi_attribute 24,1
   8              	 .eabi_attribute 25,1
   9              	 .eabi_attribute 26,1
  10              	 .eabi_attribute 30,2
  11              	 .eabi_attribute 34,1
  12              	 .eabi_attribute 18,4
  13              	 .file "IncrementalPID.cpp"
  14              	 .text
  15              	.Ltext0:
  16              	 .cfi_sections .debug_frame
  17              	 .section .text._ZN14IncrementalPID14IncrementalPIDC2Effff,"ax",%progbits
  18              	 .align 1
  19              	 .p2align 2,,3
  20              	 .global _ZN14IncrementalPID14IncrementalPIDC2Effff
  21              	 .arch armv7e-m
  22              	 .syntax unified
  23              	 .thumb
  24              	 .thumb_func
  25              	 .fpu fpv4-sp-d16
  27              	_ZN14IncrementalPID14IncrementalPIDC2Effff:
  28              	.LVL0:
  29              	.LFB1:
  30              	 .file 1 "Core/Src/IncrementalPID.cpp"
   1:Core/Src/IncrementalPID.cpp **** #include "Config.hpp"
   2:Core/Src/IncrementalPID.cpp **** #include "IncrementalPID.hpp"
   3:Core/Src/IncrementalPID.cpp **** 
   4:Core/Src/IncrementalPID.cpp **** namespace IncrementalPID
   5:Core/Src/IncrementalPID.cpp **** {
   6:Core/Src/IncrementalPID.cpp **** IncrementalPID::IncrementalPID(float augKPOnTarget, float augKPOnMeasurement, float augKI, float au
  31              	 .loc 1 6 1 view-0
  32              	 .cfi_startproc
  33              	 
  34              	 
  35              	 
  36              	.LBB2:
   7:Core/Src/IncrementalPID.cpp ****     : kPOnTarget(augKPOnTarget),
   8:Core/Src/IncrementalPID.cpp ****       kPOnMeasurement(augKPOnMeasurement),
   9:Core/Src/IncrementalPID.cpp ****       kI(augKI),
  10:Core/Src/IncrementalPID.cpp ****       kD(augKD),
  11:Core/Src/IncrementalPID.cpp ****       lastMeasurement(0.0f),
  12:Core/Src/IncrementalPID.cpp ****       lastLastMeasurement(0.0f),
  13:Core/Src/IncrementalPID.cpp ****       lastTarget(0.0f),
  14:Core/Src/IncrementalPID.cpp ****       deltaOutput(0.0f)
  15:Core/Src/IncrementalPID.cpp **** {
  16:Core/Src/IncrementalPID.cpp ****     configASSERT(this->kPOnTarget >= 0.0f);
  37              	 .loc 1 16 5 is_stmt 0 view .LVU1
  38 0000 B5EEC00A 	 vcmpe.f32 s0,#0
  14:Core/Src/IncrementalPID.cpp **** {
  39              	 .loc 1 14 23 view .LVU2
  40 0004 0023     	 movs r3,#0
  41              	 .loc 1 16 5 view .LVU3
ARM GAS   			page 2


  42 0006 F1EE10FA 	 vmrs APSR_nzcv,FPSCR
  14:Core/Src/IncrementalPID.cpp **** {
  43              	 .loc 1 14 23 view .LVU4
  44 000a 80ED000A 	 vstr.32 s0,[r0]
  45 000e C0ED010A 	 vstr.32 s1,[r0,#4]
  46 0012 80ED021A 	 vstr.32 s2,[r0,#8]
  47 0016 C0ED031A 	 vstr.32 s3,[r0,#12]
  48 001a 0361     	 str r3,[r0,#16]
  49 001c 4361     	 str r3,[r0,#20]
  50 001e 8361     	 str r3,[r0,#24]
  51 0020 C361     	 str r3,[r0,#28]
  52              	 .loc 1 16 5 is_stmt 1 view .LVU5
  53 0022 02DA     	 bge .L2
  54              	 .loc 1 16 5 discriminator 1 view .LVU6
  55              	 .syntax unified
  56              	
  57 0024 00BE     	 bkpt 
  58              	
  17:Core/Src/IncrementalPID.cpp ****     configASSERT(this->kPOnMeasurement >= 0.0f);
  59              	 .loc 1 17 5 is_stmt 0 discriminator 1 view .LVU7
  60              	 .thumb
  61              	 .syntax unified
  62 0026 D0ED010A 	 vldr.32 s1,[r0,#4]
  63              	.LVL1:
  64              	.L2:
  16:Core/Src/IncrementalPID.cpp ****     configASSERT(this->kPOnMeasurement >= 0.0f);
  65              	 .loc 1 16 43 is_stmt 1 discriminator 3 view .LVU8
  66              	 .loc 1 17 5 discriminator 3 view .LVU9
  67 002a F5EEC00A 	 vcmpe.f32 s1,#0
  68 002e F1EE10FA 	 vmrs APSR_nzcv,FPSCR
  69 0032 00DA     	 bge .L3
  70              	 .loc 1 17 5 discriminator 1 view .LVU10
  71              	 .syntax unified
  72              	
  73 0034 00BE     	 bkpt 
  74              	
  75              	 .thumb
  76              	 .syntax unified
  77              	.L3:
  78              	 .loc 1 17 48 discriminator 3 view .LVU11
  18:Core/Src/IncrementalPID.cpp ****     configASSERT(this->kI >= 0.0f);
  79              	 .loc 1 18 5 discriminator 3 view .LVU12
  80 0036 D0ED027A 	 vldr.32 s15,[r0,#8]
  81 003a F5EEC07A 	 vcmpe.f32 s15,#0
  82 003e F1EE10FA 	 vmrs APSR_nzcv,FPSCR
  83 0042 00DA     	 bge .L4
  84              	 .loc 1 18 5 discriminator 1 view .LVU13
  85              	 .syntax unified
  86              	
  87 0044 00BE     	 bkpt 
  88              	
  89              	 .thumb
  90              	 .syntax unified
  91              	.L4:
  92              	 .loc 1 18 35 discriminator 3 view .LVU14
  19:Core/Src/IncrementalPID.cpp ****     configASSERT(this->kD >= 0.0f);
  93              	 .loc 1 19 5 discriminator 3 view .LVU15
ARM GAS   			page 3


  94 0046 D0ED037A 	 vldr.32 s15,[r0,#12]
  95 004a F5EEC07A 	 vcmpe.f32 s15,#0
  96 004e F1EE10FA 	 vmrs APSR_nzcv,FPSCR
  97 0052 00DA     	 bge .L5
  98              	 .loc 1 19 5 discriminator 1 view .LVU16
  99              	 .syntax unified
 100              	
 101 0054 00BE     	 bkpt 
 102              	
 103              	 .thumb
 104              	 .syntax unified
 105              	.L5:
 106              	 .loc 1 19 35 discriminator 3 view .LVU17
 107              	.LBE2:
  20:Core/Src/IncrementalPID.cpp **** }
 108              	 .loc 1 20 1 is_stmt 0 discriminator 3 view .LVU18
 109 0056 7047     	 bx lr
 110              	 .cfi_endproc
 111              	.LFE1:
 113              	 .global _ZN14IncrementalPID14IncrementalPIDC1Effff
 114              	 .thumb_set _ZN14IncrementalPID14IncrementalPIDC1Effff,_ZN14IncrementalPID14IncrementalPIDC2Effff
 115              	 .section .text._ZN14IncrementalPID14IncrementalPID6updateEff,"ax",%progbits
 116              	 .align 1
 117              	 .p2align 2,,3
 118              	 .global _ZN14IncrementalPID14IncrementalPID6updateEff
 119              	 .syntax unified
 120              	 .thumb
 121              	 .thumb_func
 122              	 .fpu fpv4-sp-d16
 124              	_ZN14IncrementalPID14IncrementalPID6updateEff:
 125              	.LVL2:
 126              	.LFB3:
  21:Core/Src/IncrementalPID.cpp **** 
  22:Core/Src/IncrementalPID.cpp **** void IncrementalPID::update(float target, float measurement)
  23:Core/Src/IncrementalPID.cpp **** {
 127              	 .loc 1 23 1 is_stmt 1 view-0
 128              	 .cfi_startproc
 129              	 
 130              	 
 131              	 
  24:Core/Src/IncrementalPID.cpp ****     this->deltaOutput = this->kPOnTarget * (target - this->lastTarget) - this->kPOnMeasurement * (m
 132              	 .loc 1 24 5 view .LVU20
 133              	 .loc 1 24 119 is_stmt 0 view .LVU21
 134 0000 90ED047A 	 vldr.32 s14,[r0,#16]
 135              	 .loc 1 24 52 view .LVU22
 136 0004 D0ED066A 	 vldr.32 s13,[r0,#24]
 137              	 .loc 1 24 96 view .LVU23
 138 0008 D0ED017A 	 vldr.32 s15,[r0,#4]
 139              	 .loc 1 24 72 view .LVU24
 140 000c D0ED005A 	 vldr.32 s11,[r0]
 141              	 .loc 1 24 136 view .LVU25
 142 0010 90ED025A 	 vldr.32 s10,[r0,#8]
  25:Core/Src/IncrementalPID.cpp ****                         this->kI * (target - measurement) + this->kD * (measurement - 2.0f * this->
  26:Core/Src/IncrementalPID.cpp ****     this->lastTarget          = target;
 143              	 .loc 1 26 31 view .LVU26
 144 0014 80ED060A 	 vstr.32 s0,[r0,#24]
  24:Core/Src/IncrementalPID.cpp ****     this->deltaOutput = this->kPOnTarget * (target - this->lastTarget) - this->kPOnMeasurement * (m
ARM GAS   			page 4


 145              	 .loc 1 24 111 view .LVU27
 146 0018 30EEC76A 	 vsub.f32 s12,s1,s14
  24:Core/Src/IncrementalPID.cpp ****     this->deltaOutput = this->kPOnTarget * (target - this->lastTarget) - this->kPOnMeasurement * (m
 147              	 .loc 1 24 52 view .LVU28
 148 001c 70EE666A 	 vsub.f32 s13,s0,s13
  24:Core/Src/IncrementalPID.cpp ****     this->deltaOutput = this->kPOnTarget * (target - this->lastTarget) - this->kPOnMeasurement * (m
 149              	 .loc 1 24 72 view .LVU29
 150 0020 67EEC67A 	 vnmul.f32 s15,s15,s12
  25:Core/Src/IncrementalPID.cpp ****                         this->kI * (target - measurement) + this->kD * (measurement - 2.0f * this->
 151              	 .loc 1 25 85 view .LVU30
 152 0024 B0EE006A 	 vmov.f32 s12,#2.0e+0
  24:Core/Src/IncrementalPID.cpp ****     this->deltaOutput = this->kPOnTarget * (target - this->lastTarget) - this->kPOnMeasurement * (m
 153              	 .loc 1 24 72 view .LVU31
 154 0028 E5EEA67A 	 vfma.f32 s15,s11,s13
  25:Core/Src/IncrementalPID.cpp ****                         this->kI * (target - measurement) + this->kD * (measurement - 2.0f * this->
 155              	 .loc 1 25 85 view .LVU32
 156 002c F0EE606A 	 vmov.f32 s13,s1
 157 0030 E7EE466A 	 vfms.f32 s13,s14,s12
  25:Core/Src/IncrementalPID.cpp ****                         this->kI * (target - measurement) + this->kD * (measurement - 2.0f * this->
 158              	 .loc 1 25 44 view .LVU33
 159 0034 70EE605A 	 vsub.f32 s11,s0,s1
  25:Core/Src/IncrementalPID.cpp ****                         this->kI * (target - measurement) + this->kD * (measurement - 2.0f * this->
 160              	 .loc 1 25 116 view .LVU34
 161 0038 90ED056A 	 vldr.32 s12,[r0,#20]
  27:Core/Src/IncrementalPID.cpp ****     this->lastLastMeasurement = this->lastMeasurement;
  28:Core/Src/IncrementalPID.cpp ****     this->lastMeasurement     = measurement;
 162              	 .loc 1 28 31 view .LVU35
 163 003c C0ED040A 	 vstr.32 s1,[r0,#16]
  24:Core/Src/IncrementalPID.cpp ****                         this->kI * (target - measurement) + this->kD * (measurement - 2.0f * this->
 164              	 .loc 1 24 136 view .LVU36
 165 0040 E5EE257A 	 vfma.f32 s15,s10,s11
  25:Core/Src/IncrementalPID.cpp ****                         this->kI * (target - measurement) + this->kD * (measurement - 2.0f * this->
 166              	 .loc 1 25 116 view .LVU37
 167 0044 76EE866A 	 vadd.f32 s13,s13,s12
  25:Core/Src/IncrementalPID.cpp ****                         this->kI * (target - measurement) + this->kD * (measurement - 2.0f * this->
 168              	 .loc 1 25 59 view .LVU38
 169 0048 90ED036A 	 vldr.32 s12,[r0,#12]
  27:Core/Src/IncrementalPID.cpp ****     this->lastLastMeasurement = this->lastMeasurement;
 170              	 .loc 1 27 31 view .LVU39
 171 004c 80ED057A 	 vstr.32 s14,[r0,#20]
  25:Core/Src/IncrementalPID.cpp ****                         this->kI * (target - measurement) + this->kD * (measurement - 2.0f * this->
 172              	 .loc 1 25 59 view .LVU40
 173 0050 E6EE267A 	 vfma.f32 s15,s12,s13
  24:Core/Src/IncrementalPID.cpp ****                         this->kI * (target - measurement) + this->kD * (measurement - 2.0f * this->
 174              	 .loc 1 24 23 view .LVU41
 175 0054 C0ED077A 	 vstr.32 s15,[r0,#28]
  26:Core/Src/IncrementalPID.cpp ****     this->lastLastMeasurement = this->lastMeasurement;
 176              	 .loc 1 26 5 is_stmt 1 view .LVU42
  27:Core/Src/IncrementalPID.cpp ****     this->lastLastMeasurement = this->lastMeasurement;
 177              	 .loc 1 27 5 view .LVU43
 178              	 .loc 1 28 5 view .LVU44
  29:Core/Src/IncrementalPID.cpp **** }
 179              	 .loc 1 29 1 is_stmt 0 view .LVU45
 180 0058 7047     	 bx lr
 181              	 .cfi_endproc
 182              	.LFE3:
 184 005a 00BF     	 .section .text._ZN14IncrementalPID14IncrementalPID18updateDataNoOutputEff,"ax",%progbits
ARM GAS   			page 5


 185              	 .align 1
 186              	 .p2align 2,,3
 187              	 .global _ZN14IncrementalPID14IncrementalPID18updateDataNoOutputEff
 188              	 .syntax unified
 189              	 .thumb
 190              	 .thumb_func
 191              	 .fpu fpv4-sp-d16
 193              	_ZN14IncrementalPID14IncrementalPID18updateDataNoOutputEff:
 194              	.LVL3:
 195              	.LFB4:
  30:Core/Src/IncrementalPID.cpp **** 
  31:Core/Src/IncrementalPID.cpp **** void IncrementalPID::updateDataNoOutput(float target, float measurement)
  32:Core/Src/IncrementalPID.cpp **** {
 196              	 .loc 1 32 1 is_stmt 1 view-0
 197              	 .cfi_startproc
 198              	 
 199              	 
 200              	 
  33:Core/Src/IncrementalPID.cpp ****     this->lastTarget          = target;
 201              	 .loc 1 33 5 view .LVU47
  34:Core/Src/IncrementalPID.cpp ****     this->lastLastMeasurement = this->lastMeasurement;
 202              	 .loc 1 34 31 is_stmt 0 view .LVU48
 203 0000 0369     	 ldr r3,[r0,#16]
  33:Core/Src/IncrementalPID.cpp ****     this->lastTarget          = target;
 204              	 .loc 1 33 31 view .LVU49
 205 0002 80ED060A 	 vstr.32 s0,[r0,#24]
 206              	 .loc 1 34 5 is_stmt 1 view .LVU50
 207              	 .loc 1 34 31 is_stmt 0 view .LVU51
 208 0006 4361     	 str r3,[r0,#20]
  35:Core/Src/IncrementalPID.cpp ****     this->lastMeasurement     = measurement;
 209              	 .loc 1 35 5 is_stmt 1 view .LVU52
 210              	 .loc 1 35 31 is_stmt 0 view .LVU53
 211 0008 C0ED040A 	 vstr.32 s1,[r0,#16]
  36:Core/Src/IncrementalPID.cpp **** }
 212              	 .loc 1 36 1 view .LVU54
 213 000c 7047     	 bx lr
 214              	 .cfi_endproc
 215              	.LFE4:
 217 000e 00BF     	 .section .text._ZNK14IncrementalPID14IncrementalPID14getDeltaOutputEv,"ax",%progbits
 218              	 .align 1
 219              	 .p2align 2,,3
 220              	 .global _ZNK14IncrementalPID14IncrementalPID14getDeltaOutputEv
 221              	 .syntax unified
 222              	 .thumb
 223              	 .thumb_func
 224              	 .fpu fpv4-sp-d16
 226              	_ZNK14IncrementalPID14IncrementalPID14getDeltaOutputEv:
 227              	.LVL4:
 228              	.LFB5:
  37:Core/Src/IncrementalPID.cpp **** 
  38:Core/Src/IncrementalPID.cpp **** float IncrementalPID::getDeltaOutput() const { return this->deltaOutput; }
 229              	 .loc 1 38 46 is_stmt 1 view-0
 230              	 .cfi_startproc
 231              	 
 232              	 
 233              	 
 234              	 .loc 1 38 48 view .LVU56
ARM GAS   			page 6


 235              	 .loc 1 38 74 is_stmt 0 view .LVU57
 236 0000 90ED070A 	 vldr.32 s0,[r0,#28]
 237 0004 7047     	 bx lr
 238              	 .cfi_endproc
 239              	.LFE5:
 241 0006 00BF     	 .section .text._ZNK14IncrementalPID14IncrementalPID9getDeltaIEv,"ax",%progbits
 242              	 .align 1
 243              	 .p2align 2,,3
 244              	 .global _ZNK14IncrementalPID14IncrementalPID9getDeltaIEv
 245              	 .syntax unified
 246              	 .thumb
 247              	 .thumb_func
 248              	 .fpu fpv4-sp-d16
 250              	_ZNK14IncrementalPID14IncrementalPID9getDeltaIEv:
 251              	.LVL5:
 252              	.LFB6:
  39:Core/Src/IncrementalPID.cpp **** 
  40:Core/Src/IncrementalPID.cpp **** float IncrementalPID::getDeltaI() const { return this->kI * (this->lastTarget - this->lastMeasureme
 253              	 .loc 1 40 41 is_stmt 1 view-0
 254              	 .cfi_startproc
 255              	 
 256              	 
 257              	 
 258              	 .loc 1 40 43 view .LVU59
 259              	 .loc 1 40 79 is_stmt 0 view .LVU60
 260 0000 D0ED067A 	 vldr.32 s15,[r0,#24]
 261 0004 90ED047A 	 vldr.32 s14,[r0,#16]
 262              	 .loc 1 40 102 view .LVU61
 263 0008 90ED020A 	 vldr.32 s0,[r0,#8]
 264              	 .loc 1 40 79 view .LVU62
 265 000c 77EEC77A 	 vsub.f32 s15,s15,s14
 266              	 .loc 1 40 105 view .LVU63
 267 0010 27EE800A 	 vmul.f32 s0,s15,s0
 268 0014 7047     	 bx lr
 269              	 .cfi_endproc
 270              	.LFE6:
 272 0016 00BF     	 .section .text._ZN14IncrementalPID14IncrementalPID5resetEv,"ax",%progbits
 273              	 .align 1
 274              	 .p2align 2,,3
 275              	 .global _ZN14IncrementalPID14IncrementalPID5resetEv
 276              	 .syntax unified
 277              	 .thumb
 278              	 .thumb_func
 279              	 .fpu fpv4-sp-d16
 281              	_ZN14IncrementalPID14IncrementalPID5resetEv:
 282              	.LVL6:
 283              	.LFB7:
  41:Core/Src/IncrementalPID.cpp **** 
  42:Core/Src/IncrementalPID.cpp **** void IncrementalPID::reset()
  43:Core/Src/IncrementalPID.cpp **** {
 284              	 .loc 1 43 1 is_stmt 1 view-0
 285              	 .cfi_startproc
 286              	 
 287              	 
 288              	 
  44:Core/Src/IncrementalPID.cpp ****     this->lastTarget      = 0.0f;
 289              	 .loc 1 44 5 view .LVU65
ARM GAS   			page 7


 290              	 .loc 1 44 27 is_stmt 0 view .LVU66
 291 0000 0023     	 movs r3,#0
 292 0002 8361     	 str r3,[r0,#24]
  45:Core/Src/IncrementalPID.cpp ****     this->lastMeasurement = 0.0f;
 293              	 .loc 1 45 5 is_stmt 1 view .LVU67
 294              	 .loc 1 45 27 is_stmt 0 view .LVU68
 295 0004 0361     	 str r3,[r0,#16]
  46:Core/Src/IncrementalPID.cpp ****     this->deltaOutput     = 0.0f;
 296              	 .loc 1 46 5 is_stmt 1 view .LVU69
 297              	 .loc 1 46 27 is_stmt 0 view .LVU70
 298 0006 C361     	 str r3,[r0,#28]
  47:Core/Src/IncrementalPID.cpp **** }
 299              	 .loc 1 47 1 view .LVU71
 300 0008 7047     	 bx lr
 301              	 .cfi_endproc
 302              	.LFE7:
 304 000a 00BF     	 .text
 305              	.Letext0:
 306              	 .file 2 "Core/Inc/IncrementalPID.hpp"
ARM GAS   			page 8


DEFINED SYMBOLS
                            *ABS*:0000000000000000 IncrementalPID.cpp
    {standard input}:18     .text._ZN14IncrementalPID14IncrementalPIDC2Effff:0000000000000000 $t
    {standard input}:27     .text._ZN14IncrementalPID14IncrementalPIDC2Effff:0000000000000000 _ZN14IncrementalPID14IncrementalPIDC2Effff
    {standard input}:27     .text._ZN14IncrementalPID14IncrementalPIDC2Effff:0000000000000000 _ZN14IncrementalPID14IncrementalPIDC1Effff
    {standard input}:116    .text._ZN14IncrementalPID14IncrementalPID6updateEff:0000000000000000 $t
    {standard input}:124    .text._ZN14IncrementalPID14IncrementalPID6updateEff:0000000000000000 _ZN14IncrementalPID14IncrementalPID6updateEff
    {standard input}:185    .text._ZN14IncrementalPID14IncrementalPID18updateDataNoOutputEff:0000000000000000 $t
    {standard input}:193    .text._ZN14IncrementalPID14IncrementalPID18updateDataNoOutputEff:0000000000000000 _ZN14IncrementalPID14IncrementalPID18updateDataNoOutputEff
    {standard input}:218    .text._ZNK14IncrementalPID14IncrementalPID14getDeltaOutputEv:0000000000000000 $t
    {standard input}:226    .text._ZNK14IncrementalPID14IncrementalPID14getDeltaOutputEv:0000000000000000 _ZNK14IncrementalPID14IncrementalPID14getDeltaOutputEv
    {standard input}:242    .text._ZNK14IncrementalPID14IncrementalPID9getDeltaIEv:0000000000000000 $t
    {standard input}:250    .text._ZNK14IncrementalPID14IncrementalPID9getDeltaIEv:0000000000000000 _ZNK14IncrementalPID14IncrementalPID9getDeltaIEv
    {standard input}:273    .text._ZN14IncrementalPID14IncrementalPID5resetEv:0000000000000000 $t
    {standard input}:281    .text._ZN14IncrementalPID14IncrementalPID5resetEv:0000000000000000 _ZN14IncrementalPID14IncrementalPID5resetEv
                           .group:0000000000000000 wm4.0.0f733fc808126e870021205966761dfa
                           .group:0000000000000000 wm4.Config.hpp.11.33febacfddf8346375256a547be6a888

NO UNDEFINED SYMBOLS
