Core/Src/Interface.cpp:21:6:void WS2812::PWM_DMA_TransmitFinshed_Callback(TIM_HandleTypeDef*)	8	static
Core/Src/Interface.cpp:30:6:void WS2812::init()	4	static
Core/Src/Interface.cpp:38:6:void WS2812::update()	24	static
Core/Src/Interface.cpp:61:6:void WS2812::blink(uint8_t, uint8_t, uint8_t, uint8_t)	8	static
Core/Src/Interface.cpp:70:6:void WS2812::blink(uint8_t, uint32_t)	0	static
Core/Src/Interface.cpp:85:6:void Buzzer::init()	4	static
Core/Src/Interface.cpp:91:6:void Buzzer::stop()	0	static
Core/Src/Interface.cpp:93:6:void Buzzer::play(uint16_t, uint16_t)	8	static
Core/Src/Interface.cpp:99:6:void Buzzer::update()	0	static
Core/Src/Interface.cpp:109:6:void Interface::updateButtonState()	8	static
Core/Src/Interface.cpp:134:6:void Interface::updateBuzzerSequence()	16	static
Core/Src/Interface.cpp:204:1:cpp)	0	static
