ARM GAS   			page 1


   1              	 .cpu cortex-m4
   2              	 .eabi_attribute 27,1
   3              	 .eabi_attribute 28,1
   4              	 .eabi_attribute 20,1
   5              	 .eabi_attribute 21,1
   6              	 .eabi_attribute 23,3
   7              	 .eabi_attribute 24,1
   8              	 .eabi_attribute 25,1
   9              	 .eabi_attribute 26,1
  10              	 .eabi_attribute 30,2
  11              	 .eabi_attribute 34,1
  12              	 .eabi_attribute 18,4
  13              	 .file "iwdg.c"
  14              	 .text
  15              	.Ltext0:
  16              	 .cfi_sections .debug_frame
  17              	 .section .text.MX_IWDG_Init,"ax",%progbits
  18              	 .align 1
  19              	 .p2align 2,,3
  20              	 .global MX_IWDG_Init
  21              	 .arch armv7e-m
  22              	 .syntax unified
  23              	 .thumb
  24              	 .thumb_func
  25              	 .fpu fpv4-sp-d16
  27              	MX_IWDG_Init:
  28              	.LFB123:
  29              	 .file 1 "Core/Src/iwdg.c"
   1:Core/Src/iwdg.c **** /* USER CODE BEGIN Header */
   2:Core/Src/iwdg.c **** /**
   3:Core/Src/iwdg.c ****   ******************************************************************************
   4:Core/Src/iwdg.c ****   * @file    iwdg.c
   5:Core/Src/iwdg.c ****   * @brief   This file provides code for the configuration
   6:Core/Src/iwdg.c ****   *          of the IWDG instances.
   7:Core/Src/iwdg.c ****   ******************************************************************************
   8:Core/Src/iwdg.c ****   * @attention
   9:Core/Src/iwdg.c ****   *
  10:Core/Src/iwdg.c ****   * Copyright (c) 2023 STMicroelectronics.
  11:Core/Src/iwdg.c ****   * All rights reserved.
  12:Core/Src/iwdg.c ****   *
  13:Core/Src/iwdg.c ****   * This software is licensed under terms that can be found in the LICENSE file
  14:Core/Src/iwdg.c ****   * in the root directory of this software component.
  15:Core/Src/iwdg.c ****   * If no LICENSE file comes with this software, it is provided AS-IS.
  16:Core/Src/iwdg.c ****   *
  17:Core/Src/iwdg.c ****   ******************************************************************************
  18:Core/Src/iwdg.c ****   */
  19:Core/Src/iwdg.c **** /* USER CODE END Header */
  20:Core/Src/iwdg.c **** /* Includes ------------------------------------------------------------------*/
  21:Core/Src/iwdg.c **** #include "iwdg.h"
  22:Core/Src/iwdg.c **** 
  23:Core/Src/iwdg.c **** /* USER CODE BEGIN 0 */
  24:Core/Src/iwdg.c **** 
  25:Core/Src/iwdg.c **** /* USER CODE END 0 */
  26:Core/Src/iwdg.c **** 
  27:Core/Src/iwdg.c **** IWDG_HandleTypeDef hiwdg;
  28:Core/Src/iwdg.c **** 
  29:Core/Src/iwdg.c **** /* IWDG init function */
ARM GAS   			page 2


  30:Core/Src/iwdg.c **** void MX_IWDG_Init(void)
  31:Core/Src/iwdg.c **** {
  30              	 .loc 1 31 1 view-0
  31              	 .cfi_startproc
  32              	 
  33              	 
  32:Core/Src/iwdg.c **** 
  33:Core/Src/iwdg.c ****   /* USER CODE BEGIN IWDG_Init 0 */
  34:Core/Src/iwdg.c **** 
  35:Core/Src/iwdg.c ****   /* USER CODE END IWDG_Init 0 */
  36:Core/Src/iwdg.c **** 
  37:Core/Src/iwdg.c ****   /* USER CODE BEGIN IWDG_Init 1 */
  38:Core/Src/iwdg.c **** 
  39:Core/Src/iwdg.c ****   /* USER CODE END IWDG_Init 1 */
  40:Core/Src/iwdg.c ****   hiwdg.Instance = IWDG;
  34              	 .loc 1 40 3 view .LVU1
  35              	 .loc 1 40 18 is_stmt 0 view .LVU2
  36 0000 0848     	 ldr r0,.L6
  41:Core/Src/iwdg.c ****   hiwdg.Init.Prescaler = IWDG_PRESCALER_4;
  37              	 .loc 1 41 24 view .LVU3
  38 0002 0949     	 ldr r1,.L6+4
  31:Core/Src/iwdg.c **** 
  39              	 .loc 1 31 1 view .LVU4
  40 0004 08B5     	 push {r3,lr}
  41              	 .cfi_def_cfa_offset 8
  42              	 .cfi_offset 3,-8
  43              	 .cfi_offset 14,-4
  44              	 .loc 1 41 24 view .LVU5
  45 0006 0022     	 movs r2,#0
  42:Core/Src/iwdg.c ****   hiwdg.Init.Window = 4095;
  46              	 .loc 1 42 21 view .LVU6
  47 0008 40F6FF73 	 movw r3,#4095
  41:Core/Src/iwdg.c ****   hiwdg.Init.Prescaler = IWDG_PRESCALER_4;
  48              	 .loc 1 41 24 view .LVU7
  49 000c C0E90012 	 strd r1,r2,[r0]
  50              	 .loc 1 42 3 is_stmt 1 view .LVU8
  43:Core/Src/iwdg.c ****   hiwdg.Init.Reload = 4095;
  51              	 .loc 1 43 21 is_stmt 0 view .LVU9
  52 0010 C0E90233 	 strd r3,r3,[r0,#8]
  44:Core/Src/iwdg.c ****   if (HAL_IWDG_Init(&hiwdg) != HAL_OK)
  53              	 .loc 1 44 3 is_stmt 1 view .LVU10
  54              	 .loc 1 44 7 is_stmt 0 view .LVU11
  55 0014 FFF7FEFF 	 bl HAL_IWDG_Init
  56              	.LVL0:
  57              	 .loc 1 44 6 view .LVU12
  58 0018 00B9     	 cbnz r0,.L5
  45:Core/Src/iwdg.c ****   {
  46:Core/Src/iwdg.c ****     Error_Handler();
  47:Core/Src/iwdg.c ****   }
  48:Core/Src/iwdg.c ****   /* USER CODE BEGIN IWDG_Init 2 */
  49:Core/Src/iwdg.c **** 
  50:Core/Src/iwdg.c ****   /* USER CODE END IWDG_Init 2 */
  51:Core/Src/iwdg.c **** 
  52:Core/Src/iwdg.c **** }
  59              	 .loc 1 52 1 view .LVU13
  60 001a 08BD     	 pop {r3,pc}
  61              	.L5:
ARM GAS   			page 3


  46:Core/Src/iwdg.c ****   }
  62              	 .loc 1 46 5 is_stmt 1 view .LVU14
  63              	 .loc 1 52 1 is_stmt 0 view .LVU15
  64 001c BDE80840 	 pop {r3,lr}
  65              	 .cfi_restore 14
  66              	 .cfi_restore 3
  67              	 .cfi_def_cfa_offset 0
  46:Core/Src/iwdg.c ****   }
  68              	 .loc 1 46 5 view .LVU16
  69 0020 FFF7FEBF 	 b Error_Handler
  70              	.LVL1:
  71              	.L7:
  72              	 .align 2
  73              	.L6:
  74 0024 00000000 	 .word .LANCHOR0
  75 0028 00300040 	 .word 1073754112
  76              	 .cfi_endproc
  77              	.LFE123:
  79              	 .global hiwdg
  80              	 .section .bss.hiwdg,"aw",%nobits
  81              	 .align 2
  82              	 .set .LANCHOR0,.+0
  85              	hiwdg:
  86 0000 00000000 	 .space 16
  86      00000000 
  86      00000000 
  86      00000000 
  87              	 .text
  88              	.Letext0:
  89              	 .file 2 "Drivers/CMSIS/Device/ST/STM32F3xx/Include/stm32f334x8.h"
  90              	 .file 3 "/usr/lib/gcc/arm-none-eabi/10.3.1/include/stdint.h"
  91              	 .file 4 "Drivers/STM32F3xx_HAL_Driver/Inc/stm32f3xx_hal_iwdg.h"
  92              	 .file 5 "Core/Inc/main.h"
  93              	 .file 6 "Drivers/STM32F3xx_HAL_Driver/Inc/stm32f3xx_hal_def.h"
  94              	 .file 7 "Core/Inc/iwdg.h"
ARM GAS   			page 4


DEFINED SYMBOLS
                            *ABS*:0000000000000000 iwdg.c
    {standard input}:18     .text.MX_IWDG_Init:0000000000000000 $t
    {standard input}:27     .text.MX_IWDG_Init:0000000000000000 MX_IWDG_Init
    {standard input}:74     .text.MX_IWDG_Init:0000000000000024 $d
    {standard input}:85     .bss.hiwdg:0000000000000000 hiwdg
    {standard input}:81     .bss.hiwdg:0000000000000000 $d
                           .group:0000000000000000 wm4.0.5772491a24f9cd1476a244d548d5000f
                           .group:0000000000000000 wm4.stm32f3xx_hal_conf.h.22.68702fcb376080053c327f742c9961b5
                           .group:0000000000000000 wm4.stm32f3xx.h.38.82e8e99dfe49c20b1a4a903bd92d6a62
                           .group:0000000000000000 wm4.stm32f334x8.h.34.4062b27910dbe4163b311597cc3129d0
                           .group:0000000000000000 wm4.stdint.h.29.6d480f4ba0f60596e88234283d42444f
                           .group:0000000000000000 wm4.cmsis_version.h.32.4d5822004c01a829a975260e854b5f8e
                           .group:0000000000000000 wm4.core_cm4.h.66.e4ff136c4a17abc46741866f64f8e729
                           .group:0000000000000000 wm4.cmsis_gcc.h.26.6774fe91202d65f4d5ffcff60e00da34
                           .group:0000000000000000 wm4.core_cm4.h.174.300c477346073ecdebb72dd943ae4d09
                           .group:0000000000000000 wm4.stm32f334x8.h.742.4d018c717ec53f6245cec4363d185c67
                           .group:0000000000000000 wm4.stm32f3xx.h.174.91b72afab8b3d83f71cfd7ef15cf4952
                           .group:0000000000000000 wm4.stm32_hal_legacy.h.22.faf2d895fc44f19fdf533a93a00a4465
                           .group:0000000000000000 wm4.stddef.h.39.144cf5ddcd53cbfdac30259dc1a6c87f
                           .group:0000000000000000 wm4.stm32f3xx_hal_def.h.58.9b3c2bdf4a254dccb0f88c83bea62e05
                           .group:0000000000000000 wm4.stm32f3xx_hal_rcc.h.46.e37a97e5b8d0ca06a596d1c15979cbcc
                           .group:0000000000000000 wm4.stm32f3xx_hal_rcc_ex.h.20.10471072208d7575503f2f1804851a76
                           .group:0000000000000000 wm4.stm32f3xx_hal_gpio.h.21.7cd0c7cb2091a8a34b9016ef7d16b8a7
                           .group:0000000000000000 wm4.stm32f3xx_hal_gpio_ex.h.21.af39eaa5623e0a1009fcf4398ea2c1b7
                           .group:0000000000000000 wm4.stm32f3xx_hal_exti.h.21.97ce243ab3f68da52c38aef7d478a1e0
                           .group:0000000000000000 wm4.stm32f3xx_hal_dma.h.21.cc527711b185a0aec89274d6a9e66e40
                           .group:0000000000000000 wm4.stm32f3xx_hal_dma_ex.h.21.0990be4ccabf56d8663bc991eae085b1
                           .group:0000000000000000 wm4.stm32f3xx_hal_dma.h.406.bee398d2c322633b5d4483460294543c
                           .group:0000000000000000 wm4.stm32f3xx_hal_cortex.h.21.2e6f8d82a4b5342dc6cb4d8275d4190e
                           .group:0000000000000000 wm4.stm32f3xx_hal_adc_ex.h.21.83e1b666f94c6741e0f75669498b4cf0
                           .group:0000000000000000 wm4.stm32f3xx_hal_adc.h.55.6de54c307a17ed796a45b8e483250af2
                           .group:0000000000000000 wm4.stm32f3xx_hal_can.h.21.e8a2553fb767050d2b1baa10ea524b9c
                           .group:0000000000000000 wm4.stm32f3xx_hal_flash.h.20.53fc2ade23629e1c8d41b6b358abbb8d
                           .group:0000000000000000 wm4.stm32f3xx_hal_flash_ex.h.20.66a2e271db53c743be1fcb77b2017459
                           .group:0000000000000000 wm4.stm32f3xx_hal_hrtim.h.21.fb28980682ad68d99a88889d8ff4d172
                           .group:0000000000000000 wm4.stm32f3xx_hal_i2c.h.21.f7663f116d03c0043fd0e75e612f16ea
                           .group:0000000000000000 wm4.stm32f3xx_hal_i2c_ex.h.21.cf479782f4f3a68ef5fbce499167225b
                           .group:0000000000000000 wm4.stm32f3xx_hal_i2c.h.739.edde0c83ea6830c2c975fff967ebea26
                           .group:0000000000000000 wm4.stm32f3xx_hal_iwdg.h.21.3504a210964eb279ef1de8bb44988f11
                           .group:0000000000000000 wm4.stm32f3xx_hal_pwr.h.21.6193057a5c33d0b02d2f3a23acd22249
                           .group:0000000000000000 wm4.stm32f3xx_hal_pwr_ex.h.21.0ae6fdf7fd790f205b68ea57197f080d
                           .group:0000000000000000 wm4.stm32f3xx_hal_tim.h.21.d20cc3ea3a57aedcc53e87fa48cc1f6c
                           .group:0000000000000000 wm4.stm32f3xx_hal_tim_ex.h.21.87406a6cc7024a9faaf6aed69e2733ce
                           .group:0000000000000000 wm4.stm32f3xx_hal_uart.h.21.11bf2ca66aa636cfe74a1eb39fe0d460
                           .group:0000000000000000 wm4.stm32f3xx_hal_uart_ex.h.21.f592049ad8b63c2f48d6a2e8f48bef5c
                           .group:0000000000000000 wm4.stm32f3xx_hal.h.43.350d066a115a4ce03caef6c5048b93ca
                           .group:0000000000000000 wm4.main.h.60.25040540409f96806b00c4a4ef3ee0f3

UNDEFINED SYMBOLS
HAL_IWDG_Init
Error_Handler
