ARM GAS   			page 1


   1              	 .cpu cortex-m4
   2              	 .arch armv7e-m
   3              	 .fpu fpv4-sp-d16
   4              	 .eabi_attribute 27,1
   5              	 .eabi_attribute 28,1
   6              	 .eabi_attribute 23,1
   7              	 .eabi_attribute 24,1
   8              	 .eabi_attribute 25,1
   9              	 .eabi_attribute 26,1
  10              	 .eabi_attribute 30,2
  11              	 .eabi_attribute 34,1
  12              	 .eabi_attribute 18,4
  13              	 .file "opamp.c"
  14              	 .text
  15              	.Ltext0:
  16              	 .cfi_sections .debug_frame
  17              	 .file 1 "Core/Src/opamp.c"
  18              	 .section .text.MX_OPAMP1_Init,"ax",%progbits
  19              	 .align 1
  20              	 .p2align 2,,3
  21              	 .global MX_OPAMP1_Init
  22              	 .syntax unified
  23              	 .thumb
  24              	 .thumb_func
  26              	MX_OPAMP1_Init:
  27              	.LFB361:
   1:Core/Src/opamp.c **** /* USER CODE BEGIN Header */
   2:Core/Src/opamp.c **** /**
   3:Core/Src/opamp.c ****   ******************************************************************************
   4:Core/Src/opamp.c ****   * @file    opamp.c
   5:Core/Src/opamp.c ****   * @brief   This file provides code for the configuration
   6:Core/Src/opamp.c ****   *          of the OPAMP instances.
   7:Core/Src/opamp.c ****   ******************************************************************************
   8:Core/Src/opamp.c ****   * @attention
   9:Core/Src/opamp.c ****   *
  10:Core/Src/opamp.c ****   * Copyright (c) 2025 STMicroelectronics.
  11:Core/Src/opamp.c ****   * All rights reserved.
  12:Core/Src/opamp.c ****   *
  13:Core/Src/opamp.c ****   * This software is licensed under terms that can be found in the LICENSE file
  14:Core/Src/opamp.c ****   * in the root directory of this software component.
  15:Core/Src/opamp.c ****   * If no LICENSE file comes with this software, it is provided AS-IS.
  16:Core/Src/opamp.c ****   *
  17:Core/Src/opamp.c ****   ******************************************************************************
  18:Core/Src/opamp.c ****   */
  19:Core/Src/opamp.c **** /* USER CODE END Header */
  20:Core/Src/opamp.c **** /* Includes ------------------------------------------------------------------*/
  21:Core/Src/opamp.c **** #include "opamp.h"
  22:Core/Src/opamp.c **** 
  23:Core/Src/opamp.c **** /* USER CODE BEGIN 0 */
  24:Core/Src/opamp.c **** 
  25:Core/Src/opamp.c **** /* USER CODE END 0 */
  26:Core/Src/opamp.c **** 
  27:Core/Src/opamp.c **** OPAMP_HandleTypeDef hopamp1;
  28:Core/Src/opamp.c **** OPAMP_HandleTypeDef hopamp2;
  29:Core/Src/opamp.c **** OPAMP_HandleTypeDef hopamp3;
  30:Core/Src/opamp.c **** OPAMP_HandleTypeDef hopamp4;
  31:Core/Src/opamp.c **** 
ARM GAS   			page 2


  32:Core/Src/opamp.c **** /* OPAMP1 init function */
  33:Core/Src/opamp.c **** void MX_OPAMP1_Init(void)
  34:Core/Src/opamp.c **** {
  28              	 .loc 1 34 1 view-0
  29              	 .cfi_startproc
  30              	 
  31              	 
  35:Core/Src/opamp.c **** 
  36:Core/Src/opamp.c ****   /* USER CODE BEGIN OPAMP1_Init 0 */
  37:Core/Src/opamp.c **** 
  38:Core/Src/opamp.c ****   /* USER CODE END OPAMP1_Init 0 */
  39:Core/Src/opamp.c **** 
  40:Core/Src/opamp.c ****   /* USER CODE BEGIN OPAMP1_Init 1 */
  41:Core/Src/opamp.c **** 
  42:Core/Src/opamp.c ****   /* USER CODE END OPAMP1_Init 1 */
  43:Core/Src/opamp.c ****   hopamp1.Instance = OPAMP1;
  32              	 .loc 1 43 3 view .LVU1
  34:Core/Src/opamp.c **** 
  33              	 .loc 1 34 1 is_stmt 0 view .LVU2
  34 0000 10B5     	 push {r4,lr}
  35              	 .cfi_def_cfa_offset 8
  36              	 .cfi_offset 4,-8
  37              	 .cfi_offset 14,-4
  38              	 .loc 1 43 20 view .LVU3
  39 0002 0A48     	 ldr r0,.L6
  40 0004 0A4C     	 ldr r4,.L6+4
  44:Core/Src/opamp.c ****   hopamp1.Init.PowerMode = OPAMP_POWERMODE_NORMALSPEED;
  41              	 .loc 1 44 26 view .LVU4
  42 0006 0023     	 movs r3,#0
  43 0008 C4E90003 	 strd r0,r3,[r4]
  44 000c 6021     	 movs r1,#96
  45:Core/Src/opamp.c ****   hopamp1.Init.Mode = OPAMP_FOLLOWER_MODE;
  46:Core/Src/opamp.c ****   hopamp1.Init.NonInvertingInput = OPAMP_NONINVERTINGINPUT_IO1;
  45              	 .loc 1 46 34 view .LVU5
  46 000e 0422     	 movs r2,#4
  47:Core/Src/opamp.c ****   hopamp1.Init.InternalOutput = DISABLE;
  48:Core/Src/opamp.c ****   hopamp1.Init.TimerControlledMuxmode = OPAMP_TIMERCONTROLLEDMUXMODE_DISABLE;
  49:Core/Src/opamp.c ****   hopamp1.Init.UserTrimming = OPAMP_TRIMMING_FACTORY;
  50:Core/Src/opamp.c ****   if (HAL_OPAMP_Init(&hopamp1) != HAL_OK)
  47              	 .loc 1 50 7 view .LVU6
  48 0010 2046     	 mov r0,r4
  44:Core/Src/opamp.c ****   hopamp1.Init.Mode = OPAMP_FOLLOWER_MODE;
  49              	 .loc 1 44 26 view .LVU7
  50 0012 A160     	 str r1,[r4,#8]
  46:Core/Src/opamp.c ****   hopamp1.Init.InternalOutput = DISABLE;
  51              	 .loc 1 46 3 is_stmt 1 view .LVU8
  46:Core/Src/opamp.c ****   hopamp1.Init.InternalOutput = DISABLE;
  52              	 .loc 1 46 34 is_stmt 0 view .LVU9
  53 0014 2261     	 str r2,[r4,#16]
  47:Core/Src/opamp.c ****   hopamp1.Init.InternalOutput = DISABLE;
  54              	 .loc 1 47 3 is_stmt 1 view .LVU10
  47:Core/Src/opamp.c ****   hopamp1.Init.InternalOutput = DISABLE;
  55              	 .loc 1 47 31 is_stmt 0 view .LVU11
  56 0016 2375     	 strb r3,[r4,#20]
  48:Core/Src/opamp.c ****   hopamp1.Init.UserTrimming = OPAMP_TRIMMING_FACTORY;
  57              	 .loc 1 48 3 is_stmt 1 view .LVU12
  48:Core/Src/opamp.c ****   hopamp1.Init.UserTrimming = OPAMP_TRIMMING_FACTORY;
ARM GAS   			page 3


  58              	 .loc 1 48 39 is_stmt 0 view .LVU13
  59 0018 A361     	 str r3,[r4,#24]
  49:Core/Src/opamp.c ****   if (HAL_OPAMP_Init(&hopamp1) != HAL_OK)
  60              	 .loc 1 49 3 is_stmt 1 view .LVU14
  49:Core/Src/opamp.c ****   if (HAL_OPAMP_Init(&hopamp1) != HAL_OK)
  61              	 .loc 1 49 29 is_stmt 0 view .LVU15
  62 001a E362     	 str r3,[r4,#44]
  63              	 .loc 1 50 3 is_stmt 1 view .LVU16
  64              	 .loc 1 50 7 is_stmt 0 view .LVU17
  65 001c FFF7FEFF 	 bl HAL_OPAMP_Init
  66              	.LVL0:
  67              	 .loc 1 50 6 discriminator 1 view .LVU18
  68 0020 00B9     	 cbnz r0,.L5
  51:Core/Src/opamp.c ****   {
  52:Core/Src/opamp.c ****     Error_Handler();
  53:Core/Src/opamp.c ****   }
  54:Core/Src/opamp.c ****   /* USER CODE BEGIN OPAMP1_Init 2 */
  55:Core/Src/opamp.c **** 
  56:Core/Src/opamp.c ****   /* USER CODE END OPAMP1_Init 2 */
  57:Core/Src/opamp.c **** 
  58:Core/Src/opamp.c **** }
  69              	 .loc 1 58 1 view .LVU19
  70 0022 10BD     	 pop {r4,pc}
  71              	.L5:
  52:Core/Src/opamp.c ****   }
  72              	 .loc 1 52 5 is_stmt 1 view .LVU20
  73              	 .loc 1 58 1 is_stmt 0 view .LVU21
  74 0024 BDE81040 	 pop {r4,lr}
  75              	 .cfi_restore 14
  76              	 .cfi_restore 4
  77              	 .cfi_def_cfa_offset 0
  52:Core/Src/opamp.c ****   }
  78              	 .loc 1 52 5 view .LVU22
  79 0028 FFF7FEBF 	 b Error_Handler
  80              	.LVL1:
  81              	.L7:
  82              	 .align 2
  83              	.L6:
  84 002c 00030140 	 .word 1073808128
  85 0030 00000000 	 .word hopamp1
  86              	 .cfi_endproc
  87              	.LFE361:
  89              	 .section .text.MX_OPAMP2_Init,"ax",%progbits
  90              	 .align 1
  91              	 .p2align 2,,3
  92              	 .global MX_OPAMP2_Init
  93              	 .syntax unified
  94              	 .thumb
  95              	 .thumb_func
  97              	MX_OPAMP2_Init:
  98              	.LFB362:
  59:Core/Src/opamp.c **** /* OPAMP2 init function */
  60:Core/Src/opamp.c **** void MX_OPAMP2_Init(void)
  61:Core/Src/opamp.c **** {
  99              	 .loc 1 61 1 is_stmt 1 view-0
 100              	 .cfi_startproc
 101              	 
ARM GAS   			page 4


 102              	 
  62:Core/Src/opamp.c **** 
  63:Core/Src/opamp.c ****   /* USER CODE BEGIN OPAMP2_Init 0 */
  64:Core/Src/opamp.c **** 
  65:Core/Src/opamp.c ****   /* USER CODE END OPAMP2_Init 0 */
  66:Core/Src/opamp.c **** 
  67:Core/Src/opamp.c ****   /* USER CODE BEGIN OPAMP2_Init 1 */
  68:Core/Src/opamp.c **** 
  69:Core/Src/opamp.c ****   /* USER CODE END OPAMP2_Init 1 */
  70:Core/Src/opamp.c ****   hopamp2.Instance = OPAMP2;
 103              	 .loc 1 70 3 view .LVU24
  61:Core/Src/opamp.c **** 
 104              	 .loc 1 61 1 is_stmt 0 view .LVU25
 105 0000 10B5     	 push {r4,lr}
 106              	 .cfi_def_cfa_offset 8
 107              	 .cfi_offset 4,-8
 108              	 .cfi_offset 14,-4
 109              	 .loc 1 70 20 view .LVU26
 110 0002 0B48     	 ldr r0,.L12
 111 0004 0B4C     	 ldr r4,.L12+4
  71:Core/Src/opamp.c ****   hopamp2.Init.PowerMode = OPAMP_POWERMODE_HIGHSPEED;
 112              	 .loc 1 71 26 view .LVU27
 113 0006 8022     	 movs r2,#128
  72:Core/Src/opamp.c ****   hopamp2.Init.Mode = OPAMP_FOLLOWER_MODE;
  73:Core/Src/opamp.c ****   hopamp2.Init.NonInvertingInput = OPAMP_NONINVERTINGINPUT_IO2;
  74:Core/Src/opamp.c ****   hopamp2.Init.InternalOutput = DISABLE;
 114              	 .loc 1 74 31 view .LVU28
 115 0008 0023     	 movs r3,#0
  71:Core/Src/opamp.c ****   hopamp2.Init.PowerMode = OPAMP_POWERMODE_HIGHSPEED;
 116              	 .loc 1 71 26 view .LVU29
 117 000a C4E90002 	 strd r0,r2,[r4]
 118 000e 6021     	 movs r1,#96
  73:Core/Src/opamp.c ****   hopamp2.Init.InternalOutput = DISABLE;
 119              	 .loc 1 73 34 view .LVU30
 120 0010 0822     	 movs r2,#8
  75:Core/Src/opamp.c ****   hopamp2.Init.TimerControlledMuxmode = OPAMP_TIMERCONTROLLEDMUXMODE_DISABLE;
  76:Core/Src/opamp.c ****   hopamp2.Init.UserTrimming = OPAMP_TRIMMING_FACTORY;
  77:Core/Src/opamp.c ****   if (HAL_OPAMP_Init(&hopamp2) != HAL_OK)
 121              	 .loc 1 77 7 view .LVU31
 122 0012 2046     	 mov r0,r4
  71:Core/Src/opamp.c ****   hopamp2.Init.Mode = OPAMP_FOLLOWER_MODE;
 123              	 .loc 1 71 26 view .LVU32
 124 0014 A160     	 str r1,[r4,#8]
  73:Core/Src/opamp.c ****   hopamp2.Init.InternalOutput = DISABLE;
 125              	 .loc 1 73 3 is_stmt 1 view .LVU33
  73:Core/Src/opamp.c ****   hopamp2.Init.InternalOutput = DISABLE;
 126              	 .loc 1 73 34 is_stmt 0 view .LVU34
 127 0016 2261     	 str r2,[r4,#16]
  74:Core/Src/opamp.c ****   hopamp2.Init.TimerControlledMuxmode = OPAMP_TIMERCONTROLLEDMUXMODE_DISABLE;
 128              	 .loc 1 74 3 is_stmt 1 view .LVU35
  74:Core/Src/opamp.c ****   hopamp2.Init.TimerControlledMuxmode = OPAMP_TIMERCONTROLLEDMUXMODE_DISABLE;
 129              	 .loc 1 74 31 is_stmt 0 view .LVU36
 130 0018 2375     	 strb r3,[r4,#20]
  75:Core/Src/opamp.c ****   hopamp2.Init.TimerControlledMuxmode = OPAMP_TIMERCONTROLLEDMUXMODE_DISABLE;
 131              	 .loc 1 75 3 is_stmt 1 view .LVU37
  75:Core/Src/opamp.c ****   hopamp2.Init.TimerControlledMuxmode = OPAMP_TIMERCONTROLLEDMUXMODE_DISABLE;
 132              	 .loc 1 75 39 is_stmt 0 view .LVU38
ARM GAS   			page 5


 133 001a A361     	 str r3,[r4,#24]
  76:Core/Src/opamp.c ****   if (HAL_OPAMP_Init(&hopamp2) != HAL_OK)
 134              	 .loc 1 76 3 is_stmt 1 view .LVU39
  76:Core/Src/opamp.c ****   if (HAL_OPAMP_Init(&hopamp2) != HAL_OK)
 135              	 .loc 1 76 29 is_stmt 0 view .LVU40
 136 001c E362     	 str r3,[r4,#44]
 137              	 .loc 1 77 3 is_stmt 1 view .LVU41
 138              	 .loc 1 77 7 is_stmt 0 view .LVU42
 139 001e FFF7FEFF 	 bl HAL_OPAMP_Init
 140              	.LVL2:
 141              	 .loc 1 77 6 discriminator 1 view .LVU43
 142 0022 00B9     	 cbnz r0,.L11
  78:Core/Src/opamp.c ****   {
  79:Core/Src/opamp.c ****     Error_Handler();
  80:Core/Src/opamp.c ****   }
  81:Core/Src/opamp.c ****   /* USER CODE BEGIN OPAMP2_Init 2 */
  82:Core/Src/opamp.c **** 
  83:Core/Src/opamp.c ****   /* USER CODE END OPAMP2_Init 2 */
  84:Core/Src/opamp.c **** 
  85:Core/Src/opamp.c **** }
 143              	 .loc 1 85 1 view .LVU44
 144 0024 10BD     	 pop {r4,pc}
 145              	.L11:
  79:Core/Src/opamp.c ****   }
 146              	 .loc 1 79 5 is_stmt 1 view .LVU45
 147              	 .loc 1 85 1 is_stmt 0 view .LVU46
 148 0026 BDE81040 	 pop {r4,lr}
 149              	 .cfi_restore 14
 150              	 .cfi_restore 4
 151              	 .cfi_def_cfa_offset 0
  79:Core/Src/opamp.c ****   }
 152              	 .loc 1 79 5 view .LVU47
 153 002a FFF7FEBF 	 b Error_Handler
 154              	.LVL3:
 155              	.L13:
 156 002e 00BF     	 .align 2
 157              	.L12:
 158 0030 04030140 	 .word 1073808132
 159 0034 00000000 	 .word hopamp2
 160              	 .cfi_endproc
 161              	.LFE362:
 163              	 .section .text.MX_OPAMP3_Init,"ax",%progbits
 164              	 .align 1
 165              	 .p2align 2,,3
 166              	 .global MX_OPAMP3_Init
 167              	 .syntax unified
 168              	 .thumb
 169              	 .thumb_func
 171              	MX_OPAMP3_Init:
 172              	.LFB363:
  86:Core/Src/opamp.c **** /* OPAMP3 init function */
  87:Core/Src/opamp.c **** void MX_OPAMP3_Init(void)
  88:Core/Src/opamp.c **** {
 173              	 .loc 1 88 1 is_stmt 1 view-0
 174              	 .cfi_startproc
 175              	 
 176              	 
ARM GAS   			page 6


  89:Core/Src/opamp.c **** 
  90:Core/Src/opamp.c ****   /* USER CODE BEGIN OPAMP3_Init 0 */
  91:Core/Src/opamp.c **** 
  92:Core/Src/opamp.c ****   /* USER CODE END OPAMP3_Init 0 */
  93:Core/Src/opamp.c **** 
  94:Core/Src/opamp.c ****   /* USER CODE BEGIN OPAMP3_Init 1 */
  95:Core/Src/opamp.c **** 
  96:Core/Src/opamp.c ****   /* USER CODE END OPAMP3_Init 1 */
  97:Core/Src/opamp.c ****   hopamp3.Instance = OPAMP3;
 177              	 .loc 1 97 3 view .LVU49
  88:Core/Src/opamp.c **** 
 178              	 .loc 1 88 1 is_stmt 0 view .LVU50
 179 0000 10B5     	 push {r4,lr}
 180              	 .cfi_def_cfa_offset 8
 181              	 .cfi_offset 4,-8
 182              	 .cfi_offset 14,-4
 183              	 .loc 1 97 20 view .LVU51
 184 0002 0B48     	 ldr r0,.L18
 185 0004 0B4C     	 ldr r4,.L18+4
  98:Core/Src/opamp.c ****   hopamp3.Init.PowerMode = OPAMP_POWERMODE_HIGHSPEED;
 186              	 .loc 1 98 26 view .LVU52
 187 0006 8022     	 movs r2,#128
  99:Core/Src/opamp.c ****   hopamp3.Init.Mode = OPAMP_FOLLOWER_MODE;
 100:Core/Src/opamp.c ****   hopamp3.Init.NonInvertingInput = OPAMP_NONINVERTINGINPUT_IO2;
 101:Core/Src/opamp.c ****   hopamp3.Init.InternalOutput = DISABLE;
 188              	 .loc 1 101 31 view .LVU53
 189 0008 0023     	 movs r3,#0
  98:Core/Src/opamp.c ****   hopamp3.Init.PowerMode = OPAMP_POWERMODE_HIGHSPEED;
 190              	 .loc 1 98 26 view .LVU54
 191 000a C4E90002 	 strd r0,r2,[r4]
 192 000e 6021     	 movs r1,#96
 100:Core/Src/opamp.c ****   hopamp3.Init.InternalOutput = DISABLE;
 193              	 .loc 1 100 34 view .LVU55
 194 0010 0822     	 movs r2,#8
 102:Core/Src/opamp.c ****   hopamp3.Init.TimerControlledMuxmode = OPAMP_TIMERCONTROLLEDMUXMODE_DISABLE;
 103:Core/Src/opamp.c ****   hopamp3.Init.UserTrimming = OPAMP_TRIMMING_FACTORY;
 104:Core/Src/opamp.c ****   if (HAL_OPAMP_Init(&hopamp3) != HAL_OK)
 195              	 .loc 1 104 7 view .LVU56
 196 0012 2046     	 mov r0,r4
  98:Core/Src/opamp.c ****   hopamp3.Init.Mode = OPAMP_FOLLOWER_MODE;
 197              	 .loc 1 98 26 view .LVU57
 198 0014 A160     	 str r1,[r4,#8]
 100:Core/Src/opamp.c ****   hopamp3.Init.InternalOutput = DISABLE;
 199              	 .loc 1 100 3 is_stmt 1 view .LVU58
 100:Core/Src/opamp.c ****   hopamp3.Init.InternalOutput = DISABLE;
 200              	 .loc 1 100 34 is_stmt 0 view .LVU59
 201 0016 2261     	 str r2,[r4,#16]
 101:Core/Src/opamp.c ****   hopamp3.Init.TimerControlledMuxmode = OPAMP_TIMERCONTROLLEDMUXMODE_DISABLE;
 202              	 .loc 1 101 3 is_stmt 1 view .LVU60
 101:Core/Src/opamp.c ****   hopamp3.Init.TimerControlledMuxmode = OPAMP_TIMERCONTROLLEDMUXMODE_DISABLE;
 203              	 .loc 1 101 31 is_stmt 0 view .LVU61
 204 0018 2375     	 strb r3,[r4,#20]
 102:Core/Src/opamp.c ****   hopamp3.Init.TimerControlledMuxmode = OPAMP_TIMERCONTROLLEDMUXMODE_DISABLE;
 205              	 .loc 1 102 3 is_stmt 1 view .LVU62
 102:Core/Src/opamp.c ****   hopamp3.Init.TimerControlledMuxmode = OPAMP_TIMERCONTROLLEDMUXMODE_DISABLE;
 206              	 .loc 1 102 39 is_stmt 0 view .LVU63
 207 001a A361     	 str r3,[r4,#24]
ARM GAS   			page 7


 103:Core/Src/opamp.c ****   if (HAL_OPAMP_Init(&hopamp3) != HAL_OK)
 208              	 .loc 1 103 3 is_stmt 1 view .LVU64
 103:Core/Src/opamp.c ****   if (HAL_OPAMP_Init(&hopamp3) != HAL_OK)
 209              	 .loc 1 103 29 is_stmt 0 view .LVU65
 210 001c E362     	 str r3,[r4,#44]
 211              	 .loc 1 104 3 is_stmt 1 view .LVU66
 212              	 .loc 1 104 7 is_stmt 0 view .LVU67
 213 001e FFF7FEFF 	 bl HAL_OPAMP_Init
 214              	.LVL4:
 215              	 .loc 1 104 6 discriminator 1 view .LVU68
 216 0022 00B9     	 cbnz r0,.L17
 105:Core/Src/opamp.c ****   {
 106:Core/Src/opamp.c ****     Error_Handler();
 107:Core/Src/opamp.c ****   }
 108:Core/Src/opamp.c ****   /* USER CODE BEGIN OPAMP3_Init 2 */
 109:Core/Src/opamp.c **** 
 110:Core/Src/opamp.c ****   /* USER CODE END OPAMP3_Init 2 */
 111:Core/Src/opamp.c **** 
 112:Core/Src/opamp.c **** }
 217              	 .loc 1 112 1 view .LVU69
 218 0024 10BD     	 pop {r4,pc}
 219              	.L17:
 106:Core/Src/opamp.c ****   }
 220              	 .loc 1 106 5 is_stmt 1 view .LVU70
 221              	 .loc 1 112 1 is_stmt 0 view .LVU71
 222 0026 BDE81040 	 pop {r4,lr}
 223              	 .cfi_restore 14
 224              	 .cfi_restore 4
 225              	 .cfi_def_cfa_offset 0
 106:Core/Src/opamp.c ****   }
 226              	 .loc 1 106 5 view .LVU72
 227 002a FFF7FEBF 	 b Error_Handler
 228              	.LVL5:
 229              	.L19:
 230 002e 00BF     	 .align 2
 231              	.L18:
 232 0030 08030140 	 .word 1073808136
 233 0034 00000000 	 .word hopamp3
 234              	 .cfi_endproc
 235              	.LFE363:
 237              	 .section .text.MX_OPAMP4_Init,"ax",%progbits
 238              	 .align 1
 239              	 .p2align 2,,3
 240              	 .global MX_OPAMP4_Init
 241              	 .syntax unified
 242              	 .thumb
 243              	 .thumb_func
 245              	MX_OPAMP4_Init:
 246              	.LFB364:
 113:Core/Src/opamp.c **** /* OPAMP4 init function */
 114:Core/Src/opamp.c **** void MX_OPAMP4_Init(void)
 115:Core/Src/opamp.c **** {
 247              	 .loc 1 115 1 is_stmt 1 view-0
 248              	 .cfi_startproc
 249              	 
 250              	 
 116:Core/Src/opamp.c **** 
ARM GAS   			page 8


 117:Core/Src/opamp.c ****   /* USER CODE BEGIN OPAMP4_Init 0 */
 118:Core/Src/opamp.c **** 
 119:Core/Src/opamp.c ****   /* USER CODE END OPAMP4_Init 0 */
 120:Core/Src/opamp.c **** 
 121:Core/Src/opamp.c ****   /* USER CODE BEGIN OPAMP4_Init 1 */
 122:Core/Src/opamp.c **** 
 123:Core/Src/opamp.c ****   /* USER CODE END OPAMP4_Init 1 */
 124:Core/Src/opamp.c ****   hopamp4.Instance = OPAMP4;
 251              	 .loc 1 124 3 view .LVU74
 125:Core/Src/opamp.c ****   hopamp4.Init.PowerMode = OPAMP_POWERMODE_NORMALSPEED;
 126:Core/Src/opamp.c ****   hopamp4.Init.Mode = OPAMP_FOLLOWER_MODE;
 127:Core/Src/opamp.c ****   hopamp4.Init.NonInvertingInput = OPAMP_NONINVERTINGINPUT_IO0;
 128:Core/Src/opamp.c ****   hopamp4.Init.InternalOutput = DISABLE;
 129:Core/Src/opamp.c ****   hopamp4.Init.TimerControlledMuxmode = OPAMP_TIMERCONTROLLEDMUXMODE_DISABLE;
 130:Core/Src/opamp.c ****   hopamp4.Init.UserTrimming = OPAMP_TRIMMING_FACTORY;
 131:Core/Src/opamp.c ****   if (HAL_OPAMP_Init(&hopamp4) != HAL_OK)
 252              	 .loc 1 131 7 is_stmt 0 view .LVU75
 253 0000 0948     	 ldr r0,.L24
 124:Core/Src/opamp.c ****   hopamp4.Init.PowerMode = OPAMP_POWERMODE_NORMALSPEED;
 254              	 .loc 1 124 20 view .LVU76
 255 0002 0A49     	 ldr r1,.L24+4
 115:Core/Src/opamp.c **** 
 256              	 .loc 1 115 1 view .LVU77
 257 0004 10B5     	 push {r4,lr}
 258              	 .cfi_def_cfa_offset 8
 259              	 .cfi_offset 4,-8
 260              	 .cfi_offset 14,-4
 125:Core/Src/opamp.c ****   hopamp4.Init.PowerMode = OPAMP_POWERMODE_NORMALSPEED;
 261              	 .loc 1 125 26 view .LVU78
 262 0006 0023     	 movs r3,#0
 263 0008 6022     	 movs r2,#96
 264 000a C0E90013 	 strd r1,r3,[r0]
 265 000e 8260     	 str r2,[r0,#8]
 127:Core/Src/opamp.c ****   hopamp4.Init.InternalOutput = DISABLE;
 266              	 .loc 1 127 3 is_stmt 1 view .LVU79
 127:Core/Src/opamp.c ****   hopamp4.Init.InternalOutput = DISABLE;
 267              	 .loc 1 127 34 is_stmt 0 view .LVU80
 268 0010 0361     	 str r3,[r0,#16]
 128:Core/Src/opamp.c ****   hopamp4.Init.TimerControlledMuxmode = OPAMP_TIMERCONTROLLEDMUXMODE_DISABLE;
 269              	 .loc 1 128 3 is_stmt 1 view .LVU81
 128:Core/Src/opamp.c ****   hopamp4.Init.TimerControlledMuxmode = OPAMP_TIMERCONTROLLEDMUXMODE_DISABLE;
 270              	 .loc 1 128 31 is_stmt 0 view .LVU82
 271 0012 0375     	 strb r3,[r0,#20]
 129:Core/Src/opamp.c ****   hopamp4.Init.UserTrimming = OPAMP_TRIMMING_FACTORY;
 272              	 .loc 1 129 3 is_stmt 1 view .LVU83
 129:Core/Src/opamp.c ****   hopamp4.Init.UserTrimming = OPAMP_TRIMMING_FACTORY;
 273              	 .loc 1 129 39 is_stmt 0 view .LVU84
 274 0014 8361     	 str r3,[r0,#24]
 130:Core/Src/opamp.c ****   if (HAL_OPAMP_Init(&hopamp4) != HAL_OK)
 275              	 .loc 1 130 3 is_stmt 1 view .LVU85
 130:Core/Src/opamp.c ****   if (HAL_OPAMP_Init(&hopamp4) != HAL_OK)
 276              	 .loc 1 130 29 is_stmt 0 view .LVU86
 277 0016 C362     	 str r3,[r0,#44]
 278              	 .loc 1 131 3 is_stmt 1 view .LVU87
 279              	 .loc 1 131 7 is_stmt 0 view .LVU88
 280 0018 FFF7FEFF 	 bl HAL_OPAMP_Init
 281              	.LVL6:
ARM GAS   			page 9


 282              	 .loc 1 131 6 discriminator 1 view .LVU89
 283 001c 00B9     	 cbnz r0,.L23
 132:Core/Src/opamp.c ****   {
 133:Core/Src/opamp.c ****     Error_Handler();
 134:Core/Src/opamp.c ****   }
 135:Core/Src/opamp.c ****   /* USER CODE BEGIN OPAMP4_Init 2 */
 136:Core/Src/opamp.c **** 
 137:Core/Src/opamp.c ****   /* USER CODE END OPAMP4_Init 2 */
 138:Core/Src/opamp.c **** 
 139:Core/Src/opamp.c **** }
 284              	 .loc 1 139 1 view .LVU90
 285 001e 10BD     	 pop {r4,pc}
 286              	.L23:
 133:Core/Src/opamp.c ****   }
 287              	 .loc 1 133 5 is_stmt 1 view .LVU91
 288              	 .loc 1 139 1 is_stmt 0 view .LVU92
 289 0020 BDE81040 	 pop {r4,lr}
 290              	 .cfi_restore 14
 291              	 .cfi_restore 4
 292              	 .cfi_def_cfa_offset 0
 133:Core/Src/opamp.c ****   }
 293              	 .loc 1 133 5 view .LVU93
 294 0024 FFF7FEBF 	 b Error_Handler
 295              	.LVL7:
 296              	.L25:
 297              	 .align 2
 298              	.L24:
 299 0028 00000000 	 .word hopamp4
 300 002c 0C030140 	 .word 1073808140
 301              	 .cfi_endproc
 302              	.LFE364:
 304              	 .section .text.HAL_OPAMP_MspInit,"ax",%progbits
 305              	 .align 1
 306              	 .p2align 2,,3
 307              	 .global HAL_OPAMP_MspInit
 308              	 .syntax unified
 309              	 .thumb
 310              	 .thumb_func
 312              	HAL_OPAMP_MspInit:
 313              	.LVL8:
 314              	.LFB365:
 140:Core/Src/opamp.c **** 
 141:Core/Src/opamp.c **** void HAL_OPAMP_MspInit(OPAMP_HandleTypeDef* opampHandle)
 142:Core/Src/opamp.c **** {
 315              	 .loc 1 142 1 is_stmt 1 view-0
 316              	 .cfi_startproc
 317              	 
 318              	 
 143:Core/Src/opamp.c **** 
 144:Core/Src/opamp.c ****   GPIO_InitTypeDef GPIO_InitStruct = {0};
 319              	 .loc 1 144 3 view .LVU95
 142:Core/Src/opamp.c **** 
 320              	 .loc 1 142 1 is_stmt 0 view .LVU96
 321 0000 D0B5     	 push {r4,r6,r7,lr}
 322              	 .cfi_def_cfa_offset 16
 323              	 .cfi_offset 4,-16
 324              	 .cfi_offset 6,-12
ARM GAS   			page 10


 325              	 .cfi_offset 7,-8
 326              	 .cfi_offset 14,-4
 145:Core/Src/opamp.c ****   if(opampHandle->Instance==OPAMP1)
 327              	 .loc 1 145 17 view .LVU97
 328 0002 0368     	 ldr r3,[r0]
 329              	 .loc 1 145 5 view .LVU98
 330 0004 444A     	 ldr r2,.L36
 142:Core/Src/opamp.c **** 
 331              	 .loc 1 142 1 view .LVU99
 332 0006 8CB0     	 sub sp,sp,#48
 333              	 .cfi_def_cfa_offset 64
 144:Core/Src/opamp.c ****   if(opampHandle->Instance==OPAMP1)
 334              	 .loc 1 144 20 view .LVU100
 335 0008 0024     	 movs r4,#0
 336              	 .loc 1 145 5 view .LVU101
 337 000a 9342     	 cmp r3,r2
 144:Core/Src/opamp.c ****   if(opampHandle->Instance==OPAMP1)
 338              	 .loc 1 144 20 view .LVU102
 339 000c CDE90644 	 strd r4,r4,[sp,#24]
 340 0010 CDE90844 	 strd r4,r4,[sp,#32]
 341 0014 0A94     	 str r4,[sp,#40]
 342              	 .loc 1 145 3 is_stmt 1 view .LVU103
 343              	 .loc 1 145 5 is_stmt 0 view .LVU104
 344 0016 1ED0     	 beq .L32
 146:Core/Src/opamp.c ****   {
 147:Core/Src/opamp.c ****   /* USER CODE BEGIN OPAMP1_MspInit 0 */
 148:Core/Src/opamp.c **** 
 149:Core/Src/opamp.c ****   /* USER CODE END OPAMP1_MspInit 0 */
 150:Core/Src/opamp.c **** 
 151:Core/Src/opamp.c ****     __HAL_RCC_GPIOA_CLK_ENABLE();
 152:Core/Src/opamp.c ****     /**OPAMP1 GPIO Configuration
 153:Core/Src/opamp.c ****     PA2     ------> OPAMP1_VOUT
 154:Core/Src/opamp.c ****     PA3     ------> OPAMP1_VINP
 155:Core/Src/opamp.c ****     */
 156:Core/Src/opamp.c ****     GPIO_InitStruct.Pin = GPIO_PIN_2|GPIO_PIN_3;
 157:Core/Src/opamp.c ****     GPIO_InitStruct.Mode = GPIO_MODE_ANALOG;
 158:Core/Src/opamp.c ****     GPIO_InitStruct.Pull = GPIO_NOPULL;
 159:Core/Src/opamp.c ****     HAL_GPIO_Init(GPIOA, &GPIO_InitStruct);
 160:Core/Src/opamp.c **** 
 161:Core/Src/opamp.c ****   /* USER CODE BEGIN OPAMP1_MspInit 1 */
 162:Core/Src/opamp.c **** 
 163:Core/Src/opamp.c ****   /* USER CODE END OPAMP1_MspInit 1 */
 164:Core/Src/opamp.c ****   }
 165:Core/Src/opamp.c ****   else if(opampHandle->Instance==OPAMP2)
 345              	 .loc 1 165 8 is_stmt 1 view .LVU105
 346              	 .loc 1 165 10 is_stmt 0 view .LVU106
 347 0018 404A     	 ldr r2,.L36+4
 348 001a 9342     	 cmp r3,r2
 349 001c 30D0     	 beq .L33
 166:Core/Src/opamp.c ****   {
 167:Core/Src/opamp.c ****   /* USER CODE BEGIN OPAMP2_MspInit 0 */
 168:Core/Src/opamp.c **** 
 169:Core/Src/opamp.c ****   /* USER CODE END OPAMP2_MspInit 0 */
 170:Core/Src/opamp.c **** 
 171:Core/Src/opamp.c ****     __HAL_RCC_GPIOA_CLK_ENABLE();
 172:Core/Src/opamp.c ****     __HAL_RCC_GPIOB_CLK_ENABLE();
 173:Core/Src/opamp.c ****     /**OPAMP2 GPIO Configuration
ARM GAS   			page 11


 174:Core/Src/opamp.c ****     PA6     ------> OPAMP2_VOUT
 175:Core/Src/opamp.c ****     PB0     ------> OPAMP2_VINP
 176:Core/Src/opamp.c ****     */
 177:Core/Src/opamp.c ****     GPIO_InitStruct.Pin = GPIO_PIN_6;
 178:Core/Src/opamp.c ****     GPIO_InitStruct.Mode = GPIO_MODE_ANALOG;
 179:Core/Src/opamp.c ****     GPIO_InitStruct.Pull = GPIO_NOPULL;
 180:Core/Src/opamp.c ****     HAL_GPIO_Init(GPIOA, &GPIO_InitStruct);
 181:Core/Src/opamp.c **** 
 182:Core/Src/opamp.c ****     GPIO_InitStruct.Pin = GPIO_PIN_0;
 183:Core/Src/opamp.c ****     GPIO_InitStruct.Mode = GPIO_MODE_ANALOG;
 184:Core/Src/opamp.c ****     GPIO_InitStruct.Pull = GPIO_NOPULL;
 185:Core/Src/opamp.c ****     HAL_GPIO_Init(GPIOB, &GPIO_InitStruct);
 186:Core/Src/opamp.c **** 
 187:Core/Src/opamp.c ****   /* USER CODE BEGIN OPAMP2_MspInit 1 */
 188:Core/Src/opamp.c **** 
 189:Core/Src/opamp.c ****   /* USER CODE END OPAMP2_MspInit 1 */
 190:Core/Src/opamp.c ****   }
 191:Core/Src/opamp.c ****   else if(opampHandle->Instance==OPAMP3)
 350              	 .loc 1 191 8 is_stmt 1 view .LVU107
 351              	 .loc 1 191 10 is_stmt 0 view .LVU108
 352 001e 404A     	 ldr r2,.L36+8
 353 0020 9342     	 cmp r3,r2
 354 0022 54D0     	 beq .L34
 192:Core/Src/opamp.c ****   {
 193:Core/Src/opamp.c ****   /* USER CODE BEGIN OPAMP3_MspInit 0 */
 194:Core/Src/opamp.c **** 
 195:Core/Src/opamp.c ****   /* USER CODE END OPAMP3_MspInit 0 */
 196:Core/Src/opamp.c **** 
 197:Core/Src/opamp.c ****     __HAL_RCC_GPIOA_CLK_ENABLE();
 198:Core/Src/opamp.c ****     __HAL_RCC_GPIOB_CLK_ENABLE();
 199:Core/Src/opamp.c ****     /**OPAMP3 GPIO Configuration
 200:Core/Src/opamp.c ****     PA1     ------> OPAMP3_VINP
 201:Core/Src/opamp.c ****     PB1     ------> OPAMP3_VOUT
 202:Core/Src/opamp.c ****     */
 203:Core/Src/opamp.c ****     GPIO_InitStruct.Pin = GPIO_PIN_1;
 204:Core/Src/opamp.c ****     GPIO_InitStruct.Mode = GPIO_MODE_ANALOG;
 205:Core/Src/opamp.c ****     GPIO_InitStruct.Pull = GPIO_NOPULL;
 206:Core/Src/opamp.c ****     HAL_GPIO_Init(GPIOA, &GPIO_InitStruct);
 207:Core/Src/opamp.c **** 
 208:Core/Src/opamp.c ****     GPIO_InitStruct.Pin = GPIO_PIN_1;
 209:Core/Src/opamp.c ****     GPIO_InitStruct.Mode = GPIO_MODE_ANALOG;
 210:Core/Src/opamp.c ****     GPIO_InitStruct.Pull = GPIO_NOPULL;
 211:Core/Src/opamp.c ****     HAL_GPIO_Init(GPIOB, &GPIO_InitStruct);
 212:Core/Src/opamp.c **** 
 213:Core/Src/opamp.c ****   /* USER CODE BEGIN OPAMP3_MspInit 1 */
 214:Core/Src/opamp.c **** 
 215:Core/Src/opamp.c ****   /* USER CODE END OPAMP3_MspInit 1 */
 216:Core/Src/opamp.c ****   }
 217:Core/Src/opamp.c ****   else if(opampHandle->Instance==OPAMP4)
 355              	 .loc 1 217 8 is_stmt 1 view .LVU109
 356              	 .loc 1 217 10 is_stmt 0 view .LVU110
 357 0024 3F4A     	 ldr r2,.L36+12
 358 0026 9342     	 cmp r3,r2
 359 0028 01D0     	 beq .L35
 360              	.LVL9:
 361              	.L26:
 218:Core/Src/opamp.c ****   {
ARM GAS   			page 12


 219:Core/Src/opamp.c ****   /* USER CODE BEGIN OPAMP4_MspInit 0 */
 220:Core/Src/opamp.c **** 
 221:Core/Src/opamp.c ****   /* USER CODE END OPAMP4_MspInit 0 */
 222:Core/Src/opamp.c **** 
 223:Core/Src/opamp.c ****     __HAL_RCC_GPIOB_CLK_ENABLE();
 224:Core/Src/opamp.c ****     /**OPAMP4 GPIO Configuration
 225:Core/Src/opamp.c ****     PB12     ------> OPAMP4_VOUT
 226:Core/Src/opamp.c ****     PB13     ------> OPAMP4_VINP
 227:Core/Src/opamp.c ****     */
 228:Core/Src/opamp.c ****     GPIO_InitStruct.Pin = GPIO_PIN_12|GPIO_PIN_13;
 229:Core/Src/opamp.c ****     GPIO_InitStruct.Mode = GPIO_MODE_ANALOG;
 230:Core/Src/opamp.c ****     GPIO_InitStruct.Pull = GPIO_NOPULL;
 231:Core/Src/opamp.c ****     HAL_GPIO_Init(GPIOB, &GPIO_InitStruct);
 232:Core/Src/opamp.c **** 
 233:Core/Src/opamp.c ****   /* USER CODE BEGIN OPAMP4_MspInit 1 */
 234:Core/Src/opamp.c **** 
 235:Core/Src/opamp.c ****   /* USER CODE END OPAMP4_MspInit 1 */
 236:Core/Src/opamp.c ****   }
 237:Core/Src/opamp.c **** }
 362              	 .loc 1 237 1 view .LVU111
 363 002a 0CB0     	 add sp,sp,#48
 364              	 .cfi_remember_state
 365              	 .cfi_def_cfa_offset 16
 366              	 
 367 002c D0BD     	 pop {r4,r6,r7,pc}
 368              	.LVL10:
 369              	.L35:
 370              	 .cfi_restore_state
 223:Core/Src/opamp.c ****     /**OPAMP4 GPIO Configuration
 371              	 .loc 1 223 5 is_stmt 1 view .LVU112
 372              	.LBB2:
 223:Core/Src/opamp.c ****     /**OPAMP4 GPIO Configuration
 373              	 .loc 1 223 5 view .LVU113
 223:Core/Src/opamp.c ****     /**OPAMP4 GPIO Configuration
 374              	 .loc 1 223 5 view .LVU114
 375 002e 3E4B     	 ldr r3,.L36+16
 376              	.LBE2:
 231:Core/Src/opamp.c **** 
 377              	 .loc 1 231 5 is_stmt 0 view .LVU115
 378 0030 3E48     	 ldr r0,.L36+20
 379              	.LVL11:
 380              	.LBB3:
 223:Core/Src/opamp.c ****     /**OPAMP4 GPIO Configuration
 381              	 .loc 1 223 5 view .LVU116
 382 0032 DA6C     	 ldr r2,[r3,#76]
 383 0034 42F00202 	 orr r2,r2,#2
 384 0038 DA64     	 str r2,[r3,#76]
 223:Core/Src/opamp.c ****     /**OPAMP4 GPIO Configuration
 385              	 .loc 1 223 5 is_stmt 1 view .LVU117
 386 003a DB6C     	 ldr r3,[r3,#76]
 387 003c 03F00203 	 and r3,r3,#2
 388              	.LBE3:
 228:Core/Src/opamp.c ****     GPIO_InitStruct.Mode = GPIO_MODE_ANALOG;
 389              	 .loc 1 228 25 is_stmt 0 view .LVU118
 390 0040 4FF44056 	 mov r6,#12288
 391 0044 0327     	 movs r7,#3
 392              	.LBB4:
ARM GAS   			page 13


 223:Core/Src/opamp.c ****     /**OPAMP4 GPIO Configuration
 393              	 .loc 1 223 5 view .LVU119
 394 0046 0593     	 str r3,[sp,#20]
 223:Core/Src/opamp.c ****     /**OPAMP4 GPIO Configuration
 395              	 .loc 1 223 5 is_stmt 1 view .LVU120
 396              	.LBE4:
 231:Core/Src/opamp.c **** 
 397              	 .loc 1 231 5 is_stmt 0 view .LVU121
 398 0048 06A9     	 add r1,sp,#24
 228:Core/Src/opamp.c ****     GPIO_InitStruct.Mode = GPIO_MODE_ANALOG;
 399              	 .loc 1 228 25 view .LVU122
 400 004a CDE90667 	 strd r6,[sp,#24]
 401              	.LBB5:
 223:Core/Src/opamp.c ****     /**OPAMP4 GPIO Configuration
 402              	 .loc 1 223 5 view .LVU123
 403 004e 059B     	 ldr r3,[sp,#20]
 404              	.LBE5:
 223:Core/Src/opamp.c ****     /**OPAMP4 GPIO Configuration
 405              	 .loc 1 223 5 is_stmt 1 view .LVU124
 228:Core/Src/opamp.c ****     GPIO_InitStruct.Mode = GPIO_MODE_ANALOG;
 406              	 .loc 1 228 5 view .LVU125
 229:Core/Src/opamp.c ****     GPIO_InitStruct.Pull = GPIO_NOPULL;
 407              	 .loc 1 229 5 view .LVU126
 230:Core/Src/opamp.c ****     HAL_GPIO_Init(GPIOB, &GPIO_InitStruct);
 408              	 .loc 1 230 5 view .LVU127
 231:Core/Src/opamp.c **** 
 409              	 .loc 1 231 5 view .LVU128
 410 0050 FFF7FEFF 	 bl HAL_GPIO_Init
 411              	.LVL12:
 412              	 .loc 1 237 1 is_stmt 0 view .LVU129
 413 0054 E9E7     	 b .L26
 414              	.LVL13:
 415              	.L32:
 151:Core/Src/opamp.c ****     /**OPAMP1 GPIO Configuration
 416              	 .loc 1 151 5 is_stmt 1 view .LVU130
 417              	.LBB6:
 151:Core/Src/opamp.c ****     /**OPAMP1 GPIO Configuration
 418              	 .loc 1 151 5 view .LVU131
 151:Core/Src/opamp.c ****     /**OPAMP1 GPIO Configuration
 419              	 .loc 1 151 5 view .LVU132
 420 0056 344B     	 ldr r3,.L36+16
 421 0058 DA6C     	 ldr r2,[r3,#76]
 422 005a 42F00102 	 orr r2,r2,#1
 423 005e DA64     	 str r2,[r3,#76]
 151:Core/Src/opamp.c ****     /**OPAMP1 GPIO Configuration
 424              	 .loc 1 151 5 view .LVU133
 425 0060 DB6C     	 ldr r3,[r3,#76]
 426 0062 03F00103 	 and r3,r3,#1
 427 0066 0093     	 str r3,[sp]
 151:Core/Src/opamp.c ****     /**OPAMP1 GPIO Configuration
 428              	 .loc 1 151 5 view .LVU134
 429              	.LBE6:
 156:Core/Src/opamp.c ****     GPIO_InitStruct.Mode = GPIO_MODE_ANALOG;
 430              	 .loc 1 156 25 is_stmt 0 view .LVU135
 431 0068 0C26     	 movs r6,#12
 432 006a 0327     	 movs r7,#3
 159:Core/Src/opamp.c **** 
ARM GAS   			page 14


 433              	 .loc 1 159 5 view .LVU136
 434 006c 06A9     	 add r1,sp,#24
 435 006e 4FF09040 	 mov r0,#1207959552
 436              	.LVL14:
 156:Core/Src/opamp.c ****     GPIO_InitStruct.Mode = GPIO_MODE_ANALOG;
 437              	 .loc 1 156 25 view .LVU137
 438 0072 CDE90667 	 strd r6,[sp,#24]
 439              	.LBB7:
 151:Core/Src/opamp.c ****     /**OPAMP1 GPIO Configuration
 440              	 .loc 1 151 5 view .LVU138
 441 0076 009B     	 ldr r3,[sp]
 442              	.LBE7:
 151:Core/Src/opamp.c ****     /**OPAMP1 GPIO Configuration
 443              	 .loc 1 151 5 is_stmt 1 view .LVU139
 156:Core/Src/opamp.c ****     GPIO_InitStruct.Mode = GPIO_MODE_ANALOG;
 444              	 .loc 1 156 5 view .LVU140
 157:Core/Src/opamp.c ****     GPIO_InitStruct.Pull = GPIO_NOPULL;
 445              	 .loc 1 157 5 view .LVU141
 158:Core/Src/opamp.c ****     HAL_GPIO_Init(GPIOA, &GPIO_InitStruct);
 446              	 .loc 1 158 5 view .LVU142
 159:Core/Src/opamp.c **** 
 447              	 .loc 1 159 5 view .LVU143
 448 0078 FFF7FEFF 	 bl HAL_GPIO_Init
 449              	.LVL15:
 450              	 .loc 1 237 1 is_stmt 0 view .LVU144
 451 007c 0CB0     	 add sp,sp,#48
 452              	 .cfi_remember_state
 453              	 .cfi_def_cfa_offset 16
 454              	 
 455 007e D0BD     	 pop {r4,r6,r7,pc}
 456              	.LVL16:
 457              	.L33:
 458              	 .cfi_restore_state
 171:Core/Src/opamp.c ****     __HAL_RCC_GPIOB_CLK_ENABLE();
 459              	 .loc 1 171 5 is_stmt 1 view .LVU145
 460              	.LBB8:
 171:Core/Src/opamp.c ****     __HAL_RCC_GPIOB_CLK_ENABLE();
 461              	 .loc 1 171 5 view .LVU146
 171:Core/Src/opamp.c ****     __HAL_RCC_GPIOB_CLK_ENABLE();
 462              	 .loc 1 171 5 view .LVU147
 463 0080 294B     	 ldr r3,.L36+16
 464 0082 DA6C     	 ldr r2,[r3,#76]
 465 0084 42F00102 	 orr r2,r2,#1
 466 0088 DA64     	 str r2,[r3,#76]
 171:Core/Src/opamp.c ****     __HAL_RCC_GPIOB_CLK_ENABLE();
 467              	 .loc 1 171 5 view .LVU148
 468 008a DA6C     	 ldr r2,[r3,#76]
 469 008c 02F00102 	 and r2,r2,#1
 470 0090 0192     	 str r2,[sp,#4]
 171:Core/Src/opamp.c ****     __HAL_RCC_GPIOB_CLK_ENABLE();
 471              	 .loc 1 171 5 view .LVU149
 472 0092 019A     	 ldr r2,[sp,#4]
 473              	.LBE8:
 171:Core/Src/opamp.c ****     __HAL_RCC_GPIOB_CLK_ENABLE();
 474              	 .loc 1 171 5 view .LVU150
 172:Core/Src/opamp.c ****     /**OPAMP2 GPIO Configuration
 475              	 .loc 1 172 5 view .LVU151
ARM GAS   			page 15


 476              	.LBB9:
 172:Core/Src/opamp.c ****     /**OPAMP2 GPIO Configuration
 477              	 .loc 1 172 5 view .LVU152
 172:Core/Src/opamp.c ****     /**OPAMP2 GPIO Configuration
 478              	 .loc 1 172 5 view .LVU153
 479 0094 DA6C     	 ldr r2,[r3,#76]
 480 0096 42F00202 	 orr r2,r2,#2
 481 009a DA64     	 str r2,[r3,#76]
 172:Core/Src/opamp.c ****     /**OPAMP2 GPIO Configuration
 482              	 .loc 1 172 5 view .LVU154
 483 009c DB6C     	 ldr r3,[r3,#76]
 484 009e 03F00203 	 and r3,r3,#2
 485 00a2 0293     	 str r3,[sp,#8]
 172:Core/Src/opamp.c ****     /**OPAMP2 GPIO Configuration
 486              	 .loc 1 172 5 view .LVU155
 487              	.LBE9:
 177:Core/Src/opamp.c ****     GPIO_InitStruct.Mode = GPIO_MODE_ANALOG;
 488              	 .loc 1 177 25 is_stmt 0 view .LVU156
 489 00a4 4022     	 movs r2,#64
 180:Core/Src/opamp.c **** 
 490              	 .loc 1 180 5 view .LVU157
 491 00a6 06A9     	 add r1,sp,#24
 177:Core/Src/opamp.c ****     GPIO_InitStruct.Mode = GPIO_MODE_ANALOG;
 492              	 .loc 1 177 25 view .LVU158
 493 00a8 0323     	 movs r3,#3
 180:Core/Src/opamp.c **** 
 494              	 .loc 1 180 5 view .LVU159
 495 00aa 4FF09040 	 mov r0,#1207959552
 496              	.LVL17:
 177:Core/Src/opamp.c ****     GPIO_InitStruct.Mode = GPIO_MODE_ANALOG;
 497              	 .loc 1 177 25 view .LVU160
 498 00ae CDE90623 	 strd r2,[sp,#24]
 499              	.LBB10:
 172:Core/Src/opamp.c ****     /**OPAMP2 GPIO Configuration
 500              	 .loc 1 172 5 view .LVU161
 501 00b2 029B     	 ldr r3,[sp,#8]
 502              	.LBE10:
 172:Core/Src/opamp.c ****     /**OPAMP2 GPIO Configuration
 503              	 .loc 1 172 5 is_stmt 1 view .LVU162
 177:Core/Src/opamp.c ****     GPIO_InitStruct.Mode = GPIO_MODE_ANALOG;
 504              	 .loc 1 177 5 view .LVU163
 178:Core/Src/opamp.c ****     GPIO_InitStruct.Pull = GPIO_NOPULL;
 505              	 .loc 1 178 5 view .LVU164
 179:Core/Src/opamp.c ****     HAL_GPIO_Init(GPIOA, &GPIO_InitStruct);
 506              	 .loc 1 179 5 view .LVU165
 180:Core/Src/opamp.c **** 
 507              	 .loc 1 180 5 view .LVU166
 508 00b4 FFF7FEFF 	 bl HAL_GPIO_Init
 509              	.LVL18:
 182:Core/Src/opamp.c ****     GPIO_InitStruct.Mode = GPIO_MODE_ANALOG;
 510              	 .loc 1 182 5 view .LVU167
 183:Core/Src/opamp.c ****     GPIO_InitStruct.Pull = GPIO_NOPULL;
 511              	 .loc 1 183 5 view .LVU168
 182:Core/Src/opamp.c ****     GPIO_InitStruct.Mode = GPIO_MODE_ANALOG;
 512              	 .loc 1 182 25 is_stmt 0 view .LVU169
 513 00b8 0122     	 movs r2,#1
 514 00ba 0323     	 movs r3,#3
ARM GAS   			page 16


 185:Core/Src/opamp.c **** 
 515              	 .loc 1 185 5 view .LVU170
 516 00bc 1B48     	 ldr r0,.L36+20
 184:Core/Src/opamp.c ****     HAL_GPIO_Init(GPIOB, &GPIO_InitStruct);
 517              	 .loc 1 184 26 view .LVU171
 518 00be 0894     	 str r4,[sp,#32]
 185:Core/Src/opamp.c **** 
 519              	 .loc 1 185 5 view .LVU172
 520 00c0 06A9     	 add r1,sp,#24
 182:Core/Src/opamp.c ****     GPIO_InitStruct.Mode = GPIO_MODE_ANALOG;
 521              	 .loc 1 182 25 view .LVU173
 522 00c2 CDE90623 	 strd r2,[sp,#24]
 184:Core/Src/opamp.c ****     HAL_GPIO_Init(GPIOB, &GPIO_InitStruct);
 523              	 .loc 1 184 5 is_stmt 1 view .LVU174
 185:Core/Src/opamp.c **** 
 524              	 .loc 1 185 5 view .LVU175
 525 00c6 FFF7FEFF 	 bl HAL_GPIO_Init
 526              	.LVL19:
 527              	 .loc 1 237 1 is_stmt 0 view .LVU176
 528 00ca 0CB0     	 add sp,sp,#48
 529              	 .cfi_remember_state
 530              	 .cfi_def_cfa_offset 16
 531              	 
 532 00cc D0BD     	 pop {r4,r6,r7,pc}
 533              	.LVL20:
 534              	.L34:
 535              	 .cfi_restore_state
 197:Core/Src/opamp.c ****     __HAL_RCC_GPIOB_CLK_ENABLE();
 536              	 .loc 1 197 5 is_stmt 1 view .LVU177
 537              	.LBB11:
 197:Core/Src/opamp.c ****     __HAL_RCC_GPIOB_CLK_ENABLE();
 538              	 .loc 1 197 5 view .LVU178
 197:Core/Src/opamp.c ****     __HAL_RCC_GPIOB_CLK_ENABLE();
 539              	 .loc 1 197 5 view .LVU179
 540 00ce 164B     	 ldr r3,.L36+16
 541 00d0 DA6C     	 ldr r2,[r3,#76]
 542 00d2 42F00102 	 orr r2,r2,#1
 543 00d6 DA64     	 str r2,[r3,#76]
 197:Core/Src/opamp.c ****     __HAL_RCC_GPIOB_CLK_ENABLE();
 544              	 .loc 1 197 5 view .LVU180
 545 00d8 DA6C     	 ldr r2,[r3,#76]
 546 00da 02F00102 	 and r2,r2,#1
 547 00de 0392     	 str r2,[sp,#12]
 197:Core/Src/opamp.c ****     __HAL_RCC_GPIOB_CLK_ENABLE();
 548              	 .loc 1 197 5 view .LVU181
 549 00e0 039A     	 ldr r2,[sp,#12]
 550              	.LBE11:
 197:Core/Src/opamp.c ****     __HAL_RCC_GPIOB_CLK_ENABLE();
 551              	 .loc 1 197 5 view .LVU182
 198:Core/Src/opamp.c ****     /**OPAMP3 GPIO Configuration
 552              	 .loc 1 198 5 view .LVU183
 553              	.LBB12:
 198:Core/Src/opamp.c ****     /**OPAMP3 GPIO Configuration
 554              	 .loc 1 198 5 view .LVU184
 198:Core/Src/opamp.c ****     /**OPAMP3 GPIO Configuration
 555              	 .loc 1 198 5 view .LVU185
 556 00e2 DA6C     	 ldr r2,[r3,#76]
ARM GAS   			page 17


 557 00e4 42F00202 	 orr r2,r2,#2
 558 00e8 DA64     	 str r2,[r3,#76]
 198:Core/Src/opamp.c ****     /**OPAMP3 GPIO Configuration
 559              	 .loc 1 198 5 view .LVU186
 560 00ea DB6C     	 ldr r3,[r3,#76]
 561 00ec 03F00203 	 and r3,r3,#2
 562 00f0 0493     	 str r3,[sp,#16]
 198:Core/Src/opamp.c ****     /**OPAMP3 GPIO Configuration
 563              	 .loc 1 198 5 view .LVU187
 564              	.LBE12:
 203:Core/Src/opamp.c ****     GPIO_InitStruct.Mode = GPIO_MODE_ANALOG;
 565              	 .loc 1 203 25 is_stmt 0 view .LVU188
 566 00f2 0226     	 movs r6,#2
 567 00f4 0327     	 movs r7,#3
 206:Core/Src/opamp.c **** 
 568              	 .loc 1 206 5 view .LVU189
 569 00f6 06A9     	 add r1,sp,#24
 570 00f8 4FF09040 	 mov r0,#1207959552
 571              	.LVL21:
 572              	.LBB13:
 198:Core/Src/opamp.c ****     /**OPAMP3 GPIO Configuration
 573              	 .loc 1 198 5 view .LVU190
 574 00fc 049B     	 ldr r3,[sp,#16]
 575              	.LBE13:
 198:Core/Src/opamp.c ****     /**OPAMP3 GPIO Configuration
 576              	 .loc 1 198 5 is_stmt 1 view .LVU191
 203:Core/Src/opamp.c ****     GPIO_InitStruct.Mode = GPIO_MODE_ANALOG;
 577              	 .loc 1 203 5 view .LVU192
 204:Core/Src/opamp.c ****     GPIO_InitStruct.Pull = GPIO_NOPULL;
 578              	 .loc 1 204 5 view .LVU193
 205:Core/Src/opamp.c ****     HAL_GPIO_Init(GPIOA, &GPIO_InitStruct);
 579              	 .loc 1 205 5 view .LVU194
 206:Core/Src/opamp.c **** 
 580              	 .loc 1 206 5 view .LVU195
 203:Core/Src/opamp.c ****     GPIO_InitStruct.Mode = GPIO_MODE_ANALOG;
 581              	 .loc 1 203 25 is_stmt 0 view .LVU196
 582 00fe CDE90667 	 strd r6,[sp,#24]
 206:Core/Src/opamp.c **** 
 583              	 .loc 1 206 5 view .LVU197
 584 0102 FFF7FEFF 	 bl HAL_GPIO_Init
 585              	.LVL22:
 208:Core/Src/opamp.c ****     GPIO_InitStruct.Mode = GPIO_MODE_ANALOG;
 586              	 .loc 1 208 5 is_stmt 1 view .LVU198
 209:Core/Src/opamp.c ****     GPIO_InitStruct.Pull = GPIO_NOPULL;
 587              	 .loc 1 209 5 view .LVU199
 211:Core/Src/opamp.c **** 
 588              	 .loc 1 211 5 is_stmt 0 view .LVU200
 589 0106 0948     	 ldr r0,.L36+20
 210:Core/Src/opamp.c ****     HAL_GPIO_Init(GPIOB, &GPIO_InitStruct);
 590              	 .loc 1 210 26 view .LVU201
 591 0108 0894     	 str r4,[sp,#32]
 211:Core/Src/opamp.c **** 
 592              	 .loc 1 211 5 view .LVU202
 593 010a 06A9     	 add r1,sp,#24
 208:Core/Src/opamp.c ****     GPIO_InitStruct.Mode = GPIO_MODE_ANALOG;
 594              	 .loc 1 208 25 view .LVU203
 595 010c CDE90667 	 strd r6,[sp,#24]
ARM GAS   			page 18


 210:Core/Src/opamp.c ****     HAL_GPIO_Init(GPIOB, &GPIO_InitStruct);
 596              	 .loc 1 210 5 is_stmt 1 view .LVU204
 211:Core/Src/opamp.c **** 
 597              	 .loc 1 211 5 view .LVU205
 598 0110 FFF7FEFF 	 bl HAL_GPIO_Init
 599              	.LVL23:
 600              	 .loc 1 237 1 is_stmt 0 view .LVU206
 601 0114 0CB0     	 add sp,sp,#48
 602              	 .cfi_def_cfa_offset 16
 603              	 
 604 0116 D0BD     	 pop {r4,r6,r7,pc}
 605              	.L37:
 606              	 .align 2
 607              	.L36:
 608 0118 00030140 	 .word 1073808128
 609 011c 04030140 	 .word 1073808132
 610 0120 08030140 	 .word 1073808136
 611 0124 0C030140 	 .word 1073808140
 612 0128 00100240 	 .word 1073876992
 613 012c 00040048 	 .word 1207960576
 614              	 .cfi_endproc
 615              	.LFE365:
 617              	 .section .text.HAL_OPAMP_MspDeInit,"ax",%progbits
 618              	 .align 1
 619              	 .p2align 2,,3
 620              	 .global HAL_OPAMP_MspDeInit
 621              	 .syntax unified
 622              	 .thumb
 623              	 .thumb_func
 625              	HAL_OPAMP_MspDeInit:
 626              	.LVL24:
 627              	.LFB366:
 238:Core/Src/opamp.c **** 
 239:Core/Src/opamp.c **** void HAL_OPAMP_MspDeInit(OPAMP_HandleTypeDef* opampHandle)
 240:Core/Src/opamp.c **** {
 628              	 .loc 1 240 1 is_stmt 1 view-0
 629              	 .cfi_startproc
 630              	 
 631              	 
 241:Core/Src/opamp.c **** 
 242:Core/Src/opamp.c ****   if(opampHandle->Instance==OPAMP1)
 632              	 .loc 1 242 3 view .LVU208
 240:Core/Src/opamp.c **** 
 633              	 .loc 1 240 1 is_stmt 0 view .LVU209
 634 0000 08B5     	 push {r3,lr}
 635              	 .cfi_def_cfa_offset 8
 636              	 .cfi_offset 3,-8
 637              	 .cfi_offset 14,-4
 638              	 .loc 1 242 5 view .LVU210
 639 0002 194A     	 ldr r2,.L48
 640              	 .loc 1 242 17 view .LVU211
 641 0004 0368     	 ldr r3,[r0]
 642              	 .loc 1 242 5 view .LVU212
 643 0006 9342     	 cmp r3,r2
 644 0008 10D0     	 beq .L44
 243:Core/Src/opamp.c ****   {
 244:Core/Src/opamp.c ****   /* USER CODE BEGIN OPAMP1_MspDeInit 0 */
ARM GAS   			page 19


 245:Core/Src/opamp.c **** 
 246:Core/Src/opamp.c ****   /* USER CODE END OPAMP1_MspDeInit 0 */
 247:Core/Src/opamp.c **** 
 248:Core/Src/opamp.c ****     /**OPAMP1 GPIO Configuration
 249:Core/Src/opamp.c ****     PA2     ------> OPAMP1_VOUT
 250:Core/Src/opamp.c ****     PA3     ------> OPAMP1_VINP
 251:Core/Src/opamp.c ****     */
 252:Core/Src/opamp.c ****     HAL_GPIO_DeInit(GPIOA, GPIO_PIN_2|GPIO_PIN_3);
 253:Core/Src/opamp.c **** 
 254:Core/Src/opamp.c ****   /* USER CODE BEGIN OPAMP1_MspDeInit 1 */
 255:Core/Src/opamp.c **** 
 256:Core/Src/opamp.c ****   /* USER CODE END OPAMP1_MspDeInit 1 */
 257:Core/Src/opamp.c ****   }
 258:Core/Src/opamp.c ****   else if(opampHandle->Instance==OPAMP2)
 645              	 .loc 1 258 8 is_stmt 1 view .LVU213
 646              	 .loc 1 258 10 is_stmt 0 view .LVU214
 647 000a 184A     	 ldr r2,.L48+4
 648 000c 9342     	 cmp r3,r2
 649 000e 14D0     	 beq .L45
 259:Core/Src/opamp.c ****   {
 260:Core/Src/opamp.c ****   /* USER CODE BEGIN OPAMP2_MspDeInit 0 */
 261:Core/Src/opamp.c **** 
 262:Core/Src/opamp.c ****   /* USER CODE END OPAMP2_MspDeInit 0 */
 263:Core/Src/opamp.c **** 
 264:Core/Src/opamp.c ****     /**OPAMP2 GPIO Configuration
 265:Core/Src/opamp.c ****     PA6     ------> OPAMP2_VOUT
 266:Core/Src/opamp.c ****     PB0     ------> OPAMP2_VINP
 267:Core/Src/opamp.c ****     */
 268:Core/Src/opamp.c ****     HAL_GPIO_DeInit(GPIOA, GPIO_PIN_6);
 269:Core/Src/opamp.c **** 
 270:Core/Src/opamp.c ****     HAL_GPIO_DeInit(GPIOB, GPIO_PIN_0);
 271:Core/Src/opamp.c **** 
 272:Core/Src/opamp.c ****   /* USER CODE BEGIN OPAMP2_MspDeInit 1 */
 273:Core/Src/opamp.c **** 
 274:Core/Src/opamp.c ****   /* USER CODE END OPAMP2_MspDeInit 1 */
 275:Core/Src/opamp.c ****   }
 276:Core/Src/opamp.c ****   else if(opampHandle->Instance==OPAMP3)
 650              	 .loc 1 276 8 is_stmt 1 view .LVU215
 651              	 .loc 1 276 10 is_stmt 0 view .LVU216
 652 0010 174A     	 ldr r2,.L48+8
 653 0012 9342     	 cmp r3,r2
 654 0014 1CD0     	 beq .L46
 277:Core/Src/opamp.c ****   {
 278:Core/Src/opamp.c ****   /* USER CODE BEGIN OPAMP3_MspDeInit 0 */
 279:Core/Src/opamp.c **** 
 280:Core/Src/opamp.c ****   /* USER CODE END OPAMP3_MspDeInit 0 */
 281:Core/Src/opamp.c **** 
 282:Core/Src/opamp.c ****     /**OPAMP3 GPIO Configuration
 283:Core/Src/opamp.c ****     PA1     ------> OPAMP3_VINP
 284:Core/Src/opamp.c ****     PB1     ------> OPAMP3_VOUT
 285:Core/Src/opamp.c ****     */
 286:Core/Src/opamp.c ****     HAL_GPIO_DeInit(GPIOA, GPIO_PIN_1);
 287:Core/Src/opamp.c **** 
 288:Core/Src/opamp.c ****     HAL_GPIO_DeInit(GPIOB, GPIO_PIN_1);
 289:Core/Src/opamp.c **** 
 290:Core/Src/opamp.c ****   /* USER CODE BEGIN OPAMP3_MspDeInit 1 */
 291:Core/Src/opamp.c **** 
ARM GAS   			page 20


 292:Core/Src/opamp.c ****   /* USER CODE END OPAMP3_MspDeInit 1 */
 293:Core/Src/opamp.c ****   }
 294:Core/Src/opamp.c ****   else if(opampHandle->Instance==OPAMP4)
 655              	 .loc 1 294 8 is_stmt 1 view .LVU217
 656              	 .loc 1 294 10 is_stmt 0 view .LVU218
 657 0016 174A     	 ldr r2,.L48+12
 658 0018 9342     	 cmp r3,r2
 659 001a 00D0     	 beq .L47
 295:Core/Src/opamp.c ****   {
 296:Core/Src/opamp.c ****   /* USER CODE BEGIN OPAMP4_MspDeInit 0 */
 297:Core/Src/opamp.c **** 
 298:Core/Src/opamp.c ****   /* USER CODE END OPAMP4_MspDeInit 0 */
 299:Core/Src/opamp.c **** 
 300:Core/Src/opamp.c ****     /**OPAMP4 GPIO Configuration
 301:Core/Src/opamp.c ****     PB12     ------> OPAMP4_VOUT
 302:Core/Src/opamp.c ****     PB13     ------> OPAMP4_VINP
 303:Core/Src/opamp.c ****     */
 304:Core/Src/opamp.c ****     HAL_GPIO_DeInit(GPIOB, GPIO_PIN_12|GPIO_PIN_13);
 305:Core/Src/opamp.c **** 
 306:Core/Src/opamp.c ****   /* USER CODE BEGIN OPAMP4_MspDeInit 1 */
 307:Core/Src/opamp.c **** 
 308:Core/Src/opamp.c ****   /* USER CODE END OPAMP4_MspDeInit 1 */
 309:Core/Src/opamp.c ****   }
 310:Core/Src/opamp.c **** }
 660              	 .loc 1 310 1 view .LVU219
 661 001c 08BD     	 pop {r3,pc}
 662              	.L47:
 304:Core/Src/opamp.c **** 
 663              	 .loc 1 304 5 is_stmt 1 view .LVU220
 664              	 .loc 1 310 1 is_stmt 0 view .LVU221
 665 001e BDE80840 	 pop {r3,lr}
 666              	 .cfi_remember_state
 667              	 .cfi_restore 14
 668              	 .cfi_restore 3
 669              	 .cfi_def_cfa_offset 0
 304:Core/Src/opamp.c **** 
 670              	 .loc 1 304 5 view .LVU222
 671 0022 1548     	 ldr r0,.L48+16
 672              	.LVL25:
 304:Core/Src/opamp.c **** 
 673              	 .loc 1 304 5 view .LVU223
 674 0024 4FF44051 	 mov r1,#12288
 675 0028 FFF7FEBF 	 b HAL_GPIO_DeInit
 676              	.LVL26:
 677              	.L44:
 678              	 .cfi_restore_state
 252:Core/Src/opamp.c **** 
 679              	 .loc 1 252 5 is_stmt 1 view .LVU224
 680              	 .loc 1 310 1 is_stmt 0 view .LVU225
 681 002c BDE80840 	 pop {r3,lr}
 682              	 .cfi_remember_state
 683              	 .cfi_restore 14
 684              	 .cfi_restore 3
 685              	 .cfi_def_cfa_offset 0
 252:Core/Src/opamp.c **** 
 686              	 .loc 1 252 5 view .LVU226
 687 0030 0C21     	 movs r1,#12
ARM GAS   			page 21


 688 0032 4FF09040 	 mov r0,#1207959552
 689              	.LVL27:
 252:Core/Src/opamp.c **** 
 690              	 .loc 1 252 5 view .LVU227
 691 0036 FFF7FEBF 	 b HAL_GPIO_DeInit
 692              	.LVL28:
 693              	.L45:
 694              	 .cfi_restore_state
 268:Core/Src/opamp.c **** 
 695              	 .loc 1 268 5 is_stmt 1 view .LVU228
 696 003a 4021     	 movs r1,#64
 697 003c 4FF09040 	 mov r0,#1207959552
 698              	.LVL29:
 268:Core/Src/opamp.c **** 
 699              	 .loc 1 268 5 is_stmt 0 view .LVU229
 700 0040 FFF7FEFF 	 bl HAL_GPIO_DeInit
 701              	.LVL30:
 270:Core/Src/opamp.c **** 
 702              	 .loc 1 270 5 is_stmt 1 view .LVU230
 703              	 .loc 1 310 1 is_stmt 0 view .LVU231
 704 0044 BDE80840 	 pop {r3,lr}
 705              	 .cfi_remember_state
 706              	 .cfi_restore 14
 707              	 .cfi_restore 3
 708              	 .cfi_def_cfa_offset 0
 270:Core/Src/opamp.c **** 
 709              	 .loc 1 270 5 view .LVU232
 710 0048 0B48     	 ldr r0,.L48+16
 711 004a 0121     	 movs r1,#1
 712 004c FFF7FEBF 	 b HAL_GPIO_DeInit
 713              	.LVL31:
 714              	.L46:
 715              	 .cfi_restore_state
 286:Core/Src/opamp.c **** 
 716              	 .loc 1 286 5 is_stmt 1 view .LVU233
 717 0050 0221     	 movs r1,#2
 718 0052 4FF09040 	 mov r0,#1207959552
 719              	.LVL32:
 286:Core/Src/opamp.c **** 
 720              	 .loc 1 286 5 is_stmt 0 view .LVU234
 721 0056 FFF7FEFF 	 bl HAL_GPIO_DeInit
 722              	.LVL33:
 288:Core/Src/opamp.c **** 
 723              	 .loc 1 288 5 is_stmt 1 view .LVU235
 724              	 .loc 1 310 1 is_stmt 0 view .LVU236
 725 005a BDE80840 	 pop {r3,lr}
 726              	 .cfi_restore 14
 727              	 .cfi_restore 3
 728              	 .cfi_def_cfa_offset 0
 288:Core/Src/opamp.c **** 
 729              	 .loc 1 288 5 view .LVU237
 730 005e 0648     	 ldr r0,.L48+16
 731 0060 0221     	 movs r1,#2
 732 0062 FFF7FEBF 	 b HAL_GPIO_DeInit
 733              	.LVL34:
 734              	.L49:
 735 0066 00BF     	 .align 2
ARM GAS   			page 22


 736              	.L48:
 737 0068 00030140 	 .word 1073808128
 738 006c 04030140 	 .word 1073808132
 739 0070 08030140 	 .word 1073808136
 740 0074 0C030140 	 .word 1073808140
 741 0078 00040048 	 .word 1207960576
 742              	 .cfi_endproc
 743              	.LFE366:
 745              	 .global hopamp4
 746              	 .section .bss.hopamp4,"aw",%nobits
 747              	 .align 3
 750              	hopamp4:
 751 0000 00000000 	 .space 60
 751      00000000 
 751      00000000 
 751      00000000 
 751      00000000 
 752              	 .global hopamp3
 753              	 .section .bss.hopamp3,"aw",%nobits
 754              	 .align 3
 757              	hopamp3:
 758 0000 00000000 	 .space 60
 758      00000000 
 758      00000000 
 758      00000000 
 758      00000000 
 759              	 .global hopamp2
 760              	 .section .bss.hopamp2,"aw",%nobits
 761              	 .align 3
 764              	hopamp2:
 765 0000 00000000 	 .space 60
 765      00000000 
 765      00000000 
 765      00000000 
 765      00000000 
 766              	 .global hopamp1
 767              	 .section .bss.hopamp1,"aw",%nobits
 768              	 .align 3
 771              	hopamp1:
 772 0000 00000000 	 .space 60
 772      00000000 
 772      00000000 
 772      00000000 
 772      00000000 
 773              	 .text
 774              	.Letext0:
 775              	 .file 2 "/usr/lib/gcc/arm-none-eabi/14.2.1/include/stdint.h"
 776              	 .file 3 "Drivers/CMSIS/Device/ST/STM32G4xx/Include/stm32g474xx.h"
 777              	 .file 4 "Drivers/CMSIS/Device/ST/STM32G4xx/Include/stm32g4xx.h"
 778              	 .file 5 "Drivers/STM32G4xx_HAL_Driver/Inc/stm32g4xx_hal_def.h"
 779              	 .file 6 "Drivers/STM32G4xx_HAL_Driver/Inc/stm32g4xx_hal_gpio.h"
 780              	 .file 7 "Drivers/STM32G4xx_HAL_Driver/Inc/stm32g4xx_hal_opamp.h"
 781              	 .file 8 "Core/Inc/opamp.h"
 782              	 .file 9 "Core/Inc/main.h"
ARM GAS   			page 23


DEFINED SYMBOLS
                            *ABS*:00000000 opamp.c
    {standard input}:19     .text.MX_OPAMP1_Init:00000000 $t
    {standard input}:26     .text.MX_OPAMP1_Init:00000000 MX_OPAMP1_Init
    {standard input}:84     .text.MX_OPAMP1_Init:0000002c $d
    {standard input}:771    .bss.hopamp1:00000000 hopamp1
    {standard input}:90     .text.MX_OPAMP2_Init:00000000 $t
    {standard input}:97     .text.MX_OPAMP2_Init:00000000 MX_OPAMP2_Init
    {standard input}:158    .text.MX_OPAMP2_Init:00000030 $d
    {standard input}:764    .bss.hopamp2:00000000 hopamp2
    {standard input}:164    .text.MX_OPAMP3_Init:00000000 $t
    {standard input}:171    .text.MX_OPAMP3_Init:00000000 MX_OPAMP3_Init
    {standard input}:232    .text.MX_OPAMP3_Init:00000030 $d
    {standard input}:757    .bss.hopamp3:00000000 hopamp3
    {standard input}:238    .text.MX_OPAMP4_Init:00000000 $t
    {standard input}:245    .text.MX_OPAMP4_Init:00000000 MX_OPAMP4_Init
    {standard input}:299    .text.MX_OPAMP4_Init:00000028 $d
    {standard input}:750    .bss.hopamp4:00000000 hopamp4
    {standard input}:305    .text.HAL_OPAMP_MspInit:00000000 $t
    {standard input}:312    .text.HAL_OPAMP_MspInit:00000000 HAL_OPAMP_MspInit
    {standard input}:608    .text.HAL_OPAMP_MspInit:00000118 $d
    {standard input}:618    .text.HAL_OPAMP_MspDeInit:00000000 $t
    {standard input}:625    .text.HAL_OPAMP_MspDeInit:00000000 HAL_OPAMP_MspDeInit
    {standard input}:737    .text.HAL_OPAMP_MspDeInit:00000068 $d
    {standard input}:747    .bss.hopamp4:00000000 $d
    {standard input}:754    .bss.hopamp3:00000000 $d
    {standard input}:761    .bss.hopamp2:00000000 $d
    {standard input}:768    .bss.hopamp1:00000000 $d
                           .group:00000000 wm4.0.ea19c25cbb216197368fe558daea6575
                           .group:00000000 wm4.stm32g4xx_hal_conf.h.23.942b1d1576b5866b7e11680d4727b823
                           .group:00000000 wm4.stm32g4xx.h.38.4ce5d67cecf3db23972af81b516b937b
                           .group:00000000 wm4.stm32g474xx.h.34.0f14ed7ce45f8c3c7c55af7520d7efa5
                           .group:00000000 wm4.stdint.h.29.6d480f4ba0f60596e88234283d42444f
                           .group:00000000 wm4.cmsis_version.h.32.46e8eccfa2cfeaae11d008bb2823a3ed
                           .group:00000000 wm4.core_cm4.h.66.e4ff136c4a17abc46741866f64f8e729
                           .group:00000000 wm4.cmsis_gcc.h.26.78077cef1206e937f7b56043ffca496a
                           .group:00000000 wm4.core_cm4.h.174.fcddd62df80231752fa39eb9b61dadfe
                           .group:00000000 wm4.mpu_armv7.h.32.4049752bb5792d4e15357775e9506cfc
                           .group:00000000 wm4.stm32g474xx.h.714.40df4d5d8bd1a3a0e2dcb49e18b09038
                           .group:00000000 wm4.stm32g4xx.h.158.aa4340ed3b15fb0d4b1741cf5ce96563
                           .group:00000000 wm4.stm32_hal_legacy.h.22.e1e932ae083ad1562e3b1af87ae47999
                           .group:00000000 wm4.stddef.h.39.0dc9006b34572d4d9cae4c8b422c4971
                           .group:00000000 wm4.stm32g4xx_hal_def.h.57.460ac21f0caebde175d7222cb23afe15
                           .group:00000000 wm4.stm32g4xx_hal_rcc.h.135.8d28bdf720f4165758e115c83d05a7c2
                           .group:00000000 wm4.stm32g4xx_hal_rcc_ex.h.20.a381de89af88802207f549f948fabbc4
                           .group:00000000 wm4.stm32g4xx_hal_gpio.h.21.2ca30689d7a5ad939e06f5298d557243
                           .group:00000000 wm4.stm32g4xx_hal_gpio_ex.h.22.1b7da6fc7615b2341724123ae8e461d9
                           .group:00000000 wm4.stm32g4xx_hal_dma.h.21.2e23b0d56595a6b838cda841e78b2cf2
                           .group:00000000 wm4.stm32g4xx_hal_dma_ex.h.21.93a1fe56678997ad72754076070f4a0d
                           .group:00000000 wm4.stm32g4xx_hal_dma.h.803.dd88ea57b632f588d556f066658ac8d8
                           .group:00000000 wm4.stm32g4xx_hal_cortex.h.20.1ad77fb6b4fc679887cb0a980ea44a7a
                           .group:00000000 wm4.stm32g4xx_ll_adc.h.21.8052bcc80fb264686ac0eb0df096b4eb
                           .group:00000000 wm4.stm32g4xx_hal_adc.h.441.b9143c2a34e1e7389f3042e2226178dc
                           .group:00000000 wm4.stm32g4xx_hal_adc_ex.h.21.bf5e513b0c782ac53971b6599734b8c4
                           .group:00000000 wm4.stm32g4xx_ll_exti.h.21.3148a6980741767f71761eb445f346e9
                           .group:00000000 wm4.stm32g4xx_hal_comp.h.74.993852ecfac8b19c902e64e33c61511c
                           .group:00000000 wm4.stm32g4xx_hal_dac.h.21.db627068e52007634376a4c972c5d419
ARM GAS   			page 24


                           .group:00000000 wm4.stm32g4xx_hal_dac_ex.h.21.3725e9b2e9e08a08e2a598b2d2f18a92
                           .group:00000000 wm4.stm32g4xx_hal_exti.h.21.723acd8e98480aae634680651af4eb2a
                           .group:00000000 wm4.stm32g4xx_hal_fdcan.h.21.7e3b4b48cfc4adf8b669f7e4b16ec2a0
                           .group:00000000 wm4.stm32g4xx_hal_flash.h.20.d5eb04c7abbe2eb79b40a04b3414a774
                           .group:00000000 wm4.stm32g4xx_hal_flash.h.868.06dd2f9ca2f40ac164951ad647480079
                           .group:00000000 wm4.stm32g4xx_hal_hrtim.h.21.5bb9cc2116aa63503a68d53ce84fbb8c
                           .group:00000000 wm4.stm32g4xx_hal_opamp.h.21.0de86917e81e98dccfa125838db59b66
                           .group:00000000 wm4.stm32g4xx_hal_pwr.h.21.9b149e14c0ecf58cee46e8fb7f654b77
                           .group:00000000 wm4.stm32g4xx_hal_pwr_ex.h.21.32206cbbd2cbec024b8600a98cfa3df7
                           .group:00000000 wm4.stm32g4xx_hal_tim.h.21.48998681c932026239437f6645b6b47f
                           .group:00000000 wm4.stm32g4xx_hal_tim_ex.h.21.931c546f492dcdbc9ac587da38712500
                           .group:00000000 wm4.stm32g4xx_hal.h.49.77ad48c45d6a59e5132483403b560be0
                           .group:00000000 wm4.main.h.60.b5d5fcf8e20642920eaa5e2c93fc5ae7

UNDEFINED SYMBOLS
HAL_OPAMP_Init
Error_Handler
HAL_GPIO_Init
HAL_GPIO_DeInit
