ARM GAS   			page 1


   1              	 .cpu cortex-m4
   2              	 .eabi_attribute 27,1
   3              	 .eabi_attribute 28,1
   4              	 .eabi_attribute 20,1
   5              	 .eabi_attribute 21,1
   6              	 .eabi_attribute 23,3
   7              	 .eabi_attribute 24,1
   8              	 .eabi_attribute 25,1
   9              	 .eabi_attribute 26,1
  10              	 .eabi_attribute 30,2
  11              	 .eabi_attribute 34,1
  12              	 .eabi_attribute 18,4
  13              	 .file "stm32f3xx_hal_msp.c"
  14              	 .text
  15              	.Ltext0:
  16              	 .cfi_sections .debug_frame
  17              	 .section .text.HAL_MspInit,"ax",%progbits
  18              	 .align 1
  19              	 .p2align 2,,3
  20              	 .global HAL_MspInit
  21              	 .arch armv7e-m
  22              	 .syntax unified
  23              	 .thumb
  24              	 .thumb_func
  25              	 .fpu fpv4-sp-d16
  27              	HAL_MspInit:
  28              	.LFB123:
  29              	 .file 1 "Core/Src/stm32f3xx_hal_msp.c"
   1:Core/Src/stm32f3xx_hal_msp.c **** /* USER CODE BEGIN Header */
   2:Core/Src/stm32f3xx_hal_msp.c **** /**
   3:Core/Src/stm32f3xx_hal_msp.c ****   ******************************************************************************
   4:Core/Src/stm32f3xx_hal_msp.c ****   * @file         stm32f3xx_hal_msp.c
   5:Core/Src/stm32f3xx_hal_msp.c ****   * @brief        This file provides code for the MSP Initialization
   6:Core/Src/stm32f3xx_hal_msp.c ****   *               and de-Initialization codes.
   7:Core/Src/stm32f3xx_hal_msp.c ****   ******************************************************************************
   8:Core/Src/stm32f3xx_hal_msp.c ****   * @attention
   9:Core/Src/stm32f3xx_hal_msp.c ****   *
  10:Core/Src/stm32f3xx_hal_msp.c ****   * Copyright (c) 2023 STMicroelectronics.
  11:Core/Src/stm32f3xx_hal_msp.c ****   * All rights reserved.
  12:Core/Src/stm32f3xx_hal_msp.c ****   *
  13:Core/Src/stm32f3xx_hal_msp.c ****   * This software is licensed under terms that can be found in the LICENSE file
  14:Core/Src/stm32f3xx_hal_msp.c ****   * in the root directory of this software component.
  15:Core/Src/stm32f3xx_hal_msp.c ****   * If no LICENSE file comes with this software, it is provided AS-IS.
  16:Core/Src/stm32f3xx_hal_msp.c ****   *
  17:Core/Src/stm32f3xx_hal_msp.c ****   ******************************************************************************
  18:Core/Src/stm32f3xx_hal_msp.c ****   */
  19:Core/Src/stm32f3xx_hal_msp.c **** /* USER CODE END Header */
  20:Core/Src/stm32f3xx_hal_msp.c **** 
  21:Core/Src/stm32f3xx_hal_msp.c **** /* Includes ------------------------------------------------------------------*/
  22:Core/Src/stm32f3xx_hal_msp.c **** #include "main.h"
  23:Core/Src/stm32f3xx_hal_msp.c **** 
  24:Core/Src/stm32f3xx_hal_msp.c **** /* USER CODE BEGIN Includes */
  25:Core/Src/stm32f3xx_hal_msp.c **** 
  26:Core/Src/stm32f3xx_hal_msp.c **** /* USER CODE END Includes */
  27:Core/Src/stm32f3xx_hal_msp.c **** 
  28:Core/Src/stm32f3xx_hal_msp.c **** /* Private typedef -----------------------------------------------------------*/
  29:Core/Src/stm32f3xx_hal_msp.c **** /* USER CODE BEGIN TD */
ARM GAS   			page 2


  30:Core/Src/stm32f3xx_hal_msp.c **** 
  31:Core/Src/stm32f3xx_hal_msp.c **** /* USER CODE END TD */
  32:Core/Src/stm32f3xx_hal_msp.c **** 
  33:Core/Src/stm32f3xx_hal_msp.c **** /* Private define ------------------------------------------------------------*/
  34:Core/Src/stm32f3xx_hal_msp.c **** /* USER CODE BEGIN Define */
  35:Core/Src/stm32f3xx_hal_msp.c **** 
  36:Core/Src/stm32f3xx_hal_msp.c **** /* USER CODE END Define */
  37:Core/Src/stm32f3xx_hal_msp.c **** 
  38:Core/Src/stm32f3xx_hal_msp.c **** /* Private macro -------------------------------------------------------------*/
  39:Core/Src/stm32f3xx_hal_msp.c **** /* USER CODE BEGIN Macro */
  40:Core/Src/stm32f3xx_hal_msp.c **** 
  41:Core/Src/stm32f3xx_hal_msp.c **** /* USER CODE END Macro */
  42:Core/Src/stm32f3xx_hal_msp.c **** 
  43:Core/Src/stm32f3xx_hal_msp.c **** /* Private variables ---------------------------------------------------------*/
  44:Core/Src/stm32f3xx_hal_msp.c **** /* USER CODE BEGIN PV */
  45:Core/Src/stm32f3xx_hal_msp.c **** 
  46:Core/Src/stm32f3xx_hal_msp.c **** /* USER CODE END PV */
  47:Core/Src/stm32f3xx_hal_msp.c **** 
  48:Core/Src/stm32f3xx_hal_msp.c **** /* Private function prototypes -----------------------------------------------*/
  49:Core/Src/stm32f3xx_hal_msp.c **** /* USER CODE BEGIN PFP */
  50:Core/Src/stm32f3xx_hal_msp.c **** 
  51:Core/Src/stm32f3xx_hal_msp.c **** /* USER CODE END PFP */
  52:Core/Src/stm32f3xx_hal_msp.c **** 
  53:Core/Src/stm32f3xx_hal_msp.c **** /* External functions --------------------------------------------------------*/
  54:Core/Src/stm32f3xx_hal_msp.c **** /* USER CODE BEGIN ExternalFunctions */
  55:Core/Src/stm32f3xx_hal_msp.c **** 
  56:Core/Src/stm32f3xx_hal_msp.c **** /* USER CODE END ExternalFunctions */
  57:Core/Src/stm32f3xx_hal_msp.c **** 
  58:Core/Src/stm32f3xx_hal_msp.c **** /* USER CODE BEGIN 0 */
  59:Core/Src/stm32f3xx_hal_msp.c **** 
  60:Core/Src/stm32f3xx_hal_msp.c **** /* USER CODE END 0 */
  61:Core/Src/stm32f3xx_hal_msp.c **** /**
  62:Core/Src/stm32f3xx_hal_msp.c ****   * Initializes the Global MSP.
  63:Core/Src/stm32f3xx_hal_msp.c ****   */
  64:Core/Src/stm32f3xx_hal_msp.c **** void HAL_MspInit(void)
  65:Core/Src/stm32f3xx_hal_msp.c **** {
  30              	 .loc 1 65 1 view-0
  31              	 .cfi_startproc
  32              	 
  33              	 
  66:Core/Src/stm32f3xx_hal_msp.c ****   /* USER CODE BEGIN MspInit 0 */
  67:Core/Src/stm32f3xx_hal_msp.c **** 
  68:Core/Src/stm32f3xx_hal_msp.c ****   /* USER CODE END MspInit 0 */
  69:Core/Src/stm32f3xx_hal_msp.c **** 
  70:Core/Src/stm32f3xx_hal_msp.c ****   __HAL_RCC_SYSCFG_CLK_ENABLE();
  34              	 .loc 1 70 3 view .LVU1
  35              	.LBB2:
  36              	 .loc 1 70 3 view .LVU2
  37              	 .loc 1 70 3 view .LVU3
  38 0000 114B     	 ldr r3,.L4
  39              	.LBE2:
  65:Core/Src/stm32f3xx_hal_msp.c ****   /* USER CODE BEGIN MspInit 0 */
  40              	 .loc 1 65 1 is_stmt 0 view .LVU4
  41 0002 10B5     	 push {r4,lr}
  42              	 .cfi_def_cfa_offset 8
  43              	 .cfi_offset 4,-8
  44              	 .cfi_offset 14,-4
ARM GAS   			page 3


  45              	.LBB3:
  46              	 .loc 1 70 3 view .LVU5
  47 0004 9869     	 ldr r0,[r3,#24]
  48 0006 40F00100 	 orr r0,r0,#1
  49 000a 9861     	 str r0,[r3,#24]
  50              	 .loc 1 70 3 is_stmt 1 view .LVU6
  51 000c 9C69     	 ldr r4,[r3,#24]
  52              	.LBE3:
  65:Core/Src/stm32f3xx_hal_msp.c ****   /* USER CODE BEGIN MspInit 0 */
  53              	 .loc 1 65 1 is_stmt 0 view .LVU7
  54 000e 82B0     	 sub sp,sp,#8
  55              	 .cfi_def_cfa_offset 16
  56              	.LBB4:
  57              	 .loc 1 70 3 view .LVU8
  58 0010 04F00104 	 and r4,r4,#1
  59 0014 0094     	 str r4,[sp]
  60              	 .loc 1 70 3 is_stmt 1 view .LVU9
  61 0016 009C     	 ldr r4,[sp]
  62              	.LBE4:
  63              	 .loc 1 70 3 view .LVU10
  71:Core/Src/stm32f3xx_hal_msp.c ****   __HAL_RCC_PWR_CLK_ENABLE();
  64              	 .loc 1 71 3 view .LVU11
  65              	.LBB5:
  66              	 .loc 1 71 3 view .LVU12
  67              	 .loc 1 71 3 view .LVU13
  68 0018 DC69     	 ldr r4,[r3,#28]
  69 001a 44F08054 	 orr r4,r4,#268435456
  70 001e DC61     	 str r4,[r3,#28]
  71              	 .loc 1 71 3 view .LVU14
  72 0020 DB69     	 ldr r3,[r3,#28]
  73 0022 03F08053 	 and r3,r3,#268435456
  74 0026 0193     	 str r3,[sp,#4]
  75              	 .loc 1 71 3 view .LVU15
  76              	.LBE5:
  72:Core/Src/stm32f3xx_hal_msp.c **** 
  73:Core/Src/stm32f3xx_hal_msp.c ****   /* System interrupt init*/
  74:Core/Src/stm32f3xx_hal_msp.c ****   /* DebugMonitor_IRQn interrupt configuration */
  75:Core/Src/stm32f3xx_hal_msp.c ****   HAL_NVIC_SetPriority(DebugMonitor_IRQn, 10, 0);
  77              	 .loc 1 75 3 is_stmt 0 view .LVU16
  78 0028 0022     	 movs r2,#0
  79 002a 0A21     	 movs r1,#10
  80 002c 6FF00300 	 mvn r0,#3
  81              	.LBB6:
  71:Core/Src/stm32f3xx_hal_msp.c ****   __HAL_RCC_PWR_CLK_ENABLE();
  82              	 .loc 1 71 3 view .LVU17
  83 0030 019B     	 ldr r3,[sp,#4]
  84              	.LBE6:
  71:Core/Src/stm32f3xx_hal_msp.c ****   __HAL_RCC_PWR_CLK_ENABLE();
  85              	 .loc 1 71 3 is_stmt 1 view .LVU18
  86              	 .loc 1 75 3 view .LVU19
  87 0032 FFF7FEFF 	 bl HAL_NVIC_SetPriority
  88              	.LVL0:
  76:Core/Src/stm32f3xx_hal_msp.c ****   /* PendSV_IRQn interrupt configuration */
  77:Core/Src/stm32f3xx_hal_msp.c ****   HAL_NVIC_SetPriority(PendSV_IRQn, 15, 0);
  89              	 .loc 1 77 3 view .LVU20
  90 0036 0022     	 movs r2,#0
  91 0038 0F21     	 movs r1,#15
ARM GAS   			page 4


  92 003a 6FF00100 	 mvn r0,#1
  78:Core/Src/stm32f3xx_hal_msp.c **** 
  79:Core/Src/stm32f3xx_hal_msp.c ****   /* USER CODE BEGIN MspInit 1 */
  80:Core/Src/stm32f3xx_hal_msp.c **** 
  81:Core/Src/stm32f3xx_hal_msp.c ****   /* USER CODE END MspInit 1 */
  82:Core/Src/stm32f3xx_hal_msp.c **** }
  93              	 .loc 1 82 1 is_stmt 0 view .LVU21
  94 003e 02B0     	 add sp,sp,#8
  95              	 .cfi_def_cfa_offset 8
  96              	 
  97 0040 BDE81040 	 pop {r4,lr}
  98              	 .cfi_restore 14
  99              	 .cfi_restore 4
 100              	 .cfi_def_cfa_offset 0
  77:Core/Src/stm32f3xx_hal_msp.c **** 
 101              	 .loc 1 77 3 view .LVU22
 102 0044 FFF7FEBF 	 b HAL_NVIC_SetPriority
 103              	.LVL1:
 104              	.L5:
 105              	 .align 2
 106              	.L4:
 107 0048 00100240 	 .word 1073876992
 108              	 .cfi_endproc
 109              	.LFE123:
 111              	 .text
 112              	.Letext0:
 113              	 .file 2 "Drivers/CMSIS/Device/ST/STM32F3xx/Include/stm32f334x8.h"
 114              	 .file 3 "/usr/lib/gcc/arm-none-eabi/10.3.1/include/stdint.h"
 115              	 .file 4 "Drivers/STM32F3xx_HAL_Driver/Inc/stm32f3xx_hal_cortex.h"
ARM GAS   			page 5


DEFINED SYMBOLS
                            *ABS*:0000000000000000 stm32f3xx_hal_msp.c
    {standard input}:18     .text.HAL_MspInit:0000000000000000 $t
    {standard input}:27     .text.HAL_MspInit:0000000000000000 HAL_MspInit
    {standard input}:107    .text.HAL_MspInit:0000000000000048 $d
                           .group:0000000000000000 wm4.0.5772491a24f9cd1476a244d548d5000f
                           .group:0000000000000000 wm4.stm32f3xx_hal_conf.h.22.68702fcb376080053c327f742c9961b5
                           .group:0000000000000000 wm4.stm32f3xx.h.38.82e8e99dfe49c20b1a4a903bd92d6a62
                           .group:0000000000000000 wm4.stm32f334x8.h.34.4062b27910dbe4163b311597cc3129d0
                           .group:0000000000000000 wm4.stdint.h.29.6d480f4ba0f60596e88234283d42444f
                           .group:0000000000000000 wm4.cmsis_version.h.32.4d5822004c01a829a975260e854b5f8e
                           .group:0000000000000000 wm4.core_cm4.h.66.e4ff136c4a17abc46741866f64f8e729
                           .group:0000000000000000 wm4.cmsis_gcc.h.26.6774fe91202d65f4d5ffcff60e00da34
                           .group:0000000000000000 wm4.core_cm4.h.174.300c477346073ecdebb72dd943ae4d09
                           .group:0000000000000000 wm4.stm32f334x8.h.742.4d018c717ec53f6245cec4363d185c67
                           .group:0000000000000000 wm4.stm32f3xx.h.174.91b72afab8b3d83f71cfd7ef15cf4952
                           .group:0000000000000000 wm4.stm32_hal_legacy.h.22.faf2d895fc44f19fdf533a93a00a4465
                           .group:0000000000000000 wm4.stddef.h.39.144cf5ddcd53cbfdac30259dc1a6c87f
                           .group:0000000000000000 wm4.stm32f3xx_hal_def.h.58.9b3c2bdf4a254dccb0f88c83bea62e05
                           .group:0000000000000000 wm4.stm32f3xx_hal_rcc.h.46.e37a97e5b8d0ca06a596d1c15979cbcc
                           .group:0000000000000000 wm4.stm32f3xx_hal_rcc_ex.h.20.10471072208d7575503f2f1804851a76
                           .group:0000000000000000 wm4.stm32f3xx_hal_gpio.h.21.7cd0c7cb2091a8a34b9016ef7d16b8a7
                           .group:0000000000000000 wm4.stm32f3xx_hal_gpio_ex.h.21.af39eaa5623e0a1009fcf4398ea2c1b7
                           .group:0000000000000000 wm4.stm32f3xx_hal_exti.h.21.97ce243ab3f68da52c38aef7d478a1e0
                           .group:0000000000000000 wm4.stm32f3xx_hal_dma.h.21.cc527711b185a0aec89274d6a9e66e40
                           .group:0000000000000000 wm4.stm32f3xx_hal_dma_ex.h.21.0990be4ccabf56d8663bc991eae085b1
                           .group:0000000000000000 wm4.stm32f3xx_hal_dma.h.406.bee398d2c322633b5d4483460294543c
                           .group:0000000000000000 wm4.stm32f3xx_hal_cortex.h.21.2e6f8d82a4b5342dc6cb4d8275d4190e
                           .group:0000000000000000 wm4.stm32f3xx_hal_adc_ex.h.21.83e1b666f94c6741e0f75669498b4cf0
                           .group:0000000000000000 wm4.stm32f3xx_hal_adc.h.55.6de54c307a17ed796a45b8e483250af2
                           .group:0000000000000000 wm4.stm32f3xx_hal_can.h.21.e8a2553fb767050d2b1baa10ea524b9c
                           .group:0000000000000000 wm4.stm32f3xx_hal_flash.h.20.53fc2ade23629e1c8d41b6b358abbb8d
                           .group:0000000000000000 wm4.stm32f3xx_hal_flash_ex.h.20.66a2e271db53c743be1fcb77b2017459
                           .group:0000000000000000 wm4.stm32f3xx_hal_hrtim.h.21.fb28980682ad68d99a88889d8ff4d172
                           .group:0000000000000000 wm4.stm32f3xx_hal_i2c.h.21.f7663f116d03c0043fd0e75e612f16ea
                           .group:0000000000000000 wm4.stm32f3xx_hal_i2c_ex.h.21.cf479782f4f3a68ef5fbce499167225b
                           .group:0000000000000000 wm4.stm32f3xx_hal_i2c.h.739.edde0c83ea6830c2c975fff967ebea26
                           .group:0000000000000000 wm4.stm32f3xx_hal_iwdg.h.21.3504a210964eb279ef1de8bb44988f11
                           .group:0000000000000000 wm4.stm32f3xx_hal_pwr.h.21.6193057a5c33d0b02d2f3a23acd22249
                           .group:0000000000000000 wm4.stm32f3xx_hal_pwr_ex.h.21.0ae6fdf7fd790f205b68ea57197f080d
                           .group:0000000000000000 wm4.stm32f3xx_hal_tim.h.21.d20cc3ea3a57aedcc53e87fa48cc1f6c
                           .group:0000000000000000 wm4.stm32f3xx_hal_tim_ex.h.21.87406a6cc7024a9faaf6aed69e2733ce
                           .group:0000000000000000 wm4.stm32f3xx_hal_uart.h.21.11bf2ca66aa636cfe74a1eb39fe0d460
                           .group:0000000000000000 wm4.stm32f3xx_hal_uart_ex.h.21.f592049ad8b63c2f48d6a2e8f48bef5c
                           .group:0000000000000000 wm4.stm32f3xx_hal.h.43.350d066a115a4ce03caef6c5048b93ca
                           .group:0000000000000000 wm4.main.h.60.25040540409f96806b00c4a4ef3ee0f3

UNDEFINED SYMBOLS
HAL_NVIC_SetPriority
