ARM GAS   			page 1


   1              	 .cpu cortex-m4
   2              	 .eabi_attribute 27,1
   3              	 .eabi_attribute 28,1
   4              	 .eabi_attribute 20,1
   5              	 .eabi_attribute 21,1
   6              	 .eabi_attribute 23,3
   7              	 .eabi_attribute 24,1
   8              	 .eabi_attribute 25,1
   9              	 .eabi_attribute 26,1
  10              	 .eabi_attribute 30,2
  11              	 .eabi_attribute 34,1
  12              	 .eabi_attribute 18,4
  13              	 .file "stm32f3xx_it.c"
  14              	 .text
  15              	.Ltext0:
  16              	 .cfi_sections .debug_frame
  17              	 .section .text.NMI_Handler,"ax",%progbits
  18              	 .align 1
  19              	 .p2align 2,,3
  20              	 .global NMI_Handler
  21              	 .arch armv7e-m
  22              	 .syntax unified
  23              	 .thumb
  24              	 .thumb_func
  25              	 .fpu fpv4-sp-d16
  27              	NMI_Handler:
  28              	.LFB123:
  29              	 .file 1 "Core/Src/stm32f3xx_it.c"
   1:Core/Src/stm32f3xx_it.c **** /* USER CODE BEGIN Header */
   2:Core/Src/stm32f3xx_it.c **** /**
   3:Core/Src/stm32f3xx_it.c ****   ******************************************************************************
   4:Core/Src/stm32f3xx_it.c ****   * @file    stm32f3xx_it.c
   5:Core/Src/stm32f3xx_it.c ****   * @brief   Interrupt Service Routines.
   6:Core/Src/stm32f3xx_it.c ****   ******************************************************************************
   7:Core/Src/stm32f3xx_it.c ****   * @attention
   8:Core/Src/stm32f3xx_it.c ****   *
   9:Core/Src/stm32f3xx_it.c ****   * Copyright (c) 2023 STMicroelectronics.
  10:Core/Src/stm32f3xx_it.c ****   * All rights reserved.
  11:Core/Src/stm32f3xx_it.c ****   *
  12:Core/Src/stm32f3xx_it.c ****   * This software is licensed under terms that can be found in the LICENSE file
  13:Core/Src/stm32f3xx_it.c ****   * in the root directory of this software component.
  14:Core/Src/stm32f3xx_it.c ****   * If no LICENSE file comes with this software, it is provided AS-IS.
  15:Core/Src/stm32f3xx_it.c ****   *
  16:Core/Src/stm32f3xx_it.c ****   ******************************************************************************
  17:Core/Src/stm32f3xx_it.c ****   */
  18:Core/Src/stm32f3xx_it.c **** /* USER CODE END Header */
  19:Core/Src/stm32f3xx_it.c **** 
  20:Core/Src/stm32f3xx_it.c **** /* Includes ------------------------------------------------------------------*/
  21:Core/Src/stm32f3xx_it.c **** #include "main.h"
  22:Core/Src/stm32f3xx_it.c **** #include "stm32f3xx_it.h"
  23:Core/Src/stm32f3xx_it.c **** /* Private includes ----------------------------------------------------------*/
  24:Core/Src/stm32f3xx_it.c **** /* USER CODE BEGIN Includes */
  25:Core/Src/stm32f3xx_it.c **** /* USER CODE END Includes */
  26:Core/Src/stm32f3xx_it.c **** 
  27:Core/Src/stm32f3xx_it.c **** /* Private typedef -----------------------------------------------------------*/
  28:Core/Src/stm32f3xx_it.c **** /* USER CODE BEGIN TD */
  29:Core/Src/stm32f3xx_it.c **** 
ARM GAS   			page 2


  30:Core/Src/stm32f3xx_it.c **** /* USER CODE END TD */
  31:Core/Src/stm32f3xx_it.c **** 
  32:Core/Src/stm32f3xx_it.c **** /* Private define ------------------------------------------------------------*/
  33:Core/Src/stm32f3xx_it.c **** /* USER CODE BEGIN PD */
  34:Core/Src/stm32f3xx_it.c **** 
  35:Core/Src/stm32f3xx_it.c **** /* USER CODE END PD */
  36:Core/Src/stm32f3xx_it.c **** 
  37:Core/Src/stm32f3xx_it.c **** /* Private macro -------------------------------------------------------------*/
  38:Core/Src/stm32f3xx_it.c **** /* USER CODE BEGIN PM */
  39:Core/Src/stm32f3xx_it.c **** 
  40:Core/Src/stm32f3xx_it.c **** /* USER CODE END PM */
  41:Core/Src/stm32f3xx_it.c **** 
  42:Core/Src/stm32f3xx_it.c **** /* Private variables ---------------------------------------------------------*/
  43:Core/Src/stm32f3xx_it.c **** /* USER CODE BEGIN PV */
  44:Core/Src/stm32f3xx_it.c **** 
  45:Core/Src/stm32f3xx_it.c **** /* USER CODE END PV */
  46:Core/Src/stm32f3xx_it.c **** 
  47:Core/Src/stm32f3xx_it.c **** /* Private function prototypes -----------------------------------------------*/
  48:Core/Src/stm32f3xx_it.c **** /* USER CODE BEGIN PFP */
  49:Core/Src/stm32f3xx_it.c **** 
  50:Core/Src/stm32f3xx_it.c **** /* USER CODE END PFP */
  51:Core/Src/stm32f3xx_it.c **** 
  52:Core/Src/stm32f3xx_it.c **** /* Private user code ---------------------------------------------------------*/
  53:Core/Src/stm32f3xx_it.c **** /* USER CODE BEGIN 0 */
  54:Core/Src/stm32f3xx_it.c **** 
  55:Core/Src/stm32f3xx_it.c **** /* USER CODE END 0 */
  56:Core/Src/stm32f3xx_it.c **** 
  57:Core/Src/stm32f3xx_it.c **** /* External variables --------------------------------------------------------*/
  58:Core/Src/stm32f3xx_it.c **** 
  59:Core/Src/stm32f3xx_it.c **** /* USER CODE BEGIN EV */
  60:Core/Src/stm32f3xx_it.c **** 
  61:Core/Src/stm32f3xx_it.c **** /* USER CODE END EV */
  62:Core/Src/stm32f3xx_it.c **** 
  63:Core/Src/stm32f3xx_it.c **** /******************************************************************************/
  64:Core/Src/stm32f3xx_it.c **** /*           Cortex-M4 Processor Interruption and Exception Handlers          */
  65:Core/Src/stm32f3xx_it.c **** /******************************************************************************/
  66:Core/Src/stm32f3xx_it.c **** /**
  67:Core/Src/stm32f3xx_it.c ****   * @brief This function handles Non maskable interrupt.
  68:Core/Src/stm32f3xx_it.c ****   */
  69:Core/Src/stm32f3xx_it.c **** void NMI_Handler(void)
  70:Core/Src/stm32f3xx_it.c **** {
  30              	 .loc 1 70 1 view-0
  31              	 .cfi_startproc
  32              	 
  33              	 
  34              	 
  35              	 
  36              	.L2:
  71:Core/Src/stm32f3xx_it.c ****   /* USER CODE BEGIN NonMaskableInt_IRQn 0 */
  72:Core/Src/stm32f3xx_it.c **** 
  73:Core/Src/stm32f3xx_it.c ****   /* USER CODE END NonMaskableInt_IRQn 0 */
  74:Core/Src/stm32f3xx_it.c ****   /* USER CODE BEGIN NonMaskableInt_IRQn 1 */
  75:Core/Src/stm32f3xx_it.c ****   while (1)
  37              	 .loc 1 75 3 discriminator 1 view .LVU1
  76:Core/Src/stm32f3xx_it.c ****   {
  77:Core/Src/stm32f3xx_it.c ****   }
  38              	 .loc 1 77 3 discriminator 1 view .LVU2
ARM GAS   			page 3


  75:Core/Src/stm32f3xx_it.c ****   {
  39              	 .loc 1 75 9 discriminator 1 view .LVU3
  40 0000 FEE7     	 b .L2
  41              	 .cfi_endproc
  42              	.LFE123:
  44 0002 00BF     	 .section .text.HardFault_Handler,"ax",%progbits
  45              	 .align 1
  46              	 .p2align 2,,3
  47              	 .global HardFault_Handler
  48              	 .syntax unified
  49              	 .thumb
  50              	 .thumb_func
  51              	 .fpu fpv4-sp-d16
  53              	HardFault_Handler:
  54              	.LFB124:
  78:Core/Src/stm32f3xx_it.c ****   /* USER CODE END NonMaskableInt_IRQn 1 */
  79:Core/Src/stm32f3xx_it.c **** }
  80:Core/Src/stm32f3xx_it.c **** 
  81:Core/Src/stm32f3xx_it.c **** /**
  82:Core/Src/stm32f3xx_it.c ****   * @brief This function handles Hard fault interrupt.
  83:Core/Src/stm32f3xx_it.c ****   */
  84:Core/Src/stm32f3xx_it.c **** void HardFault_Handler(void)
  85:Core/Src/stm32f3xx_it.c **** {
  55              	 .loc 1 85 1 view-0
  56              	 .cfi_startproc
  57              	 
  58              	 
  59              	 
  60              	 
  61              	.L5:
  86:Core/Src/stm32f3xx_it.c ****   /* USER CODE BEGIN HardFault_IRQn 0 */
  87:Core/Src/stm32f3xx_it.c **** 
  88:Core/Src/stm32f3xx_it.c ****   /* USER CODE END HardFault_IRQn 0 */
  89:Core/Src/stm32f3xx_it.c ****   while (1)
  62              	 .loc 1 89 3 discriminator 1 view .LVU5
  90:Core/Src/stm32f3xx_it.c ****   {
  91:Core/Src/stm32f3xx_it.c ****     /* USER CODE BEGIN W1_HardFault_IRQn 0 */
  92:Core/Src/stm32f3xx_it.c ****     /* USER CODE END W1_HardFault_IRQn 0 */
  93:Core/Src/stm32f3xx_it.c ****   }
  63              	 .loc 1 93 3 discriminator 1 view .LVU6
  89:Core/Src/stm32f3xx_it.c ****   {
  64              	 .loc 1 89 9 discriminator 1 view .LVU7
  65 0000 FEE7     	 b .L5
  66              	 .cfi_endproc
  67              	.LFE124:
  69 0002 00BF     	 .section .text.MemManage_Handler,"ax",%progbits
  70              	 .align 1
  71              	 .p2align 2,,3
  72              	 .global MemManage_Handler
  73              	 .syntax unified
  74              	 .thumb
  75              	 .thumb_func
  76              	 .fpu fpv4-sp-d16
  78              	MemManage_Handler:
  79              	.LFB125:
  94:Core/Src/stm32f3xx_it.c **** }
  95:Core/Src/stm32f3xx_it.c **** 
ARM GAS   			page 4


  96:Core/Src/stm32f3xx_it.c **** /**
  97:Core/Src/stm32f3xx_it.c ****   * @brief This function handles Memory management fault.
  98:Core/Src/stm32f3xx_it.c ****   */
  99:Core/Src/stm32f3xx_it.c **** void MemManage_Handler(void)
 100:Core/Src/stm32f3xx_it.c **** {
  80              	 .loc 1 100 1 view-0
  81              	 .cfi_startproc
  82              	 
  83              	 
  84              	 
  85              	 
  86              	.L7:
 101:Core/Src/stm32f3xx_it.c ****   /* USER CODE BEGIN MemoryManagement_IRQn 0 */
 102:Core/Src/stm32f3xx_it.c **** 
 103:Core/Src/stm32f3xx_it.c ****   /* USER CODE END MemoryManagement_IRQn 0 */
 104:Core/Src/stm32f3xx_it.c ****   while (1)
  87              	 .loc 1 104 3 discriminator 1 view .LVU9
 105:Core/Src/stm32f3xx_it.c ****   {
 106:Core/Src/stm32f3xx_it.c ****     /* USER CODE BEGIN W1_MemoryManagement_IRQn 0 */
 107:Core/Src/stm32f3xx_it.c ****     /* USER CODE END W1_MemoryManagement_IRQn 0 */
 108:Core/Src/stm32f3xx_it.c ****   }
  88              	 .loc 1 108 3 discriminator 1 view .LVU10
 104:Core/Src/stm32f3xx_it.c ****   {
  89              	 .loc 1 104 9 discriminator 1 view .LVU11
  90 0000 FEE7     	 b .L7
  91              	 .cfi_endproc
  92              	.LFE125:
  94 0002 00BF     	 .section .text.BusFault_Handler,"ax",%progbits
  95              	 .align 1
  96              	 .p2align 2,,3
  97              	 .global BusFault_Handler
  98              	 .syntax unified
  99              	 .thumb
 100              	 .thumb_func
 101              	 .fpu fpv4-sp-d16
 103              	BusFault_Handler:
 104              	.LFB126:
 109:Core/Src/stm32f3xx_it.c **** }
 110:Core/Src/stm32f3xx_it.c **** 
 111:Core/Src/stm32f3xx_it.c **** /**
 112:Core/Src/stm32f3xx_it.c ****   * @brief This function handles Pre-fetch fault, memory access fault.
 113:Core/Src/stm32f3xx_it.c ****   */
 114:Core/Src/stm32f3xx_it.c **** void BusFault_Handler(void)
 115:Core/Src/stm32f3xx_it.c **** {
 105              	 .loc 1 115 1 view-0
 106              	 .cfi_startproc
 107              	 
 108              	 
 109              	 
 110              	 
 111              	.L9:
 116:Core/Src/stm32f3xx_it.c ****   /* USER CODE BEGIN BusFault_IRQn 0 */
 117:Core/Src/stm32f3xx_it.c **** 
 118:Core/Src/stm32f3xx_it.c ****   /* USER CODE END BusFault_IRQn 0 */
 119:Core/Src/stm32f3xx_it.c ****   while (1)
 112              	 .loc 1 119 3 discriminator 1 view .LVU13
 120:Core/Src/stm32f3xx_it.c ****   {
ARM GAS   			page 5


 121:Core/Src/stm32f3xx_it.c ****     /* USER CODE BEGIN W1_BusFault_IRQn 0 */
 122:Core/Src/stm32f3xx_it.c ****     /* USER CODE END W1_BusFault_IRQn 0 */
 123:Core/Src/stm32f3xx_it.c ****   }
 113              	 .loc 1 123 3 discriminator 1 view .LVU14
 119:Core/Src/stm32f3xx_it.c ****   {
 114              	 .loc 1 119 9 discriminator 1 view .LVU15
 115 0000 FEE7     	 b .L9
 116              	 .cfi_endproc
 117              	.LFE126:
 119 0002 00BF     	 .section .text.UsageFault_Handler,"ax",%progbits
 120              	 .align 1
 121              	 .p2align 2,,3
 122              	 .global UsageFault_Handler
 123              	 .syntax unified
 124              	 .thumb
 125              	 .thumb_func
 126              	 .fpu fpv4-sp-d16
 128              	UsageFault_Handler:
 129              	.LFB127:
 124:Core/Src/stm32f3xx_it.c **** }
 125:Core/Src/stm32f3xx_it.c **** 
 126:Core/Src/stm32f3xx_it.c **** /**
 127:Core/Src/stm32f3xx_it.c ****   * @brief This function handles Undefined instruction or illegal state.
 128:Core/Src/stm32f3xx_it.c ****   */
 129:Core/Src/stm32f3xx_it.c **** void UsageFault_Handler(void)
 130:Core/Src/stm32f3xx_it.c **** {
 130              	 .loc 1 130 1 view-0
 131              	 .cfi_startproc
 132              	 
 133              	 
 134              	 
 135              	 
 136              	.L11:
 131:Core/Src/stm32f3xx_it.c ****   /* USER CODE BEGIN UsageFault_IRQn 0 */
 132:Core/Src/stm32f3xx_it.c **** 
 133:Core/Src/stm32f3xx_it.c ****   /* USER CODE END UsageFault_IRQn 0 */
 134:Core/Src/stm32f3xx_it.c ****   while (1)
 137              	 .loc 1 134 3 discriminator 1 view .LVU17
 135:Core/Src/stm32f3xx_it.c ****   {
 136:Core/Src/stm32f3xx_it.c ****     /* USER CODE BEGIN W1_UsageFault_IRQn 0 */
 137:Core/Src/stm32f3xx_it.c ****     /* USER CODE END W1_UsageFault_IRQn 0 */
 138:Core/Src/stm32f3xx_it.c ****   }
 138              	 .loc 1 138 3 discriminator 1 view .LVU18
 134:Core/Src/stm32f3xx_it.c ****   {
 139              	 .loc 1 134 9 discriminator 1 view .LVU19
 140 0000 FEE7     	 b .L11
 141              	 .cfi_endproc
 142              	.LFE127:
 144 0002 00BF     	 .section .text.SVC_Handler,"ax",%progbits
 145              	 .align 1
 146              	 .p2align 2,,3
 147              	 .global SVC_Handler
 148              	 .syntax unified
 149              	 .thumb
 150              	 .thumb_func
 151              	 .fpu fpv4-sp-d16
 153              	SVC_Handler:
ARM GAS   			page 6


 154              	.LFB128:
 139:Core/Src/stm32f3xx_it.c **** }
 140:Core/Src/stm32f3xx_it.c **** 
 141:Core/Src/stm32f3xx_it.c **** /**
 142:Core/Src/stm32f3xx_it.c ****   * @brief This function handles System service call via SWI instruction.
 143:Core/Src/stm32f3xx_it.c ****   */
 144:Core/Src/stm32f3xx_it.c **** void SVC_Handler(void)
 145:Core/Src/stm32f3xx_it.c **** {
 155              	 .loc 1 145 1 view-0
 156              	 .cfi_startproc
 157              	 
 158              	 
 159              	 
 146:Core/Src/stm32f3xx_it.c ****   /* USER CODE BEGIN SVCall_IRQn 0 */
 147:Core/Src/stm32f3xx_it.c **** 
 148:Core/Src/stm32f3xx_it.c ****   /* USER CODE END SVCall_IRQn 0 */
 149:Core/Src/stm32f3xx_it.c ****   /* USER CODE BEGIN SVCall_IRQn 1 */
 150:Core/Src/stm32f3xx_it.c **** 
 151:Core/Src/stm32f3xx_it.c ****   /* USER CODE END SVCall_IRQn 1 */
 152:Core/Src/stm32f3xx_it.c **** }
 160              	 .loc 1 152 1 view .LVU21
 161 0000 7047     	 bx lr
 162              	 .cfi_endproc
 163              	.LFE128:
 165 0002 00BF     	 .section .text.DebugMon_Handler,"ax",%progbits
 166              	 .align 1
 167              	 .p2align 2,,3
 168              	 .global DebugMon_Handler
 169              	 .syntax unified
 170              	 .thumb
 171              	 .thumb_func
 172              	 .fpu fpv4-sp-d16
 174              	DebugMon_Handler:
 175              	.LFB133:
 176              	 .cfi_startproc
 177              	 
 178              	 
 179              	 
 180 0000 7047     	 bx lr
 181              	 .cfi_endproc
 182              	.LFE133:
 184 0002 00BF     	 .section .text.PendSV_Handler,"ax",%progbits
 185              	 .align 1
 186              	 .p2align 2,,3
 187              	 .global PendSV_Handler
 188              	 .syntax unified
 189              	 .thumb
 190              	 .thumb_func
 191              	 .fpu fpv4-sp-d16
 193              	PendSV_Handler:
 194              	.LFB135:
 195              	 .cfi_startproc
 196              	 
 197              	 
 198              	 
 199 0000 7047     	 bx lr
 200              	 .cfi_endproc
ARM GAS   			page 7


 201              	.LFE135:
 203 0002 00BF     	 .section .text.SysTick_Handler,"ax",%progbits
 204              	 .align 1
 205              	 .p2align 2,,3
 206              	 .global SysTick_Handler
 207              	 .syntax unified
 208              	 .thumb
 209              	 .thumb_func
 210              	 .fpu fpv4-sp-d16
 212              	SysTick_Handler:
 213              	.LFB131:
 153:Core/Src/stm32f3xx_it.c **** 
 154:Core/Src/stm32f3xx_it.c **** /**
 155:Core/Src/stm32f3xx_it.c ****   * @brief This function handles Debug monitor.
 156:Core/Src/stm32f3xx_it.c ****   */
 157:Core/Src/stm32f3xx_it.c **** void DebugMon_Handler(void)
 158:Core/Src/stm32f3xx_it.c **** {
 159:Core/Src/stm32f3xx_it.c ****   /* USER CODE BEGIN DebugMonitor_IRQn 0 */
 160:Core/Src/stm32f3xx_it.c **** 
 161:Core/Src/stm32f3xx_it.c ****   /* USER CODE END DebugMonitor_IRQn 0 */
 162:Core/Src/stm32f3xx_it.c ****   /* USER CODE BEGIN DebugMonitor_IRQn 1 */
 163:Core/Src/stm32f3xx_it.c **** 
 164:Core/Src/stm32f3xx_it.c ****   /* USER CODE END DebugMonitor_IRQn 1 */
 165:Core/Src/stm32f3xx_it.c **** }
 166:Core/Src/stm32f3xx_it.c **** 
 167:Core/Src/stm32f3xx_it.c **** /**
 168:Core/Src/stm32f3xx_it.c ****   * @brief This function handles Pendable request for system service.
 169:Core/Src/stm32f3xx_it.c ****   */
 170:Core/Src/stm32f3xx_it.c **** void PendSV_Handler(void)
 171:Core/Src/stm32f3xx_it.c **** {
 172:Core/Src/stm32f3xx_it.c ****   /* USER CODE BEGIN PendSV_IRQn 0 */
 173:Core/Src/stm32f3xx_it.c **** 
 174:Core/Src/stm32f3xx_it.c ****   /* USER CODE END PendSV_IRQn 0 */
 175:Core/Src/stm32f3xx_it.c ****   /* USER CODE BEGIN PendSV_IRQn 1 */
 176:Core/Src/stm32f3xx_it.c **** 
 177:Core/Src/stm32f3xx_it.c ****   /* USER CODE END PendSV_IRQn 1 */
 178:Core/Src/stm32f3xx_it.c **** }
 179:Core/Src/stm32f3xx_it.c **** 
 180:Core/Src/stm32f3xx_it.c **** /**
 181:Core/Src/stm32f3xx_it.c ****   * @brief This function handles System tick timer.
 182:Core/Src/stm32f3xx_it.c ****   */
 183:Core/Src/stm32f3xx_it.c **** void SysTick_Handler(void)
 184:Core/Src/stm32f3xx_it.c **** {
 214              	 .loc 1 184 1 view-0
 215              	 .cfi_startproc
 216              	 
 217              	 
 218              	 
 185:Core/Src/stm32f3xx_it.c ****   /* USER CODE BEGIN SysTick_IRQn 0 */
 186:Core/Src/stm32f3xx_it.c **** 
 187:Core/Src/stm32f3xx_it.c ****   /* USER CODE END SysTick_IRQn 0 */
 188:Core/Src/stm32f3xx_it.c ****   HAL_IncTick();
 219              	 .loc 1 188 3 view .LVU23
 220 0000 FFF7FEBF 	 b HAL_IncTick
 221              	.LVL0:
 222              	 .cfi_endproc
 223              	.LFE131:
ARM GAS   			page 8


 225              	 .text
 226              	.Letext0:
 227              	 .file 2 "Drivers/STM32F3xx_HAL_Driver/Inc/stm32f3xx_hal.h"
ARM GAS   			page 9


DEFINED SYMBOLS
                            *ABS*:0000000000000000 stm32f3xx_it.c
    {standard input}:18     .text.NMI_Handler:0000000000000000 $t
    {standard input}:27     .text.NMI_Handler:0000000000000000 NMI_Handler
    {standard input}:45     .text.HardFault_Handler:0000000000000000 $t
    {standard input}:53     .text.HardFault_Handler:0000000000000000 HardFault_Handler
    {standard input}:70     .text.MemManage_Handler:0000000000000000 $t
    {standard input}:78     .text.MemManage_Handler:0000000000000000 MemManage_Handler
    {standard input}:95     .text.BusFault_Handler:0000000000000000 $t
    {standard input}:103    .text.BusFault_Handler:0000000000000000 BusFault_Handler
    {standard input}:120    .text.UsageFault_Handler:0000000000000000 $t
    {standard input}:128    .text.UsageFault_Handler:0000000000000000 UsageFault_Handler
    {standard input}:145    .text.SVC_Handler:0000000000000000 $t
    {standard input}:153    .text.SVC_Handler:0000000000000000 SVC_Handler
    {standard input}:166    .text.DebugMon_Handler:0000000000000000 $t
    {standard input}:174    .text.DebugMon_Handler:0000000000000000 DebugMon_Handler
    {standard input}:185    .text.PendSV_Handler:0000000000000000 $t
    {standard input}:193    .text.PendSV_Handler:0000000000000000 PendSV_Handler
    {standard input}:204    .text.SysTick_Handler:0000000000000000 $t
    {standard input}:212    .text.SysTick_Handler:0000000000000000 SysTick_Handler
                           .group:0000000000000000 wm4.0.5bd3fb47ece8cd89db7f39859867d34b
                           .group:0000000000000000 wm4.stm32f3xx_hal_conf.h.22.68702fcb376080053c327f742c9961b5
                           .group:0000000000000000 wm4.stm32f3xx.h.38.82e8e99dfe49c20b1a4a903bd92d6a62
                           .group:0000000000000000 wm4.stm32f334x8.h.34.4062b27910dbe4163b311597cc3129d0
                           .group:0000000000000000 wm4.stdint.h.29.6d480f4ba0f60596e88234283d42444f
                           .group:0000000000000000 wm4.cmsis_version.h.32.4d5822004c01a829a975260e854b5f8e
                           .group:0000000000000000 wm4.core_cm4.h.66.e4ff136c4a17abc46741866f64f8e729
                           .group:0000000000000000 wm4.cmsis_gcc.h.26.6774fe91202d65f4d5ffcff60e00da34
                           .group:0000000000000000 wm4.core_cm4.h.174.300c477346073ecdebb72dd943ae4d09
                           .group:0000000000000000 wm4.stm32f334x8.h.742.4d018c717ec53f6245cec4363d185c67
                           .group:0000000000000000 wm4.stm32f3xx.h.174.91b72afab8b3d83f71cfd7ef15cf4952
                           .group:0000000000000000 wm4.stm32_hal_legacy.h.22.faf2d895fc44f19fdf533a93a00a4465
                           .group:0000000000000000 wm4.stddef.h.39.144cf5ddcd53cbfdac30259dc1a6c87f
                           .group:0000000000000000 wm4.stm32f3xx_hal_def.h.58.9b3c2bdf4a254dccb0f88c83bea62e05
                           .group:0000000000000000 wm4.stm32f3xx_hal_rcc.h.46.e37a97e5b8d0ca06a596d1c15979cbcc
                           .group:0000000000000000 wm4.stm32f3xx_hal_rcc_ex.h.20.10471072208d7575503f2f1804851a76
                           .group:0000000000000000 wm4.stm32f3xx_hal_gpio.h.21.7cd0c7cb2091a8a34b9016ef7d16b8a7
                           .group:0000000000000000 wm4.stm32f3xx_hal_gpio_ex.h.21.af39eaa5623e0a1009fcf4398ea2c1b7
                           .group:0000000000000000 wm4.stm32f3xx_hal_exti.h.21.97ce243ab3f68da52c38aef7d478a1e0
                           .group:0000000000000000 wm4.stm32f3xx_hal_dma.h.21.cc527711b185a0aec89274d6a9e66e40
                           .group:0000000000000000 wm4.stm32f3xx_hal_dma_ex.h.21.0990be4ccabf56d8663bc991eae085b1
                           .group:0000000000000000 wm4.stm32f3xx_hal_dma.h.406.bee398d2c322633b5d4483460294543c
                           .group:0000000000000000 wm4.stm32f3xx_hal_cortex.h.21.2e6f8d82a4b5342dc6cb4d8275d4190e
                           .group:0000000000000000 wm4.stm32f3xx_hal_adc_ex.h.21.83e1b666f94c6741e0f75669498b4cf0
                           .group:0000000000000000 wm4.stm32f3xx_hal_adc.h.55.6de54c307a17ed796a45b8e483250af2
                           .group:0000000000000000 wm4.stm32f3xx_hal_can.h.21.e8a2553fb767050d2b1baa10ea524b9c
                           .group:0000000000000000 wm4.stm32f3xx_hal_flash.h.20.53fc2ade23629e1c8d41b6b358abbb8d
                           .group:0000000000000000 wm4.stm32f3xx_hal_flash_ex.h.20.66a2e271db53c743be1fcb77b2017459
                           .group:0000000000000000 wm4.stm32f3xx_hal_hrtim.h.21.fb28980682ad68d99a88889d8ff4d172
                           .group:0000000000000000 wm4.stm32f3xx_hal_i2c.h.21.f7663f116d03c0043fd0e75e612f16ea
                           .group:0000000000000000 wm4.stm32f3xx_hal_i2c_ex.h.21.cf479782f4f3a68ef5fbce499167225b
                           .group:0000000000000000 wm4.stm32f3xx_hal_i2c.h.739.edde0c83ea6830c2c975fff967ebea26
                           .group:0000000000000000 wm4.stm32f3xx_hal_iwdg.h.21.3504a210964eb279ef1de8bb44988f11
                           .group:0000000000000000 wm4.stm32f3xx_hal_pwr.h.21.6193057a5c33d0b02d2f3a23acd22249
                           .group:0000000000000000 wm4.stm32f3xx_hal_pwr_ex.h.21.0ae6fdf7fd790f205b68ea57197f080d
                           .group:0000000000000000 wm4.stm32f3xx_hal_tim.h.21.d20cc3ea3a57aedcc53e87fa48cc1f6c
                           .group:0000000000000000 wm4.stm32f3xx_hal_tim_ex.h.21.87406a6cc7024a9faaf6aed69e2733ce
ARM GAS   			page 10


                           .group:0000000000000000 wm4.stm32f3xx_hal_uart.h.21.11bf2ca66aa636cfe74a1eb39fe0d460
                           .group:0000000000000000 wm4.stm32f3xx_hal_uart_ex.h.21.f592049ad8b63c2f48d6a2e8f48bef5c
                           .group:0000000000000000 wm4.stm32f3xx_hal.h.43.350d066a115a4ce03caef6c5048b93ca
                           .group:0000000000000000 wm4.main.h.60.25040540409f96806b00c4a4ef3ee0f3

UNDEFINED SYMBOLS
HAL_IncTick
