ARM GAS   			page 1


   1              	 .cpu cortex-m4
   2              	 .arch armv7e-m
   3              	 .fpu fpv4-sp-d16
   4              	 .eabi_attribute 27,1
   5              	 .eabi_attribute 28,1
   6              	 .eabi_attribute 23,1
   7              	 .eabi_attribute 24,1
   8              	 .eabi_attribute 25,1
   9              	 .eabi_attribute 26,1
  10              	 .eabi_attribute 30,2
  11              	 .eabi_attribute 34,1
  12              	 .eabi_attribute 18,4
  13              	 .file "syscalls.c"
  14              	 .text
  15              	.Ltext0:
  16              	 .cfi_sections .debug_frame
  17              	 .file 1 "Core/Src/syscalls.c"
  18              	 .section .text.initialise_monitor_handles,"ax",%progbits
  19              	 .align 1
  20              	 .p2align 2,,3
  21              	 .global initialise_monitor_handles
  22              	 .syntax unified
  23              	 .thumb
  24              	 .thumb_func
  26              	initialise_monitor_handles:
  27              	.LFB25:
   1:Core/Src/syscalls.c **** /**
   2:Core/Src/syscalls.c ****  ******************************************************************************
   3:Core/Src/syscalls.c ****  * @file      syscalls.c
   4:Core/Src/syscalls.c ****  * @author    Auto-generated by STM32CubeMX
   5:Core/Src/syscalls.c ****  * @brief     Minimal System calls file
   6:Core/Src/syscalls.c ****  *
   7:Core/Src/syscalls.c ****  *            For more information about which c-functions
   8:Core/Src/syscalls.c ****  *            need which of these lowlevel functions
   9:Core/Src/syscalls.c ****  *            please consult the Newlib libc-manual
  10:Core/Src/syscalls.c ****  ******************************************************************************
  11:Core/Src/syscalls.c ****  * @attention
  12:Core/Src/syscalls.c ****  *
  13:Core/Src/syscalls.c ****  * Copyright (c) 2020-2024 STMicroelectronics.
  14:Core/Src/syscalls.c ****  * All rights reserved.
  15:Core/Src/syscalls.c ****  *
  16:Core/Src/syscalls.c ****  * This software is licensed under terms that can be found in the LICENSE file
  17:Core/Src/syscalls.c ****  * in the root directory of this software component.
  18:Core/Src/syscalls.c ****  * If no LICENSE file comes with this software, it is provided AS-IS.
  19:Core/Src/syscalls.c ****  *
  20:Core/Src/syscalls.c ****  ******************************************************************************
  21:Core/Src/syscalls.c ****  */
  22:Core/Src/syscalls.c **** 
  23:Core/Src/syscalls.c **** /* Includes */
  24:Core/Src/syscalls.c **** #include <sys/stat.h>
  25:Core/Src/syscalls.c **** #include <stdlib.h>
  26:Core/Src/syscalls.c **** #include <errno.h>
  27:Core/Src/syscalls.c **** #include <stdio.h>
  28:Core/Src/syscalls.c **** #include <signal.h>
  29:Core/Src/syscalls.c **** #include <time.h>
  30:Core/Src/syscalls.c **** #include <sys/time.h>
  31:Core/Src/syscalls.c **** #include <sys/times.h>
ARM GAS   			page 2


  32:Core/Src/syscalls.c **** 
  33:Core/Src/syscalls.c **** 
  34:Core/Src/syscalls.c **** /* Variables */
  35:Core/Src/syscalls.c **** extern int __io_putchar(int ch) __attribute__((weak));
  36:Core/Src/syscalls.c **** extern int __io_getchar(void) __attribute__((weak));
  37:Core/Src/syscalls.c **** 
  38:Core/Src/syscalls.c **** 
  39:Core/Src/syscalls.c **** char *__env[1] = { 0 };
  40:Core/Src/syscalls.c **** char **environ = __env;
  41:Core/Src/syscalls.c **** 
  42:Core/Src/syscalls.c **** 
  43:Core/Src/syscalls.c **** /* Functions */
  44:Core/Src/syscalls.c **** void initialise_monitor_handles()
  45:Core/Src/syscalls.c **** {
  28              	 .loc 1 45 1 view-0
  29              	 .cfi_startproc
  30              	 
  31              	 
  32              	 
  46:Core/Src/syscalls.c **** }
  33              	 .loc 1 46 1 view .LVU1
  34 0000 7047     	 bx lr
  35              	 .cfi_endproc
  36              	.LFE25:
  38 0002 00BF     	 .section .text._getpid,"ax",%progbits
  39              	 .align 1
  40              	 .p2align 2,,3
  41              	 .global _getpid
  42              	 .syntax unified
  43              	 .thumb
  44              	 .thumb_func
  46              	_getpid:
  47              	.LFB26:
  47:Core/Src/syscalls.c **** 
  48:Core/Src/syscalls.c **** int _getpid(void)
  49:Core/Src/syscalls.c **** {
  48              	 .loc 1 49 1 view-0
  49              	 .cfi_startproc
  50              	 
  51              	 
  52              	 
  50:Core/Src/syscalls.c ****   return 1;
  53              	 .loc 1 50 3 view .LVU3
  51:Core/Src/syscalls.c **** }
  54              	 .loc 1 51 1 is_stmt 0 view .LVU4
  55 0000 0120     	 movs r0,#1
  56 0002 7047     	 bx lr
  57              	 .cfi_endproc
  58              	.LFE26:
  60              	 .section .text._kill,"ax",%progbits
  61              	 .align 1
  62              	 .p2align 2,,3
  63              	 .global _kill
  64              	 .syntax unified
  65              	 .thumb
  66              	 .thumb_func
  68              	_kill:
ARM GAS   			page 3


  69              	.LVL0:
  70              	.LFB27:
  52:Core/Src/syscalls.c **** 
  53:Core/Src/syscalls.c **** int _kill(int pid, int sig)
  54:Core/Src/syscalls.c **** {
  71              	 .loc 1 54 1 is_stmt 1 view-0
  72              	 .cfi_startproc
  73              	 
  74              	 
  55:Core/Src/syscalls.c ****   (void)pid;
  75              	 .loc 1 55 3 view .LVU6
  56:Core/Src/syscalls.c ****   (void)sig;
  76              	 .loc 1 56 3 view .LVU7
  57:Core/Src/syscalls.c ****   errno = EINVAL;
  77              	 .loc 1 57 3 view .LVU8
  54:Core/Src/syscalls.c ****   (void)pid;
  78              	 .loc 1 54 1 is_stmt 0 view .LVU9
  79 0000 08B5     	 push {r3,lr}
  80              	 .cfi_def_cfa_offset 8
  81              	 .cfi_offset 3,-8
  82              	 .cfi_offset 14,-4
  83              	 .loc 1 57 3 view .LVU10
  84 0002 FFF7FEFF 	 bl __errno
  85              	.LVL1:
  86              	 .loc 1 57 9 discriminator 1 view .LVU11
  87 0006 1623     	 movs r3,#22
  88 0008 0360     	 str r3,[r0]
  58:Core/Src/syscalls.c ****   return -1;
  89              	 .loc 1 58 3 is_stmt 1 view .LVU12
  59:Core/Src/syscalls.c **** }
  90              	 .loc 1 59 1 is_stmt 0 view .LVU13
  91 000a 4FF0FF30 	 mov r0,#-1
  92 000e 08BD     	 pop {r3,pc}
  93              	 .cfi_endproc
  94              	.LFE27:
  96              	 .section .text._exit,"ax",%progbits
  97              	 .align 1
  98              	 .p2align 2,,3
  99              	 .global _exit
 100              	 .syntax unified
 101              	 .thumb
 102              	 .thumb_func
 104              	_exit:
 105              	.LVL2:
 106              	.LFB28:
  60:Core/Src/syscalls.c **** 
  61:Core/Src/syscalls.c **** void _exit (int status)
  62:Core/Src/syscalls.c **** {
 107              	 .loc 1 62 1 is_stmt 1 view-0
 108              	 .cfi_startproc
 109              	 
 110              	 
 111              	 
  63:Core/Src/syscalls.c ****   _kill(status, -1);
 112              	 .loc 1 63 3 view .LVU15
 113              	.LBB4:
 114              	.LBI4:
ARM GAS   			page 4


  53:Core/Src/syscalls.c **** {
 115              	 .loc 1 53 5 view .LVU16
 116              	.LBB5:
  55:Core/Src/syscalls.c ****   (void)sig;
 117              	 .loc 1 55 3 view .LVU17
  56:Core/Src/syscalls.c ****   errno = EINVAL;
 118              	 .loc 1 56 3 view .LVU18
  57:Core/Src/syscalls.c ****   return -1;
 119              	 .loc 1 57 3 view .LVU19
 120              	.LBE5:
 121              	.LBE4:
  62:Core/Src/syscalls.c ****   _kill(status, -1);
 122              	 .loc 1 62 1 is_stmt 0 view .LVU20
 123 0000 08B5     	 push {r3,lr}
 124              	 .cfi_def_cfa_offset 8
 125              	 .cfi_offset 3,-8
 126              	 .cfi_offset 14,-4
 127              	.LBB7:
 128              	.LBB6:
  57:Core/Src/syscalls.c ****   return -1;
 129              	 .loc 1 57 3 view .LVU21
 130 0002 FFF7FEFF 	 bl __errno
 131              	.LVL3:
  57:Core/Src/syscalls.c ****   return -1;
 132              	 .loc 1 57 9 discriminator 1 view .LVU22
 133 0006 1623     	 movs r3,#22
 134 0008 0360     	 str r3,[r0]
  58:Core/Src/syscalls.c **** }
 135              	 .loc 1 58 3 is_stmt 1 view .LVU23
 136              	.LVL4:
 137              	.L7:
  58:Core/Src/syscalls.c **** }
 138              	 .loc 1 58 3 is_stmt 0 view .LVU24
 139              	.LBE6:
 140              	.LBE7:
  64:Core/Src/syscalls.c ****   while (1) {}    /* Make sure we hang here */
 141              	 .loc 1 64 3 is_stmt 1 view .LVU25
 142              	 .loc 1 64 14 view .LVU26
 143              	 .loc 1 64 9 view .LVU27
 144              	 .loc 1 64 3 view .LVU28
 145              	 .loc 1 64 14 view .LVU29
 146              	 .loc 1 64 9 view .LVU30
 147 000a FEE7     	 b .L7
 148              	 .cfi_endproc
 149              	.LFE28:
 151              	 .section .text._read,"ax",%progbits
 152              	 .align 1
 153              	 .p2align 2,,3
 154              	 .weak _read
 155              	 .syntax unified
 156              	 .thumb
 157              	 .thumb_func
 159              	_read:
 160              	.LVL5:
 161              	.LFB29:
  65:Core/Src/syscalls.c **** }
  66:Core/Src/syscalls.c **** 
ARM GAS   			page 5


  67:Core/Src/syscalls.c **** __attribute__((weak)) int _read(int file, char *ptr, int len)
  68:Core/Src/syscalls.c **** {
 162              	 .loc 1 68 1 view-0
 163              	 .cfi_startproc
 164              	 
 165              	 
  69:Core/Src/syscalls.c ****   (void)file;
 166              	 .loc 1 69 3 view .LVU32
  70:Core/Src/syscalls.c ****   int DataIdx;
 167              	 .loc 1 70 3 view .LVU33
  71:Core/Src/syscalls.c **** 
  72:Core/Src/syscalls.c ****   for (DataIdx = 0; DataIdx < len; DataIdx++)
 168              	 .loc 1 72 3 view .LVU34
 169              	 .loc 1 72 29 discriminator 1 view .LVU35
  68:Core/Src/syscalls.c ****   (void)file;
 170              	 .loc 1 68 1 is_stmt 0 view .LVU36
 171 0000 70B5     	 push {r4,r5,r6,lr}
 172              	 .cfi_def_cfa_offset 16
 173              	 .cfi_offset 4,-16
 174              	 .cfi_offset 5,-12
 175              	 .cfi_offset 6,-8
 176              	 .cfi_offset 14,-4
 177              	 .loc 1 72 29 discriminator 1 view .LVU37
 178 0002 161E     	 subs r6,r2,#0
 179 0004 07DD     	 ble .L10
 180 0006 0C46     	 mov r4,r1
 181 0008 8D19     	 adds r5,r1,r6
 182              	.LVL6:
 183              	.L11:
  73:Core/Src/syscalls.c ****   {
  74:Core/Src/syscalls.c ****     *ptr++ = __io_getchar();
 184              	 .loc 1 74 5 is_stmt 1 view .LVU38
 185              	 .loc 1 74 14 is_stmt 0 view .LVU39
 186 000a FFF7FEFF 	 bl __io_getchar
 187              	.LVL7:
 188              	 .loc 1 74 12 discriminator 1 view .LVU40
 189 000e 04F8010B 	 strb r0,[r4],#1
 190              	.LVL8:
  72:Core/Src/syscalls.c ****   {
 191              	 .loc 1 72 43 is_stmt 1 discriminator 3 view .LVU41
  72:Core/Src/syscalls.c ****   {
 192              	 .loc 1 72 29 discriminator 1 view .LVU42
 193 0012 A542     	 cmp r5,r4
 194 0014 F9D1     	 bne .L11
 195              	.LVL9:
 196              	.L10:
  75:Core/Src/syscalls.c ****   }
  76:Core/Src/syscalls.c **** 
  77:Core/Src/syscalls.c ****   return len;
 197              	 .loc 1 77 3 view .LVU43
  78:Core/Src/syscalls.c **** }
 198              	 .loc 1 78 1 is_stmt 0 view .LVU44
 199 0016 3046     	 mov r0,r6
 200 0018 70BD     	 pop {r4,r5,r6,pc}
 201              	 .loc 1 78 1 view .LVU45
 202              	 .cfi_endproc
 203              	.LFE29:
ARM GAS   			page 6


 205 001a 00BF     	 .section .text._write,"ax",%progbits
 206              	 .align 1
 207              	 .p2align 2,,3
 208              	 .weak _write
 209              	 .syntax unified
 210              	 .thumb
 211              	 .thumb_func
 213              	_write:
 214              	.LVL10:
 215              	.LFB30:
  79:Core/Src/syscalls.c **** 
  80:Core/Src/syscalls.c **** __attribute__((weak)) int _write(int file, char *ptr, int len)
  81:Core/Src/syscalls.c **** {
 216              	 .loc 1 81 1 is_stmt 1 view-0
 217              	 .cfi_startproc
 218              	 
 219              	 
  82:Core/Src/syscalls.c ****   (void)file;
 220              	 .loc 1 82 3 view .LVU47
  83:Core/Src/syscalls.c ****   int DataIdx;
 221              	 .loc 1 83 3 view .LVU48
  84:Core/Src/syscalls.c **** 
  85:Core/Src/syscalls.c ****   for (DataIdx = 0; DataIdx < len; DataIdx++)
 222              	 .loc 1 85 3 view .LVU49
 223              	 .loc 1 85 29 discriminator 1 view .LVU50
  81:Core/Src/syscalls.c ****   (void)file;
 224              	 .loc 1 81 1 is_stmt 0 view .LVU51
 225 0000 70B5     	 push {r4,r5,r6,lr}
 226              	 .cfi_def_cfa_offset 16
 227              	 .cfi_offset 4,-16
 228              	 .cfi_offset 5,-12
 229              	 .cfi_offset 6,-8
 230              	 .cfi_offset 14,-4
 231              	 .loc 1 85 29 discriminator 1 view .LVU52
 232 0002 161E     	 subs r6,r2,#0
 233 0004 07DD     	 ble .L15
 234 0006 0C46     	 mov r4,r1
 235 0008 8D19     	 adds r5,r1,r6
 236              	.LVL11:
 237              	.L16:
  86:Core/Src/syscalls.c ****   {
  87:Core/Src/syscalls.c ****     __io_putchar(*ptr++);
 238              	 .loc 1 87 5 is_stmt 1 view .LVU53
 239              	 .loc 1 87 5 is_stmt 0 view .LVU54
 240 000a 14F8010B 	 ldrb r0,[r4],#1
 241              	.LVL12:
 242              	 .loc 1 87 5 view .LVU55
 243 000e FFF7FEFF 	 bl __io_putchar
 244              	.LVL13:
  85:Core/Src/syscalls.c ****   {
 245              	 .loc 1 85 43 is_stmt 1 discriminator 3 view .LVU56
  85:Core/Src/syscalls.c ****   {
 246              	 .loc 1 85 29 discriminator 1 view .LVU57
 247 0012 A542     	 cmp r5,r4
 248 0014 F9D1     	 bne .L16
 249              	.LVL14:
 250              	.L15:
ARM GAS   			page 7


  88:Core/Src/syscalls.c ****   }
  89:Core/Src/syscalls.c ****   return len;
 251              	 .loc 1 89 3 view .LVU58
  90:Core/Src/syscalls.c **** }
 252              	 .loc 1 90 1 is_stmt 0 view .LVU59
 253 0016 3046     	 mov r0,r6
 254 0018 70BD     	 pop {r4,r5,r6,pc}
 255              	 .loc 1 90 1 view .LVU60
 256              	 .cfi_endproc
 257              	.LFE30:
 259 001a 00BF     	 .section .text._close,"ax",%progbits
 260              	 .align 1
 261              	 .p2align 2,,3
 262              	 .global _close
 263              	 .syntax unified
 264              	 .thumb
 265              	 .thumb_func
 267              	_close:
 268              	.LVL15:
 269              	.LFB31:
  91:Core/Src/syscalls.c **** 
  92:Core/Src/syscalls.c **** int _close(int file)
  93:Core/Src/syscalls.c **** {
 270              	 .loc 1 93 1 is_stmt 1 view-0
 271              	 .cfi_startproc
 272              	 
 273              	 
 274              	 
  94:Core/Src/syscalls.c ****   (void)file;
 275              	 .loc 1 94 3 view .LVU62
  95:Core/Src/syscalls.c ****   return -1;
 276              	 .loc 1 95 3 view .LVU63
  96:Core/Src/syscalls.c **** }
 277              	 .loc 1 96 1 is_stmt 0 view .LVU64
 278 0000 4FF0FF30 	 mov r0,#-1
 279              	.LVL16:
 280              	 .loc 1 96 1 view .LVU65
 281 0004 7047     	 bx lr
 282              	 .cfi_endproc
 283              	.LFE31:
 285 0006 00BF     	 .section .text._fstat,"ax",%progbits
 286              	 .align 1
 287              	 .p2align 2,,3
 288              	 .global _fstat
 289              	 .syntax unified
 290              	 .thumb
 291              	 .thumb_func
 293              	_fstat:
 294              	.LVL17:
 295              	.LFB32:
  97:Core/Src/syscalls.c **** 
  98:Core/Src/syscalls.c **** 
  99:Core/Src/syscalls.c **** int _fstat(int file, struct stat *st)
 100:Core/Src/syscalls.c **** {
 296              	 .loc 1 100 1 is_stmt 1 view-0
 297              	 .cfi_startproc
 298              	 
ARM GAS   			page 8


 299              	 
 300              	 
 101:Core/Src/syscalls.c ****   (void)file;
 301              	 .loc 1 101 3 view .LVU67
 102:Core/Src/syscalls.c ****   st->st_mode = S_IFCHR;
 302              	 .loc 1 102 3 view .LVU68
 303              	 .loc 1 102 15 is_stmt 0 view .LVU69
 304 0000 4FF40053 	 mov r3,#8192
 305 0004 4B60     	 str r3,[r1,#4]
 103:Core/Src/syscalls.c ****   return 0;
 306              	 .loc 1 103 3 is_stmt 1 view .LVU70
 104:Core/Src/syscalls.c **** }
 307              	 .loc 1 104 1 is_stmt 0 view .LVU71
 308 0006 0020     	 movs r0,#0
 309              	.LVL18:
 310              	 .loc 1 104 1 view .LVU72
 311 0008 7047     	 bx lr
 312              	 .cfi_endproc
 313              	.LFE32:
 315 000a 00BF     	 .section .text._isatty,"ax",%progbits
 316              	 .align 1
 317              	 .p2align 2,,3
 318              	 .global _isatty
 319              	 .syntax unified
 320              	 .thumb
 321              	 .thumb_func
 323              	_isatty:
 324              	.LVL19:
 325              	.LFB33:
 105:Core/Src/syscalls.c **** 
 106:Core/Src/syscalls.c **** int _isatty(int file)
 107:Core/Src/syscalls.c **** {
 326              	 .loc 1 107 1 is_stmt 1 view-0
 327              	 .cfi_startproc
 328              	 
 329              	 
 330              	 
 108:Core/Src/syscalls.c ****   (void)file;
 331              	 .loc 1 108 3 view .LVU74
 109:Core/Src/syscalls.c ****   return 1;
 332              	 .loc 1 109 3 view .LVU75
 110:Core/Src/syscalls.c **** }
 333              	 .loc 1 110 1 is_stmt 0 view .LVU76
 334 0000 0120     	 movs r0,#1
 335              	.LVL20:
 336              	 .loc 1 110 1 view .LVU77
 337 0002 7047     	 bx lr
 338              	 .cfi_endproc
 339              	.LFE33:
 341              	 .section .text._lseek,"ax",%progbits
 342              	 .align 1
 343              	 .p2align 2,,3
 344              	 .global _lseek
 345              	 .syntax unified
 346              	 .thumb
 347              	 .thumb_func
 349              	_lseek:
ARM GAS   			page 9


 350              	.LVL21:
 351              	.LFB34:
 111:Core/Src/syscalls.c **** 
 112:Core/Src/syscalls.c **** int _lseek(int file, int ptr, int dir)
 113:Core/Src/syscalls.c **** {
 352              	 .loc 1 113 1 is_stmt 1 view-0
 353              	 .cfi_startproc
 354              	 
 355              	 
 356              	 
 114:Core/Src/syscalls.c ****   (void)file;
 357              	 .loc 1 114 3 view .LVU79
 115:Core/Src/syscalls.c ****   (void)ptr;
 358              	 .loc 1 115 3 view .LVU80
 116:Core/Src/syscalls.c ****   (void)dir;
 359              	 .loc 1 116 3 view .LVU81
 117:Core/Src/syscalls.c ****   return 0;
 360              	 .loc 1 117 3 view .LVU82
 118:Core/Src/syscalls.c **** }
 361              	 .loc 1 118 1 is_stmt 0 view .LVU83
 362 0000 0020     	 movs r0,#0
 363              	.LVL22:
 364              	 .loc 1 118 1 view .LVU84
 365 0002 7047     	 bx lr
 366              	 .cfi_endproc
 367              	.LFE34:
 369              	 .section .text._open,"ax",%progbits
 370              	 .align 1
 371              	 .p2align 2,,3
 372              	 .global _open
 373              	 .syntax unified
 374              	 .thumb
 375              	 .thumb_func
 377              	_open:
 378              	.LVL23:
 379              	.LFB35:
 119:Core/Src/syscalls.c **** 
 120:Core/Src/syscalls.c **** int _open(char *path, int flags, ...)
 121:Core/Src/syscalls.c **** {
 380              	 .loc 1 121 1 is_stmt 1 view-0
 381              	 .cfi_startproc
 382              	 
 383              	 
 384              	 
 122:Core/Src/syscalls.c ****   (void)path;
 385              	 .loc 1 122 3 view .LVU86
 123:Core/Src/syscalls.c ****   (void)flags;
 386              	 .loc 1 123 3 view .LVU87
 124:Core/Src/syscalls.c ****   /* Pretend like we always fail */
 125:Core/Src/syscalls.c ****   return -1;
 387              	 .loc 1 125 3 view .LVU88
 121:Core/Src/syscalls.c ****   (void)path;
 388              	 .loc 1 121 1 is_stmt 0 view .LVU89
 389 0000 0EB4     	 push {r1,r2,r3}
 390              	 .cfi_def_cfa_offset 12
 391              	 .cfi_offset 1,-12
 392              	 .cfi_offset 2,-8
ARM GAS   			page 10


 393              	 .cfi_offset 3,-4
 126:Core/Src/syscalls.c **** }
 394              	 .loc 1 126 1 view .LVU90
 395 0002 4FF0FF30 	 mov r0,#-1
 396              	.LVL24:
 397              	 .loc 1 126 1 view .LVU91
 398 0006 03B0     	 add sp,sp,#12
 399              	 .cfi_restore 3
 400              	 .cfi_restore 2
 401              	 .cfi_restore 1
 402              	 .cfi_def_cfa_offset 0
 403 0008 7047     	 bx lr
 404              	 .cfi_endproc
 405              	.LFE35:
 407 000a 00BF     	 .section .text._wait,"ax",%progbits
 408              	 .align 1
 409              	 .p2align 2,,3
 410              	 .global _wait
 411              	 .syntax unified
 412              	 .thumb
 413              	 .thumb_func
 415              	_wait:
 416              	.LVL25:
 417              	.LFB36:
 127:Core/Src/syscalls.c **** 
 128:Core/Src/syscalls.c **** int _wait(int *status)
 129:Core/Src/syscalls.c **** {
 418              	 .loc 1 129 1 is_stmt 1 view-0
 419              	 .cfi_startproc
 420              	 
 421              	 
 130:Core/Src/syscalls.c ****   (void)status;
 422              	 .loc 1 130 3 view .LVU93
 131:Core/Src/syscalls.c ****   errno = ECHILD;
 423              	 .loc 1 131 3 view .LVU94
 129:Core/Src/syscalls.c ****   (void)status;
 424              	 .loc 1 129 1 is_stmt 0 view .LVU95
 425 0000 08B5     	 push {r3,lr}
 426              	 .cfi_def_cfa_offset 8
 427              	 .cfi_offset 3,-8
 428              	 .cfi_offset 14,-4
 429              	 .loc 1 131 3 view .LVU96
 430 0002 FFF7FEFF 	 bl __errno
 431              	.LVL26:
 432              	 .loc 1 131 9 discriminator 1 view .LVU97
 433 0006 0A23     	 movs r3,#10
 434 0008 0360     	 str r3,[r0]
 132:Core/Src/syscalls.c ****   return -1;
 435              	 .loc 1 132 3 is_stmt 1 view .LVU98
 133:Core/Src/syscalls.c **** }
 436              	 .loc 1 133 1 is_stmt 0 view .LVU99
 437 000a 4FF0FF30 	 mov r0,#-1
 438 000e 08BD     	 pop {r3,pc}
 439              	 .cfi_endproc
 440              	.LFE36:
 442              	 .section .text._unlink,"ax",%progbits
 443              	 .align 1
ARM GAS   			page 11


 444              	 .p2align 2,,3
 445              	 .global _unlink
 446              	 .syntax unified
 447              	 .thumb
 448              	 .thumb_func
 450              	_unlink:
 451              	.LVL27:
 452              	.LFB37:
 134:Core/Src/syscalls.c **** 
 135:Core/Src/syscalls.c **** int _unlink(char *name)
 136:Core/Src/syscalls.c **** {
 453              	 .loc 1 136 1 is_stmt 1 view-0
 454              	 .cfi_startproc
 455              	 
 456              	 
 137:Core/Src/syscalls.c ****   (void)name;
 457              	 .loc 1 137 3 view .LVU101
 138:Core/Src/syscalls.c ****   errno = ENOENT;
 458              	 .loc 1 138 3 view .LVU102
 136:Core/Src/syscalls.c ****   (void)name;
 459              	 .loc 1 136 1 is_stmt 0 view .LVU103
 460 0000 08B5     	 push {r3,lr}
 461              	 .cfi_def_cfa_offset 8
 462              	 .cfi_offset 3,-8
 463              	 .cfi_offset 14,-4
 464              	 .loc 1 138 3 view .LVU104
 465 0002 FFF7FEFF 	 bl __errno
 466              	.LVL28:
 467              	 .loc 1 138 9 discriminator 1 view .LVU105
 468 0006 0223     	 movs r3,#2
 469 0008 0360     	 str r3,[r0]
 139:Core/Src/syscalls.c ****   return -1;
 470              	 .loc 1 139 3 is_stmt 1 view .LVU106
 140:Core/Src/syscalls.c **** }
 471              	 .loc 1 140 1 is_stmt 0 view .LVU107
 472 000a 4FF0FF30 	 mov r0,#-1
 473 000e 08BD     	 pop {r3,pc}
 474              	 .cfi_endproc
 475              	.LFE37:
 477              	 .section .text._times,"ax",%progbits
 478              	 .align 1
 479              	 .p2align 2,,3
 480              	 .global _times
 481              	 .syntax unified
 482              	 .thumb
 483              	 .thumb_func
 485              	_times:
 486              	.LVL29:
 487              	.LFB38:
 141:Core/Src/syscalls.c **** 
 142:Core/Src/syscalls.c **** int _times(struct tms *buf)
 143:Core/Src/syscalls.c **** {
 488              	 .loc 1 143 1 is_stmt 1 view-0
 489              	 .cfi_startproc
 490              	 
 491              	 
 492              	 
ARM GAS   			page 12


 144:Core/Src/syscalls.c ****   (void)buf;
 493              	 .loc 1 144 3 view .LVU109
 145:Core/Src/syscalls.c ****   return -1;
 494              	 .loc 1 145 3 view .LVU110
 146:Core/Src/syscalls.c **** }
 495              	 .loc 1 146 1 is_stmt 0 view .LVU111
 496 0000 4FF0FF30 	 mov r0,#-1
 497              	.LVL30:
 498              	 .loc 1 146 1 view .LVU112
 499 0004 7047     	 bx lr
 500              	 .cfi_endproc
 501              	.LFE38:
 503 0006 00BF     	 .section .text._stat,"ax",%progbits
 504              	 .align 1
 505              	 .p2align 2,,3
 506              	 .global _stat
 507              	 .syntax unified
 508              	 .thumb
 509              	 .thumb_func
 511              	_stat:
 512              	.LVL31:
 513              	.LFB39:
 147:Core/Src/syscalls.c **** 
 148:Core/Src/syscalls.c **** int _stat(char *file, struct stat *st)
 149:Core/Src/syscalls.c **** {
 514              	 .loc 1 149 1 is_stmt 1 view-0
 515              	 .cfi_startproc
 516              	 
 517              	 
 518              	 
 150:Core/Src/syscalls.c ****   (void)file;
 519              	 .loc 1 150 3 view .LVU114
 151:Core/Src/syscalls.c ****   st->st_mode = S_IFCHR;
 520              	 .loc 1 151 3 view .LVU115
 521              	 .loc 1 151 15 is_stmt 0 view .LVU116
 522 0000 4FF40053 	 mov r3,#8192
 523 0004 4B60     	 str r3,[r1,#4]
 152:Core/Src/syscalls.c ****   return 0;
 524              	 .loc 1 152 3 is_stmt 1 view .LVU117
 153:Core/Src/syscalls.c **** }
 525              	 .loc 1 153 1 is_stmt 0 view .LVU118
 526 0006 0020     	 movs r0,#0
 527              	.LVL32:
 528              	 .loc 1 153 1 view .LVU119
 529 0008 7047     	 bx lr
 530              	 .cfi_endproc
 531              	.LFE39:
 533 000a 00BF     	 .section .text._link,"ax",%progbits
 534              	 .align 1
 535              	 .p2align 2,,3
 536              	 .global _link
 537              	 .syntax unified
 538              	 .thumb
 539              	 .thumb_func
 541              	_link:
 542              	.LVL33:
 543              	.LFB40:
ARM GAS   			page 13


 154:Core/Src/syscalls.c **** 
 155:Core/Src/syscalls.c **** int _link(char *old, char *new)
 156:Core/Src/syscalls.c **** {
 544              	 .loc 1 156 1 is_stmt 1 view-0
 545              	 .cfi_startproc
 546              	 
 547              	 
 157:Core/Src/syscalls.c ****   (void)old;
 548              	 .loc 1 157 3 view .LVU121
 158:Core/Src/syscalls.c ****   (void)new;
 549              	 .loc 1 158 3 view .LVU122
 159:Core/Src/syscalls.c ****   errno = EMLINK;
 550              	 .loc 1 159 3 view .LVU123
 156:Core/Src/syscalls.c ****   (void)old;
 551              	 .loc 1 156 1 is_stmt 0 view .LVU124
 552 0000 08B5     	 push {r3,lr}
 553              	 .cfi_def_cfa_offset 8
 554              	 .cfi_offset 3,-8
 555              	 .cfi_offset 14,-4
 556              	 .loc 1 159 3 view .LVU125
 557 0002 FFF7FEFF 	 bl __errno
 558              	.LVL34:
 559              	 .loc 1 159 9 discriminator 1 view .LVU126
 560 0006 1F23     	 movs r3,#31
 561 0008 0360     	 str r3,[r0]
 160:Core/Src/syscalls.c ****   return -1;
 562              	 .loc 1 160 3 is_stmt 1 view .LVU127
 161:Core/Src/syscalls.c **** }
 563              	 .loc 1 161 1 is_stmt 0 view .LVU128
 564 000a 4FF0FF30 	 mov r0,#-1
 565 000e 08BD     	 pop {r3,pc}
 566              	 .cfi_endproc
 567              	.LFE40:
 569              	 .section .text._fork,"ax",%progbits
 570              	 .align 1
 571              	 .p2align 2,,3
 572              	 .global _fork
 573              	 .syntax unified
 574              	 .thumb
 575              	 .thumb_func
 577              	_fork:
 578              	.LFB41:
 162:Core/Src/syscalls.c **** 
 163:Core/Src/syscalls.c **** int _fork(void)
 164:Core/Src/syscalls.c **** {
 579              	 .loc 1 164 1 is_stmt 1 view-0
 580              	 .cfi_startproc
 581              	 
 582              	 
 165:Core/Src/syscalls.c ****   errno = EAGAIN;
 583              	 .loc 1 165 3 view .LVU130
 164:Core/Src/syscalls.c ****   errno = EAGAIN;
 584              	 .loc 1 164 1 is_stmt 0 view .LVU131
 585 0000 08B5     	 push {r3,lr}
 586              	 .cfi_def_cfa_offset 8
 587              	 .cfi_offset 3,-8
 588              	 .cfi_offset 14,-4
ARM GAS   			page 14


 589              	 .loc 1 165 3 view .LVU132
 590 0002 FFF7FEFF 	 bl __errno
 591              	.LVL35:
 592              	 .loc 1 165 9 discriminator 1 view .LVU133
 593 0006 0B23     	 movs r3,#11
 594 0008 0360     	 str r3,[r0]
 166:Core/Src/syscalls.c ****   return -1;
 595              	 .loc 1 166 3 is_stmt 1 view .LVU134
 167:Core/Src/syscalls.c **** }
 596              	 .loc 1 167 1 is_stmt 0 view .LVU135
 597 000a 4FF0FF30 	 mov r0,#-1
 598 000e 08BD     	 pop {r3,pc}
 599              	 .cfi_endproc
 600              	.LFE41:
 602              	 .section .text._execve,"ax",%progbits
 603              	 .align 1
 604              	 .p2align 2,,3
 605              	 .global _execve
 606              	 .syntax unified
 607              	 .thumb
 608              	 .thumb_func
 610              	_execve:
 611              	.LVL36:
 612              	.LFB42:
 168:Core/Src/syscalls.c **** 
 169:Core/Src/syscalls.c **** int _execve(char *name, char **argv, char **env)
 170:Core/Src/syscalls.c **** {
 613              	 .loc 1 170 1 is_stmt 1 view-0
 614              	 .cfi_startproc
 615              	 
 616              	 
 171:Core/Src/syscalls.c ****   (void)name;
 617              	 .loc 1 171 3 view .LVU137
 172:Core/Src/syscalls.c ****   (void)argv;
 618              	 .loc 1 172 3 view .LVU138
 173:Core/Src/syscalls.c ****   (void)env;
 619              	 .loc 1 173 3 view .LVU139
 174:Core/Src/syscalls.c ****   errno = ENOMEM;
 620              	 .loc 1 174 3 view .LVU140
 170:Core/Src/syscalls.c ****   (void)name;
 621              	 .loc 1 170 1 is_stmt 0 view .LVU141
 622 0000 08B5     	 push {r3,lr}
 623              	 .cfi_def_cfa_offset 8
 624              	 .cfi_offset 3,-8
 625              	 .cfi_offset 14,-4
 626              	 .loc 1 174 3 view .LVU142
 627 0002 FFF7FEFF 	 bl __errno
 628              	.LVL37:
 629              	 .loc 1 174 9 discriminator 1 view .LVU143
 630 0006 0C23     	 movs r3,#12
 631 0008 0360     	 str r3,[r0]
 175:Core/Src/syscalls.c ****   return -1;
 632              	 .loc 1 175 3 is_stmt 1 view .LVU144
 176:Core/Src/syscalls.c **** }
 633              	 .loc 1 176 1 is_stmt 0 view .LVU145
 634 000a 4FF0FF30 	 mov r0,#-1
 635 000e 08BD     	 pop {r3,pc}
ARM GAS   			page 15


 636              	 .cfi_endproc
 637              	.LFE42:
 639              	 .global environ
 640              	 .section .data.environ,"aw"
 641              	 .align 2
 644              	environ:
 645 0000 00000000 	 .word __env
 646              	 .global __env
 647              	 .section .bss.__env,"aw",%nobits
 648              	 .align 2
 651              	__env:
 652 0000 00000000 	 .space 4
 653              	 .weak __io_putchar
 654              	 .weak __io_getchar
 655              	 .text
 656              	.Letext0:
 657              	 .file 2 "/usr/include/newlib/machine/_default_types.h"
 658              	 .file 3 "/usr/include/newlib/sys/_types.h"
 659              	 .file 4 "/usr/include/newlib/sys/_timeval.h"
 660              	 .file 5 "/usr/include/newlib/sys/_timespec.h"
 661              	 .file 6 "/usr/include/newlib/sys/types.h"
 662              	 .file 7 "/usr/include/newlib/sys/stat.h"
 663              	 .file 8 "/usr/include/newlib/sys/times.h"
 664              	 .file 9 "/usr/include/newlib/sys/errno.h"
ARM GAS   			page 16


DEFINED SYMBOLS
                            *ABS*:00000000 syscalls.c
    {standard input}:19     .text.initialise_monitor_handles:00000000 $t
    {standard input}:26     .text.initialise_monitor_handles:00000000 initialise_monitor_handles
    {standard input}:39     .text._getpid:00000000 $t
    {standard input}:46     .text._getpid:00000000 _getpid
    {standard input}:61     .text._kill:00000000 $t
    {standard input}:68     .text._kill:00000000 _kill
    {standard input}:97     .text._exit:00000000 $t
    {standard input}:104    .text._exit:00000000 _exit
    {standard input}:152    .text._read:00000000 $t
    {standard input}:159    .text._read:00000000 _read
    {standard input}:206    .text._write:00000000 $t
    {standard input}:213    .text._write:00000000 _write
    {standard input}:260    .text._close:00000000 $t
    {standard input}:267    .text._close:00000000 _close
    {standard input}:286    .text._fstat:00000000 $t
    {standard input}:293    .text._fstat:00000000 _fstat
    {standard input}:316    .text._isatty:00000000 $t
    {standard input}:323    .text._isatty:00000000 _isatty
    {standard input}:342    .text._lseek:00000000 $t
    {standard input}:349    .text._lseek:00000000 _lseek
    {standard input}:370    .text._open:00000000 $t
    {standard input}:377    .text._open:00000000 _open
    {standard input}:408    .text._wait:00000000 $t
    {standard input}:415    .text._wait:00000000 _wait
    {standard input}:443    .text._unlink:00000000 $t
    {standard input}:450    .text._unlink:00000000 _unlink
    {standard input}:478    .text._times:00000000 $t
    {standard input}:485    .text._times:00000000 _times
    {standard input}:504    .text._stat:00000000 $t
    {standard input}:511    .text._stat:00000000 _stat
    {standard input}:534    .text._link:00000000 $t
    {standard input}:541    .text._link:00000000 _link
    {standard input}:570    .text._fork:00000000 $t
    {standard input}:577    .text._fork:00000000 _fork
    {standard input}:603    .text._execve:00000000 $t
    {standard input}:610    .text._execve:00000000 _execve
    {standard input}:644    .data.environ:00000000 environ
    {standard input}:641    .data.environ:00000000 $d
    {standard input}:651    .bss.__env:00000000 __env
    {standard input}:648    .bss.__env:00000000 $d
                           .group:00000000 wm4.0.ea19c25cbb216197368fe558daea6575
                           .group:00000000 wm4._newlib_version.h.4.0eb654b64686e2bd29646258853f6c22
                           .group:00000000 wm4.newlib.h.27.c836a31b4651d2e2221512767dba946d
                           .group:00000000 wm4.ieeefp.h.77.61a77db5804869b1dadd307a77cf78c9
                           .group:00000000 wm4.features.h.22.4b93ad64e0d80833c46a20ecae380bb0
                           .group:00000000 wm4.config.h.224.88344135d9de3e7ea139102cd6493448
                           .group:00000000 wm4._ansi.h.31.de524f58584151836e90d8620a16f8e8
                           .group:00000000 wm4._default_types.h.6.959254cf5f09734ea7516c89e8bb21bd
                           .group:00000000 wm4.stddef.h.39.0dc9006b34572d4d9cae4c8b422c4971
                           .group:00000000 wm4.cdefs.h.49.56fd742369e655e7e8a7e365e706e208
                           .group:00000000 wm4._types.h.20.dd0d04dca3800a0d2a6129b87f3adbb2
                           .group:00000000 wm4.stddef.h.158.6f8e08a347b1cff664332fa350bfceb3
                           .group:00000000 wm4._types.h.127.3bdfe3ff8ea2d0985b03d9cbe93480e3
                           .group:00000000 wm4.reent.h.18.25503cdc8b7e55dd0d6ea7b3e5af7a03
                           .group:00000000 wm4.lock.h.2.c0958401bd0ce484d507ee19aacab817
ARM GAS   			page 17


                           .group:00000000 wm4.reent.h.78.390de510207922ae4defb78c0f450fc3
                           .group:00000000 wm4.assert.h.11.db24e541f16414db224bf986d21017e2
                           .group:00000000 wm4.reent.h.463.ea06f504d21c8c4258c6fe87e50d6d65
                           .group:00000000 wm4.time.h.14.849270cc7997ccc4e05edd146e568a9f
                           .group:00000000 wm4.stddef.h.158.eec8bf00b5213f43d095cb984c5f22e3
                           .group:00000000 wm4.time.h.2.4581ce0ffb6627cfc02162c94bf846c9
                           .group:00000000 wm4.time.h.25.0e6a0fdbc9955f5707ed54246ed2e089
                           .group:00000000 wm4.types.h.40.8b6acba56cefbb11746718204edc8f5e
                           .group:00000000 wm4._stdint.h.10.c24fa3af3bc1706662bb5593a907e841
                           .group:00000000 wm4._endian.h.31.65a10590763c3dde1ac4a7f66d7d4891
                           .group:00000000 wm4.endian.h.9.49f3a4695c1b61e8a0808de3c4a106cb
                           .group:00000000 wm4._timeval.h.32.bec3221fa7a9bb0bdde696c9c57e47d2
                           .group:00000000 wm4.timespec.h.41.d855182eb0e690443ab8651bcedca6e1
                           .group:00000000 wm4.select.h.19.8c04bee5682eafa577cf6325dd7ee64c
                           .group:00000000 wm4.types.h.51.e2a6e4379b4797ffcc4841f8498fd61b
                           .group:00000000 wm4.sched.h.22.c60982713a5c428609783c78f9c78d95
                           .group:00000000 wm4._pthreadtypes.h.36.fcee9961c35163dde6267ef772ad1972
                           .group:00000000 wm4.time.h.142.ba943c1a29afc7430d41c0a92fd48e0b
                           .group:00000000 wm4.stat.h.54.5a9b823658423102e7a8de4ed089eedc
                           .group:00000000 wm4.stdlib.h.13.4ed386f5c1a80d71e72172885d946ef2
                           .group:00000000 wm4.alloca.h.8.dfc0c703c47ec3e69746825b17d9e66d
                           .group:00000000 wm4.stdlib.h.56.f4862cfbf4363a1db01842d5bdf72c18
                           .group:00000000 wm4.errno.h.2.ba016d646105af6cad23be83630b6a3f
                           .group:00000000 wm4.errno.h.9.ae5ea2b0ff9ea6e39e585807e35200d3
                           .group:00000000 wm4.stdio.h.27.3fc80220048df77954e38daec3bb9670
                           .group:00000000 wm4.stdarg.h.34.3a23a216c0c293b3d2ea2e89281481e6
                           .group:00000000 wm4.stdio.h.47.1f5845210bb9053bbca9ed76fc4018da
                           .group:00000000 wm4.stdio.h.2.4aa87247282eca6c8f36f9de33d8df1a
                           .group:00000000 wm4.stdio.h.87.408e5d973372126daeef099c555b2753
                           .group:00000000 wm4.stdint.h.29.6d480f4ba0f60596e88234283d42444f
                           .group:00000000 wm4.signal.h.31.1e41f887ed1384065c2378e275de5bce
                           .group:00000000 wm4.signal.h.18.14c8d0c03fc1e06775633fad7399cfc7
                           .group:00000000 wm4.time.h.40.07bdef2e51e429b46276cd6f2246b78b

UNDEFINED SYMBOLS
__errno
__io_getchar
__io_putchar
