ARM GAS   			page 1


   1              	 .cpu cortex-m4
   2              	 .arch armv7e-m
   3              	 .fpu fpv4-sp-d16
   4              	 .eabi_attribute 27,1
   5              	 .eabi_attribute 28,1
   6              	 .eabi_attribute 23,1
   7              	 .eabi_attribute 24,1
   8              	 .eabi_attribute 25,1
   9              	 .eabi_attribute 26,1
  10              	 .eabi_attribute 30,2
  11              	 .eabi_attribute 34,1
  12              	 .eabi_attribute 18,4
  13              	 .file "sysmem.c"
  14              	 .text
  15              	.Ltext0:
  16              	 .cfi_sections .debug_frame
  17              	 .file 1 "Core/Src/sysmem.c"
  18              	 .section .text._sbrk,"ax",%progbits
  19              	 .align 1
  20              	 .p2align 2,,3
  21              	 .global _sbrk
  22              	 .syntax unified
  23              	 .thumb
  24              	 .thumb_func
  26              	_sbrk:
  27              	.LVL0:
  28              	.LFB0:
   1:Core/Src/sysmem.c **** /**
   2:Core/Src/sysmem.c ****  ******************************************************************************
   3:Core/Src/sysmem.c ****  * @file      sysmem.c
   4:Core/Src/sysmem.c ****  * @author    Generated by STM32CubeMX
   5:Core/Src/sysmem.c ****  * @brief     System Memory calls file
   6:Core/Src/sysmem.c ****  *
   7:Core/Src/sysmem.c ****  *            For more information about which C functions
   8:Core/Src/sysmem.c ****  *            need which of these lowlevel functions
   9:Core/Src/sysmem.c ****  *            please consult the newlib libc manual
  10:Core/Src/sysmem.c ****  ******************************************************************************
  11:Core/Src/sysmem.c ****  * @attention
  12:Core/Src/sysmem.c ****  *
  13:Core/Src/sysmem.c ****  * Copyright (c) 2024 STMicroelectronics.
  14:Core/Src/sysmem.c ****  * All rights reserved.
  15:Core/Src/sysmem.c ****  *
  16:Core/Src/sysmem.c ****  * This software is licensed under terms that can be found in the LICENSE file
  17:Core/Src/sysmem.c ****  * in the root directory of this software component.
  18:Core/Src/sysmem.c ****  * If no LICENSE file comes with this software, it is provided AS-IS.
  19:Core/Src/sysmem.c ****  *
  20:Core/Src/sysmem.c ****  ******************************************************************************
  21:Core/Src/sysmem.c ****  */
  22:Core/Src/sysmem.c **** 
  23:Core/Src/sysmem.c **** /* Includes */
  24:Core/Src/sysmem.c **** #include <errno.h>
  25:Core/Src/sysmem.c **** #include <stdint.h>
  26:Core/Src/sysmem.c **** 
  27:Core/Src/sysmem.c **** /**
  28:Core/Src/sysmem.c ****  * Pointer to the current high watermark of the heap usage
  29:Core/Src/sysmem.c ****  */
  30:Core/Src/sysmem.c **** static uint8_t *__sbrk_heap_end = NULL;
ARM GAS   			page 2


  31:Core/Src/sysmem.c **** 
  32:Core/Src/sysmem.c **** /**
  33:Core/Src/sysmem.c ****  * @brief _sbrk() allocates memory to the newlib heap and is used by malloc
  34:Core/Src/sysmem.c ****  *        and others from the C library
  35:Core/Src/sysmem.c ****  *
  36:Core/Src/sysmem.c ****  * @verbatim
  37:Core/Src/sysmem.c ****  * ############################################################################
  38:Core/Src/sysmem.c ****  * #  .data  #  .bss  #       newlib heap       #          MSP stack          #
  39:Core/Src/sysmem.c ****  * #         #        #                         # Reserved by _Min_Stack_Size #
  40:Core/Src/sysmem.c ****  * ############################################################################
  41:Core/Src/sysmem.c ****  * ^-- RAM start      ^-- _end                             _estack, RAM end --^
  42:Core/Src/sysmem.c ****  * @endverbatim
  43:Core/Src/sysmem.c ****  *
  44:Core/Src/sysmem.c ****  * This implementation starts allocating at the '_end' linker symbol
  45:Core/Src/sysmem.c ****  * The '_Min_Stack_Size' linker symbol reserves a memory for the MSP stack
  46:Core/Src/sysmem.c ****  * The implementation considers '_estack' linker symbol to be RAM end
  47:Core/Src/sysmem.c ****  * NOTE: If the MSP stack, at any point during execution, grows larger than the
  48:Core/Src/sysmem.c ****  * reserved size, please increase the '_Min_Stack_Size'.
  49:Core/Src/sysmem.c ****  *
  50:Core/Src/sysmem.c ****  * @param incr Memory size
  51:Core/Src/sysmem.c ****  * @return Pointer to allocated memory
  52:Core/Src/sysmem.c ****  */
  53:Core/Src/sysmem.c **** void *_sbrk(ptrdiff_t incr)
  54:Core/Src/sysmem.c **** {
  29              	 .loc 1 54 1 view-0
  30              	 .cfi_startproc
  31              	 
  32              	 
  55:Core/Src/sysmem.c ****   extern uint8_t _end; /* Symbol defined in the linker script */
  33              	 .loc 1 55 3 view .LVU1
  56:Core/Src/sysmem.c ****   extern uint8_t _estack; /* Symbol defined in the linker script */
  34              	 .loc 1 56 3 view .LVU2
  57:Core/Src/sysmem.c ****   extern uint32_t _Min_Stack_Size; /* Symbol defined in the linker script */
  35              	 .loc 1 57 3 view .LVU3
  58:Core/Src/sysmem.c ****   const uint32_t stack_limit = (uint32_t)&_estack - (uint32_t)&_Min_Stack_Size;
  36              	 .loc 1 58 3 view .LVU4
  59:Core/Src/sysmem.c ****   const uint8_t *max_heap = (uint8_t *)stack_limit;
  37              	 .loc 1 59 3 view .LVU5
  60:Core/Src/sysmem.c ****   uint8_t *prev_heap_end;
  61:Core/Src/sysmem.c **** 
  62:Core/Src/sysmem.c ****   /* Initialize heap end at first call */
  63:Core/Src/sysmem.c ****   if (NULL == __sbrk_heap_end)
  38              	 .loc 1 63 12 is_stmt 0 view .LVU6
  39 0000 0C49     	 ldr r1,.L9
  58:Core/Src/sysmem.c ****   const uint8_t *max_heap = (uint8_t *)stack_limit;
  40              	 .loc 1 58 51 view .LVU7
  41 0002 0D4A     	 ldr r2,.L9+4
  42              	 .loc 1 63 12 view .LVU8
  43 0004 0B68     	 ldr r3,[r1]
  54:Core/Src/sysmem.c ****   extern uint8_t _end; /* Symbol defined in the linker script */
  44              	 .loc 1 54 1 view .LVU9
  45 0006 10B5     	 push {r4,lr}
  46              	 .cfi_def_cfa_offset 8
  47              	 .cfi_offset 4,-8
  48              	 .cfi_offset 14,-4
  58:Core/Src/sysmem.c ****   const uint8_t *max_heap = (uint8_t *)stack_limit;
  49              	 .loc 1 58 51 view .LVU10
ARM GAS   			page 3


  50 0008 0C4C     	 ldr r4,.L9+8
  51 000a 121B     	 subs r2,r2,r4
  52              	.LVL1:
  60:Core/Src/sysmem.c ****   uint8_t *prev_heap_end;
  53              	 .loc 1 60 3 is_stmt 1 view .LVU11
  54              	 .loc 1 63 3 view .LVU12
  55              	 .loc 1 63 6 is_stmt 0 view .LVU13
  56 000c 2BB1     	 cbz r3,.L7
  64:Core/Src/sysmem.c ****   {
  65:Core/Src/sysmem.c ****     __sbrk_heap_end = &_end;
  66:Core/Src/sysmem.c ****   }
  67:Core/Src/sysmem.c **** 
  68:Core/Src/sysmem.c ****   /* Protect heap from growing into the reserved MSP stack */
  69:Core/Src/sysmem.c ****   if (__sbrk_heap_end + incr > max_heap)
  57              	 .loc 1 69 3 is_stmt 1 view .LVU14
  58              	 .loc 1 69 23 is_stmt 0 view .LVU15
  59 000e 1844     	 add r0,r0,r3
  60              	.LVL2:
  61              	 .loc 1 69 6 view .LVU16
  62 0010 9042     	 cmp r0,r2
  63 0012 07D8     	 bhi .L8
  64              	.L3:
  70:Core/Src/sysmem.c ****   {
  71:Core/Src/sysmem.c ****     errno = ENOMEM;
  72:Core/Src/sysmem.c ****     return (void *)-1;
  73:Core/Src/sysmem.c ****   }
  74:Core/Src/sysmem.c **** 
  75:Core/Src/sysmem.c ****   prev_heap_end = __sbrk_heap_end;
  65              	 .loc 1 75 3 is_stmt 1 view .LVU17
  66              	.LVL3:
  76:Core/Src/sysmem.c ****   __sbrk_heap_end += incr;
  67              	 .loc 1 76 3 view .LVU18
  68              	 .loc 1 76 19 is_stmt 0 view .LVU19
  69 0014 0860     	 str r0,[r1]
  70              	.LVL4:
  77:Core/Src/sysmem.c **** 
  78:Core/Src/sysmem.c ****   return (void *)prev_heap_end;
  71              	 .loc 1 78 3 is_stmt 1 view .LVU20
  79:Core/Src/sysmem.c **** }
  72              	 .loc 1 79 1 is_stmt 0 view .LVU21
  73 0016 1846     	 mov r0,r3
  74 0018 10BD     	 pop {r4,pc}
  75              	.LVL5:
  76              	.L7:
  65:Core/Src/sysmem.c ****   }
  77              	 .loc 1 65 5 is_stmt 1 view .LVU22
  65:Core/Src/sysmem.c ****   }
  78              	 .loc 1 65 21 is_stmt 0 view .LVU23
  79 001a 094B     	 ldr r3,.L9+12
  80 001c 0B60     	 str r3,[r1]
  69:Core/Src/sysmem.c ****   {
  81              	 .loc 1 69 3 is_stmt 1 view .LVU24
  69:Core/Src/sysmem.c ****   {
  82              	 .loc 1 69 23 is_stmt 0 view .LVU25
  83 001e 1844     	 add r0,r0,r3
  84              	.LVL6:
  69:Core/Src/sysmem.c ****   {
ARM GAS   			page 4


  85              	 .loc 1 69 6 view .LVU26
  86 0020 9042     	 cmp r0,r2
  87 0022 F7D9     	 bls .L3
  88              	.L8:
  71:Core/Src/sysmem.c ****     return (void *)-1;
  89              	 .loc 1 71 5 is_stmt 1 view .LVU27
  90 0024 FFF7FEFF 	 bl __errno
  91              	.LVL7:
  71:Core/Src/sysmem.c ****     return (void *)-1;
  92              	 .loc 1 71 11 is_stmt 0 discriminator 1 view .LVU28
  93 0028 0C23     	 movs r3,#12
  94 002a 0360     	 str r3,[r0]
  72:Core/Src/sysmem.c ****   }
  95              	 .loc 1 72 5 is_stmt 1 view .LVU29
  72:Core/Src/sysmem.c ****   }
  96              	 .loc 1 72 12 is_stmt 0 view .LVU30
  97 002c 4FF0FF33 	 mov r3,#-1
  98              	 .loc 1 79 1 view .LVU31
  99 0030 1846     	 mov r0,r3
 100 0032 10BD     	 pop {r4,pc}
 101              	.L10:
 102              	 .align 2
 103              	.L9:
 104 0034 00000000 	 .word __sbrk_heap_end
 105 0038 00000000 	 .word _estack
 106 003c 00000000 	 .word _Min_Stack_Size
 107 0040 00000000 	 .word _end
 108              	 .cfi_endproc
 109              	.LFE0:
 111              	 .section .bss.__sbrk_heap_end,"aw",%nobits
 112              	 .align 2
 115              	__sbrk_heap_end:
 116 0000 00000000 	 .space 4
 117              	 .text
 118              	.Letext0:
 119              	 .file 2 "/usr/lib/gcc/arm-none-eabi/14.2.1/include/stddef.h"
 120              	 .file 3 "/usr/lib/gcc/arm-none-eabi/14.2.1/include/stdint.h"
 121              	 .file 4 "/usr/include/newlib/sys/errno.h"
ARM GAS   			page 5


DEFINED SYMBOLS
                            *ABS*:00000000 sysmem.c
    {standard input}:19     .text._sbrk:00000000 $t
    {standard input}:26     .text._sbrk:00000000 _sbrk
    {standard input}:104    .text._sbrk:00000034 $d
    {standard input}:115    .bss.__sbrk_heap_end:00000000 __sbrk_heap_end
    {standard input}:112    .bss.__sbrk_heap_end:00000000 $d
                           .group:00000000 wm4.0.ea19c25cbb216197368fe558daea6575
                           .group:00000000 wm4.errno.h.2.ba016d646105af6cad23be83630b6a3f
                           .group:00000000 wm4._newlib_version.h.4.0eb654b64686e2bd29646258853f6c22
                           .group:00000000 wm4.newlib.h.27.c836a31b4651d2e2221512767dba946d
                           .group:00000000 wm4.ieeefp.h.77.61a77db5804869b1dadd307a77cf78c9
                           .group:00000000 wm4.features.h.22.4b93ad64e0d80833c46a20ecae380bb0
                           .group:00000000 wm4.config.h.224.88344135d9de3e7ea139102cd6493448
                           .group:00000000 wm4._ansi.h.31.de524f58584151836e90d8620a16f8e8
                           .group:00000000 wm4.stddef.h.39.0dc9006b34572d4d9cae4c8b422c4971
                           .group:00000000 wm4._default_types.h.6.959254cf5f09734ea7516c89e8bb21bd
                           .group:00000000 wm4.cdefs.h.49.56fd742369e655e7e8a7e365e706e208
                           .group:00000000 wm4._types.h.20.dd0d04dca3800a0d2a6129b87f3adbb2
                           .group:00000000 wm4.stddef.h.158.6f8e08a347b1cff664332fa350bfceb3
                           .group:00000000 wm4._types.h.127.3bdfe3ff8ea2d0985b03d9cbe93480e3
                           .group:00000000 wm4.reent.h.18.25503cdc8b7e55dd0d6ea7b3e5af7a03
                           .group:00000000 wm4.lock.h.2.c0958401bd0ce484d507ee19aacab817
                           .group:00000000 wm4.reent.h.78.390de510207922ae4defb78c0f450fc3
                           .group:00000000 wm4.assert.h.11.db24e541f16414db224bf986d21017e2
                           .group:00000000 wm4.reent.h.463.ea06f504d21c8c4258c6fe87e50d6d65
                           .group:00000000 wm4.errno.h.18.87873c1c5b242e8a4fdc43daa9aad824
                           .group:00000000 wm4.stdint.h.29.6d480f4ba0f60596e88234283d42444f

UNDEFINED SYMBOLS
__errno
_estack
_Min_Stack_Size
_end
