ARM GAS   			page 1


   1              	 .cpu cortex-m4
   2              	 .eabi_attribute 27,1
   3              	 .eabi_attribute 28,1
   4              	 .eabi_attribute 20,1
   5              	 .eabi_attribute 21,1
   6              	 .eabi_attribute 23,3
   7              	 .eabi_attribute 24,1
   8              	 .eabi_attribute 25,1
   9              	 .eabi_attribute 26,1
  10              	 .eabi_attribute 30,2
  11              	 .eabi_attribute 34,1
  12              	 .eabi_attribute 18,4
  13              	 .file "tim.c"
  14              	 .text
  15              	.Ltext0:
  16              	 .cfi_sections .debug_frame
  17              	 .section .text.MX_TIM1_Init,"ax",%progbits
  18              	 .align 1
  19              	 .p2align 2,,3
  20              	 .global MX_TIM1_Init
  21              	 .arch armv7e-m
  22              	 .syntax unified
  23              	 .thumb
  24              	 .thumb_func
  25              	 .fpu fpv4-sp-d16
  27              	MX_TIM1_Init:
  28              	.LFB123:
  29              	 .file 1 "Core/Src/tim.c"
   1:Core/Src/tim.c **** /* USER CODE BEGIN Header */
   2:Core/Src/tim.c **** /**
   3:Core/Src/tim.c ****   ******************************************************************************
   4:Core/Src/tim.c ****   * @file    tim.c
   5:Core/Src/tim.c ****   * @brief   This file provides code for the configuration
   6:Core/Src/tim.c ****   *          of the TIM instances.
   7:Core/Src/tim.c ****   ******************************************************************************
   8:Core/Src/tim.c ****   * @attention
   9:Core/Src/tim.c ****   *
  10:Core/Src/tim.c ****   * Copyright (c) 2023 STMicroelectronics.
  11:Core/Src/tim.c ****   * All rights reserved.
  12:Core/Src/tim.c ****   *
  13:Core/Src/tim.c ****   * This software is licensed under terms that can be found in the LICENSE file
  14:Core/Src/tim.c ****   * in the root directory of this software component.
  15:Core/Src/tim.c ****   * If no LICENSE file comes with this software, it is provided AS-IS.
  16:Core/Src/tim.c ****   *
  17:Core/Src/tim.c ****   ******************************************************************************
  18:Core/Src/tim.c ****   */
  19:Core/Src/tim.c **** /* USER CODE END Header */
  20:Core/Src/tim.c **** /* Includes ------------------------------------------------------------------*/
  21:Core/Src/tim.c **** #include "tim.h"
  22:Core/Src/tim.c **** 
  23:Core/Src/tim.c **** /* USER CODE BEGIN 0 */
  24:Core/Src/tim.c **** 
  25:Core/Src/tim.c **** /* USER CODE END 0 */
  26:Core/Src/tim.c **** 
  27:Core/Src/tim.c **** TIM_HandleTypeDef htim1;
  28:Core/Src/tim.c **** TIM_HandleTypeDef htim2;
  29:Core/Src/tim.c **** TIM_HandleTypeDef htim16;
ARM GAS   			page 2


  30:Core/Src/tim.c **** 
  31:Core/Src/tim.c **** /* TIM1 init function */
  32:Core/Src/tim.c **** void MX_TIM1_Init(void)
  33:Core/Src/tim.c **** {
  30              	 .loc 1 33 1 view-0
  31              	 .cfi_startproc
  32              	 
  33              	 
  34:Core/Src/tim.c **** 
  35:Core/Src/tim.c ****   /* USER CODE BEGIN TIM1_Init 0 */
  36:Core/Src/tim.c **** 
  37:Core/Src/tim.c ****   /* USER CODE END TIM1_Init 0 */
  38:Core/Src/tim.c **** 
  39:Core/Src/tim.c ****   TIM_ClockConfigTypeDef sClockSourceConfig = {0};
  34              	 .loc 1 39 3 view .LVU1
  33:Core/Src/tim.c **** 
  35              	 .loc 1 33 1 is_stmt 0 view .LVU2
  36 0000 30B5     	 push {r4,r5,lr}
  37              	 .cfi_def_cfa_offset 12
  38              	 .cfi_offset 4,-12
  39              	 .cfi_offset 5,-8
  40              	 .cfi_offset 14,-4
  41              	 .loc 1 39 26 view .LVU3
  42 0002 0024     	 movs r4,#0
  33:Core/Src/tim.c **** 
  43              	 .loc 1 33 1 view .LVU4
  44 0004 A5B0     	 sub sp,sp,#148
  45              	 .cfi_def_cfa_offset 160
  40:Core/Src/tim.c ****   TIM_MasterConfigTypeDef sMasterConfig = {0};
  41:Core/Src/tim.c ****   TIM_OC_InitTypeDef sConfigOC = {0};
  42:Core/Src/tim.c ****   TIM_BreakDeadTimeConfigTypeDef sBreakDeadTimeConfig = {0};
  46              	 .loc 1 42 34 view .LVU5
  47 0006 2C22     	 movs r2,#44
  48 0008 2146     	 mov r1,r4
  49 000a 18A8     	 add r0,sp,#96
  43:Core/Src/tim.c **** 
  44:Core/Src/tim.c ****   /* USER CODE BEGIN TIM1_Init 1 */
  45:Core/Src/tim.c **** 
  46:Core/Src/tim.c ****   /* USER CODE END TIM1_Init 1 */
  47:Core/Src/tim.c ****   htim1.Instance = TIM1;
  50              	 .loc 1 47 18 view .LVU6
  51 000c 4F4D     	 ldr r5,.L36
  39:Core/Src/tim.c ****   TIM_MasterConfigTypeDef sMasterConfig = {0};
  52              	 .loc 1 39 26 view .LVU7
  53 000e 0694     	 str r4,[sp,#24]
  54 0010 CDE90744 	 strd r4,r4,[sp,#28]
  40:Core/Src/tim.c ****   TIM_MasterConfigTypeDef sMasterConfig = {0};
  55              	 .loc 1 40 27 view .LVU8
  56 0014 CDE90344 	 strd r4,r4,[sp,#12]
  41:Core/Src/tim.c ****   TIM_BreakDeadTimeConfigTypeDef sBreakDeadTimeConfig = {0};
  57              	 .loc 1 41 22 view .LVU9
  58 0018 CDE91144 	 strd r4,r4,[sp,#68]
  59 001c CDE91344 	 strd r4,r4,[sp,#76]
  60 0020 CDE91544 	 strd r4,r4,[sp,#84]
  40:Core/Src/tim.c ****   TIM_OC_InitTypeDef sConfigOC = {0};
  61              	 .loc 1 40 27 view .LVU10
  62 0024 0294     	 str r4,[sp,#8]
ARM GAS   			page 3


  41:Core/Src/tim.c ****   TIM_BreakDeadTimeConfigTypeDef sBreakDeadTimeConfig = {0};
  63              	 .loc 1 41 22 view .LVU11
  64 0026 1094     	 str r4,[sp,#64]
  39:Core/Src/tim.c ****   TIM_MasterConfigTypeDef sMasterConfig = {0};
  65              	 .loc 1 39 26 view .LVU12
  66 0028 0994     	 str r4,[sp,#36]
  40:Core/Src/tim.c ****   TIM_OC_InitTypeDef sConfigOC = {0};
  67              	 .loc 1 40 3 is_stmt 1 view .LVU13
  41:Core/Src/tim.c ****   TIM_BreakDeadTimeConfigTypeDef sBreakDeadTimeConfig = {0};
  68              	 .loc 1 41 3 view .LVU14
  42:Core/Src/tim.c **** 
  69              	 .loc 1 42 3 view .LVU15
  42:Core/Src/tim.c **** 
  70              	 .loc 1 42 34 is_stmt 0 view .LVU16
  71 002a FFF7FEFF 	 bl memset
  72              	.LVL0:
  73              	 .loc 1 47 3 is_stmt 1 view .LVU17
  48:Core/Src/tim.c ****   htim1.Init.Prescaler = 1439;
  74              	 .loc 1 48 24 is_stmt 0 view .LVU18
  75 002e 484A     	 ldr r2,.L36+4
  76 0030 40F29F53 	 movw r3,#1439
  77 0034 C5E90023 	 strd r2,r3,[r5]
  49:Core/Src/tim.c ****   htim1.Init.CounterMode = TIM_COUNTERMODE_UP;
  78              	 .loc 1 49 3 is_stmt 1 view .LVU19
  50:Core/Src/tim.c ****   htim1.Init.Period = 65535;
  51:Core/Src/tim.c ****   htim1.Init.ClockDivision = TIM_CLOCKDIVISION_DIV1;
  52:Core/Src/tim.c ****   htim1.Init.RepetitionCounter = 0;
  53:Core/Src/tim.c ****   htim1.Init.AutoReloadPreload = TIM_AUTORELOAD_PRELOAD_ENABLE;
  54:Core/Src/tim.c ****   if (HAL_TIM_Base_Init(&htim1) != HAL_OK)
  79              	 .loc 1 54 7 is_stmt 0 view .LVU20
  80 0038 2846     	 mov r0,r5
  50:Core/Src/tim.c ****   htim1.Init.Period = 65535;
  81              	 .loc 1 50 21 view .LVU21
  82 003a 4FF6FF72 	 movw r2,#65535
  53:Core/Src/tim.c ****   if (HAL_TIM_Base_Init(&htim1) != HAL_OK)
  83              	 .loc 1 53 32 view .LVU22
  84 003e 8023     	 movs r3,#128
  50:Core/Src/tim.c ****   htim1.Init.Period = 65535;
  85              	 .loc 1 50 21 view .LVU23
  86 0040 C5E90242 	 strd r4,r2,[r5,#8]
  51:Core/Src/tim.c ****   htim1.Init.RepetitionCounter = 0;
  87              	 .loc 1 51 3 is_stmt 1 view .LVU24
  52:Core/Src/tim.c ****   htim1.Init.AutoReloadPreload = TIM_AUTORELOAD_PRELOAD_ENABLE;
  88              	 .loc 1 52 32 is_stmt 0 view .LVU25
  89 0044 C5E90444 	 strd r4,r4,[r5,#16]
  53:Core/Src/tim.c ****   if (HAL_TIM_Base_Init(&htim1) != HAL_OK)
  90              	 .loc 1 53 3 is_stmt 1 view .LVU26
  53:Core/Src/tim.c ****   if (HAL_TIM_Base_Init(&htim1) != HAL_OK)
  91              	 .loc 1 53 32 is_stmt 0 view .LVU27
  92 0048 AB61     	 str r3,[r5,#24]
  93              	 .loc 1 54 3 is_stmt 1 view .LVU28
  94              	 .loc 1 54 7 is_stmt 0 view .LVU29
  95 004a FFF7FEFF 	 bl HAL_TIM_Base_Init
  96              	.LVL1:
  97              	 .loc 1 54 6 view .LVU30
  98 004e 0028     	 cmp r0,#0
  99 0050 50D1     	 bne .L29
ARM GAS   			page 4


 100              	.L2:
  55:Core/Src/tim.c ****   {
  56:Core/Src/tim.c ****     Error_Handler();
  57:Core/Src/tim.c ****   }
  58:Core/Src/tim.c ****   sClockSourceConfig.ClockSource = TIM_CLOCKSOURCE_INTERNAL;
 101              	 .loc 1 58 3 is_stmt 1 view .LVU31
 102              	 .loc 1 58 34 is_stmt 0 view .LVU32
 103 0052 4FF48053 	 mov r3,#4096
  59:Core/Src/tim.c ****   if (HAL_TIM_ConfigClockSource(&htim1, &sClockSourceConfig) != HAL_OK)
 104              	 .loc 1 59 7 view .LVU33
 105 0056 3D48     	 ldr r0,.L36
  58:Core/Src/tim.c ****   if (HAL_TIM_ConfigClockSource(&htim1, &sClockSourceConfig) != HAL_OK)
 106              	 .loc 1 58 34 view .LVU34
 107 0058 0693     	 str r3,[sp,#24]
 108              	 .loc 1 59 3 is_stmt 1 view .LVU35
 109              	 .loc 1 59 7 is_stmt 0 view .LVU36
 110 005a 06A9     	 add r1,sp,#24
 111 005c FFF7FEFF 	 bl HAL_TIM_ConfigClockSource
 112              	.LVL2:
 113              	 .loc 1 59 6 view .LVU37
 114 0060 0028     	 cmp r0,#0
 115 0062 56D1     	 bne .L30
 116              	.L3:
  60:Core/Src/tim.c ****   {
  61:Core/Src/tim.c ****     Error_Handler();
  62:Core/Src/tim.c ****   }
  63:Core/Src/tim.c ****   if (HAL_TIM_PWM_Init(&htim1) != HAL_OK)
 117              	 .loc 1 63 3 is_stmt 1 view .LVU38
 118              	 .loc 1 63 7 is_stmt 0 view .LVU39
 119 0064 3948     	 ldr r0,.L36
 120 0066 FFF7FEFF 	 bl HAL_TIM_PWM_Init
 121              	.LVL3:
 122              	 .loc 1 63 6 view .LVU40
 123 006a 0028     	 cmp r0,#0
 124 006c 4ED1     	 bne .L31
 125              	.L4:
  64:Core/Src/tim.c ****   {
  65:Core/Src/tim.c ****     Error_Handler();
  66:Core/Src/tim.c ****   }
  67:Core/Src/tim.c ****   sMasterConfig.MasterOutputTrigger = TIM_TRGO_RESET;
 126              	 .loc 1 67 3 is_stmt 1 view .LVU41
  68:Core/Src/tim.c ****   sMasterConfig.MasterOutputTrigger2 = TIM_TRGO2_RESET;
 127              	 .loc 1 68 3 view .LVU42
  67:Core/Src/tim.c ****   sMasterConfig.MasterOutputTrigger2 = TIM_TRGO2_RESET;
 128              	 .loc 1 67 37 is_stmt 0 view .LVU43
 129 006e 0023     	 movs r3,#0
 130 0070 0022     	 movs r2,#0
 131 0072 CDE90223 	 strd r2,[sp,#8]
  69:Core/Src/tim.c ****   sMasterConfig.MasterSlaveMode = TIM_MASTERSLAVEMODE_DISABLE;
 132              	 .loc 1 69 3 is_stmt 1 view .LVU44
  70:Core/Src/tim.c ****   if (HAL_TIMEx_MasterConfigSynchronization(&htim1, &sMasterConfig) != HAL_OK)
 133              	 .loc 1 70 7 is_stmt 0 view .LVU45
 134 0076 3548     	 ldr r0,.L36
  69:Core/Src/tim.c ****   sMasterConfig.MasterSlaveMode = TIM_MASTERSLAVEMODE_DISABLE;
 135              	 .loc 1 69 33 view .LVU46
 136 0078 0023     	 movs r3,#0
 137              	 .loc 1 70 7 view .LVU47
ARM GAS   			page 5


 138 007a 02A9     	 add r1,sp,#8
  69:Core/Src/tim.c ****   sMasterConfig.MasterSlaveMode = TIM_MASTERSLAVEMODE_DISABLE;
 139              	 .loc 1 69 33 view .LVU48
 140 007c 0493     	 str r3,[sp,#16]
 141              	 .loc 1 70 3 is_stmt 1 view .LVU49
 142              	 .loc 1 70 7 is_stmt 0 view .LVU50
 143 007e FFF7FEFF 	 bl HAL_TIMEx_MasterConfigSynchronization
 144              	.LVL4:
 145              	 .loc 1 70 6 view .LVU51
 146 0082 0028     	 cmp r0,#0
 147 0084 3FD1     	 bne .L32
 148              	.L5:
  71:Core/Src/tim.c ****   {
  72:Core/Src/tim.c ****     Error_Handler();
  73:Core/Src/tim.c ****   }
  74:Core/Src/tim.c ****   sConfigOC.OCMode = TIM_OCMODE_PWM1;
 149              	 .loc 1 74 3 is_stmt 1 view .LVU52
  75:Core/Src/tim.c ****   sConfigOC.Pulse = 0;
 150              	 .loc 1 75 3 view .LVU53
  76:Core/Src/tim.c ****   sConfigOC.OCPolarity = TIM_OCPOLARITY_HIGH;
 151              	 .loc 1 76 3 view .LVU54
  77:Core/Src/tim.c ****   sConfigOC.OCNPolarity = TIM_OCNPOLARITY_HIGH;
 152              	 .loc 1 77 3 view .LVU55
  78:Core/Src/tim.c ****   sConfigOC.OCFastMode = TIM_OCFAST_DISABLE;
 153              	 .loc 1 78 3 view .LVU56
  79:Core/Src/tim.c ****   sConfigOC.OCIdleState = TIM_OCIDLESTATE_RESET;
 154              	 .loc 1 79 3 view .LVU57
  74:Core/Src/tim.c ****   sConfigOC.Pulse = 0;
 155              	 .loc 1 74 20 is_stmt 0 view .LVU58
 156 0086 6022     	 movs r2,#96
 157 0088 0023     	 movs r3,#0
 158 008a CDE91023 	 strd r2,[sp,#64]
 159 008e 0022     	 movs r2,#0
 160 0090 0023     	 movs r3,#0
 161 0092 CDE91223 	 strd r2,[sp,#72]
 162 0096 CDE91423 	 strd r2,[sp,#80]
  80:Core/Src/tim.c ****   sConfigOC.OCNIdleState = TIM_OCNIDLESTATE_RESET;
 163              	 .loc 1 80 3 is_stmt 1 view .LVU59
  81:Core/Src/tim.c ****   if (HAL_TIM_PWM_ConfigChannel(&htim1, &sConfigOC, TIM_CHANNEL_2) != HAL_OK)
 164              	 .loc 1 81 7 is_stmt 0 view .LVU60
 165 009a 2C48     	 ldr r0,.L36
  80:Core/Src/tim.c ****   sConfigOC.OCNIdleState = TIM_OCNIDLESTATE_RESET;
 166              	 .loc 1 80 26 view .LVU61
 167 009c 0023     	 movs r3,#0
 168              	 .loc 1 81 7 view .LVU62
 169 009e 10A9     	 add r1,sp,#64
 170 00a0 0422     	 movs r2,#4
  80:Core/Src/tim.c ****   sConfigOC.OCNIdleState = TIM_OCNIDLESTATE_RESET;
 171              	 .loc 1 80 26 view .LVU63
 172 00a2 1693     	 str r3,[sp,#88]
 173              	 .loc 1 81 3 is_stmt 1 view .LVU64
 174              	 .loc 1 81 7 is_stmt 0 view .LVU65
 175 00a4 FFF7FEFF 	 bl HAL_TIM_PWM_ConfigChannel
 176              	.LVL5:
 177              	 .loc 1 81 6 view .LVU66
 178 00a8 50BB     	 cbnz r0,.L33
 179              	.L6:
ARM GAS   			page 6


  82:Core/Src/tim.c ****   {
  83:Core/Src/tim.c ****     Error_Handler();
  84:Core/Src/tim.c ****   }
  85:Core/Src/tim.c ****   sBreakDeadTimeConfig.OffStateRunMode = TIM_OSSR_DISABLE;
 180              	 .loc 1 85 3 is_stmt 1 view .LVU67
  86:Core/Src/tim.c ****   sBreakDeadTimeConfig.OffStateIDLEMode = TIM_OSSI_DISABLE;
 181              	 .loc 1 86 3 view .LVU68
  87:Core/Src/tim.c ****   sBreakDeadTimeConfig.LockLevel = TIM_LOCKLEVEL_OFF;
 182              	 .loc 1 87 3 view .LVU69
  88:Core/Src/tim.c ****   sBreakDeadTimeConfig.DeadTime = 0;
 183              	 .loc 1 88 3 view .LVU70
  89:Core/Src/tim.c ****   sBreakDeadTimeConfig.BreakState = TIM_BREAK_DISABLE;
 184              	 .loc 1 89 3 view .LVU71
  90:Core/Src/tim.c ****   sBreakDeadTimeConfig.BreakPolarity = TIM_BREAKPOLARITY_HIGH;
 185              	 .loc 1 90 3 view .LVU72
  91:Core/Src/tim.c ****   sBreakDeadTimeConfig.BreakFilter = 0;
 186              	 .loc 1 91 3 view .LVU73
  92:Core/Src/tim.c ****   sBreakDeadTimeConfig.Break2State = TIM_BREAK2_DISABLE;
 187              	 .loc 1 92 3 view .LVU74
  93:Core/Src/tim.c ****   sBreakDeadTimeConfig.Break2Polarity = TIM_BREAK2POLARITY_HIGH;
 188              	 .loc 1 93 3 view .LVU75
  94:Core/Src/tim.c ****   sBreakDeadTimeConfig.Break2Filter = 0;
 189              	 .loc 1 94 3 view .LVU76
  85:Core/Src/tim.c ****   sBreakDeadTimeConfig.OffStateIDLEMode = TIM_OSSI_DISABLE;
 190              	 .loc 1 85 40 is_stmt 0 view .LVU77
 191 00aa 0022     	 movs r2,#0
 192 00ac 0023     	 movs r3,#0
 193 00ae CDE91823 	 strd r2,[sp,#96]
 194 00b2 CDE91A23 	 strd r2,[sp,#104]
 195 00b6 CDE91E23 	 strd r2,[sp,#120]
 196 00ba 4FF00072 	 mov r2,#33554432
 197 00be 0023     	 movs r3,#0
 198 00c0 CDE92023 	 strd r2,[sp,#128]
  95:Core/Src/tim.c ****   sBreakDeadTimeConfig.AutomaticOutput = TIM_AUTOMATICOUTPUT_DISABLE;
 199              	 .loc 1 95 3 is_stmt 1 view .LVU78
 200              	 .loc 1 95 40 is_stmt 0 view .LVU79
 201 00c4 0023     	 movs r3,#0
 202 00c6 2293     	 str r3,[sp,#136]
  96:Core/Src/tim.c ****   if (HAL_TIMEx_ConfigBreakDeadTime(&htim1, &sBreakDeadTimeConfig) != HAL_OK)
 203              	 .loc 1 96 3 is_stmt 1 view .LVU80
  85:Core/Src/tim.c ****   sBreakDeadTimeConfig.OffStateIDLEMode = TIM_OSSI_DISABLE;
 204              	 .loc 1 85 40 is_stmt 0 view .LVU81
 205 00c8 0022     	 movs r2,#0
 206 00ca 4FF40053 	 mov r3,#8192
 207              	 .loc 1 96 7 view .LVU82
 208 00ce 1F48     	 ldr r0,.L36
 209 00d0 18A9     	 add r1,sp,#96
  85:Core/Src/tim.c ****   sBreakDeadTimeConfig.OffStateIDLEMode = TIM_OSSI_DISABLE;
 210              	 .loc 1 85 40 view .LVU83
 211 00d2 CDE91C23 	 strd r2,[sp,#112]
 212              	 .loc 1 96 7 view .LVU84
 213 00d6 FFF7FEFF 	 bl HAL_TIMEx_ConfigBreakDeadTime
 214              	.LVL6:
 215              	 .loc 1 96 6 view .LVU85
 216 00da 70B9     	 cbnz r0,.L34
 217              	.L7:
  97:Core/Src/tim.c ****   {
ARM GAS   			page 7


  98:Core/Src/tim.c ****     Error_Handler();
  99:Core/Src/tim.c ****   }
 100:Core/Src/tim.c ****   /* USER CODE BEGIN TIM1_Init 2 */
 101:Core/Src/tim.c **** 
 102:Core/Src/tim.c ****   /* USER CODE END TIM1_Init 2 */
 103:Core/Src/tim.c ****   HAL_TIM_MspPostInit(&htim1);
 218              	 .loc 1 103 3 is_stmt 1 view .LVU86
 219              	.LVL7:
 220              	.LBB5:
 221              	.LBI5:
 104:Core/Src/tim.c **** 
 105:Core/Src/tim.c **** }
 106:Core/Src/tim.c **** /* TIM2 init function */
 107:Core/Src/tim.c **** void MX_TIM2_Init(void)
 108:Core/Src/tim.c **** {
 109:Core/Src/tim.c **** 
 110:Core/Src/tim.c ****   /* USER CODE BEGIN TIM2_Init 0 */
 111:Core/Src/tim.c **** 
 112:Core/Src/tim.c ****   /* USER CODE END TIM2_Init 0 */
 113:Core/Src/tim.c **** 
 114:Core/Src/tim.c ****   TIM_ClockConfigTypeDef sClockSourceConfig = {0};
 115:Core/Src/tim.c ****   TIM_MasterConfigTypeDef sMasterConfig = {0};
 116:Core/Src/tim.c **** 
 117:Core/Src/tim.c ****   /* USER CODE BEGIN TIM2_Init 1 */
 118:Core/Src/tim.c **** 
 119:Core/Src/tim.c ****   /* USER CODE END TIM2_Init 1 */
 120:Core/Src/tim.c ****   htim2.Instance = TIM2;
 121:Core/Src/tim.c ****   htim2.Init.Prescaler = 7199;
 122:Core/Src/tim.c ****   htim2.Init.CounterMode = TIM_COUNTERMODE_UP;
 123:Core/Src/tim.c ****   htim2.Init.Period = 9;
 124:Core/Src/tim.c ****   htim2.Init.ClockDivision = TIM_CLOCKDIVISION_DIV1;
 125:Core/Src/tim.c ****   htim2.Init.AutoReloadPreload = TIM_AUTORELOAD_PRELOAD_DISABLE;
 126:Core/Src/tim.c ****   if (HAL_TIM_Base_Init(&htim2) != HAL_OK)
 127:Core/Src/tim.c ****   {
 128:Core/Src/tim.c ****     Error_Handler();
 129:Core/Src/tim.c ****   }
 130:Core/Src/tim.c ****   sClockSourceConfig.ClockSource = TIM_CLOCKSOURCE_INTERNAL;
 131:Core/Src/tim.c ****   if (HAL_TIM_ConfigClockSource(&htim2, &sClockSourceConfig) != HAL_OK)
 132:Core/Src/tim.c ****   {
 133:Core/Src/tim.c ****     Error_Handler();
 134:Core/Src/tim.c ****   }
 135:Core/Src/tim.c ****   sMasterConfig.MasterOutputTrigger = TIM_TRGO_RESET;
 136:Core/Src/tim.c ****   sMasterConfig.MasterSlaveMode = TIM_MASTERSLAVEMODE_DISABLE;
 137:Core/Src/tim.c ****   if (HAL_TIMEx_MasterConfigSynchronization(&htim2, &sMasterConfig) != HAL_OK)
 138:Core/Src/tim.c ****   {
 139:Core/Src/tim.c ****     Error_Handler();
 140:Core/Src/tim.c ****   }
 141:Core/Src/tim.c ****   /* USER CODE BEGIN TIM2_Init 2 */
 142:Core/Src/tim.c **** 
 143:Core/Src/tim.c ****   /* USER CODE END TIM2_Init 2 */
 144:Core/Src/tim.c **** 
 145:Core/Src/tim.c **** }
 146:Core/Src/tim.c **** /* TIM16 init function */
 147:Core/Src/tim.c **** void MX_TIM16_Init(void)
 148:Core/Src/tim.c **** {
 149:Core/Src/tim.c **** 
 150:Core/Src/tim.c ****   /* USER CODE BEGIN TIM16_Init 0 */
ARM GAS   			page 8


 151:Core/Src/tim.c **** 
 152:Core/Src/tim.c ****   /* USER CODE END TIM16_Init 0 */
 153:Core/Src/tim.c **** 
 154:Core/Src/tim.c ****   /* USER CODE BEGIN TIM16_Init 1 */
 155:Core/Src/tim.c **** 
 156:Core/Src/tim.c ****   /* USER CODE END TIM16_Init 1 */
 157:Core/Src/tim.c ****   htim16.Instance = TIM16;
 158:Core/Src/tim.c ****   htim16.Init.Prescaler = 0;
 159:Core/Src/tim.c ****   htim16.Init.CounterMode = TIM_COUNTERMODE_UP;
 160:Core/Src/tim.c ****   htim16.Init.Period = 65535;
 161:Core/Src/tim.c ****   htim16.Init.ClockDivision = TIM_CLOCKDIVISION_DIV1;
 162:Core/Src/tim.c ****   htim16.Init.RepetitionCounter = 0;
 163:Core/Src/tim.c ****   htim16.Init.AutoReloadPreload = TIM_AUTORELOAD_PRELOAD_DISABLE;
 164:Core/Src/tim.c ****   if (HAL_TIM_Base_Init(&htim16) != HAL_OK)
 165:Core/Src/tim.c ****   {
 166:Core/Src/tim.c ****     Error_Handler();
 167:Core/Src/tim.c ****   }
 168:Core/Src/tim.c ****   /* USER CODE BEGIN TIM16_Init 2 */
 169:Core/Src/tim.c **** 
 170:Core/Src/tim.c ****   /* USER CODE END TIM16_Init 2 */
 171:Core/Src/tim.c **** 
 172:Core/Src/tim.c **** }
 173:Core/Src/tim.c **** 
 174:Core/Src/tim.c **** void HAL_TIM_Base_MspInit(TIM_HandleTypeDef* tim_baseHandle)
 175:Core/Src/tim.c **** {
 176:Core/Src/tim.c **** 
 177:Core/Src/tim.c ****   if(tim_baseHandle->Instance==TIM1)
 178:Core/Src/tim.c ****   {
 179:Core/Src/tim.c ****   /* USER CODE BEGIN TIM1_MspInit 0 */
 180:Core/Src/tim.c **** 
 181:Core/Src/tim.c ****   /* USER CODE END TIM1_MspInit 0 */
 182:Core/Src/tim.c ****     /* TIM1 clock enable */
 183:Core/Src/tim.c ****     __HAL_RCC_TIM1_CLK_ENABLE();
 184:Core/Src/tim.c **** 
 185:Core/Src/tim.c ****     /* TIM1 interrupt Init */
 186:Core/Src/tim.c ****     HAL_NVIC_SetPriority(TIM1_UP_TIM16_IRQn, 15, 0);
 187:Core/Src/tim.c ****     HAL_NVIC_EnableIRQ(TIM1_UP_TIM16_IRQn);
 188:Core/Src/tim.c ****   /* USER CODE BEGIN TIM1_MspInit 1 */
 189:Core/Src/tim.c **** 
 190:Core/Src/tim.c ****   /* USER CODE END TIM1_MspInit 1 */
 191:Core/Src/tim.c ****   }
 192:Core/Src/tim.c ****   else if(tim_baseHandle->Instance==TIM2)
 193:Core/Src/tim.c ****   {
 194:Core/Src/tim.c ****   /* USER CODE BEGIN TIM2_MspInit 0 */
 195:Core/Src/tim.c **** 
 196:Core/Src/tim.c ****   /* USER CODE END TIM2_MspInit 0 */
 197:Core/Src/tim.c ****     /* TIM2 clock enable */
 198:Core/Src/tim.c ****     __HAL_RCC_TIM2_CLK_ENABLE();
 199:Core/Src/tim.c **** 
 200:Core/Src/tim.c ****     /* TIM2 interrupt Init */
 201:Core/Src/tim.c ****     HAL_NVIC_SetPriority(TIM2_IRQn, 6, 0);
 202:Core/Src/tim.c ****     HAL_NVIC_EnableIRQ(TIM2_IRQn);
 203:Core/Src/tim.c ****   /* USER CODE BEGIN TIM2_MspInit 1 */
 204:Core/Src/tim.c **** 
 205:Core/Src/tim.c ****   /* USER CODE END TIM2_MspInit 1 */
 206:Core/Src/tim.c ****   }
 207:Core/Src/tim.c ****   else if(tim_baseHandle->Instance==TIM16)
ARM GAS   			page 9


 208:Core/Src/tim.c ****   {
 209:Core/Src/tim.c ****   /* USER CODE BEGIN TIM16_MspInit 0 */
 210:Core/Src/tim.c **** 
 211:Core/Src/tim.c ****   /* USER CODE END TIM16_MspInit 0 */
 212:Core/Src/tim.c ****     /* TIM16 clock enable */
 213:Core/Src/tim.c ****     __HAL_RCC_TIM16_CLK_ENABLE();
 214:Core/Src/tim.c **** 
 215:Core/Src/tim.c ****     /* TIM16 interrupt Init */
 216:Core/Src/tim.c ****     HAL_NVIC_SetPriority(TIM1_UP_TIM16_IRQn, 15, 0);
 217:Core/Src/tim.c ****     HAL_NVIC_EnableIRQ(TIM1_UP_TIM16_IRQn);
 218:Core/Src/tim.c ****   /* USER CODE BEGIN TIM16_MspInit 1 */
 219:Core/Src/tim.c **** 
 220:Core/Src/tim.c ****   /* USER CODE END TIM16_MspInit 1 */
 221:Core/Src/tim.c ****   }
 222:Core/Src/tim.c **** }
 223:Core/Src/tim.c **** void HAL_TIM_MspPostInit(TIM_HandleTypeDef* timHandle)
 222              	 .loc 1 223 6 view .LVU87
 223              	.LBB6:
 224:Core/Src/tim.c **** {
 225:Core/Src/tim.c **** 
 226:Core/Src/tim.c ****   GPIO_InitTypeDef GPIO_InitStruct = {0};
 224              	 .loc 1 226 3 view .LVU88
 227:Core/Src/tim.c ****   if(timHandle->Instance==TIM1)
 225              	 .loc 1 227 5 is_stmt 0 view .LVU89
 226 00dc 1C4A     	 ldr r2,.L36+4
 227 00de 2968     	 ldr r1,[r5]
 226:Core/Src/tim.c ****   if(timHandle->Instance==TIM1)
 228              	 .loc 1 226 20 view .LVU90
 229 00e0 0023     	 movs r3,#0
 230              	 .loc 1 227 5 view .LVU91
 231 00e2 9142     	 cmp r1,r2
 226:Core/Src/tim.c ****   if(timHandle->Instance==TIM1)
 232              	 .loc 1 226 20 view .LVU92
 233 00e4 CDE90A33 	 strd r3,r3,[sp,#40]
 234 00e8 CDE90C33 	 strd r3,r3,[sp,#48]
 235 00ec 0E93     	 str r3,[sp,#56]
 236              	 .loc 1 227 3 is_stmt 1 view .LVU93
 237              	 .loc 1 227 5 is_stmt 0 view .LVU94
 238 00ee 13D0     	 beq .L35
 239              	.LBE6:
 240              	.LBE5:
 105:Core/Src/tim.c **** /* TIM2 init function */
 241              	 .loc 1 105 1 view .LVU95
 242 00f0 25B0     	 add sp,sp,#148
 243              	 .cfi_remember_state
 244              	 .cfi_def_cfa_offset 12
 245              	 
 246 00f2 30BD     	 pop {r4,r5,pc}
 247              	.LVL8:
 248              	.L29:
 249              	 .cfi_restore_state
  56:Core/Src/tim.c ****   }
 250              	 .loc 1 56 5 is_stmt 1 view .LVU96
 251 00f4 FFF7FEFF 	 bl Error_Handler
 252              	.LVL9:
 253 00f8 ABE7     	 b .L2
 254              	.L34:
ARM GAS   			page 10


  98:Core/Src/tim.c ****   }
 255              	 .loc 1 98 5 view .LVU97
 256 00fa FFF7FEFF 	 bl Error_Handler
 257              	.LVL10:
 258 00fe EDE7     	 b .L7
 259              	.L33:
  83:Core/Src/tim.c ****   }
 260              	 .loc 1 83 5 view .LVU98
 261 0100 FFF7FEFF 	 bl Error_Handler
 262              	.LVL11:
 263 0104 D1E7     	 b .L6
 264              	.L32:
  72:Core/Src/tim.c ****   }
 265              	 .loc 1 72 5 view .LVU99
 266 0106 FFF7FEFF 	 bl Error_Handler
 267              	.LVL12:
 268 010a BCE7     	 b .L5
 269              	.L31:
  65:Core/Src/tim.c ****   }
 270              	 .loc 1 65 5 view .LVU100
 271 010c FFF7FEFF 	 bl Error_Handler
 272              	.LVL13:
 273 0110 ADE7     	 b .L4
 274              	.L30:
  61:Core/Src/tim.c ****   }
 275              	 .loc 1 61 5 view .LVU101
 276 0112 FFF7FEFF 	 bl Error_Handler
 277              	.LVL14:
 278 0116 A5E7     	 b .L3
 279              	.LVL15:
 280              	.L35:
 281              	.LBB11:
 282              	.LBB10:
 228:Core/Src/tim.c ****   {
 229:Core/Src/tim.c ****   /* USER CODE BEGIN TIM1_MspPostInit 0 */
 230:Core/Src/tim.c **** 
 231:Core/Src/tim.c ****   /* USER CODE END TIM1_MspPostInit 0 */
 232:Core/Src/tim.c **** 
 233:Core/Src/tim.c ****     __HAL_RCC_GPIOB_CLK_ENABLE();
 283              	 .loc 1 233 5 view .LVU102
 284              	.LBB7:
 285              	 .loc 1 233 5 view .LVU103
 286              	 .loc 1 233 5 view .LVU104
 287 0118 03F18043 	 add r3,r3,#1073741824
 288 011c 03F50433 	 add r3,r3,#135168
 289              	.LBE7:
 234:Core/Src/tim.c ****     /**TIM1 GPIO Configuration
 235:Core/Src/tim.c ****     PB0     ------> TIM1_CH2N
 236:Core/Src/tim.c ****     */
 237:Core/Src/tim.c ****     GPIO_InitStruct.Pin = TIM1_CH2N_BUZZER_Pin;
 238:Core/Src/tim.c ****     GPIO_InitStruct.Mode = GPIO_MODE_AF_PP;
 239:Core/Src/tim.c ****     GPIO_InitStruct.Pull = GPIO_NOPULL;
 240:Core/Src/tim.c ****     GPIO_InitStruct.Speed = GPIO_SPEED_FREQ_LOW;
 241:Core/Src/tim.c ****     GPIO_InitStruct.Alternate = GPIO_AF6_TIM1;
 242:Core/Src/tim.c ****     HAL_GPIO_Init(TIM1_CH2N_BUZZER_GPIO_Port, &GPIO_InitStruct);
 290              	 .loc 1 242 5 is_stmt 0 view .LVU105
 291 0120 0C48     	 ldr r0,.L36+8
ARM GAS   			page 11


 292              	.LBB8:
 233:Core/Src/tim.c ****     /**TIM1 GPIO Configuration
 293              	 .loc 1 233 5 view .LVU106
 294 0122 5A69     	 ldr r2,[r3,#20]
 295 0124 42F48022 	 orr r2,r2,#262144
 296 0128 5A61     	 str r2,[r3,#20]
 233:Core/Src/tim.c ****     /**TIM1 GPIO Configuration
 297              	 .loc 1 233 5 is_stmt 1 view .LVU107
 298 012a 5B69     	 ldr r3,[r3,#20]
 299 012c 03F48023 	 and r3,r3,#262144
 300 0130 0193     	 str r3,[sp,#4]
 233:Core/Src/tim.c ****     /**TIM1 GPIO Configuration
 301              	 .loc 1 233 5 view .LVU108
 302              	.LBE8:
 237:Core/Src/tim.c ****     GPIO_InitStruct.Mode = GPIO_MODE_AF_PP;
 303              	 .loc 1 237 25 is_stmt 0 view .LVU109
 304 0132 0124     	 movs r4,#1
 241:Core/Src/tim.c ****     HAL_GPIO_Init(TIM1_CH2N_BUZZER_GPIO_Port, &GPIO_InitStruct);
 305              	 .loc 1 241 31 view .LVU110
 306 0134 0623     	 movs r3,#6
 237:Core/Src/tim.c ****     GPIO_InitStruct.Mode = GPIO_MODE_AF_PP;
 307              	 .loc 1 237 25 view .LVU111
 308 0136 0225     	 movs r5,#2
 309              	 .loc 1 242 5 view .LVU112
 310 0138 0AA9     	 add r1,sp,#40
 237:Core/Src/tim.c ****     GPIO_InitStruct.Mode = GPIO_MODE_AF_PP;
 311              	 .loc 1 237 25 view .LVU113
 312 013a CDE90A45 	 strd r4,[sp,#40]
 313              	.LBB9:
 233:Core/Src/tim.c ****     /**TIM1 GPIO Configuration
 314              	 .loc 1 233 5 view .LVU114
 315 013e 019A     	 ldr r2,[sp,#4]
 316              	.LBE9:
 233:Core/Src/tim.c ****     /**TIM1 GPIO Configuration
 317              	 .loc 1 233 5 is_stmt 1 view .LVU115
 237:Core/Src/tim.c ****     GPIO_InitStruct.Mode = GPIO_MODE_AF_PP;
 318              	 .loc 1 237 5 view .LVU116
 238:Core/Src/tim.c ****     GPIO_InitStruct.Pull = GPIO_NOPULL;
 319              	 .loc 1 238 5 view .LVU117
 239:Core/Src/tim.c ****     GPIO_InitStruct.Speed = GPIO_SPEED_FREQ_LOW;
 320              	 .loc 1 239 5 view .LVU118
 240:Core/Src/tim.c ****     GPIO_InitStruct.Alternate = GPIO_AF6_TIM1;
 321              	 .loc 1 240 5 view .LVU119
 241:Core/Src/tim.c ****     HAL_GPIO_Init(TIM1_CH2N_BUZZER_GPIO_Port, &GPIO_InitStruct);
 322              	 .loc 1 241 5 view .LVU120
 241:Core/Src/tim.c ****     HAL_GPIO_Init(TIM1_CH2N_BUZZER_GPIO_Port, &GPIO_InitStruct);
 323              	 .loc 1 241 31 is_stmt 0 view .LVU121
 324 0140 0E93     	 str r3,[sp,#56]
 325              	 .loc 1 242 5 is_stmt 1 view .LVU122
 326 0142 FFF7FEFF 	 bl HAL_GPIO_Init
 327              	.LVL16:
 328              	 .loc 1 242 5 is_stmt 0 view .LVU123
 329              	.LBE10:
 330              	.LBE11:
 105:Core/Src/tim.c **** /* TIM2 init function */
 331              	 .loc 1 105 1 view .LVU124
 332 0146 25B0     	 add sp,sp,#148
ARM GAS   			page 12


 333              	 .cfi_def_cfa_offset 12
 334              	 
 335 0148 30BD     	 pop {r4,r5,pc}
 336              	.L37:
 337 014a 00BF     	 .align 2
 338              	.L36:
 339 014c 00000000 	 .word .LANCHOR0
 340 0150 002C0140 	 .word 1073818624
 341 0154 00040048 	 .word 1207960576
 342              	 .cfi_endproc
 343              	.LFE123:
 345              	 .section .text.MX_TIM2_Init,"ax",%progbits
 346              	 .align 1
 347              	 .p2align 2,,3
 348              	 .global MX_TIM2_Init
 349              	 .syntax unified
 350              	 .thumb
 351              	 .thumb_func
 352              	 .fpu fpv4-sp-d16
 354              	MX_TIM2_Init:
 355              	.LFB124:
 108:Core/Src/tim.c **** 
 356              	 .loc 1 108 1 is_stmt 1 view-0
 357              	 .cfi_startproc
 358              	 
 359              	 
 114:Core/Src/tim.c ****   TIM_MasterConfigTypeDef sMasterConfig = {0};
 360              	 .loc 1 114 3 view .LVU126
 108:Core/Src/tim.c **** 
 361              	 .loc 1 108 1 is_stmt 0 view .LVU127
 362 0000 00B5     	 push {lr}
 363              	 .cfi_def_cfa_offset 4
 364              	 .cfi_offset 14,-4
 120:Core/Src/tim.c ****   htim2.Init.Prescaler = 7199;
 365              	 .loc 1 120 18 view .LVU128
 366 0002 1B48     	 ldr r0,.L55
 367 0004 4FF08042 	 mov r2,#1073741824
 108:Core/Src/tim.c **** 
 368              	 .loc 1 108 1 view .LVU129
 369 0008 89B0     	 sub sp,sp,#36
 370              	 .cfi_def_cfa_offset 40
 120:Core/Src/tim.c ****   htim2.Init.Prescaler = 7199;
 371              	 .loc 1 120 18 view .LVU130
 372 000a 0260     	 str r2,[r0]
 121:Core/Src/tim.c ****   htim2.Init.CounterMode = TIM_COUNTERMODE_UP;
 373              	 .loc 1 121 24 view .LVU131
 374 000c 41F61F42 	 movw r2,#7199
 114:Core/Src/tim.c ****   TIM_MasterConfigTypeDef sMasterConfig = {0};
 375              	 .loc 1 114 26 view .LVU132
 376 0010 0023     	 movs r3,#0
 121:Core/Src/tim.c ****   htim2.Init.CounterMode = TIM_COUNTERMODE_UP;
 377              	 .loc 1 121 24 view .LVU133
 378 0012 4260     	 str r2,[r0,#4]
 123:Core/Src/tim.c ****   htim2.Init.ClockDivision = TIM_CLOCKDIVISION_DIV1;
 379              	 .loc 1 123 21 view .LVU134
 380 0014 0922     	 movs r2,#9
 114:Core/Src/tim.c ****   TIM_MasterConfigTypeDef sMasterConfig = {0};
ARM GAS   			page 13


 381              	 .loc 1 114 26 view .LVU135
 382 0016 CDE90433 	 strd r3,r3,[sp,#16]
 383 001a CDE90633 	 strd r3,r3,[sp,#24]
 115:Core/Src/tim.c **** 
 384              	 .loc 1 115 3 is_stmt 1 view .LVU136
 115:Core/Src/tim.c **** 
 385              	 .loc 1 115 27 is_stmt 0 view .LVU137
 386 001e CDE90133 	 strd r3,r3,[sp,#4]
 123:Core/Src/tim.c ****   htim2.Init.ClockDivision = TIM_CLOCKDIVISION_DIV1;
 387              	 .loc 1 123 21 view .LVU138
 388 0022 C0E90232 	 strd r3,r2,[r0,#8]
 115:Core/Src/tim.c **** 
 389              	 .loc 1 115 27 view .LVU139
 390 0026 0393     	 str r3,[sp,#12]
 120:Core/Src/tim.c ****   htim2.Init.Prescaler = 7199;
 391              	 .loc 1 120 3 is_stmt 1 view .LVU140
 121:Core/Src/tim.c ****   htim2.Init.CounterMode = TIM_COUNTERMODE_UP;
 392              	 .loc 1 121 3 view .LVU141
 122:Core/Src/tim.c ****   htim2.Init.Period = 9;
 393              	 .loc 1 122 3 view .LVU142
 124:Core/Src/tim.c ****   htim2.Init.AutoReloadPreload = TIM_AUTORELOAD_PRELOAD_DISABLE;
 394              	 .loc 1 124 3 view .LVU143
 124:Core/Src/tim.c ****   htim2.Init.AutoReloadPreload = TIM_AUTORELOAD_PRELOAD_DISABLE;
 395              	 .loc 1 124 28 is_stmt 0 view .LVU144
 396 0028 0361     	 str r3,[r0,#16]
 125:Core/Src/tim.c ****   if (HAL_TIM_Base_Init(&htim2) != HAL_OK)
 397              	 .loc 1 125 3 is_stmt 1 view .LVU145
 125:Core/Src/tim.c ****   if (HAL_TIM_Base_Init(&htim2) != HAL_OK)
 398              	 .loc 1 125 32 is_stmt 0 view .LVU146
 399 002a 8361     	 str r3,[r0,#24]
 126:Core/Src/tim.c ****   {
 400              	 .loc 1 126 3 is_stmt 1 view .LVU147
 126:Core/Src/tim.c ****   {
 401              	 .loc 1 126 7 is_stmt 0 view .LVU148
 402 002c FFF7FEFF 	 bl HAL_TIM_Base_Init
 403              	.LVL17:
 126:Core/Src/tim.c ****   {
 404              	 .loc 1 126 6 view .LVU149
 405 0030 90B9     	 cbnz r0,.L52
 406              	.L39:
 130:Core/Src/tim.c ****   if (HAL_TIM_ConfigClockSource(&htim2, &sClockSourceConfig) != HAL_OK)
 407              	 .loc 1 130 3 is_stmt 1 view .LVU150
 130:Core/Src/tim.c ****   if (HAL_TIM_ConfigClockSource(&htim2, &sClockSourceConfig) != HAL_OK)
 408              	 .loc 1 130 34 is_stmt 0 view .LVU151
 409 0032 4FF48053 	 mov r3,#4096
 131:Core/Src/tim.c ****   {
 410              	 .loc 1 131 7 view .LVU152
 411 0036 0E48     	 ldr r0,.L55
 130:Core/Src/tim.c ****   if (HAL_TIM_ConfigClockSource(&htim2, &sClockSourceConfig) != HAL_OK)
 412              	 .loc 1 130 34 view .LVU153
 413 0038 0493     	 str r3,[sp,#16]
 131:Core/Src/tim.c ****   {
 414              	 .loc 1 131 3 is_stmt 1 view .LVU154
 131:Core/Src/tim.c ****   {
 415              	 .loc 1 131 7 is_stmt 0 view .LVU155
 416 003a 04A9     	 add r1,sp,#16
 417 003c FFF7FEFF 	 bl HAL_TIM_ConfigClockSource
ARM GAS   			page 14


 418              	.LVL18:
 131:Core/Src/tim.c ****   {
 419              	 .loc 1 131 6 view .LVU156
 420 0040 90B9     	 cbnz r0,.L53
 421              	.L40:
 135:Core/Src/tim.c ****   sMasterConfig.MasterSlaveMode = TIM_MASTERSLAVEMODE_DISABLE;
 422              	 .loc 1 135 3 is_stmt 1 view .LVU157
 135:Core/Src/tim.c ****   sMasterConfig.MasterSlaveMode = TIM_MASTERSLAVEMODE_DISABLE;
 423              	 .loc 1 135 37 is_stmt 0 view .LVU158
 424 0042 0023     	 movs r3,#0
 137:Core/Src/tim.c ****   {
 425              	 .loc 1 137 7 view .LVU159
 426 0044 0A48     	 ldr r0,.L55
 135:Core/Src/tim.c ****   sMasterConfig.MasterSlaveMode = TIM_MASTERSLAVEMODE_DISABLE;
 427              	 .loc 1 135 37 view .LVU160
 428 0046 0193     	 str r3,[sp,#4]
 136:Core/Src/tim.c ****   if (HAL_TIMEx_MasterConfigSynchronization(&htim2, &sMasterConfig) != HAL_OK)
 429              	 .loc 1 136 3 is_stmt 1 view .LVU161
 137:Core/Src/tim.c ****   {
 430              	 .loc 1 137 7 is_stmt 0 view .LVU162
 431 0048 01A9     	 add r1,sp,#4
 136:Core/Src/tim.c ****   if (HAL_TIMEx_MasterConfigSynchronization(&htim2, &sMasterConfig) != HAL_OK)
 432              	 .loc 1 136 33 view .LVU163
 433 004a 0393     	 str r3,[sp,#12]
 137:Core/Src/tim.c ****   {
 434              	 .loc 1 137 3 is_stmt 1 view .LVU164
 137:Core/Src/tim.c ****   {
 435              	 .loc 1 137 7 is_stmt 0 view .LVU165
 436 004c FFF7FEFF 	 bl HAL_TIMEx_MasterConfigSynchronization
 437              	.LVL19:
 137:Core/Src/tim.c ****   {
 438              	 .loc 1 137 6 view .LVU166
 439 0050 28B9     	 cbnz r0,.L54
 145:Core/Src/tim.c **** /* TIM16 init function */
 440              	 .loc 1 145 1 view .LVU167
 441 0052 09B0     	 add sp,sp,#36
 442              	 .cfi_remember_state
 443              	 .cfi_def_cfa_offset 4
 444              	 
 445 0054 5DF804FB 	 ldr pc,[sp],#4
 446              	.L52:
 447              	 .cfi_restore_state
 128:Core/Src/tim.c ****   }
 448              	 .loc 1 128 5 is_stmt 1 view .LVU168
 449 0058 FFF7FEFF 	 bl Error_Handler
 450              	.LVL20:
 451 005c E9E7     	 b .L39
 452              	.L54:
 139:Core/Src/tim.c ****   }
 453              	 .loc 1 139 5 view .LVU169
 454 005e FFF7FEFF 	 bl Error_Handler
 455              	.LVL21:
 145:Core/Src/tim.c **** /* TIM16 init function */
 456              	 .loc 1 145 1 is_stmt 0 view .LVU170
 457 0062 09B0     	 add sp,sp,#36
 458              	 .cfi_remember_state
 459              	 .cfi_def_cfa_offset 4
ARM GAS   			page 15


 460              	 
 461 0064 5DF804FB 	 ldr pc,[sp],#4
 462              	.L53:
 463              	 .cfi_restore_state
 133:Core/Src/tim.c ****   }
 464              	 .loc 1 133 5 is_stmt 1 view .LVU171
 465 0068 FFF7FEFF 	 bl Error_Handler
 466              	.LVL22:
 467 006c E9E7     	 b .L40
 468              	.L56:
 469 006e 00BF     	 .align 2
 470              	.L55:
 471 0070 00000000 	 .word .LANCHOR1
 472              	 .cfi_endproc
 473              	.LFE124:
 475              	 .section .text.MX_TIM16_Init,"ax",%progbits
 476              	 .align 1
 477              	 .p2align 2,,3
 478              	 .global MX_TIM16_Init
 479              	 .syntax unified
 480              	 .thumb
 481              	 .thumb_func
 482              	 .fpu fpv4-sp-d16
 484              	MX_TIM16_Init:
 485              	.LFB125:
 148:Core/Src/tim.c **** 
 486              	 .loc 1 148 1 view-0
 487              	 .cfi_startproc
 488              	 
 489              	 
 157:Core/Src/tim.c ****   htim16.Init.Prescaler = 0;
 490              	 .loc 1 157 3 view .LVU173
 157:Core/Src/tim.c ****   htim16.Init.Prescaler = 0;
 491              	 .loc 1 157 19 is_stmt 0 view .LVU174
 492 0000 0A48     	 ldr r0,.L61
 493 0002 0B49     	 ldr r1,.L61+4
 148:Core/Src/tim.c **** 
 494              	 .loc 1 148 1 view .LVU175
 495 0004 08B5     	 push {r3,lr}
 496              	 .cfi_def_cfa_offset 8
 497              	 .cfi_offset 3,-8
 498              	 .cfi_offset 14,-4
 160:Core/Src/tim.c ****   htim16.Init.ClockDivision = TIM_CLOCKDIVISION_DIV1;
 499              	 .loc 1 160 22 view .LVU176
 500 0006 4FF6FF72 	 movw r2,#65535
 158:Core/Src/tim.c ****   htim16.Init.CounterMode = TIM_COUNTERMODE_UP;
 501              	 .loc 1 158 25 view .LVU177
 502 000a 0023     	 movs r3,#0
 503 000c C0E90013 	 strd r1,r3,[r0]
 159:Core/Src/tim.c ****   htim16.Init.Period = 65535;
 504              	 .loc 1 159 3 is_stmt 1 view .LVU178
 160:Core/Src/tim.c ****   htim16.Init.ClockDivision = TIM_CLOCKDIVISION_DIV1;
 505              	 .loc 1 160 22 is_stmt 0 view .LVU179
 506 0010 C0E90232 	 strd r3,r2,[r0,#8]
 161:Core/Src/tim.c ****   htim16.Init.RepetitionCounter = 0;
 507              	 .loc 1 161 3 is_stmt 1 view .LVU180
 162:Core/Src/tim.c ****   htim16.Init.AutoReloadPreload = TIM_AUTORELOAD_PRELOAD_DISABLE;
ARM GAS   			page 16


 508              	 .loc 1 162 33 is_stmt 0 view .LVU181
 509 0014 C0E90433 	 strd r3,r3,[r0,#16]
 163:Core/Src/tim.c ****   if (HAL_TIM_Base_Init(&htim16) != HAL_OK)
 510              	 .loc 1 163 3 is_stmt 1 view .LVU182
 163:Core/Src/tim.c ****   if (HAL_TIM_Base_Init(&htim16) != HAL_OK)
 511              	 .loc 1 163 33 is_stmt 0 view .LVU183
 512 0018 8361     	 str r3,[r0,#24]
 164:Core/Src/tim.c ****   {
 513              	 .loc 1 164 3 is_stmt 1 view .LVU184
 164:Core/Src/tim.c ****   {
 514              	 .loc 1 164 7 is_stmt 0 view .LVU185
 515 001a FFF7FEFF 	 bl HAL_TIM_Base_Init
 516              	.LVL23:
 164:Core/Src/tim.c ****   {
 517              	 .loc 1 164 6 view .LVU186
 518 001e 00B9     	 cbnz r0,.L60
 172:Core/Src/tim.c **** 
 519              	 .loc 1 172 1 view .LVU187
 520 0020 08BD     	 pop {r3,pc}
 521              	.L60:
 166:Core/Src/tim.c ****   }
 522              	 .loc 1 166 5 is_stmt 1 view .LVU188
 172:Core/Src/tim.c **** 
 523              	 .loc 1 172 1 is_stmt 0 view .LVU189
 524 0022 BDE80840 	 pop {r3,lr}
 525              	 .cfi_restore 14
 526              	 .cfi_restore 3
 527              	 .cfi_def_cfa_offset 0
 166:Core/Src/tim.c ****   }
 528              	 .loc 1 166 5 view .LVU190
 529 0026 FFF7FEBF 	 b Error_Handler
 530              	.LVL24:
 531              	.L62:
 532 002a 00BF     	 .align 2
 533              	.L61:
 534 002c 00000000 	 .word .LANCHOR2
 535 0030 00440140 	 .word 1073824768
 536              	 .cfi_endproc
 537              	.LFE125:
 539              	 .section .text.HAL_TIM_Base_MspInit,"ax",%progbits
 540              	 .align 1
 541              	 .p2align 2,,3
 542              	 .global HAL_TIM_Base_MspInit
 543              	 .syntax unified
 544              	 .thumb
 545              	 .thumb_func
 546              	 .fpu fpv4-sp-d16
 548              	HAL_TIM_Base_MspInit:
 549              	.LVL25:
 550              	.LFB126:
 175:Core/Src/tim.c **** 
 551              	 .loc 1 175 1 is_stmt 1 view-0
 552              	 .cfi_startproc
 553              	 
 554              	 
 177:Core/Src/tim.c ****   {
 555              	 .loc 1 177 3 view .LVU192
ARM GAS   			page 17


 175:Core/Src/tim.c **** 
 556              	 .loc 1 175 1 is_stmt 0 view .LVU193
 557 0000 00B5     	 push {lr}
 558              	 .cfi_def_cfa_offset 4
 559              	 .cfi_offset 14,-4
 177:Core/Src/tim.c ****   {
 560              	 .loc 1 177 5 view .LVU194
 561 0002 234A     	 ldr r2,.L73
 177:Core/Src/tim.c ****   {
 562              	 .loc 1 177 20 view .LVU195
 563 0004 0368     	 ldr r3,[r0]
 177:Core/Src/tim.c ****   {
 564              	 .loc 1 177 5 view .LVU196
 565 0006 9342     	 cmp r3,r2
 175:Core/Src/tim.c **** 
 566              	 .loc 1 175 1 view .LVU197
 567 0008 85B0     	 sub sp,sp,#20
 568              	 .cfi_def_cfa_offset 24
 177:Core/Src/tim.c ****   {
 569              	 .loc 1 177 5 view .LVU198
 570 000a 08D0     	 beq .L70
 192:Core/Src/tim.c ****   {
 571              	 .loc 1 192 8 is_stmt 1 view .LVU199
 192:Core/Src/tim.c ****   {
 572              	 .loc 1 192 10 is_stmt 0 view .LVU200
 573 000c B3F1804F 	 cmp r3,#1073741824
 574 0010 1AD0     	 beq .L71
 207:Core/Src/tim.c ****   {
 575              	 .loc 1 207 8 is_stmt 1 view .LVU201
 207:Core/Src/tim.c ****   {
 576              	 .loc 1 207 10 is_stmt 0 view .LVU202
 577 0012 204A     	 ldr r2,.L73+4
 578 0014 9342     	 cmp r3,r2
 579 0016 2DD0     	 beq .L72
 222:Core/Src/tim.c **** void HAL_TIM_MspPostInit(TIM_HandleTypeDef* timHandle)
 580              	 .loc 1 222 1 view .LVU203
 581 0018 05B0     	 add sp,sp,#20
 582              	 .cfi_remember_state
 583              	 .cfi_def_cfa_offset 4
 584              	 
 585 001a 5DF804FB 	 ldr pc,[sp],#4
 586              	.L70:
 587              	 .cfi_restore_state
 183:Core/Src/tim.c **** 
 588              	 .loc 1 183 5 is_stmt 1 view .LVU204
 589              	.LBB12:
 183:Core/Src/tim.c **** 
 590              	 .loc 1 183 5 view .LVU205
 183:Core/Src/tim.c **** 
 591              	 .loc 1 183 5 view .LVU206
 592 001e 1E4B     	 ldr r3,.L73+8
 593 0020 9969     	 ldr r1,[r3,#24]
 594 0022 41F40061 	 orr r1,r1,#2048
 595 0026 9961     	 str r1,[r3,#24]
 183:Core/Src/tim.c **** 
 596              	 .loc 1 183 5 view .LVU207
 597 0028 9B69     	 ldr r3,[r3,#24]
ARM GAS   			page 18


 598 002a 03F40063 	 and r3,r3,#2048
 599 002e 0193     	 str r3,[sp,#4]
 183:Core/Src/tim.c **** 
 600              	 .loc 1 183 5 view .LVU208
 601 0030 019B     	 ldr r3,[sp,#4]
 602              	.LBE12:
 183:Core/Src/tim.c **** 
 603              	 .loc 1 183 5 view .LVU209
 186:Core/Src/tim.c ****     HAL_NVIC_EnableIRQ(TIM1_UP_TIM16_IRQn);
 604              	 .loc 1 186 5 view .LVU210
 605 0032 1920     	 movs r0,#25
 606              	.LVL26:
 186:Core/Src/tim.c ****     HAL_NVIC_EnableIRQ(TIM1_UP_TIM16_IRQn);
 607              	 .loc 1 186 5 is_stmt 0 view .LVU211
 608 0034 0022     	 movs r2,#0
 609 0036 0F21     	 movs r1,#15
 610              	.L68:
 213:Core/Src/tim.c **** 
 611              	 .loc 1 213 5 is_stmt 1 view .LVU212
 216:Core/Src/tim.c ****     HAL_NVIC_EnableIRQ(TIM1_UP_TIM16_IRQn);
 612              	 .loc 1 216 5 view .LVU213
 613 0038 FFF7FEFF 	 bl HAL_NVIC_SetPriority
 614              	.LVL27:
 217:Core/Src/tim.c ****   /* USER CODE BEGIN TIM16_MspInit 1 */
 615              	 .loc 1 217 5 view .LVU214
 616 003c 1920     	 movs r0,#25
 222:Core/Src/tim.c **** void HAL_TIM_MspPostInit(TIM_HandleTypeDef* timHandle)
 617              	 .loc 1 222 1 is_stmt 0 view .LVU215
 618 003e 05B0     	 add sp,sp,#20
 619              	 .cfi_remember_state
 620              	 .cfi_def_cfa_offset 4
 621              	 
 622 0040 5DF804EB 	 ldr lr,[sp],#4
 623              	 .cfi_restore 14
 624              	 .cfi_def_cfa_offset 0
 217:Core/Src/tim.c ****   /* USER CODE BEGIN TIM16_MspInit 1 */
 625              	 .loc 1 217 5 view .LVU216
 626 0044 FFF7FEBF 	 b HAL_NVIC_EnableIRQ
 627              	.LVL28:
 628              	.L71:
 629              	 .cfi_restore_state
 198:Core/Src/tim.c **** 
 630              	 .loc 1 198 5 is_stmt 1 view .LVU217
 631              	.LBB13:
 198:Core/Src/tim.c **** 
 632              	 .loc 1 198 5 view .LVU218
 198:Core/Src/tim.c **** 
 633              	 .loc 1 198 5 view .LVU219
 634 0048 03F50433 	 add r3,r3,#135168
 635              	.LBE13:
 201:Core/Src/tim.c ****     HAL_NVIC_EnableIRQ(TIM2_IRQn);
 636              	 .loc 1 201 5 is_stmt 0 view .LVU220
 637 004c 1C20     	 movs r0,#28
 638              	.LVL29:
 639              	.LBB14:
 198:Core/Src/tim.c **** 
 640              	 .loc 1 198 5 view .LVU221
ARM GAS   			page 19


 641 004e D969     	 ldr r1,[r3,#28]
 642 0050 41F00101 	 orr r1,r1,#1
 643 0054 D961     	 str r1,[r3,#28]
 198:Core/Src/tim.c **** 
 644              	 .loc 1 198 5 is_stmt 1 view .LVU222
 645 0056 DB69     	 ldr r3,[r3,#28]
 646 0058 03F00103 	 and r3,r3,#1
 647 005c 0293     	 str r3,[sp,#8]
 198:Core/Src/tim.c **** 
 648              	 .loc 1 198 5 view .LVU223
 649              	.LBE14:
 201:Core/Src/tim.c ****     HAL_NVIC_EnableIRQ(TIM2_IRQn);
 650              	 .loc 1 201 5 is_stmt 0 view .LVU224
 651 005e 0022     	 movs r2,#0
 652 0060 0621     	 movs r1,#6
 653              	.LBB15:
 198:Core/Src/tim.c **** 
 654              	 .loc 1 198 5 view .LVU225
 655 0062 029B     	 ldr r3,[sp,#8]
 656              	.LBE15:
 198:Core/Src/tim.c **** 
 657              	 .loc 1 198 5 is_stmt 1 view .LVU226
 201:Core/Src/tim.c ****     HAL_NVIC_EnableIRQ(TIM2_IRQn);
 658              	 .loc 1 201 5 view .LVU227
 659 0064 FFF7FEFF 	 bl HAL_NVIC_SetPriority
 660              	.LVL30:
 202:Core/Src/tim.c ****   /* USER CODE BEGIN TIM2_MspInit 1 */
 661              	 .loc 1 202 5 view .LVU228
 662 0068 1C20     	 movs r0,#28
 222:Core/Src/tim.c **** void HAL_TIM_MspPostInit(TIM_HandleTypeDef* timHandle)
 663              	 .loc 1 222 1 is_stmt 0 view .LVU229
 664 006a 05B0     	 add sp,sp,#20
 665              	 .cfi_remember_state
 666              	 .cfi_def_cfa_offset 4
 667              	 
 668 006c 5DF804EB 	 ldr lr,[sp],#4
 669              	 .cfi_restore 14
 670              	 .cfi_def_cfa_offset 0
 217:Core/Src/tim.c ****   /* USER CODE BEGIN TIM16_MspInit 1 */
 671              	 .loc 1 217 5 view .LVU230
 672 0070 FFF7FEBF 	 b HAL_NVIC_EnableIRQ
 673              	.LVL31:
 674              	.L72:
 675              	 .cfi_restore_state
 213:Core/Src/tim.c **** 
 676              	 .loc 1 213 5 is_stmt 1 view .LVU231
 677              	.LBB16:
 213:Core/Src/tim.c **** 
 678              	 .loc 1 213 5 view .LVU232
 213:Core/Src/tim.c **** 
 679              	 .loc 1 213 5 view .LVU233
 680 0074 084B     	 ldr r3,.L73+8
 681 0076 9969     	 ldr r1,[r3,#24]
 682 0078 41F40031 	 orr r1,r1,#131072
 683 007c 9961     	 str r1,[r3,#24]
 213:Core/Src/tim.c **** 
 684              	 .loc 1 213 5 view .LVU234
ARM GAS   			page 20


 685 007e 9B69     	 ldr r3,[r3,#24]
 686 0080 03F40033 	 and r3,r3,#131072
 687 0084 0393     	 str r3,[sp,#12]
 213:Core/Src/tim.c **** 
 688              	 .loc 1 213 5 view .LVU235
 689 0086 039B     	 ldr r3,[sp,#12]
 690              	.LBE16:
 216:Core/Src/tim.c ****     HAL_NVIC_EnableIRQ(TIM1_UP_TIM16_IRQn);
 691              	 .loc 1 216 5 is_stmt 0 view .LVU236
 692 0088 1920     	 movs r0,#25
 693              	.LVL32:
 216:Core/Src/tim.c ****     HAL_NVIC_EnableIRQ(TIM1_UP_TIM16_IRQn);
 694              	 .loc 1 216 5 view .LVU237
 695 008a 0022     	 movs r2,#0
 696 008c 0F21     	 movs r1,#15
 697 008e D3E7     	 b .L68
 698              	.L74:
 699              	 .align 2
 700              	.L73:
 701 0090 002C0140 	 .word 1073818624
 702 0094 00440140 	 .word 1073824768
 703 0098 00100240 	 .word 1073876992
 704              	 .cfi_endproc
 705              	.LFE126:
 707              	 .section .text.HAL_TIM_MspPostInit,"ax",%progbits
 708              	 .align 1
 709              	 .p2align 2,,3
 710              	 .global HAL_TIM_MspPostInit
 711              	 .syntax unified
 712              	 .thumb
 713              	 .thumb_func
 714              	 .fpu fpv4-sp-d16
 716              	HAL_TIM_MspPostInit:
 717              	.LVL33:
 718              	.LFB127:
 224:Core/Src/tim.c **** 
 719              	 .loc 1 224 1 is_stmt 1 view-0
 720              	 .cfi_startproc
 721              	 
 722              	 
 226:Core/Src/tim.c ****   if(timHandle->Instance==TIM1)
 723              	 .loc 1 226 3 view .LVU239
 224:Core/Src/tim.c **** 
 724              	 .loc 1 224 1 is_stmt 0 view .LVU240
 725 0000 00B5     	 push {lr}
 726              	 .cfi_def_cfa_offset 4
 727              	 .cfi_offset 14,-4
 227:Core/Src/tim.c ****   {
 728              	 .loc 1 227 5 view .LVU241
 729 0002 174A     	 ldr r2,.L79+8
 730 0004 0168     	 ldr r1,[r0]
 224:Core/Src/tim.c **** 
 731              	 .loc 1 224 1 view .LVU242
 732 0006 89B0     	 sub sp,sp,#36
 733              	 .cfi_def_cfa_offset 40
 226:Core/Src/tim.c ****   if(timHandle->Instance==TIM1)
 734              	 .loc 1 226 20 view .LVU243
ARM GAS   			page 21


 735 0008 0023     	 movs r3,#0
 227:Core/Src/tim.c ****   {
 736              	 .loc 1 227 5 view .LVU244
 737 000a 9142     	 cmp r1,r2
 226:Core/Src/tim.c ****   if(timHandle->Instance==TIM1)
 738              	 .loc 1 226 20 view .LVU245
 739 000c CDE90233 	 strd r3,r3,[sp,#8]
 740 0010 CDE90433 	 strd r3,r3,[sp,#16]
 741 0014 0693     	 str r3,[sp,#24]
 227:Core/Src/tim.c ****   {
 742              	 .loc 1 227 3 is_stmt 1 view .LVU246
 227:Core/Src/tim.c ****   {
 743              	 .loc 1 227 5 is_stmt 0 view .LVU247
 744 0016 02D0     	 beq .L78
 243:Core/Src/tim.c **** 
 244:Core/Src/tim.c ****   /* USER CODE BEGIN TIM1_MspPostInit 1 */
 245:Core/Src/tim.c **** 
 246:Core/Src/tim.c ****   /* USER CODE END TIM1_MspPostInit 1 */
 247:Core/Src/tim.c ****   }
 248:Core/Src/tim.c **** 
 249:Core/Src/tim.c **** }
 745              	 .loc 1 249 1 view .LVU248
 746 0018 09B0     	 add sp,sp,#36
 747              	 .cfi_remember_state
 748              	 .cfi_def_cfa_offset 4
 749              	 
 750 001a 5DF804FB 	 ldr pc,[sp],#4
 751              	.L78:
 752              	 .cfi_restore_state
 233:Core/Src/tim.c ****     /**TIM1 GPIO Configuration
 753              	 .loc 1 233 5 is_stmt 1 view .LVU249
 754              	.LBB17:
 233:Core/Src/tim.c ****     /**TIM1 GPIO Configuration
 755              	 .loc 1 233 5 view .LVU250
 233:Core/Src/tim.c ****     /**TIM1 GPIO Configuration
 756              	 .loc 1 233 5 view .LVU251
 757 001e 03F18043 	 add r3,r3,#1073741824
 758 0022 03F50433 	 add r3,r3,#135168
 759              	.LBE17:
 237:Core/Src/tim.c ****     GPIO_InitStruct.Mode = GPIO_MODE_AF_PP;
 760              	 .loc 1 237 25 is_stmt 0 view .LVU252
 761 0026 9FED0C7B 	 vldr.64 d7,.L79
 762              	.LBB18:
 233:Core/Src/tim.c ****     /**TIM1 GPIO Configuration
 763              	 .loc 1 233 5 view .LVU253
 764 002a 5A69     	 ldr r2,[r3,#20]
 765              	.LBE18:
 242:Core/Src/tim.c **** 
 766              	 .loc 1 242 5 view .LVU254
 767 002c 0D48     	 ldr r0,.L79+12
 768              	.LVL34:
 769              	.LBB19:
 233:Core/Src/tim.c ****     /**TIM1 GPIO Configuration
 770              	 .loc 1 233 5 view .LVU255
 771 002e 42F48022 	 orr r2,r2,#262144
 772 0032 5A61     	 str r2,[r3,#20]
 233:Core/Src/tim.c ****     /**TIM1 GPIO Configuration
ARM GAS   			page 22


 773              	 .loc 1 233 5 is_stmt 1 view .LVU256
 774 0034 5B69     	 ldr r3,[r3,#20]
 775 0036 03F48023 	 and r3,r3,#262144
 776 003a 0193     	 str r3,[sp,#4]
 233:Core/Src/tim.c ****     /**TIM1 GPIO Configuration
 777              	 .loc 1 233 5 view .LVU257
 778              	.LBE19:
 242:Core/Src/tim.c **** 
 779              	 .loc 1 242 5 is_stmt 0 view .LVU258
 780 003c 02A9     	 add r1,sp,#8
 241:Core/Src/tim.c ****     HAL_GPIO_Init(TIM1_CH2N_BUZZER_GPIO_Port, &GPIO_InitStruct);
 781              	 .loc 1 241 31 view .LVU259
 782 003e 0623     	 movs r3,#6
 237:Core/Src/tim.c ****     GPIO_InitStruct.Mode = GPIO_MODE_AF_PP;
 783              	 .loc 1 237 25 view .LVU260
 784 0040 8DED027B 	 vstr.64 d7,[sp,#8]
 785              	.LBB20:
 233:Core/Src/tim.c ****     /**TIM1 GPIO Configuration
 786              	 .loc 1 233 5 view .LVU261
 787 0044 019A     	 ldr r2,[sp,#4]
 788              	.LBE20:
 233:Core/Src/tim.c ****     /**TIM1 GPIO Configuration
 789              	 .loc 1 233 5 is_stmt 1 view .LVU262
 237:Core/Src/tim.c ****     GPIO_InitStruct.Mode = GPIO_MODE_AF_PP;
 790              	 .loc 1 237 5 view .LVU263
 238:Core/Src/tim.c ****     GPIO_InitStruct.Pull = GPIO_NOPULL;
 791              	 .loc 1 238 5 view .LVU264
 239:Core/Src/tim.c ****     GPIO_InitStruct.Speed = GPIO_SPEED_FREQ_LOW;
 792              	 .loc 1 239 5 view .LVU265
 240:Core/Src/tim.c ****     GPIO_InitStruct.Alternate = GPIO_AF6_TIM1;
 793              	 .loc 1 240 5 view .LVU266
 241:Core/Src/tim.c ****     HAL_GPIO_Init(TIM1_CH2N_BUZZER_GPIO_Port, &GPIO_InitStruct);
 794              	 .loc 1 241 5 view .LVU267
 241:Core/Src/tim.c ****     HAL_GPIO_Init(TIM1_CH2N_BUZZER_GPIO_Port, &GPIO_InitStruct);
 795              	 .loc 1 241 31 is_stmt 0 view .LVU268
 796 0046 0693     	 str r3,[sp,#24]
 242:Core/Src/tim.c **** 
 797              	 .loc 1 242 5 is_stmt 1 view .LVU269
 798 0048 FFF7FEFF 	 bl HAL_GPIO_Init
 799              	.LVL35:
 800              	 .loc 1 249 1 is_stmt 0 view .LVU270
 801 004c 09B0     	 add sp,sp,#36
 802              	 .cfi_def_cfa_offset 4
 803              	 
 804 004e 5DF804FB 	 ldr pc,[sp],#4
 805              	.L80:
 806 0052 00BFAFF3 	 .align 3
 806      0080
 807              	.L79:
 808 0058 01000000 	 .word 1
 809 005c 02000000 	 .word 2
 810 0060 002C0140 	 .word 1073818624
 811 0064 00040048 	 .word 1207960576
 812              	 .cfi_endproc
 813              	.LFE127:
 815              	 .section .text.HAL_TIM_Base_MspDeInit,"ax",%progbits
 816              	 .align 1
ARM GAS   			page 23


 817              	 .p2align 2,,3
 818              	 .global HAL_TIM_Base_MspDeInit
 819              	 .syntax unified
 820              	 .thumb
 821              	 .thumb_func
 822              	 .fpu fpv4-sp-d16
 824              	HAL_TIM_Base_MspDeInit:
 825              	.LVL36:
 826              	.LFB128:
 250:Core/Src/tim.c **** 
 251:Core/Src/tim.c **** void HAL_TIM_Base_MspDeInit(TIM_HandleTypeDef* tim_baseHandle)
 252:Core/Src/tim.c **** {
 827              	 .loc 1 252 1 is_stmt 1 view-0
 828              	 .cfi_startproc
 829              	 
 830              	 
 831              	 
 253:Core/Src/tim.c **** 
 254:Core/Src/tim.c ****   if(tim_baseHandle->Instance==TIM1)
 832              	 .loc 1 254 3 view .LVU272
 833              	 .loc 1 254 5 is_stmt 0 view .LVU273
 834 0000 104A     	 ldr r2,.L88
 835              	 .loc 1 254 20 view .LVU274
 836 0002 0368     	 ldr r3,[r0]
 837              	 .loc 1 254 5 view .LVU275
 838 0004 9342     	 cmp r3,r2
 839 0006 06D0     	 beq .L85
 255:Core/Src/tim.c ****   {
 256:Core/Src/tim.c ****   /* USER CODE BEGIN TIM1_MspDeInit 0 */
 257:Core/Src/tim.c **** 
 258:Core/Src/tim.c ****   /* USER CODE END TIM1_MspDeInit 0 */
 259:Core/Src/tim.c ****     /* Peripheral clock disable */
 260:Core/Src/tim.c ****     __HAL_RCC_TIM1_CLK_DISABLE();
 261:Core/Src/tim.c **** 
 262:Core/Src/tim.c ****     /* TIM1 interrupt Deinit */
 263:Core/Src/tim.c ****   /* USER CODE BEGIN TIM1:TIM1_UP_TIM16_IRQn disable */
 264:Core/Src/tim.c ****     /**
 265:Core/Src/tim.c ****     * Uncomment the line below to disable the "TIM1_UP_TIM16_IRQn" interrupt
 266:Core/Src/tim.c ****     * Be aware, disabling shared interrupt may affect other IPs
 267:Core/Src/tim.c ****     */
 268:Core/Src/tim.c ****     /* HAL_NVIC_DisableIRQ(TIM1_UP_TIM16_IRQn); */
 269:Core/Src/tim.c ****   /* USER CODE END TIM1:TIM1_UP_TIM16_IRQn disable */
 270:Core/Src/tim.c **** 
 271:Core/Src/tim.c ****   /* USER CODE BEGIN TIM1_MspDeInit 1 */
 272:Core/Src/tim.c **** 
 273:Core/Src/tim.c ****   /* USER CODE END TIM1_MspDeInit 1 */
 274:Core/Src/tim.c ****   }
 275:Core/Src/tim.c ****   else if(tim_baseHandle->Instance==TIM2)
 840              	 .loc 1 275 8 is_stmt 1 view .LVU276
 841              	 .loc 1 275 10 is_stmt 0 view .LVU277
 842 0008 B3F1804F 	 cmp r3,#1073741824
 843 000c 11D0     	 beq .L86
 276:Core/Src/tim.c ****   {
 277:Core/Src/tim.c ****   /* USER CODE BEGIN TIM2_MspDeInit 0 */
 278:Core/Src/tim.c **** 
 279:Core/Src/tim.c ****   /* USER CODE END TIM2_MspDeInit 0 */
 280:Core/Src/tim.c ****     /* Peripheral clock disable */
ARM GAS   			page 24


 281:Core/Src/tim.c ****     __HAL_RCC_TIM2_CLK_DISABLE();
 282:Core/Src/tim.c **** 
 283:Core/Src/tim.c ****     /* TIM2 interrupt Deinit */
 284:Core/Src/tim.c ****     HAL_NVIC_DisableIRQ(TIM2_IRQn);
 285:Core/Src/tim.c ****   /* USER CODE BEGIN TIM2_MspDeInit 1 */
 286:Core/Src/tim.c **** 
 287:Core/Src/tim.c ****   /* USER CODE END TIM2_MspDeInit 1 */
 288:Core/Src/tim.c ****   }
 289:Core/Src/tim.c ****   else if(tim_baseHandle->Instance==TIM16)
 844              	 .loc 1 289 8 is_stmt 1 view .LVU278
 845              	 .loc 1 289 10 is_stmt 0 view .LVU279
 846 000e 0E4A     	 ldr r2,.L88+4
 847 0010 9342     	 cmp r3,r2
 848 0012 07D0     	 beq .L87
 290:Core/Src/tim.c ****   {
 291:Core/Src/tim.c ****   /* USER CODE BEGIN TIM16_MspDeInit 0 */
 292:Core/Src/tim.c **** 
 293:Core/Src/tim.c ****   /* USER CODE END TIM16_MspDeInit 0 */
 294:Core/Src/tim.c ****     /* Peripheral clock disable */
 295:Core/Src/tim.c ****     __HAL_RCC_TIM16_CLK_DISABLE();
 296:Core/Src/tim.c **** 
 297:Core/Src/tim.c ****     /* TIM16 interrupt Deinit */
 298:Core/Src/tim.c ****   /* USER CODE BEGIN TIM16:TIM1_UP_TIM16_IRQn disable */
 299:Core/Src/tim.c ****     /**
 300:Core/Src/tim.c ****     * Uncomment the line below to disable the "TIM1_UP_TIM16_IRQn" interrupt
 301:Core/Src/tim.c ****     * Be aware, disabling shared interrupt may affect other IPs
 302:Core/Src/tim.c ****     */
 303:Core/Src/tim.c ****     /* HAL_NVIC_DisableIRQ(TIM1_UP_TIM16_IRQn); */
 304:Core/Src/tim.c ****   /* USER CODE END TIM16:TIM1_UP_TIM16_IRQn disable */
 305:Core/Src/tim.c **** 
 306:Core/Src/tim.c ****   /* USER CODE BEGIN TIM16_MspDeInit 1 */
 307:Core/Src/tim.c **** 
 308:Core/Src/tim.c ****   /* USER CODE END TIM16_MspDeInit 1 */
 309:Core/Src/tim.c ****   }
 310:Core/Src/tim.c **** }
 849              	 .loc 1 310 1 view .LVU280
 850 0014 7047     	 bx lr
 851              	.L85:
 260:Core/Src/tim.c **** 
 852              	 .loc 1 260 5 is_stmt 1 view .LVU281
 853 0016 02F56442 	 add r2,r2,#58368
 854 001a 9369     	 ldr r3,[r2,#24]
 855 001c 23F40063 	 bic r3,r3,#2048
 856 0020 9361     	 str r3,[r2,#24]
 857 0022 7047     	 bx lr
 858              	.L87:
 295:Core/Src/tim.c **** 
 859              	 .loc 1 295 5 view .LVU282
 860 0024 02F54C42 	 add r2,r2,#52224
 861 0028 9369     	 ldr r3,[r2,#24]
 862 002a 23F40033 	 bic r3,r3,#131072
 863 002e 9361     	 str r3,[r2,#24]
 864              	 .loc 1 310 1 is_stmt 0 view .LVU283
 865 0030 7047     	 bx lr
 866              	.L86:
 281:Core/Src/tim.c **** 
 867              	 .loc 1 281 5 is_stmt 1 view .LVU284
ARM GAS   			page 25


 868 0032 064A     	 ldr r2,.L88+8
 869 0034 D369     	 ldr r3,[r2,#28]
 870 0036 23F00103 	 bic r3,r3,#1
 284:Core/Src/tim.c ****   /* USER CODE BEGIN TIM2_MspDeInit 1 */
 871              	 .loc 1 284 5 is_stmt 0 view .LVU285
 872 003a 1C20     	 movs r0,#28
 873              	.LVL37:
 281:Core/Src/tim.c **** 
 874              	 .loc 1 281 5 view .LVU286
 875 003c D361     	 str r3,[r2,#28]
 284:Core/Src/tim.c ****   /* USER CODE BEGIN TIM2_MspDeInit 1 */
 876              	 .loc 1 284 5 is_stmt 1 view .LVU287
 877 003e FFF7FEBF 	 b HAL_NVIC_DisableIRQ
 878              	.LVL38:
 879              	.L89:
 880 0042 00BF     	 .align 2
 881              	.L88:
 882 0044 002C0140 	 .word 1073818624
 883 0048 00440140 	 .word 1073824768
 884 004c 00100240 	 .word 1073876992
 885              	 .cfi_endproc
 886              	.LFE128:
 888              	 .global htim16
 889              	 .global htim2
 890              	 .global htim1
 891              	 .section .bss.htim1,"aw",%nobits
 892              	 .align 2
 893              	 .set .LANCHOR0,.+0
 896              	htim1:
 897 0000 00000000 	 .space 76
 897      00000000 
 897      00000000 
 897      00000000 
 897      00000000 
 898              	 .section .bss.htim16,"aw",%nobits
 899              	 .align 2
 900              	 .set .LANCHOR2,.+0
 903              	htim16:
 904 0000 00000000 	 .space 76
 904      00000000 
 904      00000000 
 904      00000000 
 904      00000000 
 905              	 .section .bss.htim2,"aw",%nobits
 906              	 .align 2
 907              	 .set .LANCHOR1,.+0
 910              	htim2:
 911 0000 00000000 	 .space 76
 911      00000000 
 911      00000000 
 911      00000000 
 911      00000000 
 912              	 .text
 913              	.Letext0:
 914              	 .file 2 "/usr/lib/gcc/arm-none-eabi/10.3.1/include/stdint.h"
 915              	 .file 3 "Drivers/CMSIS/Device/ST/STM32F3xx/Include/stm32f334x8.h"
 916              	 .file 4 "Drivers/STM32F3xx_HAL_Driver/Inc/stm32f3xx_hal_def.h"
ARM GAS   			page 26


 917              	 .file 5 "Drivers/STM32F3xx_HAL_Driver/Inc/stm32f3xx_hal_gpio.h"
 918              	 .file 6 "Drivers/STM32F3xx_HAL_Driver/Inc/stm32f3xx_hal_dma.h"
 919              	 .file 7 "Drivers/STM32F3xx_HAL_Driver/Inc/stm32f3xx_hal_tim.h"
 920              	 .file 8 "Core/Inc/tim.h"
 921              	 .file 9 "Drivers/STM32F3xx_HAL_Driver/Inc/stm32f3xx_hal_cortex.h"
 922              	 .file 10 "Core/Inc/main.h"
 923              	 .file 11 "Drivers/STM32F3xx_HAL_Driver/Inc/stm32f3xx_hal_tim_ex.h"
 924              	 .file 12 "<built-in>"
ARM GAS   			page 27


DEFINED SYMBOLS
                            *ABS*:0000000000000000 tim.c
    {standard input}:18     .text.MX_TIM1_Init:0000000000000000 $t
    {standard input}:27     .text.MX_TIM1_Init:0000000000000000 MX_TIM1_Init
    {standard input}:339    .text.MX_TIM1_Init:000000000000014c $d
    {standard input}:346    .text.MX_TIM2_Init:0000000000000000 $t
    {standard input}:354    .text.MX_TIM2_Init:0000000000000000 MX_TIM2_Init
    {standard input}:471    .text.MX_TIM2_Init:0000000000000070 $d
    {standard input}:476    .text.MX_TIM16_Init:0000000000000000 $t
    {standard input}:484    .text.MX_TIM16_Init:0000000000000000 MX_TIM16_Init
    {standard input}:534    .text.MX_TIM16_Init:000000000000002c $d
    {standard input}:540    .text.HAL_TIM_Base_MspInit:0000000000000000 $t
    {standard input}:548    .text.HAL_TIM_Base_MspInit:0000000000000000 HAL_TIM_Base_MspInit
    {standard input}:701    .text.HAL_TIM_Base_MspInit:0000000000000090 $d
    {standard input}:708    .text.HAL_TIM_MspPostInit:0000000000000000 $t
    {standard input}:716    .text.HAL_TIM_MspPostInit:0000000000000000 HAL_TIM_MspPostInit
    {standard input}:808    .text.HAL_TIM_MspPostInit:0000000000000058 $d
    {standard input}:816    .text.HAL_TIM_Base_MspDeInit:0000000000000000 $t
    {standard input}:824    .text.HAL_TIM_Base_MspDeInit:0000000000000000 HAL_TIM_Base_MspDeInit
    {standard input}:882    .text.HAL_TIM_Base_MspDeInit:0000000000000044 $d
    {standard input}:903    .bss.htim16:0000000000000000 htim16
    {standard input}:910    .bss.htim2:0000000000000000 htim2
    {standard input}:896    .bss.htim1:0000000000000000 htim1
    {standard input}:892    .bss.htim1:0000000000000000 $d
    {standard input}:899    .bss.htim16:0000000000000000 $d
    {standard input}:906    .bss.htim2:0000000000000000 $d
                           .group:0000000000000000 wm4.0.5772491a24f9cd1476a244d548d5000f
                           .group:0000000000000000 wm4.stm32f3xx_hal_conf.h.22.68702fcb376080053c327f742c9961b5
                           .group:0000000000000000 wm4.stm32f3xx.h.38.82e8e99dfe49c20b1a4a903bd92d6a62
                           .group:0000000000000000 wm4.stm32f334x8.h.34.4062b27910dbe4163b311597cc3129d0
                           .group:0000000000000000 wm4.stdint.h.29.6d480f4ba0f60596e88234283d42444f
                           .group:0000000000000000 wm4.cmsis_version.h.32.4d5822004c01a829a975260e854b5f8e
                           .group:0000000000000000 wm4.core_cm4.h.66.e4ff136c4a17abc46741866f64f8e729
                           .group:0000000000000000 wm4.cmsis_gcc.h.26.6774fe91202d65f4d5ffcff60e00da34
                           .group:0000000000000000 wm4.core_cm4.h.174.300c477346073ecdebb72dd943ae4d09
                           .group:0000000000000000 wm4.stm32f334x8.h.742.4d018c717ec53f6245cec4363d185c67
                           .group:0000000000000000 wm4.stm32f3xx.h.174.91b72afab8b3d83f71cfd7ef15cf4952
                           .group:0000000000000000 wm4.stm32_hal_legacy.h.22.faf2d895fc44f19fdf533a93a00a4465
                           .group:0000000000000000 wm4.stddef.h.39.144cf5ddcd53cbfdac30259dc1a6c87f
                           .group:0000000000000000 wm4.stm32f3xx_hal_def.h.58.9b3c2bdf4a254dccb0f88c83bea62e05
                           .group:0000000000000000 wm4.stm32f3xx_hal_rcc.h.46.e37a97e5b8d0ca06a596d1c15979cbcc
                           .group:0000000000000000 wm4.stm32f3xx_hal_rcc_ex.h.20.10471072208d7575503f2f1804851a76
                           .group:0000000000000000 wm4.stm32f3xx_hal_gpio.h.21.7cd0c7cb2091a8a34b9016ef7d16b8a7
                           .group:0000000000000000 wm4.stm32f3xx_hal_gpio_ex.h.21.af39eaa5623e0a1009fcf4398ea2c1b7
                           .group:0000000000000000 wm4.stm32f3xx_hal_exti.h.21.97ce243ab3f68da52c38aef7d478a1e0
                           .group:0000000000000000 wm4.stm32f3xx_hal_dma.h.21.cc527711b185a0aec89274d6a9e66e40
                           .group:0000000000000000 wm4.stm32f3xx_hal_dma_ex.h.21.0990be4ccabf56d8663bc991eae085b1
                           .group:0000000000000000 wm4.stm32f3xx_hal_dma.h.406.bee398d2c322633b5d4483460294543c
                           .group:0000000000000000 wm4.stm32f3xx_hal_cortex.h.21.2e6f8d82a4b5342dc6cb4d8275d4190e
                           .group:0000000000000000 wm4.stm32f3xx_hal_adc_ex.h.21.83e1b666f94c6741e0f75669498b4cf0
                           .group:0000000000000000 wm4.stm32f3xx_hal_adc.h.55.6de54c307a17ed796a45b8e483250af2
                           .group:0000000000000000 wm4.stm32f3xx_hal_can.h.21.e8a2553fb767050d2b1baa10ea524b9c
                           .group:0000000000000000 wm4.stm32f3xx_hal_flash.h.20.53fc2ade23629e1c8d41b6b358abbb8d
                           .group:0000000000000000 wm4.stm32f3xx_hal_flash_ex.h.20.66a2e271db53c743be1fcb77b2017459
                           .group:0000000000000000 wm4.stm32f3xx_hal_hrtim.h.21.fb28980682ad68d99a88889d8ff4d172
                           .group:0000000000000000 wm4.stm32f3xx_hal_i2c.h.21.f7663f116d03c0043fd0e75e612f16ea
                           .group:0000000000000000 wm4.stm32f3xx_hal_i2c_ex.h.21.cf479782f4f3a68ef5fbce499167225b
ARM GAS   			page 28


                           .group:0000000000000000 wm4.stm32f3xx_hal_i2c.h.739.edde0c83ea6830c2c975fff967ebea26
                           .group:0000000000000000 wm4.stm32f3xx_hal_iwdg.h.21.3504a210964eb279ef1de8bb44988f11
                           .group:0000000000000000 wm4.stm32f3xx_hal_pwr.h.21.6193057a5c33d0b02d2f3a23acd22249
                           .group:0000000000000000 wm4.stm32f3xx_hal_pwr_ex.h.21.0ae6fdf7fd790f205b68ea57197f080d
                           .group:0000000000000000 wm4.stm32f3xx_hal_tim.h.21.d20cc3ea3a57aedcc53e87fa48cc1f6c
                           .group:0000000000000000 wm4.stm32f3xx_hal_tim_ex.h.21.87406a6cc7024a9faaf6aed69e2733ce
                           .group:0000000000000000 wm4.stm32f3xx_hal_uart.h.21.11bf2ca66aa636cfe74a1eb39fe0d460
                           .group:0000000000000000 wm4.stm32f3xx_hal_uart_ex.h.21.f592049ad8b63c2f48d6a2e8f48bef5c
                           .group:0000000000000000 wm4.stm32f3xx_hal.h.43.350d066a115a4ce03caef6c5048b93ca
                           .group:0000000000000000 wm4.main.h.60.25040540409f96806b00c4a4ef3ee0f3

UNDEFINED SYMBOLS
memset
HAL_TIM_Base_Init
HAL_TIM_ConfigClockSource
HAL_TIM_PWM_Init
HAL_TIMEx_MasterConfigSynchronization
HAL_TIM_PWM_ConfigChannel
HAL_TIMEx_ConfigBreakDeadTime
Error_Handler
HAL_GPIO_Init
HAL_NVIC_SetPriority
HAL_NVIC_EnableIRQ
HAL_NVIC_DisableIRQ
