ARM GAS   			page 1


   1              	 .cpu cortex-m4
   2              	 .eabi_attribute 27,1
   3              	 .eabi_attribute 28,1
   4              	 .eabi_attribute 20,1
   5              	 .eabi_attribute 21,1
   6              	 .eabi_attribute 23,3
   7              	 .eabi_attribute 24,1
   8              	 .eabi_attribute 25,1
   9              	 .eabi_attribute 26,1
  10              	 .eabi_attribute 30,2
  11              	 .eabi_attribute 34,1
  12              	 .eabi_attribute 18,4
  13              	 .file "usart.c"
  14              	 .text
  15              	.Ltext0:
  16              	 .cfi_sections .debug_frame
  17              	 .section .text.MX_USART2_UART_Init,"ax",%progbits
  18              	 .align 1
  19              	 .p2align 2,,3
  20              	 .global MX_USART2_UART_Init
  21              	 .arch armv7e-m
  22              	 .syntax unified
  23              	 .thumb
  24              	 .thumb_func
  25              	 .fpu fpv4-sp-d16
  27              	MX_USART2_UART_Init:
  28              	.LFB123:
  29              	 .file 1 "Core/Src/usart.c"
   1:Core/Src/usart.c **** /* USER CODE BEGIN Header */
   2:Core/Src/usart.c **** /**
   3:Core/Src/usart.c ****   ******************************************************************************
   4:Core/Src/usart.c ****   * @file    usart.c
   5:Core/Src/usart.c ****   * @brief   This file provides code for the configuration
   6:Core/Src/usart.c ****   *          of the USART instances.
   7:Core/Src/usart.c ****   ******************************************************************************
   8:Core/Src/usart.c ****   * @attention
   9:Core/Src/usart.c ****   *
  10:Core/Src/usart.c ****   * Copyright (c) 2023 STMicroelectronics.
  11:Core/Src/usart.c ****   * All rights reserved.
  12:Core/Src/usart.c ****   *
  13:Core/Src/usart.c ****   * This software is licensed under terms that can be found in the LICENSE file
  14:Core/Src/usart.c ****   * in the root directory of this software component.
  15:Core/Src/usart.c ****   * If no LICENSE file comes with this software, it is provided AS-IS.
  16:Core/Src/usart.c ****   *
  17:Core/Src/usart.c ****   ******************************************************************************
  18:Core/Src/usart.c ****   */
  19:Core/Src/usart.c **** /* USER CODE END Header */
  20:Core/Src/usart.c **** /* Includes ------------------------------------------------------------------*/
  21:Core/Src/usart.c **** #include "usart.h"
  22:Core/Src/usart.c **** 
  23:Core/Src/usart.c **** /* USER CODE BEGIN 0 */
  24:Core/Src/usart.c **** 
  25:Core/Src/usart.c **** /* USER CODE END 0 */
  26:Core/Src/usart.c **** 
  27:Core/Src/usart.c **** UART_HandleTypeDef huart2;
  28:Core/Src/usart.c **** 
  29:Core/Src/usart.c **** /* USART2 init function */
ARM GAS   			page 2


  30:Core/Src/usart.c **** 
  31:Core/Src/usart.c **** void MX_USART2_UART_Init(void)
  32:Core/Src/usart.c **** {
  30              	 .loc 1 32 1 view-0
  31              	 .cfi_startproc
  32              	 
  33              	 
  33:Core/Src/usart.c **** 
  34:Core/Src/usart.c ****   /* USER CODE BEGIN USART2_Init 0 */
  35:Core/Src/usart.c **** 
  36:Core/Src/usart.c ****   /* USER CODE END USART2_Init 0 */
  37:Core/Src/usart.c **** 
  38:Core/Src/usart.c ****   /* USER CODE BEGIN USART2_Init 1 */
  39:Core/Src/usart.c **** 
  40:Core/Src/usart.c ****   /* USER CODE END USART2_Init 1 */
  41:Core/Src/usart.c ****   huart2.Instance = USART2;
  34              	 .loc 1 41 3 view .LVU1
  32:Core/Src/usart.c **** 
  35              	 .loc 1 32 1 is_stmt 0 view .LVU2
  36 0000 10B5     	 push {r4,lr}
  37              	 .cfi_def_cfa_offset 8
  38              	 .cfi_offset 4,-8
  39              	 .cfi_offset 14,-4
  40              	 .loc 1 41 19 view .LVU3
  41 0002 0C48     	 ldr r0,.L6
  42 0004 0C4C     	 ldr r4,.L6+4
  42:Core/Src/usart.c ****   huart2.Init.BaudRate = 38400;
  43:Core/Src/usart.c ****   huart2.Init.WordLength = UART_WORDLENGTH_8B;
  43              	 .loc 1 43 26 view .LVU4
  44 0006 0023     	 movs r3,#0
  42:Core/Src/usart.c ****   huart2.Init.BaudRate = 38400;
  45              	 .loc 1 42 24 view .LVU5
  46 0008 4FF41641 	 mov r1,#38400
  44:Core/Src/usart.c ****   huart2.Init.StopBits = UART_STOPBITS_1;
  45:Core/Src/usart.c ****   huart2.Init.Parity = UART_PARITY_NONE;
  46:Core/Src/usart.c ****   huart2.Init.Mode = UART_MODE_TX_RX;
  47              	 .loc 1 46 20 view .LVU6
  48 000c 0C22     	 movs r2,#12
  42:Core/Src/usart.c ****   huart2.Init.BaudRate = 38400;
  49              	 .loc 1 42 24 view .LVU7
  50 000e C0E90041 	 strd r4,r1,[r0]
  43:Core/Src/usart.c ****   huart2.Init.StopBits = UART_STOPBITS_1;
  51              	 .loc 1 43 3 is_stmt 1 view .LVU8
  44:Core/Src/usart.c ****   huart2.Init.StopBits = UART_STOPBITS_1;
  52              	 .loc 1 44 24 is_stmt 0 view .LVU9
  53 0012 C0E90233 	 strd r3,r3,[r0,#8]
  45:Core/Src/usart.c ****   huart2.Init.Mode = UART_MODE_TX_RX;
  54              	 .loc 1 45 3 is_stmt 1 view .LVU10
  55              	 .loc 1 46 20 is_stmt 0 view .LVU11
  56 0016 C0E90432 	 strd r3,r2,[r0,#16]
  47:Core/Src/usart.c ****   huart2.Init.HwFlowCtl = UART_HWCONTROL_NONE;
  57              	 .loc 1 47 3 is_stmt 1 view .LVU12
  48:Core/Src/usart.c ****   huart2.Init.OverSampling = UART_OVERSAMPLING_16;
  58              	 .loc 1 48 28 is_stmt 0 view .LVU13
  59 001a C0E90633 	 strd r3,r3,[r0,#24]
  49:Core/Src/usart.c ****   huart2.Init.OneBitSampling = UART_ONE_BIT_SAMPLE_DISABLE;
  60              	 .loc 1 49 3 is_stmt 1 view .LVU14
ARM GAS   			page 3


  50:Core/Src/usart.c ****   huart2.AdvancedInit.AdvFeatureInit = UART_ADVFEATURE_NO_INIT;
  61              	 .loc 1 50 38 is_stmt 0 view .LVU15
  62 001e C0E90833 	 strd r3,r3,[r0,#32]
  51:Core/Src/usart.c ****   if (HAL_UART_Init(&huart2) != HAL_OK)
  63              	 .loc 1 51 3 is_stmt 1 view .LVU16
  64              	 .loc 1 51 7 is_stmt 0 view .LVU17
  65 0022 FFF7FEFF 	 bl HAL_UART_Init
  66              	.LVL0:
  67              	 .loc 1 51 6 view .LVU18
  68 0026 00B9     	 cbnz r0,.L5
  52:Core/Src/usart.c ****   {
  53:Core/Src/usart.c ****     Error_Handler();
  54:Core/Src/usart.c ****   }
  55:Core/Src/usart.c ****   /* USER CODE BEGIN USART2_Init 2 */
  56:Core/Src/usart.c **** 
  57:Core/Src/usart.c ****   /* USER CODE END USART2_Init 2 */
  58:Core/Src/usart.c **** 
  59:Core/Src/usart.c **** }
  69              	 .loc 1 59 1 view .LVU19
  70 0028 10BD     	 pop {r4,pc}
  71              	.L5:
  53:Core/Src/usart.c ****   }
  72              	 .loc 1 53 5 is_stmt 1 view .LVU20
  73              	 .loc 1 59 1 is_stmt 0 view .LVU21
  74 002a BDE81040 	 pop {r4,lr}
  75              	 .cfi_restore 14
  76              	 .cfi_restore 4
  77              	 .cfi_def_cfa_offset 0
  53:Core/Src/usart.c ****   }
  78              	 .loc 1 53 5 view .LVU22
  79 002e FFF7FEBF 	 b Error_Handler
  80              	.LVL1:
  81              	.L7:
  82 0032 00BF     	 .align 2
  83              	.L6:
  84 0034 00000000 	 .word .LANCHOR0
  85 0038 00440040 	 .word 1073759232
  86              	 .cfi_endproc
  87              	.LFE123:
  89              	 .section .text.HAL_UART_MspInit,"ax",%progbits
  90              	 .align 1
  91              	 .p2align 2,,3
  92              	 .global HAL_UART_MspInit
  93              	 .syntax unified
  94              	 .thumb
  95              	 .thumb_func
  96              	 .fpu fpv4-sp-d16
  98              	HAL_UART_MspInit:
  99              	.LVL2:
 100              	.LFB124:
  60:Core/Src/usart.c **** 
  61:Core/Src/usart.c **** void HAL_UART_MspInit(UART_HandleTypeDef* uartHandle)
  62:Core/Src/usart.c **** {
 101              	 .loc 1 62 1 is_stmt 1 view-0
 102              	 .cfi_startproc
 103              	 
 104              	 
ARM GAS   			page 4


  63:Core/Src/usart.c **** 
  64:Core/Src/usart.c ****   GPIO_InitTypeDef GPIO_InitStruct = {0};
 105              	 .loc 1 64 3 view .LVU24
  62:Core/Src/usart.c **** 
 106              	 .loc 1 62 1 is_stmt 0 view .LVU25
 107 0000 10B5     	 push {r4,lr}
 108              	 .cfi_def_cfa_offset 8
 109              	 .cfi_offset 4,-8
 110              	 .cfi_offset 14,-4
  65:Core/Src/usart.c ****   if(uartHandle->Instance==USART2)
 111              	 .loc 1 65 5 view .LVU26
 112 0002 1B4A     	 ldr r2,.L12+8
 113 0004 0168     	 ldr r1,[r0]
  62:Core/Src/usart.c **** 
 114              	 .loc 1 62 1 view .LVU27
 115 0006 88B0     	 sub sp,sp,#32
 116              	 .cfi_def_cfa_offset 40
  64:Core/Src/usart.c ****   if(uartHandle->Instance==USART2)
 117              	 .loc 1 64 20 view .LVU28
 118 0008 0023     	 movs r3,#0
 119              	 .loc 1 65 5 view .LVU29
 120 000a 9142     	 cmp r1,r2
  64:Core/Src/usart.c ****   if(uartHandle->Instance==USART2)
 121              	 .loc 1 64 20 view .LVU30
 122 000c CDE90233 	 strd r3,r3,[sp,#8]
 123 0010 CDE90433 	 strd r3,r3,[sp,#16]
 124 0014 0693     	 str r3,[sp,#24]
 125              	 .loc 1 65 3 is_stmt 1 view .LVU31
 126              	 .loc 1 65 5 is_stmt 0 view .LVU32
 127 0016 01D0     	 beq .L11
  66:Core/Src/usart.c ****   {
  67:Core/Src/usart.c ****   /* USER CODE BEGIN USART2_MspInit 0 */
  68:Core/Src/usart.c **** 
  69:Core/Src/usart.c ****   /* USER CODE END USART2_MspInit 0 */
  70:Core/Src/usart.c ****     /* USART2 clock enable */
  71:Core/Src/usart.c ****     __HAL_RCC_USART2_CLK_ENABLE();
  72:Core/Src/usart.c **** 
  73:Core/Src/usart.c ****     __HAL_RCC_GPIOB_CLK_ENABLE();
  74:Core/Src/usart.c ****     /**USART2 GPIO Configuration
  75:Core/Src/usart.c ****     PB3     ------> USART2_TX
  76:Core/Src/usart.c ****     PB4     ------> USART2_RX
  77:Core/Src/usart.c ****     */
  78:Core/Src/usart.c ****     GPIO_InitStruct.Pin = GPIO_PIN_3|GPIO_PIN_4;
  79:Core/Src/usart.c ****     GPIO_InitStruct.Mode = GPIO_MODE_AF_PP;
  80:Core/Src/usart.c ****     GPIO_InitStruct.Pull = GPIO_NOPULL;
  81:Core/Src/usart.c ****     GPIO_InitStruct.Speed = GPIO_SPEED_FREQ_HIGH;
  82:Core/Src/usart.c ****     GPIO_InitStruct.Alternate = GPIO_AF7_USART2;
  83:Core/Src/usart.c ****     HAL_GPIO_Init(GPIOB, &GPIO_InitStruct);
  84:Core/Src/usart.c **** 
  85:Core/Src/usart.c ****   /* USER CODE BEGIN USART2_MspInit 1 */
  86:Core/Src/usart.c **** 
  87:Core/Src/usart.c ****   /* USER CODE END USART2_MspInit 1 */
  88:Core/Src/usart.c ****   }
  89:Core/Src/usart.c **** }
 128              	 .loc 1 89 1 view .LVU33
 129 0018 08B0     	 add sp,sp,#32
 130              	 .cfi_remember_state
ARM GAS   			page 5


 131              	 .cfi_def_cfa_offset 8
 132              	 
 133 001a 10BD     	 pop {r4,pc}
 134              	.L11:
 135              	 .cfi_restore_state
  71:Core/Src/usart.c **** 
 136              	 .loc 1 71 5 is_stmt 1 view .LVU34
 137              	.LBB2:
  71:Core/Src/usart.c **** 
 138              	 .loc 1 71 5 view .LVU35
  71:Core/Src/usart.c **** 
 139              	 .loc 1 71 5 view .LVU36
 140 001c 03F18043 	 add r3,r3,#1073741824
 141 0020 03F50433 	 add r3,r3,#135168
 142              	.LBE2:
  78:Core/Src/usart.c ****     GPIO_InitStruct.Mode = GPIO_MODE_AF_PP;
 143              	 .loc 1 78 25 is_stmt 0 view .LVU37
 144 0024 9FED107B 	 vldr.64 d7,.L12
 145              	.LBB3:
  71:Core/Src/usart.c **** 
 146              	 .loc 1 71 5 view .LVU38
 147 0028 DA69     	 ldr r2,[r3,#28]
 148              	.LBE3:
  83:Core/Src/usart.c **** 
 149              	 .loc 1 83 5 view .LVU39
 150 002a 1248     	 ldr r0,.L12+12
 151              	.LVL3:
 152              	.LBB4:
  71:Core/Src/usart.c **** 
 153              	 .loc 1 71 5 view .LVU40
 154 002c 42F40032 	 orr r2,r2,#131072
 155 0030 DA61     	 str r2,[r3,#28]
  71:Core/Src/usart.c **** 
 156              	 .loc 1 71 5 is_stmt 1 view .LVU41
 157 0032 DA69     	 ldr r2,[r3,#28]
 158 0034 02F40032 	 and r2,r2,#131072
 159 0038 0092     	 str r2,[sp]
  71:Core/Src/usart.c **** 
 160              	 .loc 1 71 5 view .LVU42
 161 003a 009A     	 ldr r2,[sp]
 162              	.LBE4:
  71:Core/Src/usart.c **** 
 163              	 .loc 1 71 5 view .LVU43
  73:Core/Src/usart.c ****     /**USART2 GPIO Configuration
 164              	 .loc 1 73 5 view .LVU44
 165              	.LBB5:
  73:Core/Src/usart.c ****     /**USART2 GPIO Configuration
 166              	 .loc 1 73 5 view .LVU45
  73:Core/Src/usart.c ****     /**USART2 GPIO Configuration
 167              	 .loc 1 73 5 view .LVU46
 168 003c 5A69     	 ldr r2,[r3,#20]
 169 003e 42F48022 	 orr r2,r2,#262144
 170 0042 5A61     	 str r2,[r3,#20]
  73:Core/Src/usart.c ****     /**USART2 GPIO Configuration
 171              	 .loc 1 73 5 view .LVU47
 172 0044 5B69     	 ldr r3,[r3,#20]
 173 0046 03F48023 	 and r3,r3,#262144
ARM GAS   			page 6


 174 004a 0193     	 str r3,[sp,#4]
  73:Core/Src/usart.c ****     /**USART2 GPIO Configuration
 175              	 .loc 1 73 5 view .LVU48
 176              	.LBE5:
  81:Core/Src/usart.c ****     GPIO_InitStruct.Alternate = GPIO_AF7_USART2;
 177              	 .loc 1 81 27 is_stmt 0 view .LVU49
 178 004c 0322     	 movs r2,#3
  82:Core/Src/usart.c ****     HAL_GPIO_Init(GPIOB, &GPIO_InitStruct);
 179              	 .loc 1 82 31 view .LVU50
 180 004e 0723     	 movs r3,#7
  83:Core/Src/usart.c **** 
 181              	 .loc 1 83 5 view .LVU51
 182 0050 02A9     	 add r1,sp,#8
  78:Core/Src/usart.c ****     GPIO_InitStruct.Mode = GPIO_MODE_AF_PP;
 183              	 .loc 1 78 25 view .LVU52
 184 0052 8DED027B 	 vstr.64 d7,[sp,#8]
  82:Core/Src/usart.c ****     HAL_GPIO_Init(GPIOB, &GPIO_InitStruct);
 185              	 .loc 1 82 31 view .LVU53
 186 0056 CDE90523 	 strd r2,r3,[sp,#20]
 187              	.LBB6:
  73:Core/Src/usart.c ****     /**USART2 GPIO Configuration
 188              	 .loc 1 73 5 view .LVU54
 189 005a 019C     	 ldr r4,[sp,#4]
 190              	.LBE6:
  73:Core/Src/usart.c ****     /**USART2 GPIO Configuration
 191              	 .loc 1 73 5 is_stmt 1 view .LVU55
  78:Core/Src/usart.c ****     GPIO_InitStruct.Mode = GPIO_MODE_AF_PP;
 192              	 .loc 1 78 5 view .LVU56
  79:Core/Src/usart.c ****     GPIO_InitStruct.Pull = GPIO_NOPULL;
 193              	 .loc 1 79 5 view .LVU57
  80:Core/Src/usart.c ****     GPIO_InitStruct.Speed = GPIO_SPEED_FREQ_HIGH;
 194              	 .loc 1 80 5 view .LVU58
  81:Core/Src/usart.c ****     GPIO_InitStruct.Alternate = GPIO_AF7_USART2;
 195              	 .loc 1 81 5 view .LVU59
  83:Core/Src/usart.c **** 
 196              	 .loc 1 83 5 view .LVU60
 197 005c FFF7FEFF 	 bl HAL_GPIO_Init
 198              	.LVL4:
 199              	 .loc 1 89 1 is_stmt 0 view .LVU61
 200 0060 08B0     	 add sp,sp,#32
 201              	 .cfi_def_cfa_offset 8
 202              	 
 203 0062 10BD     	 pop {r4,pc}
 204              	.L13:
 205 0064 AFF30080 	 .align 3
 206              	.L12:
 207 0068 18000000 	 .word 24
 208 006c 02000000 	 .word 2
 209 0070 00440040 	 .word 1073759232
 210 0074 00040048 	 .word 1207960576
 211              	 .cfi_endproc
 212              	.LFE124:
 214              	 .section .text.HAL_UART_MspDeInit,"ax",%progbits
 215              	 .align 1
 216              	 .p2align 2,,3
 217              	 .global HAL_UART_MspDeInit
 218              	 .syntax unified
ARM GAS   			page 7


 219              	 .thumb
 220              	 .thumb_func
 221              	 .fpu fpv4-sp-d16
 223              	HAL_UART_MspDeInit:
 224              	.LVL5:
 225              	.LFB125:
  90:Core/Src/usart.c **** 
  91:Core/Src/usart.c **** void HAL_UART_MspDeInit(UART_HandleTypeDef* uartHandle)
  92:Core/Src/usart.c **** {
 226              	 .loc 1 92 1 is_stmt 1 view-0
 227              	 .cfi_startproc
 228              	 
 229              	 
 230              	 
  93:Core/Src/usart.c **** 
  94:Core/Src/usart.c ****   if(uartHandle->Instance==USART2)
 231              	 .loc 1 94 3 view .LVU63
 232              	 .loc 1 94 5 is_stmt 0 view .LVU64
 233 0000 064B     	 ldr r3,.L17
 234 0002 0268     	 ldr r2,[r0]
 235 0004 9A42     	 cmp r2,r3
 236 0006 00D0     	 beq .L16
  95:Core/Src/usart.c ****   {
  96:Core/Src/usart.c ****   /* USER CODE BEGIN USART2_MspDeInit 0 */
  97:Core/Src/usart.c **** 
  98:Core/Src/usart.c ****   /* USER CODE END USART2_MspDeInit 0 */
  99:Core/Src/usart.c ****     /* Peripheral clock disable */
 100:Core/Src/usart.c ****     __HAL_RCC_USART2_CLK_DISABLE();
 101:Core/Src/usart.c **** 
 102:Core/Src/usart.c ****     /**USART2 GPIO Configuration
 103:Core/Src/usart.c ****     PB3     ------> USART2_TX
 104:Core/Src/usart.c ****     PB4     ------> USART2_RX
 105:Core/Src/usart.c ****     */
 106:Core/Src/usart.c ****     HAL_GPIO_DeInit(GPIOB, GPIO_PIN_3|GPIO_PIN_4);
 107:Core/Src/usart.c **** 
 108:Core/Src/usart.c ****   /* USER CODE BEGIN USART2_MspDeInit 1 */
 109:Core/Src/usart.c **** 
 110:Core/Src/usart.c ****   /* USER CODE END USART2_MspDeInit 1 */
 111:Core/Src/usart.c ****   }
 112:Core/Src/usart.c **** }
 237              	 .loc 1 112 1 view .LVU65
 238 0008 7047     	 bx lr
 239              	.L16:
 100:Core/Src/usart.c **** 
 240              	 .loc 1 100 5 is_stmt 1 view .LVU66
 241 000a 054A     	 ldr r2,.L17+4
 106:Core/Src/usart.c **** 
 242              	 .loc 1 106 5 is_stmt 0 view .LVU67
 243 000c 0548     	 ldr r0,.L17+8
 244              	.LVL6:
 100:Core/Src/usart.c **** 
 245              	 .loc 1 100 5 view .LVU68
 246 000e D369     	 ldr r3,[r2,#28]
 247 0010 23F40033 	 bic r3,r3,#131072
 106:Core/Src/usart.c **** 
 248              	 .loc 1 106 5 view .LVU69
 249 0014 1821     	 movs r1,#24
ARM GAS   			page 8


 100:Core/Src/usart.c **** 
 250              	 .loc 1 100 5 view .LVU70
 251 0016 D361     	 str r3,[r2,#28]
 106:Core/Src/usart.c **** 
 252              	 .loc 1 106 5 is_stmt 1 view .LVU71
 253 0018 FFF7FEBF 	 b HAL_GPIO_DeInit
 254              	.LVL7:
 255              	.L18:
 256              	 .align 2
 257              	.L17:
 258 001c 00440040 	 .word 1073759232
 259 0020 00100240 	 .word 1073876992
 260 0024 00040048 	 .word 1207960576
 261              	 .cfi_endproc
 262              	.LFE125:
 264              	 .global huart2
 265              	 .section .bss.huart2,"aw",%nobits
 266              	 .align 2
 267              	 .set .LANCHOR0,.+0
 270              	huart2:
 271 0000 00000000 	 .space 136
 271      00000000 
 271      00000000 
 271      00000000 
 271      00000000 
 272              	 .text
 273              	.Letext0:
 274              	 .file 2 "/usr/lib/gcc/arm-none-eabi/10.3.1/include/stdint.h"
 275              	 .file 3 "Drivers/CMSIS/Device/ST/STM32F3xx/Include/stm32f334x8.h"
 276              	 .file 4 "Drivers/STM32F3xx_HAL_Driver/Inc/stm32f3xx_hal_def.h"
 277              	 .file 5 "Drivers/STM32F3xx_HAL_Driver/Inc/stm32f3xx_hal_gpio.h"
 278              	 .file 6 "Drivers/STM32F3xx_HAL_Driver/Inc/stm32f3xx_hal_dma.h"
 279              	 .file 7 "Drivers/STM32F3xx_HAL_Driver/Inc/stm32f3xx_hal_uart.h"
 280              	 .file 8 "Core/Inc/main.h"
 281              	 .file 9 "Core/Inc/usart.h"
ARM GAS   			page 9


DEFINED SYMBOLS
                            *ABS*:0000000000000000 usart.c
    {standard input}:18     .text.MX_USART2_UART_Init:0000000000000000 $t
    {standard input}:27     .text.MX_USART2_UART_Init:0000000000000000 MX_USART2_UART_Init
    {standard input}:84     .text.MX_USART2_UART_Init:0000000000000034 $d
    {standard input}:90     .text.HAL_UART_MspInit:0000000000000000 $t
    {standard input}:98     .text.HAL_UART_MspInit:0000000000000000 HAL_UART_MspInit
    {standard input}:207    .text.HAL_UART_MspInit:0000000000000068 $d
    {standard input}:215    .text.HAL_UART_MspDeInit:0000000000000000 $t
    {standard input}:223    .text.HAL_UART_MspDeInit:0000000000000000 HAL_UART_MspDeInit
    {standard input}:258    .text.HAL_UART_MspDeInit:000000000000001c $d
    {standard input}:270    .bss.huart2:0000000000000000 huart2
    {standard input}:266    .bss.huart2:0000000000000000 $d
                           .group:0000000000000000 wm4.0.5772491a24f9cd1476a244d548d5000f
                           .group:0000000000000000 wm4.stm32f3xx_hal_conf.h.22.68702fcb376080053c327f742c9961b5
                           .group:0000000000000000 wm4.stm32f3xx.h.38.82e8e99dfe49c20b1a4a903bd92d6a62
                           .group:0000000000000000 wm4.stm32f334x8.h.34.4062b27910dbe4163b311597cc3129d0
                           .group:0000000000000000 wm4.stdint.h.29.6d480f4ba0f60596e88234283d42444f
                           .group:0000000000000000 wm4.cmsis_version.h.32.4d5822004c01a829a975260e854b5f8e
                           .group:0000000000000000 wm4.core_cm4.h.66.e4ff136c4a17abc46741866f64f8e729
                           .group:0000000000000000 wm4.cmsis_gcc.h.26.6774fe91202d65f4d5ffcff60e00da34
                           .group:0000000000000000 wm4.core_cm4.h.174.300c477346073ecdebb72dd943ae4d09
                           .group:0000000000000000 wm4.stm32f334x8.h.742.4d018c717ec53f6245cec4363d185c67
                           .group:0000000000000000 wm4.stm32f3xx.h.174.91b72afab8b3d83f71cfd7ef15cf4952
                           .group:0000000000000000 wm4.stm32_hal_legacy.h.22.faf2d895fc44f19fdf533a93a00a4465
                           .group:0000000000000000 wm4.stddef.h.39.144cf5ddcd53cbfdac30259dc1a6c87f
                           .group:0000000000000000 wm4.stm32f3xx_hal_def.h.58.9b3c2bdf4a254dccb0f88c83bea62e05
                           .group:0000000000000000 wm4.stm32f3xx_hal_rcc.h.46.e37a97e5b8d0ca06a596d1c15979cbcc
                           .group:0000000000000000 wm4.stm32f3xx_hal_rcc_ex.h.20.10471072208d7575503f2f1804851a76
                           .group:0000000000000000 wm4.stm32f3xx_hal_gpio.h.21.7cd0c7cb2091a8a34b9016ef7d16b8a7
                           .group:0000000000000000 wm4.stm32f3xx_hal_gpio_ex.h.21.af39eaa5623e0a1009fcf4398ea2c1b7
                           .group:0000000000000000 wm4.stm32f3xx_hal_exti.h.21.97ce243ab3f68da52c38aef7d478a1e0
                           .group:0000000000000000 wm4.stm32f3xx_hal_dma.h.21.cc527711b185a0aec89274d6a9e66e40
                           .group:0000000000000000 wm4.stm32f3xx_hal_dma_ex.h.21.0990be4ccabf56d8663bc991eae085b1
                           .group:0000000000000000 wm4.stm32f3xx_hal_dma.h.406.bee398d2c322633b5d4483460294543c
                           .group:0000000000000000 wm4.stm32f3xx_hal_cortex.h.21.2e6f8d82a4b5342dc6cb4d8275d4190e
                           .group:0000000000000000 wm4.stm32f3xx_hal_adc_ex.h.21.83e1b666f94c6741e0f75669498b4cf0
                           .group:0000000000000000 wm4.stm32f3xx_hal_adc.h.55.6de54c307a17ed796a45b8e483250af2
                           .group:0000000000000000 wm4.stm32f3xx_hal_can.h.21.e8a2553fb767050d2b1baa10ea524b9c
                           .group:0000000000000000 wm4.stm32f3xx_hal_flash.h.20.53fc2ade23629e1c8d41b6b358abbb8d
                           .group:0000000000000000 wm4.stm32f3xx_hal_flash_ex.h.20.66a2e271db53c743be1fcb77b2017459
                           .group:0000000000000000 wm4.stm32f3xx_hal_hrtim.h.21.fb28980682ad68d99a88889d8ff4d172
                           .group:0000000000000000 wm4.stm32f3xx_hal_i2c.h.21.f7663f116d03c0043fd0e75e612f16ea
                           .group:0000000000000000 wm4.stm32f3xx_hal_i2c_ex.h.21.cf479782f4f3a68ef5fbce499167225b
                           .group:0000000000000000 wm4.stm32f3xx_hal_i2c.h.739.edde0c83ea6830c2c975fff967ebea26
                           .group:0000000000000000 wm4.stm32f3xx_hal_iwdg.h.21.3504a210964eb279ef1de8bb44988f11
                           .group:0000000000000000 wm4.stm32f3xx_hal_pwr.h.21.6193057a5c33d0b02d2f3a23acd22249
                           .group:0000000000000000 wm4.stm32f3xx_hal_pwr_ex.h.21.0ae6fdf7fd790f205b68ea57197f080d
                           .group:0000000000000000 wm4.stm32f3xx_hal_tim.h.21.d20cc3ea3a57aedcc53e87fa48cc1f6c
                           .group:0000000000000000 wm4.stm32f3xx_hal_tim_ex.h.21.87406a6cc7024a9faaf6aed69e2733ce
                           .group:0000000000000000 wm4.stm32f3xx_hal_uart.h.21.11bf2ca66aa636cfe74a1eb39fe0d460
                           .group:0000000000000000 wm4.stm32f3xx_hal_uart_ex.h.21.f592049ad8b63c2f48d6a2e8f48bef5c
                           .group:0000000000000000 wm4.stm32f3xx_hal.h.43.350d066a115a4ce03caef6c5048b93ca
                           .group:0000000000000000 wm4.main.h.60.25040540409f96806b00c4a4ef3ee0f3

UNDEFINED SYMBOLS
HAL_UART_Init
ARM GAS   			page 10


Error_Handler
HAL_GPIO_Init
HAL_GPIO_DeInit
