ARM GAS   			page 1


   1              	 .cpu cortex-m4
   2              	 .arch armv7e-m
   3              	 .fpu fpv4-sp-d16
   4              	 .eabi_attribute 27,1
   5              	 .eabi_attribute 28,1
   6              	 .eabi_attribute 23,1
   7              	 .eabi_attribute 24,1
   8              	 .eabi_attribute 25,1
   9              	 .eabi_attribute 26,1
  10              	 .eabi_attribute 30,2
  11              	 .eabi_attribute 34,1
  12              	 .eabi_attribute 18,4
  13              	 .file "UserTask.cpp"
  14              	 .text
  15              	.Ltext0:
  16              	 .cfi_sections .debug_frame
  17              	 .file 1 "Core/Src/UserTask.cpp"
  18              	 .section .text._Z12tickCallbackP19__TIM_HandleTypeDef,"ax",%progbits
  19              	 .align 1
  20              	 .p2align 2,,3
  21              	 .global _Z12tickCallbackP19__TIM_HandleTypeDef
  22              	 .syntax unified
  23              	 .thumb
  24              	 .thumb_func
  26              	_Z12tickCallbackP19__TIM_HandleTypeDef:
  27              	.LVL0:
  28              	.LFB591:
   1:Core/Src/UserTask.cpp **** #include "adc.h"
   2:Core/Src/UserTask.cpp **** #include "dac.h"
   3:Core/Src/UserTask.cpp **** #include "hrtim.h"
   4:Core/Src/UserTask.cpp **** #include "main.h"
   5:Core/Src/UserTask.cpp **** #include "math.h"
   6:Core/Src/UserTask.cpp **** #include "stdint.h"
   7:Core/Src/UserTask.cpp **** #include "tim.h"
   8:Core/Src/UserTask.cpp **** 
   9:Core/Src/UserTask.cpp **** #include "Calibration.hpp"
  10:Core/Src/UserTask.cpp **** #include "Communication.hpp"
  11:Core/Src/UserTask.cpp **** #include "Config.hpp"
  12:Core/Src/UserTask.cpp **** #include "Interface.hpp"
  13:Core/Src/UserTask.cpp **** #include "PowerManager.hpp"
  14:Core/Src/UserTask.cpp **** #include "Utility.hpp"
  15:Core/Src/UserTask.cpp **** 
  16:Core/Src/UserTask.cpp **** // uint16_t deadTime = 50;
  17:Core/Src/UserTask.cpp **** // uint32_t dtxr = deadTime | (deadTime << 16);
  18:Core/Src/UserTask.cpp **** // hhrtim1.Instance->sTimerxRegs[HRTIM_TIMERINDEX_TIMER_E].DTxR = dtxr;
  19:Core/Src/UserTask.cpp **** 
  20:Core/Src/UserTask.cpp **** void tickCallback(TIM_HandleTypeDef *htim) {
  29              	 .loc 1 20 44 view-0
  30              	 .cfi_startproc
  31              	 
  32              	 
  21:Core/Src/UserTask.cpp ****   if (htim == &htim6) // 4kHz tick
  33              	 .loc 1 21 3 view .LVU1
  34 0000 274B     	 ldr r3,.L28
  35 0002 8342     	 cmp r3,r0
  36 0004 00D0     	 beq .L25
  37 0006 7047     	 bx lr
ARM GAS   			page 2


  38              	.L25:
  39              	.LBB4:
  40              	.LBI4:
  20:Core/Src/UserTask.cpp ****   if (htim == &htim6) // 4kHz tick
  41              	 .loc 1 20 6 view .LVU2
  42              	.LVL1:
  43              	.LBB5:
  22:Core/Src/UserTask.cpp ****   {
  23:Core/Src/UserTask.cpp ****     // 以下每个任务以1kHz运行
  24:Core/Src/UserTask.cpp ****     // HAL_GPIO_WritePin(TEST_GPIO_Port, TEST_Pin, GPIO_PIN_SET);
  25:Core/Src/UserTask.cpp ****     // HAL_GPIO_WritePin(TEST_GPIO_Port, TEST_Pin, GPIO_PIN_RESET);
  26:Core/Src/UserTask.cpp ****     switch (sysData.lfLoopIndex) {
  44              	 .loc 1 26 5 view .LVU3
  45              	.LBE5:
  46              	.LBE4:
  20:Core/Src/UserTask.cpp ****   if (htim == &htim6) // 4kHz tick
  47              	 .loc 1 20 44 is_stmt 0 view .LVU4
  48 0008 10B5     	 push {r4,lr}
  49              	 .cfi_def_cfa_offset 8
  50              	 .cfi_offset 4,-8
  51              	 .cfi_offset 14,-4
  52              	.LBB10:
  53              	.LBB6:
  54              	 .loc 1 26 21 view .LVU5
  55 000a 264C     	 ldr r4,.L28+4
  56              	 .loc 1 26 5 view .LVU6
  57 000c 237E     	 ldrb r3,[r4,#24]
  58 000e 032B     	 cmp r3,#3
  59 0010 41D8     	 bhi .L4
  60 0012 DFE803F0 	 tbb [pc,r3]
  61              	.L6:
  62 0016 17       	 .byte (.L9-.L6)/2
  63 0017 25       	 .byte (.L8-.L6)/2
  64 0018 0B       	 .byte (.L7-.L6)/2
  65 0019 02       	 .byte (.L5-.L6)/2
  66              	 .p2align 1
  67              	.L5:
  27:Core/Src/UserTask.cpp ****     case 0:
  28:Core/Src/UserTask.cpp ****       sysData.vTick++;
  29:Core/Src/UserTask.cpp ****       Buzzer::update();
  30:Core/Src/UserTask.cpp ****       // WS2812::update();
  31:Core/Src/UserTask.cpp ****       Protection::errorHandlerLF();
  32:Core/Src/UserTask.cpp ****       sysData.lfLoopIndex++;
  33:Core/Src/UserTask.cpp ****       break;
  34:Core/Src/UserTask.cpp ****     case 1:
  35:Core/Src/UserTask.cpp ****       if (sysData.systemInited) {
  36:Core/Src/UserTask.cpp ****         CANcomm::sendSCData();
  37:Core/Src/UserTask.cpp ****         PowerControl::checkRxDataTimeout(sysData.vTick);
  38:Core/Src/UserTask.cpp ****         Interface::updateButtonState();
  39:Core/Src/UserTask.cpp ****       }
  40:Core/Src/UserTask.cpp ****       sysData.lfLoopIndex++;
  41:Core/Src/UserTask.cpp ****       break;
  42:Core/Src/UserTask.cpp ****     case 2:
  43:Core/Src/UserTask.cpp ****       if (psData.outputABEnabled) {
  44:Core/Src/UserTask.cpp ****         CAPARR::estimateCapacity(sysData.vTick);
  45:Core/Src/UserTask.cpp ****       }
  46:Core/Src/UserTask.cpp ****       ADC::updateADClf();
ARM GAS   			page 3


  47:Core/Src/UserTask.cpp ****       sysData.lfLoopIndex++;
  48:Core/Src/UserTask.cpp ****       break;
  49:Core/Src/UserTask.cpp ****     case 3:
  68              	 .loc 1 49 5 is_stmt 1 view .LVU7
  50:Core/Src/UserTask.cpp ****       Protection::checkLowBattery();
  69              	 .loc 1 50 7 view .LVU8
  70              	 .loc 1 50 34 is_stmt 0 view .LVU9
  71 001a FFF7FEFF 	 bl _ZN10Protection15checkLowBatteryEv
  72              	.LVL2:
  51:Core/Src/UserTask.cpp ****       Interface::updateBuzzerSequence();
  73              	 .loc 1 51 7 is_stmt 1 view .LVU10
  74              	 .loc 1 51 38 is_stmt 0 view .LVU11
  75 001e FFF7FEFF 	 bl _ZN9Interface20updateBuzzerSequenceEv
  76              	.LVL3:
  52:Core/Src/UserTask.cpp **** 
  53:Core/Src/UserTask.cpp **** #ifdef WPT_HARDWARE
  54:Core/Src/UserTask.cpp **** 
  55:Core/Src/UserTask.cpp ****       if (psData.outputEEnabled) {
  56:Core/Src/UserTask.cpp ****         askData.lastPowerOnTime = sysData.vTick;
  57:Core/Src/UserTask.cpp ****         if (adcData.pWPTlf < 3.0f)
  58:Core/Src/UserTask.cpp ****           askData.lowPowerCnt++;
  59:Core/Src/UserTask.cpp ****         else
  60:Core/Src/UserTask.cpp ****           askData.lowPowerCnt = 0U;
  61:Core/Src/UserTask.cpp ****       } else {
  62:Core/Src/UserTask.cpp ****         askData.enableASK = 0;
  63:Core/Src/UserTask.cpp ****         askData.lowPowerCnt = 0;
  64:Core/Src/UserTask.cpp ****         if (adcData.vWPT < adcData.vB + 0.5f &&
  65:Core/Src/UserTask.cpp ****             adcData.vCaplf > CAPARR_CUTOFF_VOLTAGE)
  66:Core/Src/UserTask.cpp ****           askData.allowRestart = 1U; // 允许重新启动WPT
  67:Core/Src/UserTask.cpp ****       }
  68:Core/Src/UserTask.cpp **** 
  69:Core/Src/UserTask.cpp **** #endif // WPT_HARDWARE
  70:Core/Src/UserTask.cpp **** 
  71:Core/Src/UserTask.cpp ****       sysData.lfLoopIndex = 0;
  77              	 .loc 1 71 7 is_stmt 1 view .LVU12
  72:Core/Src/UserTask.cpp ****       break;
  73:Core/Src/UserTask.cpp ****     default:
  74:Core/Src/UserTask.cpp ****       break;
  75:Core/Src/UserTask.cpp ****     }
  76:Core/Src/UserTask.cpp **** 
  77:Core/Src/UserTask.cpp ****     // 以下每个任务以4kHz运行
  78:Core/Src/UserTask.cpp **** 
  79:Core/Src/UserTask.cpp ****     if (sysData.systemInited) {
  78              	 .loc 1 79 17 is_stmt 0 view .LVU13
  79 0022 2379     	 ldrb r3,[r4,#4]
  71:Core/Src/UserTask.cpp ****       break;
  80              	 .loc 1 71 27 view .LVU14
  81 0024 0022     	 movs r2,#0
  82 0026 2276     	 strb r2,[r4,#24]
  72:Core/Src/UserTask.cpp ****       break;
  83              	 .loc 1 72 7 is_stmt 1 view .LVU15
  84              	 .loc 1 79 5 view .LVU16
  85 0028 FBB9     	 cbnz r3,.L26
  86              	.L1:
  87              	.LBE6:
  88              	.LBE10:
  80:Core/Src/UserTask.cpp ****       PowerControl::powerOnOffControl();
ARM GAS   			page 4


  81:Core/Src/UserTask.cpp **** 
  82:Core/Src/UserTask.cpp **** #ifdef WPT_HARDWARE
  83:Core/Src/UserTask.cpp **** 
  84:Core/Src/UserTask.cpp ****       if (psData.outputEEnabled) {
  85:Core/Src/UserTask.cpp **** 
  86:Core/Src/UserTask.cpp ****         if (adcData.vCaplf > (CAPARR_MAX_VOLTAGE * 1.01f)) {
  87:Core/Src/UserTask.cpp ****           askData.enableASK = 0;
  88:Core/Src/UserTask.cpp ****           askData.powerRequirement = 0U;
  89:Core/Src/UserTask.cpp **** 
  90:Core/Src/UserTask.cpp ****           ctrlData.wptStatus = WPT_ERROR;
  91:Core/Src/UserTask.cpp ****         } else if (adcData.vCaplf > (CAPARR_MAX_VOLTAGE * 0.99f)) {
  92:Core/Src/UserTask.cpp ****           askData.powerRequirement = 0U;
  93:Core/Src/UserTask.cpp ****           ctrlData.wptStatus = WPT_FINISHED;
  94:Core/Src/UserTask.cpp ****         } else {
  95:Core/Src/UserTask.cpp ****           if (adcData.vCap * capStatus.maxInCurrent >
  96:Core/Src/UserTask.cpp ****               adcData.pRefereelf + 120.0f)
  97:Core/Src/UserTask.cpp ****             askData.powerRequirement = 1U;
  98:Core/Src/UserTask.cpp ****           else
  99:Core/Src/UserTask.cpp ****             askData.powerRequirement = 0U;
 100:Core/Src/UserTask.cpp ****           ctrlData.wptStatus = WPT_CHARGING;
 101:Core/Src/UserTask.cpp ****         }
 102:Core/Src/UserTask.cpp **** 
 103:Core/Src/UserTask.cpp ****         if (adcData.pWPTlf > 145.0f) {
 104:Core/Src/UserTask.cpp ****           askData.enableASK = 0;
 105:Core/Src/UserTask.cpp ****           askData.powerRequirement = 0U;
 106:Core/Src/UserTask.cpp ****           ctrlData.wptStatus = WPT_ERROR;
 107:Core/Src/UserTask.cpp ****         }
 108:Core/Src/UserTask.cpp **** 
 109:Core/Src/UserTask.cpp ****         if (!psData.outputABEnabled || adcData.vWPT < adcData.vB ||
 110:Core/Src/UserTask.cpp ****             askData.lowPowerCnt >
 111:Core/Src/UserTask.cpp ****                 150U) // adcData.pWPT < 3.0f //!psData.outputABEnabled ||
 112:Core/Src/UserTask.cpp ****         {
 113:Core/Src/UserTask.cpp ****           HRTIM::disableOutputE();
 114:Core/Src/UserTask.cpp ****           askData.enableASK = 0;
 115:Core/Src/UserTask.cpp ****           askData.lowPowerCnt = 0U;
 116:Core/Src/UserTask.cpp ****           ctrlData.wptStatus = WPT_OFF;
 117:Core/Src/UserTask.cpp ****         }
 118:Core/Src/UserTask.cpp ****       } else {
 119:Core/Src/UserTask.cpp ****         if (psData.outputABEnabled &&
 120:Core/Src/UserTask.cpp ****             (adcData.vWPT >
 121:Core/Src/UserTask.cpp ****              29.55f)) // && sysData.vTick - askData.lastPowerOnTime >
 122:Core/Src/UserTask.cpp ****                       // 400U//(adcData.vWPT > adcData.vCap + 0.8f &&
 123:Core/Src/UserTask.cpp ****                       // askData.allowRestart) ||
 124:Core/Src/UserTask.cpp ****         {
 125:Core/Src/UserTask.cpp ****           HRTIM::enableOutputE(0.96f);
 126:Core/Src/UserTask.cpp ****           askData.allowRestart = 0U;
 127:Core/Src/UserTask.cpp **** 
 128:Core/Src/UserTask.cpp ****           askData.powerRequirement = 0U;
 129:Core/Src/UserTask.cpp ****           askData.enableASK = 1;
 130:Core/Src/UserTask.cpp ****           ctrlData.wptStatus = WPT_CHARGING;
 131:Core/Src/UserTask.cpp ****         }
 132:Core/Src/UserTask.cpp ****       }
 133:Core/Src/UserTask.cpp ****       ASKcomm::askLoop();
 134:Core/Src/UserTask.cpp **** #endif // WPT_HARDWARE
 135:Core/Src/UserTask.cpp ****     }
 136:Core/Src/UserTask.cpp ****   }
 137:Core/Src/UserTask.cpp **** }
ARM GAS   			page 5


  89              	 .loc 1 137 1 is_stmt 0 view .LVU17
  90 002a 10BD     	 pop {r4,pc}
  91              	.LVL4:
  92              	.L7:
  93              	.LBB11:
  94              	.LBB7:
  42:Core/Src/UserTask.cpp ****       if (psData.outputABEnabled) {
  95              	 .loc 1 42 5 is_stmt 1 view .LVU18
  43:Core/Src/UserTask.cpp ****         CAPARR::estimateCapacity(sysData.vTick);
  96              	 .loc 1 43 7 view .LVU19
  43:Core/Src/UserTask.cpp ****         CAPARR::estimateCapacity(sysData.vTick);
  97              	 .loc 1 43 18 is_stmt 0 view .LVU20
  98 002c 1E4B     	 ldr r3,.L28+8
  43:Core/Src/UserTask.cpp ****         CAPARR::estimateCapacity(sysData.vTick);
  99              	 .loc 1 43 7 view .LVU21
 100 002e 5B78     	 ldrb r3,[r3,#1]
 101 0030 6BBB     	 cbnz r3,.L27
 102              	.LVL5:
 103              	.L13:
  46:Core/Src/UserTask.cpp ****       sysData.lfLoopIndex++;
 104              	 .loc 1 46 7 is_stmt 1 view .LVU22
  46:Core/Src/UserTask.cpp ****       sysData.lfLoopIndex++;
 105              	 .loc 1 46 23 is_stmt 0 view .LVU23
 106 0032 FFF7FEFF 	 bl _ZN3ADC11updateADClfEv
 107              	.LVL6:
  47:Core/Src/UserTask.cpp ****       break;
 108              	 .loc 1 47 7 is_stmt 1 view .LVU24
  47:Core/Src/UserTask.cpp ****       break;
 109              	 .loc 1 47 26 is_stmt 0 view .LVU25
 110 0036 227E     	 ldrb r2,[r4,#24]
  79:Core/Src/UserTask.cpp ****       PowerControl::powerOnOffControl();
 111              	 .loc 1 79 17 view .LVU26
 112 0038 2379     	 ldrb r3,[r4,#4]
  47:Core/Src/UserTask.cpp ****       break;
 113              	 .loc 1 47 26 view .LVU27
 114 003a 0132     	 adds r2,r2,#1
 115 003c 2276     	 strb r2,[r4,#24]
  48:Core/Src/UserTask.cpp ****     case 3:
 116              	 .loc 1 48 7 is_stmt 1 view .LVU28
  79:Core/Src/UserTask.cpp ****       PowerControl::powerOnOffControl();
 117              	 .loc 1 79 5 view .LVU29
 118 003e 002B     	 cmp r3,#0
 119 0040 F3D0     	 beq .L1
 120 0042 12E0     	 b .L26
 121              	.LVL7:
 122              	.L9:
  27:Core/Src/UserTask.cpp ****       sysData.vTick++;
 123              	 .loc 1 27 5 view .LVU30
  28:Core/Src/UserTask.cpp ****       Buzzer::update();
 124              	 .loc 1 28 7 view .LVU31
  28:Core/Src/UserTask.cpp ****       Buzzer::update();
 125              	 .loc 1 28 20 is_stmt 0 view .LVU32
 126 0044 2368     	 ldr r3,[r4]
 127 0046 0133     	 adds r3,r3,#1
 128 0048 2360     	 str r3,[r4]
  29:Core/Src/UserTask.cpp ****       // WS2812::update();
 129              	 .loc 1 29 7 is_stmt 1 view .LVU33
ARM GAS   			page 6


  29:Core/Src/UserTask.cpp ****       // WS2812::update();
 130              	 .loc 1 29 21 is_stmt 0 view .LVU34
 131 004a FFF7FEFF 	 bl _ZN6Buzzer6updateEv
 132              	.LVL8:
  31:Core/Src/UserTask.cpp ****       sysData.lfLoopIndex++;
 133              	 .loc 1 31 7 is_stmt 1 view .LVU35
  31:Core/Src/UserTask.cpp ****       sysData.lfLoopIndex++;
 134              	 .loc 1 31 33 is_stmt 0 view .LVU36
 135 004e FFF7FEFF 	 bl _ZN10Protection14errorHandlerLFEv
 136              	.LVL9:
  32:Core/Src/UserTask.cpp ****       break;
 137              	 .loc 1 32 7 is_stmt 1 view .LVU37
  32:Core/Src/UserTask.cpp ****       break;
 138              	 .loc 1 32 26 is_stmt 0 view .LVU38
 139 0052 227E     	 ldrb r2,[r4,#24]
  79:Core/Src/UserTask.cpp ****       PowerControl::powerOnOffControl();
 140              	 .loc 1 79 17 view .LVU39
 141 0054 2379     	 ldrb r3,[r4,#4]
  32:Core/Src/UserTask.cpp ****       break;
 142              	 .loc 1 32 26 view .LVU40
 143 0056 0132     	 adds r2,r2,#1
 144 0058 2276     	 strb r2,[r4,#24]
  33:Core/Src/UserTask.cpp ****     case 1:
 145              	 .loc 1 33 7 is_stmt 1 view .LVU41
  79:Core/Src/UserTask.cpp ****       PowerControl::powerOnOffControl();
 146              	 .loc 1 79 5 view .LVU42
 147 005a 002B     	 cmp r3,#0
 148 005c E5D0     	 beq .L1
 149 005e 04E0     	 b .L26
 150              	.LVL10:
 151              	.L8:
  34:Core/Src/UserTask.cpp ****       if (sysData.systemInited) {
 152              	 .loc 1 34 5 view .LVU43
  35:Core/Src/UserTask.cpp ****         CANcomm::sendSCData();
 153              	 .loc 1 35 7 view .LVU44
 154 0060 2379     	 ldrb r3,[r4,#4]
 155 0062 33B9     	 cbnz r3,.L11
  40:Core/Src/UserTask.cpp ****       break;
 156              	 .loc 1 40 7 view .LVU45
  40:Core/Src/UserTask.cpp ****       break;
 157              	 .loc 1 40 26 is_stmt 0 view .LVU46
 158 0064 0223     	 movs r3,#2
 159 0066 2376     	 strb r3,[r4,#24]
  41:Core/Src/UserTask.cpp ****     case 2:
 160              	 .loc 1 41 7 is_stmt 1 view .LVU47
  79:Core/Src/UserTask.cpp ****       PowerControl::powerOnOffControl();
 161              	 .loc 1 79 5 view .LVU48
 162              	.LBE7:
 163              	.LBE11:
 164              	 .loc 1 137 1 is_stmt 0 view .LVU49
 165 0068 10BD     	 pop {r4,pc}
 166              	.LVL11:
 167              	.L26:
 168              	.LBB12:
 169              	.LBB8:
  80:Core/Src/UserTask.cpp **** 
 170              	 .loc 1 80 7 is_stmt 1 view .LVU50
ARM GAS   			page 7


 171              	.LBE8:
 172              	.LBE12:
 173              	 .loc 1 137 1 is_stmt 0 view .LVU51
 174 006a BDE81040 	 pop {r4,lr}
 175              	 .cfi_remember_state
 176              	 .cfi_restore 14
 177              	 .cfi_restore 4
 178              	 .cfi_def_cfa_offset 0
 179              	.LBB13:
 180              	.LBB9:
  80:Core/Src/UserTask.cpp **** 
 181              	 .loc 1 80 38 view .LVU52
 182 006e FFF7FEBF 	 b _ZN12PowerControl17powerOnOffControlEv
 183              	.LVL12:
 184              	.L11:
 185              	 .cfi_restore_state
  36:Core/Src/UserTask.cpp ****         PowerControl::checkRxDataTimeout(sysData.vTick);
 186              	 .loc 1 36 9 is_stmt 1 view .LVU53
  36:Core/Src/UserTask.cpp ****         PowerControl::checkRxDataTimeout(sysData.vTick);
 187              	 .loc 1 36 28 is_stmt 0 view .LVU54
 188 0072 FFF7FEFF 	 bl _ZN7CANcomm10sendSCDataEv
 189              	.LVL13:
  37:Core/Src/UserTask.cpp ****         Interface::updateButtonState();
 190              	 .loc 1 37 9 is_stmt 1 view .LVU55
  37:Core/Src/UserTask.cpp ****         Interface::updateButtonState();
 191              	 .loc 1 37 41 is_stmt 0 view .LVU56
 192 0076 0B48     	 ldr r0,.L28+4
 193 0078 FFF7FEFF 	 bl _ZN12PowerControl18checkRxDataTimeoutERKm
 194              	.LVL14:
  38:Core/Src/UserTask.cpp ****       }
 195              	 .loc 1 38 9 is_stmt 1 view .LVU57
  38:Core/Src/UserTask.cpp ****       }
 196              	 .loc 1 38 37 is_stmt 0 view .LVU58
 197 007c FFF7FEFF 	 bl _ZN9Interface17updateButtonStateEv
 198              	.LVL15:
  40:Core/Src/UserTask.cpp ****       break;
 199              	 .loc 1 40 26 view .LVU59
 200 0080 227E     	 ldrb r2,[r4,#24]
  79:Core/Src/UserTask.cpp ****       PowerControl::powerOnOffControl();
 201              	 .loc 1 79 17 view .LVU60
 202 0082 2379     	 ldrb r3,[r4,#4]
  40:Core/Src/UserTask.cpp ****       break;
 203              	 .loc 1 40 7 is_stmt 1 view .LVU61
  40:Core/Src/UserTask.cpp ****       break;
 204              	 .loc 1 40 26 is_stmt 0 view .LVU62
 205 0084 0132     	 adds r2,r2,#1
 206 0086 2276     	 strb r2,[r4,#24]
  41:Core/Src/UserTask.cpp ****     case 2:
 207              	 .loc 1 41 7 is_stmt 1 view .LVU63
  79:Core/Src/UserTask.cpp ****       PowerControl::powerOnOffControl();
 208              	 .loc 1 79 5 view .LVU64
 209 0088 002B     	 cmp r3,#0
 210 008a CED0     	 beq .L1
 211 008c EDE7     	 b .L26
 212              	.LVL16:
 213              	.L27:
  44:Core/Src/UserTask.cpp ****       }
ARM GAS   			page 8


 214              	 .loc 1 44 9 view .LVU65
  44:Core/Src/UserTask.cpp ****       }
 215              	 .loc 1 44 33 is_stmt 0 view .LVU66
 216 008e 0548     	 ldr r0,.L28+4
 217              	.LVL17:
  44:Core/Src/UserTask.cpp ****       }
 218              	 .loc 1 44 33 view .LVU67
 219 0090 FFF7FEFF 	 bl _ZN6CAPARR16estimateCapacityERKm
 220              	.LVL18:
 221 0094 CDE7     	 b .L13
 222              	.LVL19:
 223              	.L4:
  35:Core/Src/UserTask.cpp ****         CANcomm::sendSCData();
 224              	 .loc 1 35 19 view .LVU68
 225 0096 2379     	 ldrb r3,[r4,#4]
  79:Core/Src/UserTask.cpp ****       PowerControl::powerOnOffControl();
 226              	 .loc 1 79 5 is_stmt 1 view .LVU69
 227 0098 002B     	 cmp r3,#0
 228 009a C6D0     	 beq .L1
 229 009c E5E7     	 b .L26
 230              	.L29:
 231 009e 00BF     	 .align 2
 232              	.L28:
 233 00a0 00000000 	 .word htim6
 234 00a4 00000000 	 .word sysData
 235 00a8 00000000 	 .word psData
 236              	.LBE9:
 237              	.LBE13:
 238              	 .cfi_endproc
 239              	.LFE591:
 241              	 .section .text._Z4initv,"ax",%progbits
 242              	 .align 1
 243              	 .p2align 2,,3
 244              	 .global _Z4initv
 245              	 .syntax unified
 246              	 .thumb
 247              	 .thumb_func
 249              	_Z4initv:
 250              	.LFB592:
 138:Core/Src/UserTask.cpp **** 
 139:Core/Src/UserTask.cpp **** void init() {
 251              	 .loc 1 139 13 view-0
 252              	 .cfi_startproc
 253              	 
 254              	 
 140:Core/Src/UserTask.cpp ****   Protection::configAWDG();
 255              	 .loc 1 140 3 view .LVU71
 139:Core/Src/UserTask.cpp ****   Protection::configAWDG();
 256              	 .loc 1 139 13 is_stmt 0 view .LVU72
 257 0000 08B5     	 push {r3,lr}
 258              	 .cfi_def_cfa_offset 8
 259              	 .cfi_offset 3,-8
 260              	 .cfi_offset 14,-4
 261              	 .loc 1 140 25 view .LVU73
 262 0002 FFF7FEFF 	 bl _ZN10Protection10configAWDGEv
 263              	.LVL20:
 141:Core/Src/UserTask.cpp **** 
ARM GAS   			page 9


 142:Core/Src/UserTask.cpp ****   ADC::initAnalog();
 264              	 .loc 1 142 3 is_stmt 1 view .LVU74
 265              	 .loc 1 142 18 is_stmt 0 view .LVU75
 266 0006 FFF7FEFF 	 bl _ZN3ADC10initAnalogEv
 267              	.LVL21:
 143:Core/Src/UserTask.cpp ****   ADC::initADC();
 268              	 .loc 1 143 3 is_stmt 1 view .LVU76
 269              	 .loc 1 143 15 is_stmt 0 view .LVU77
 270 000a FFF7FEFF 	 bl _ZN3ADC7initADCEv
 271              	.LVL22:
 144:Core/Src/UserTask.cpp **** 
 145:Core/Src/UserTask.cpp ****   CANcomm::init();
 272              	 .loc 1 145 3 is_stmt 1 view .LVU78
 273              	 .loc 1 145 16 is_stmt 0 view .LVU79
 274 000e FFF7FEFF 	 bl _ZN7CANcomm4initEv
 275              	.LVL23:
 146:Core/Src/UserTask.cpp ****   // WS2812::init();
 147:Core/Src/UserTask.cpp ****   Buzzer::init();
 276              	 .loc 1 147 3 is_stmt 1 view .LVU80
 277              	 .loc 1 147 15 is_stmt 0 view .LVU81
 278 0012 FFF7FEFF 	 bl _ZN6Buzzer4initEv
 279              	.LVL24:
 148:Core/Src/UserTask.cpp **** 
 149:Core/Src/UserTask.cpp ****   HAL_TIM_RegisterCallback(&htim6, HAL_TIM_PERIOD_ELAPSED_CB_ID, tickCallback);
 280              	 .loc 1 149 3 is_stmt 1 view .LVU82
 281              	 .loc 1 149 27 is_stmt 0 view .LVU83
 282 0016 124A     	 ldr r2,.L32
 283 0018 1248     	 ldr r0,.L32+4
 284 001a 0E21     	 movs r1,#14
 285 001c FFF7FEFF 	 bl HAL_TIM_RegisterCallback
 286              	.LVL25:
 150:Core/Src/UserTask.cpp ****   HAL_TIM_Base_Start_IT(&htim6);
 287              	 .loc 1 150 3 is_stmt 1 view .LVU84
 288              	 .loc 1 150 24 is_stmt 0 view .LVU85
 289 0020 1048     	 ldr r0,.L32+4
 290 0022 FFF7FEFF 	 bl HAL_TIM_Base_Start_IT
 291              	.LVL26:
 151:Core/Src/UserTask.cpp **** 
 152:Core/Src/UserTask.cpp ****   HAL_TIM_Base_Start(&htim16);
 292              	 .loc 1 152 3 is_stmt 1 view .LVU86
 293              	 .loc 1 152 21 is_stmt 0 view .LVU87
 294 0026 1048     	 ldr r0,.L32+8
 295 0028 FFF7FEFF 	 bl HAL_TIM_Base_Start
 296              	.LVL27:
 153:Core/Src/UserTask.cpp **** 
 154:Core/Src/UserTask.cpp **** #ifdef WPT_HARDWARE
 155:Core/Src/UserTask.cpp **** 
 156:Core/Src/UserTask.cpp ****   ASKcomm::init();
 157:Core/Src/UserTask.cpp **** 
 158:Core/Src/UserTask.cpp **** #endif // WPT_HARDWARE
 159:Core/Src/UserTask.cpp **** 
 160:Core/Src/UserTask.cpp ****   // Protection::checkHardwareUID();
 161:Core/Src/UserTask.cpp ****   Buzzer::play(800, 150);
 297              	 .loc 1 161 3 is_stmt 1 view .LVU88
 298              	 .loc 1 161 15 is_stmt 0 view .LVU89
 299 002c 9621     	 movs r1,#150
 300 002e 4FF44870 	 mov r0,#800
ARM GAS   			page 10


 301 0032 FFF7FEFF 	 bl _ZN6Buzzer4playEtt
 302              	.LVL28:
 162:Core/Src/UserTask.cpp **** 
 163:Core/Src/UserTask.cpp ****   HAL_HRTIM_WaveformOutputStop(&hhrtim1, HRTIM_OUTPUT_TA1 + HRTIM_OUTPUT_TA2);
 303              	 .loc 1 163 3 is_stmt 1 view .LVU90
 304              	 .loc 1 163 31 is_stmt 0 view .LVU91
 305 0036 0321     	 movs r1,#3
 306 0038 0C48     	 ldr r0,.L32+12
 307 003a FFF7FEFF 	 bl HAL_HRTIM_WaveformOutputStop
 308              	.LVL29:
 164:Core/Src/UserTask.cpp ****   HAL_HRTIM_WaveformOutputStop(&hhrtim1, HRTIM_OUTPUT_TB1 + HRTIM_OUTPUT_TB2);
 309              	 .loc 1 164 3 is_stmt 1 view .LVU92
 310              	 .loc 1 164 31 is_stmt 0 view .LVU93
 311 003e 0C21     	 movs r1,#12
 312 0040 0A48     	 ldr r0,.L32+12
 313 0042 FFF7FEFF 	 bl HAL_HRTIM_WaveformOutputStop
 314              	.LVL30:
 165:Core/Src/UserTask.cpp ****   psData.outputABEnabled = 0;
 315              	 .loc 1 165 3 is_stmt 1 view .LVU94
 316              	 .loc 1 165 26 is_stmt 0 view .LVU95
 317 0046 0A4B     	 ldr r3,.L32+16
 318 0048 0022     	 movs r2,#0
 319 004a 5A70     	 strb r2,[r3,#1]
 166:Core/Src/UserTask.cpp ****   HRTIM::startTimer();
 320              	 .loc 1 166 3 is_stmt 1 view .LVU96
 321              	 .loc 1 166 20 is_stmt 0 view .LVU97
 322 004c FFF7FEFF 	 bl _ZN5HRTIM10startTimerEv
 323              	.LVL31:
 167:Core/Src/UserTask.cpp **** 
 168:Core/Src/UserTask.cpp ****   HAL_Delay(400);
 324              	 .loc 1 168 3 is_stmt 1 view .LVU98
 325              	 .loc 1 168 12 is_stmt 0 view .LVU99
 326 0050 4FF4C870 	 mov r0,#400
 327 0054 FFF7FEFF 	 bl HAL_Delay
 328              	.LVL32:
 169:Core/Src/UserTask.cpp ****   sysData.systemInited = true;
 329              	 .loc 1 169 3 is_stmt 1 view .LVU100
 330              	 .loc 1 169 24 is_stmt 0 view .LVU101
 331 0058 064B     	 ldr r3,.L32+20
 332 005a 0122     	 movs r2,#1
 333 005c 1A71     	 strb r2,[r3,#4]
 170:Core/Src/UserTask.cpp **** }
 334              	 .loc 1 170 1 view .LVU102
 335 005e 08BD     	 pop {r3,pc}
 336              	.L33:
 337              	 .align 2
 338              	.L32:
 339 0060 00000000 	 .word _Z12tickCallbackP19__TIM_HandleTypeDef
 340 0064 00000000 	 .word htim6
 341 0068 00000000 	 .word htim16
 342 006c 00000000 	 .word hhrtim1
 343 0070 00000000 	 .word psData
 344 0074 00000000 	 .word sysData
 345              	 .cfi_endproc
 346              	.LFE592:
 348              	 .section .text.systemStart,"ax",%progbits
 349              	 .align 1
ARM GAS   			page 11


 350              	 .p2align 2,,3
 351              	 .global systemStart
 352              	 .syntax unified
 353              	 .thumb
 354              	 .thumb_func
 356              	systemStart:
 357              	.LFB594:
 171:Core/Src/UserTask.cpp **** 
 172:Core/Src/UserTask.cpp **** static void loop() {
 173:Core/Src/UserTask.cpp ****   while (true) {
 174:Core/Src/UserTask.cpp ****     HAL_Delay(1);
 175:Core/Src/UserTask.cpp ****     WS2812::blink(0, COLOR_BLANK);
 176:Core/Src/UserTask.cpp ****     WS2812::blink(1, COLOR_BLANK);
 177:Core/Src/UserTask.cpp ****     WS2812::blink(2, COLOR_BLANK);
 178:Core/Src/UserTask.cpp ****   }
 179:Core/Src/UserTask.cpp **** }
 180:Core/Src/UserTask.cpp **** 
 181:Core/Src/UserTask.cpp **** extern "C" {
 182:Core/Src/UserTask.cpp **** void systemStart() {
 358              	 .loc 1 182 20 is_stmt 1 view-0
 359              	 .cfi_startproc
 360              	 
 361              	 
 362              	 
 183:Core/Src/UserTask.cpp ****   init();
 363              	 .loc 1 183 3 view .LVU104
 182:Core/Src/UserTask.cpp ****   init();
 364              	 .loc 1 182 20 is_stmt 0 view .LVU105
 365 0000 08B5     	 push {r3,lr}
 366              	 .cfi_def_cfa_offset 8
 367              	 .cfi_offset 3,-8
 368              	 .cfi_offset 14,-4
 369              	 .loc 1 183 7 view .LVU106
 370 0002 FFF7FEFF 	 bl _Z4initv
 371              	.LVL33:
 184:Core/Src/UserTask.cpp ****   loop();
 372              	 .loc 1 184 3 is_stmt 1 view .LVU107
 373              	.LBB16:
 374              	.LBI16:
 172:Core/Src/UserTask.cpp ****   while (true) {
 375              	 .loc 1 172 13 view .LVU108
 376              	.L35:
 377              	.LBB17:
 173:Core/Src/UserTask.cpp ****     HAL_Delay(1);
 378              	 .loc 1 173 3 view .LVU109
 174:Core/Src/UserTask.cpp ****     WS2812::blink(0, COLOR_BLANK);
 379              	 .loc 1 174 5 view .LVU110
 174:Core/Src/UserTask.cpp ****     WS2812::blink(0, COLOR_BLANK);
 380              	 .loc 1 174 14 is_stmt 0 view .LVU111
 381 0006 0120     	 movs r0,#1
 382 0008 FFF7FEFF 	 bl HAL_Delay
 383              	.LVL34:
 175:Core/Src/UserTask.cpp ****     WS2812::blink(1, COLOR_BLANK);
 384              	 .loc 1 175 5 is_stmt 1 view .LVU112
 175:Core/Src/UserTask.cpp ****     WS2812::blink(1, COLOR_BLANK);
 385              	 .loc 1 175 18 is_stmt 0 view .LVU113
 386 000c 0021     	 movs r1,#0
ARM GAS   			page 12


 387 000e 0846     	 mov r0,r1
 388 0010 FFF7FEFF 	 bl _ZN6WS28125blinkEhm
 389              	.LVL35:
 176:Core/Src/UserTask.cpp ****     WS2812::blink(2, COLOR_BLANK);
 390              	 .loc 1 176 5 is_stmt 1 view .LVU114
 176:Core/Src/UserTask.cpp ****     WS2812::blink(2, COLOR_BLANK);
 391              	 .loc 1 176 18 is_stmt 0 view .LVU115
 392 0014 0021     	 movs r1,#0
 393 0016 0120     	 movs r0,#1
 394 0018 FFF7FEFF 	 bl _ZN6WS28125blinkEhm
 395              	.LVL36:
 177:Core/Src/UserTask.cpp ****   }
 396              	 .loc 1 177 5 is_stmt 1 discriminator 1 view .LVU116
 177:Core/Src/UserTask.cpp ****   }
 397              	 .loc 1 177 18 is_stmt 0 discriminator 1 view .LVU117
 398 001c 0021     	 movs r1,#0
 399 001e 0220     	 movs r0,#2
 400 0020 FFF7FEFF 	 bl _ZN6WS28125blinkEhm
 401              	.LVL37:
 173:Core/Src/UserTask.cpp ****     HAL_Delay(1);
 402              	 .loc 1 173 3 is_stmt 1 view .LVU118
 403 0024 EFE7     	 b .L35
 404              	.LBE17:
 405              	.LBE16:
 406              	 .cfi_endproc
 407              	.LFE594:
 409 0026 00BF     	 .text
 410              	.Letext0:
 411              	 .file 2 "/usr/lib/gcc/arm-none-eabi/14.2.1/include/stdint.h"
 412              	 .file 3 "Drivers/CMSIS/Device/ST/STM32G4xx/Include/stm32g474xx.h"
 413              	 .file 4 "Drivers/STM32G4xx_HAL_Driver/Inc/stm32g4xx_hal_def.h"
 414              	 .file 5 "Drivers/STM32G4xx_HAL_Driver/Inc/stm32g4xx_hal_dma.h"
 415              	 .file 6 "Drivers/STM32G4xx_HAL_Driver/Inc/stm32g4xx_hal_hrtim.h"
 416              	 .file 7 "Drivers/STM32G4xx_HAL_Driver/Inc/stm32g4xx_hal_tim.h"
 417              	 .file 8 "/usr/include/newlib/c++/14.2.1/cmath"
 418              	 .file 9 "/usr/include/newlib/c++/14.2.1/bits/std_abs.h"
 419              	 .file 10 "/usr/include/newlib/c++/14.2.1/arm-none-eabi/thumb/v7e-m+fp/hard/bits/c++config.h"
 420              	 .file 11 "/usr/include/newlib/math.h"
 421              	 .file 12 "/usr/include/newlib/c++/14.2.1/math.h"
 422              	 .file 13 "Core/Inc/hrtim.h"
 423              	 .file 14 "Core/Inc/tim.h"
 424              	 .file 15 "Core/Inc/Interface.hpp"
 425              	 .file 16 "Core/Inc/PowerManager.hpp"
 426              	 .file 17 "Drivers/STM32G4xx_HAL_Driver/Inc/stm32g4xx_hal.h"
 427              	 .file 18 "Core/Inc/Communication.hpp"
ARM GAS   			page 13


DEFINED SYMBOLS
                            *ABS*:00000000 UserTask.cpp
    {standard input}:19     .text._Z12tickCallbackP19__TIM_HandleTypeDef:00000000 $t
    {standard input}:26     .text._Z12tickCallbackP19__TIM_HandleTypeDef:00000000 _Z12tickCallbackP19__TIM_HandleTypeDef
    {standard input}:62     .text._Z12tickCallbackP19__TIM_HandleTypeDef:00000016 $d
    {standard input}:66     .text._Z12tickCallbackP19__TIM_HandleTypeDef:0000001a $t
    {standard input}:233    .text._Z12tickCallbackP19__TIM_HandleTypeDef:000000a0 $d
    {standard input}:242    .text._Z4initv:00000000 $t
    {standard input}:249    .text._Z4initv:00000000 _Z4initv
    {standard input}:339    .text._Z4initv:00000060 $d
    {standard input}:349    .text.systemStart:00000000 $t
    {standard input}:356    .text.systemStart:00000000 systemStart
                           .group:00000000 wm4.0.8f6dc0222acdce5cfa516585efe99e42
                           .group:00000000 wm4.stm32g4xx_hal_conf.h.23.942b1d1576b5866b7e11680d4727b823
                           .group:00000000 wm4.stm32g4xx.h.38.4ce5d67cecf3db23972af81b516b937b
                           .group:00000000 wm4.stm32g474xx.h.34.0f14ed7ce45f8c3c7c55af7520d7efa5
                           .group:00000000 wm4.stdint.h.29.6d480f4ba0f60596e88234283d42444f
                           .group:00000000 wm4.cmsis_version.h.32.46e8eccfa2cfeaae11d008bb2823a3ed
                           .group:00000000 wm4.core_cm4.h.66.e4ff136c4a17abc46741866f64f8e729
                           .group:00000000 wm4.cmsis_gcc.h.26.78077cef1206e937f7b56043ffca496a
                           .group:00000000 wm4.core_cm4.h.174.701851045f388571f9bdeebf2557adc2
                           .group:00000000 wm4.mpu_armv7.h.32.4049752bb5792d4e15357775e9506cfc
                           .group:00000000 wm4.stm32g474xx.h.714.40df4d5d8bd1a3a0e2dcb49e18b09038
                           .group:00000000 wm4.stm32g4xx.h.158.aa4340ed3b15fb0d4b1741cf5ce96563
                           .group:00000000 wm4.stm32_hal_legacy.h.22.e1e932ae083ad1562e3b1af87ae47999
                           .group:00000000 wm4.stddef.h.39.6a366d794a51dd51221993fa348b00b3
                           .group:00000000 wm4.stm32g4xx_hal_def.h.57.460ac21f0caebde175d7222cb23afe15
                           .group:00000000 wm4.stm32g4xx_hal_rcc.h.135.8d28bdf720f4165758e115c83d05a7c2
                           .group:00000000 wm4.stm32g4xx_hal_rcc_ex.h.20.a381de89af88802207f549f948fabbc4
                           .group:00000000 wm4.stm32g4xx_hal_gpio.h.21.2ca30689d7a5ad939e06f5298d557243
                           .group:00000000 wm4.stm32g4xx_hal_gpio_ex.h.22.1b7da6fc7615b2341724123ae8e461d9
                           .group:00000000 wm4.stm32g4xx_hal_dma.h.21.2e23b0d56595a6b838cda841e78b2cf2
                           .group:00000000 wm4.stm32g4xx_hal_dma_ex.h.21.93a1fe56678997ad72754076070f4a0d
                           .group:00000000 wm4.stm32g4xx_hal_dma.h.803.dd88ea57b632f588d556f066658ac8d8
                           .group:00000000 wm4.stm32g4xx_hal_cortex.h.20.1ad77fb6b4fc679887cb0a980ea44a7a
                           .group:00000000 wm4.stm32g4xx_ll_adc.h.21.8052bcc80fb264686ac0eb0df096b4eb
                           .group:00000000 wm4.stm32g4xx_hal_adc.h.441.b9143c2a34e1e7389f3042e2226178dc
                           .group:00000000 wm4.stm32g4xx_hal_adc_ex.h.21.bf5e513b0c782ac53971b6599734b8c4
                           .group:00000000 wm4.stm32g4xx_ll_exti.h.21.3148a6980741767f71761eb445f346e9
                           .group:00000000 wm4.stm32g4xx_hal_comp.h.74.993852ecfac8b19c902e64e33c61511c
                           .group:00000000 wm4.stm32g4xx_hal_dac.h.21.db627068e52007634376a4c972c5d419
                           .group:00000000 wm4.stm32g4xx_hal_dac_ex.h.21.3725e9b2e9e08a08e2a598b2d2f18a92
                           .group:00000000 wm4.stm32g4xx_hal_exti.h.21.723acd8e98480aae634680651af4eb2a
                           .group:00000000 wm4.stm32g4xx_hal_fdcan.h.21.7e3b4b48cfc4adf8b669f7e4b16ec2a0
                           .group:00000000 wm4.stm32g4xx_hal_flash.h.20.d5eb04c7abbe2eb79b40a04b3414a774
                           .group:00000000 wm4.stm32g4xx_hal_flash.h.868.06dd2f9ca2f40ac164951ad647480079
                           .group:00000000 wm4.stm32g4xx_hal_hrtim.h.21.5bb9cc2116aa63503a68d53ce84fbb8c
                           .group:00000000 wm4.stm32g4xx_hal_opamp.h.21.0de86917e81e98dccfa125838db59b66
                           .group:00000000 wm4.stm32g4xx_hal_pwr.h.21.9b149e14c0ecf58cee46e8fb7f654b77
                           .group:00000000 wm4.stm32g4xx_hal_pwr_ex.h.21.32206cbbd2cbec024b8600a98cfa3df7
                           .group:00000000 wm4.stm32g4xx_hal_tim.h.21.48998681c932026239437f6645b6b47f
                           .group:00000000 wm4.stm32g4xx_hal_tim_ex.h.21.931c546f492dcdbc9ac587da38712500
                           .group:00000000 wm4.stm32g4xx_hal.h.49.77ad48c45d6a59e5132483403b560be0
                           .group:00000000 wm4.main.h.60.b5d5fcf8e20642920eaa5e2c93fc5ae7
                           .group:00000000 wm4.cconfig.h.31.efd9728f6c1cd95dec278d75223964a3
                           .group:00000000 wm4.cpu_defines.h.31.bf53b50a3b7882b34c717ebded187478
                           .group:00000000 wm4.cconfig.h.688.a028d521e16055a3e4f3d534dbab57df
ARM GAS   			page 14


                           .group:00000000 wm4.cpp_type_traits.h.33.b2288289d5c7729e9da760b2466185ce
                           .group:00000000 wm4._newlib_version.h.4.0eb654b64686e2bd29646258853f6c22
                           .group:00000000 wm4.newlib.h.27.c836a31b4651d2e2221512767dba946d
                           .group:00000000 wm4.ieeefp.h.77.61a77db5804869b1dadd307a77cf78c9
                           .group:00000000 wm4.features.h.22.4b93ad64e0d80833c46a20ecae380bb0
                           .group:00000000 wm4.config.h.224.88344135d9de3e7ea139102cd6493448
                           .group:00000000 wm4._ansi.h.21.5136fa2a01d1fcd44a2e65c6c2417611
                           .group:00000000 wm4._default_types.h.6.959254cf5f09734ea7516c89e8bb21bd
                           .group:00000000 wm4.cdefs.h.49.709b2487a8c4d8a66169e88314babbf0
                           .group:00000000 wm4._types.h.20.dd0d04dca3800a0d2a6129b87f3adbb2
                           .group:00000000 wm4.stddef.h.158.3fff3361c70cda206521c37291df2349
                           .group:00000000 wm4._types.h.127.3bdfe3ff8ea2d0985b03d9cbe93480e3
                           .group:00000000 wm4.reent.h.18.25503cdc8b7e55dd0d6ea7b3e5af7a03
                           .group:00000000 wm4.lock.h.2.c0958401bd0ce484d507ee19aacab817
                           .group:00000000 wm4.reent.h.78.390de510207922ae4defb78c0f450fc3
                           .group:00000000 wm4.assert.h.11.a5d97ca77559a42890313c4941c01fd9
                           .group:00000000 wm4.reent.h.463.ea06f504d21c8c4258c6fe87e50d6d65
                           .group:00000000 wm4.math.h.13.2e6865621b215578d4c2c0c464db4955
                           .group:00000000 wm4.std_abs.h.31.040e5b5b1580bc5021e41927de41d0b5
                           .group:00000000 wm4.stdlib.h.13.4ed386f5c1a80d71e72172885d946ef2
                           .group:00000000 wm4.stddef.h.158.0f92cc28c47dc7125844b7df2e400b04
                           .group:00000000 wm4.alloca.h.8.dfc0c703c47ec3e69746825b17d9e66d
                           .group:00000000 wm4.stdlib.h.56.f4862cfbf4363a1db01842d5bdf72c18
                           .group:00000000 wm4.std_abs.h.42.301267e565a27b578b118540cf0e4de0
                           .group:00000000 wm4.cmath.52.8686cf09462fb5ec874ed5812f528e33
                           .group:00000000 wm4.version.h.53.eddb904a5ed2508953a0d233a0cbe846
                           .group:00000000 wm4.cmath.59.a017be978e4f860d3dddb5e396d497ec
                           .group:00000000 wm4.Calibration.hpp.4.c81d4ff8a024125e4c64f018879d6569
                           .group:00000000 wm4.Config.hpp.7.5a1c6f241ed32fadaecb2e346a2a47fe
                           .group:00000000 wm4.Interface.hpp.10.709a2db53a2c99c6d60ed43b74d29ae4
                           .group:00000000 wm4.Utility.hpp.9.378999a7136498b1fcaa268e05c8cfe4
                           .group:00000000 wm4.PowerManager.hpp.23.abfc26d9e09f6eed6a3d86390eee6d91

UNDEFINED SYMBOLS
_ZN10Protection15checkLowBatteryEv
_ZN9Interface20updateBuzzerSequenceEv
_ZN3ADC11updateADClfEv
_ZN6Buzzer6updateEv
_ZN10Protection14errorHandlerLFEv
_ZN12PowerControl17powerOnOffControlEv
_ZN7CANcomm10sendSCDataEv
_ZN12PowerControl18checkRxDataTimeoutERKm
_ZN9Interface17updateButtonStateEv
_ZN6CAPARR16estimateCapacityERKm
htim6
sysData
psData
_ZN10Protection10configAWDGEv
_ZN3ADC10initAnalogEv
_ZN3ADC7initADCEv
_ZN7CANcomm4initEv
_ZN6Buzzer4initEv
HAL_TIM_RegisterCallback
HAL_TIM_Base_Start_IT
HAL_TIM_Base_Start
_ZN6Buzzer4playEtt
HAL_HRTIM_WaveformOutputStop
ARM GAS   			page 15


_ZN5HRTIM10startTimerEv
HAL_Delay
htim16
hhrtim1
_ZN6WS28125blinkEhm
