Archive member included to satisfy reference by file (symbol)

/usr/lib/gcc/arm-none-eabi/14.2.1/../../../arm-none-eabi/lib/thumb/v7e-m+fp/hard/libc_nano.a(libc_a-errno.o)
                              build/Core/Src/sysmem.o (__errno)
/usr/lib/gcc/arm-none-eabi/14.2.1/../../../arm-none-eabi/lib/thumb/v7e-m+fp/hard/libc_nano.a(libc_a-init.o)
                              /usr/lib/gcc/arm-none-eabi/14.2.1/../../../arm-none-eabi/lib/thumb/v7e-m+fp/hard/crt0.o (__libc_init_array)
/usr/lib/gcc/arm-none-eabi/14.2.1/../../../arm-none-eabi/lib/thumb/v7e-m+fp/hard/libc_nano.a(libc_a-memset.o)
                              /usr/lib/gcc/arm-none-eabi/14.2.1/../../../arm-none-eabi/lib/thumb/v7e-m+fp/hard/crt0.o (memset)
/usr/lib/gcc/arm-none-eabi/14.2.1/../../../arm-none-eabi/lib/thumb/v7e-m+fp/hard/libc_nano.a(libc_a-impure.o)
                              /usr/lib/gcc/arm-none-eabi/14.2.1/../../../arm-none-eabi/lib/thumb/v7e-m+fp/hard/libc_nano.a(libc_a-errno.o) (_impure_ptr)
/usr/lib/gcc/arm-none-eabi/14.2.1/../../../arm-none-eabi/lib/thumb/v7e-m+fp/hard/libc_nano.a(libc_a-exit.o)
                              /usr/lib/gcc/arm-none-eabi/14.2.1/../../../arm-none-eabi/lib/thumb/v7e-m+fp/hard/crt0.o (exit)
/usr/lib/gcc/arm-none-eabi/14.2.1/../../../arm-none-eabi/lib/thumb/v7e-m+fp/hard/libc_nano.a(libc_a-atexit.o)
                              /usr/lib/gcc/arm-none-eabi/14.2.1/../../../arm-none-eabi/lib/thumb/v7e-m+fp/hard/crt0.o (atexit)
/usr/lib/gcc/arm-none-eabi/14.2.1/../../../arm-none-eabi/lib/thumb/v7e-m+fp/hard/libc_nano.a(libc_a-fini.o)
                              /usr/lib/gcc/arm-none-eabi/14.2.1/../../../arm-none-eabi/lib/thumb/v7e-m+fp/hard/crt0.o (__libc_fini_array)
/usr/lib/gcc/arm-none-eabi/14.2.1/../../../arm-none-eabi/lib/thumb/v7e-m+fp/hard/libc_nano.a(libc_a-findfp.o)
                              /usr/lib/gcc/arm-none-eabi/14.2.1/../../../arm-none-eabi/lib/thumb/v7e-m+fp/hard/libc_nano.a(libc_a-exit.o) (__stdio_exit_handler)
/usr/lib/gcc/arm-none-eabi/14.2.1/../../../arm-none-eabi/lib/thumb/v7e-m+fp/hard/libc_nano.a(libc_a-fflush.o)
                              /usr/lib/gcc/arm-none-eabi/14.2.1/../../../arm-none-eabi/lib/thumb/v7e-m+fp/hard/libc_nano.a(libc_a-findfp.o) (_fflush_r)
/usr/lib/gcc/arm-none-eabi/14.2.1/../../../arm-none-eabi/lib/thumb/v7e-m+fp/hard/libc_nano.a(libc_a-mallocr.o)
                              /usr/lib/gcc/arm-none-eabi/14.2.1/../../../arm-none-eabi/lib/thumb/v7e-m+fp/hard/libc_nano.a(libc_a-findfp.o) (_malloc_r)
/usr/lib/gcc/arm-none-eabi/14.2.1/../../../arm-none-eabi/lib/thumb/v7e-m+fp/hard/libc_nano.a(libc_a-freer.o)
                              /usr/lib/gcc/arm-none-eabi/14.2.1/../../../arm-none-eabi/lib/thumb/v7e-m+fp/hard/libc_nano.a(libc_a-fflush.o) (_free_r)
/usr/lib/gcc/arm-none-eabi/14.2.1/../../../arm-none-eabi/lib/thumb/v7e-m+fp/hard/libc_nano.a(libc_a-fwalk.o)
                              /usr/lib/gcc/arm-none-eabi/14.2.1/../../../arm-none-eabi/lib/thumb/v7e-m+fp/hard/libc_nano.a(libc_a-findfp.o) (_fwalk_sglue)
/usr/lib/gcc/arm-none-eabi/14.2.1/../../../arm-none-eabi/lib/thumb/v7e-m+fp/hard/libc_nano.a(libc_a-__atexit.o)
                              /usr/lib/gcc/arm-none-eabi/14.2.1/../../../arm-none-eabi/lib/thumb/v7e-m+fp/hard/libc_nano.a(libc_a-atexit.o) (__register_exitproc)
/usr/lib/gcc/arm-none-eabi/14.2.1/../../../arm-none-eabi/lib/thumb/v7e-m+fp/hard/libc_nano.a(libc_a-mlock.o)
                              /usr/lib/gcc/arm-none-eabi/14.2.1/../../../arm-none-eabi/lib/thumb/v7e-m+fp/hard/libc_nano.a(libc_a-mallocr.o) (__malloc_lock)
/usr/lib/gcc/arm-none-eabi/14.2.1/../../../arm-none-eabi/lib/thumb/v7e-m+fp/hard/libc_nano.a(libc_a-sbrkr.o)
                              /usr/lib/gcc/arm-none-eabi/14.2.1/../../../arm-none-eabi/lib/thumb/v7e-m+fp/hard/libc_nano.a(libc_a-mallocr.o) (_sbrk_r)
/usr/lib/gcc/arm-none-eabi/14.2.1/../../../arm-none-eabi/lib/thumb/v7e-m+fp/hard/libc_nano.a(libc_a-stdio.o)
                              /usr/lib/gcc/arm-none-eabi/14.2.1/../../../arm-none-eabi/lib/thumb/v7e-m+fp/hard/libc_nano.a(libc_a-findfp.o) (__sread)
/usr/lib/gcc/arm-none-eabi/14.2.1/../../../arm-none-eabi/lib/thumb/v7e-m+fp/hard/libc_nano.a(libc_a-readr.o)
                              /usr/lib/gcc/arm-none-eabi/14.2.1/../../../arm-none-eabi/lib/thumb/v7e-m+fp/hard/libc_nano.a(libc_a-stdio.o) (_read_r)
/usr/lib/gcc/arm-none-eabi/14.2.1/../../../arm-none-eabi/lib/thumb/v7e-m+fp/hard/libc_nano.a(libc_a-writer.o)
                              /usr/lib/gcc/arm-none-eabi/14.2.1/../../../arm-none-eabi/lib/thumb/v7e-m+fp/hard/libc_nano.a(libc_a-stdio.o) (_write_r)
/usr/lib/gcc/arm-none-eabi/14.2.1/../../../arm-none-eabi/lib/thumb/v7e-m+fp/hard/libc_nano.a(libc_a-closer.o)
                              /usr/lib/gcc/arm-none-eabi/14.2.1/../../../arm-none-eabi/lib/thumb/v7e-m+fp/hard/libc_nano.a(libc_a-stdio.o) (_close_r)
/usr/lib/gcc/arm-none-eabi/14.2.1/../../../arm-none-eabi/lib/thumb/v7e-m+fp/hard/libc_nano.a(libc_a-lseekr.o)
[...]
Memory Configuration

Name             Origin             Length             Attributes
RAM              0x20000000         0x00020000         xrw
FLASH            0x08000000         0x00020000         xr
*default*        0x00000000         0xffffffff

Linker script and memory map

LOAD /usr/lib/gcc/arm-none-eabi/14.2.1/thumb/v7e-m+fp/hard/crti.o
LOAD /usr/lib/gcc/arm-none-eabi/14.2.1/thumb/v7e-m+fp/hard/crtbegin.o
LOAD /usr/lib/gcc/arm-none-eabi/14.2.1/../../../arm-none-eabi/lib/thumb/v7e-m+fp/hard/crt0.o
LOAD build/Core/Src/main.o
LOAD build/Core/Src/gpio.o
LOAD build/Core/Src/adc.o
LOAD build/Core/Src/fdcan.o
LOAD build/Core/Src/tim.o
LOAD build/Core/Src/stm32g4xx_it.o
LOAD build/Core/Src/stm32g4xx_hal_msp.o
LOAD build/Core/Src/sysmem.o
LOAD build/Core/Src/syscalls.o
LOAD build/Core/Src/hrtim.o
LOAD build/Core/Src/dma.o
LOAD build/Core/Src/comp.o
LOAD build/Core/Src/opamp.o
LOAD build/Core/Src/dac.o
LOAD build/Drivers/STM32G4xx_HAL_Driver/Src/stm32g4xx_hal_adc.o
LOAD build/Drivers/STM32G4xx_HAL_Driver/Src/stm32g4xx_hal_adc_ex.o
LOAD build/Drivers/STM32G4xx_HAL_Driver/Src/stm32g4xx_ll_adc.o
LOAD build/Drivers/STM32G4xx_HAL_Driver/Src/stm32g4xx_hal.o
LOAD build/Drivers/STM32G4xx_HAL_Driver/Src/stm32g4xx_hal_rcc.o
LOAD build/Drivers/STM32G4xx_HAL_Driver/Src/stm32g4xx_hal_rcc_ex.o
LOAD build/Drivers/STM32G4xx_HAL_Driver/Src/stm32g4xx_hal_flash.o
LOAD build/Drivers/STM32G4xx_HAL_Driver/Src/stm32g4xx_hal_flash_ex.o
LOAD build/Drivers/STM32G4xx_HAL_Driver/Src/stm32g4xx_hal_flash_ramfunc.o
LOAD build/Drivers/STM32G4xx_HAL_Driver/Src/stm32g4xx_hal_gpio.o
LOAD build/Drivers/STM32G4xx_HAL_Driver/Src/stm32g4xx_hal_exti.o
LOAD build/Drivers/STM32G4xx_HAL_Driver/Src/stm32g4xx_hal_dma.o
LOAD build/Drivers/STM32G4xx_HAL_Driver/Src/stm32g4xx_hal_dma_ex.o
LOAD build/Drivers/STM32G4xx_HAL_Driver/Src/stm32g4xx_hal_pwr.o
LOAD build/Drivers/STM32G4xx_HAL_Driver/Src/stm32g4xx_hal_pwr_ex.o
LOAD build/Drivers/STM32G4xx_HAL_Driver/Src/stm32g4xx_hal_cortex.o
LOAD build/Drivers/STM32G4xx_HAL_Driver/Src/stm32g4xx_hal_comp.o
LOAD build/Drivers/STM32G4xx_HAL_Driver/Src/stm32g4xx_hal_dac.o
LOAD build/Drivers/STM32G4xx_HAL_Driver/Src/stm32g4xx_hal_dac_ex.o
LOAD build/Drivers/STM32G4xx_HAL_Driver/Src/stm32g4xx_hal_fdcan.o
LOAD build/Drivers/STM32G4xx_HAL_Driver/Src/stm32g4xx_hal_hrtim.o
LOAD build/Drivers/STM32G4xx_HAL_Driver/Src/stm32g4xx_hal_opamp.o
LOAD build/Drivers/STM32G4xx_HAL_Driver/Src/stm32g4xx_hal_opamp_ex.o
LOAD build/Drivers/STM32G4xx_HAL_Driver/Src/stm32g4xx_hal_tim.o
LOAD build/Drivers/STM32G4xx_HAL_Driver/Src/stm32g4xx_hal_tim_ex.o
LOAD build/Core/Src/system_stm32g4xx.o
LOAD build/Core/Src/Communication.o
LOAD build/Core/Src/Interface.o
LOAD build/Core/Src/PowerManager.o
LOAD build/Core/Src/UserTask.o
LOAD build/Core/Src/Utility.o
LOAD build/startup_stm32g474xx.o
LOAD /usr/lib/gcc/arm-none-eabi/14.2.1/../../../arm-none-eabi/lib/thumb/v7e-m+fp/hard/libc_nano.a
LOAD /usr/lib/gcc/arm-none-eabi/14.2.1/../../../arm-none-eabi/lib/thumb/v7e-m+fp/hard/libm.a
LOAD /usr/lib/gcc/arm-none-eabi/14.2.1/../../../arm-none-eabi/lib/thumb/v7e-m+fp/hard/libnosys.a
START GROUP
LOAD /usr/lib/gcc/arm-none-eabi/14.2.1/thumb/v7e-m+fp/hard/libgcc.a
LOAD /usr/lib/gcc/arm-none-eabi/14.2.1/../../../arm-none-eabi/lib/thumb/v7e-m+fp/hard/libc_nano.a
END GROUP
START GROUP
LOAD /usr/lib/gcc/arm-none-eabi/14.2.1/thumb/v7e-m+fp/hard/libgcc.a
LOAD /usr/lib/gcc/arm-none-eabi/14.2.1/../../../arm-none-eabi/lib/thumb/v7e-m+fp/hard/libc_nano.a
END GROUP
LOAD /usr/lib/gcc/arm-none-eabi/14.2.1/thumb/v7e-m+fp/hard/crtend.o
LOAD /usr/lib/gcc/arm-none-eabi/14.2.1/thumb/v7e-m+fp/hard/crtn.o
                0x20020000                        _estack = (ORIGIN (RAM) + LENGTH (RAM))
                0x00000200                        _Min_Heap_Size = 0x200
                0x00000400                        _Min_Stack_Size = 0x400

.isr_vector     0x08000000      0x1d8
                0x08000000                        . = ALIGN (0x4)
 *(.isr_vector)
 .isr_vector    0x08000000      0x1d8 build/startup_stm32g474xx.o
                0x08000000                g_pfnVectors
                0x080001d8                        . = ALIGN (0x4)

.text           0x080001d8     0xa03c
                0x080001d8                        . = ALIGN (0x4)
 *(.text)
 .text          0x080001d8       0x88 /usr/lib/gcc/arm-none-eabi/14.2.1/thumb/v7e-m+fp/hard/crtbegin.o
 .text          0x08000260       0x50 /usr/lib/gcc/arm-none-eabi/14.2.1/../../../arm-none-eabi/lib/thumb/v7e-m+fp/hard/libc_nano.a(libc_a-init.o)
                0x08000260                __libc_init_array
 .text          0x080002b0       0xa4 /usr/lib/gcc/arm-none-eabi/14.2.1/../../../arm-none-eabi/lib/thumb/v7e-m+fp/hard/libc_nano.a(libc_a-memset.o)
                0x080002b0                memset
 *(.text*)
 *fill*         0x08000354        0x4 
 .text.SystemClock_Config
                0x08000358       0x70 build/Core/Src/main.o
                0x08000358                SystemClock_Config
 .text.startup.main
                0x080003c8       0x68 build/Core/Src/main.o
                0x080003c8                main
 .text.Error_Handler
                0x08000430        0x4 build/Core/Src/main.o
                0x08000430                Error_Handler
 .text.MX_GPIO_Init
                0x08000434       0xc0 build/Core/Src/gpio.o
                0x08000434                MX_GPIO_Init
 .text.MX_ADC1_Init
                0x080004f4      0x194 build/Core/Src/adc.o
                0x080004f4                MX_ADC1_Init
 .text.MX_ADC2_Init
                0x08000688      0x144 build/Core/Src/adc.o
                0x08000688                MX_ADC2_Init
 .text.MX_ADC4_Init
                0x080007cc       0xac build/Core/Src/adc.o
                0x080007cc                MX_ADC4_Init
 .text.HAL_ADC_MspInit
                0x08000878      0x25c build/Core/Src/adc.o
                0x08000878                HAL_ADC_MspInit
 .text.MX_FDCAN3_Init
                0x08000ad4       0x4c build/Core/Src/fdcan.o
                0x08000ad4                MX_FDCAN3_Init
 .text.HAL_FDCAN_MspInit
                0x08000b20       0xb4 build/Core/Src/fdcan.o
                0x08000b20                HAL_FDCAN_MspInit
 .text.MX_TIM3_Init
                0x08000bd4       0x74 build/Core/Src/tim.o
                0x08000bd4                MX_TIM3_Init
 .text.MX_TIM5_Init
                0x08000c48       0xb8 build/Core/Src/tim.o
                0x08000c48                MX_TIM5_Init
 .text.MX_TIM6_Init
                0x08000d00       0x54 build/Core/Src/tim.o
                0x08000d00                MX_TIM6_Init
 .text.MX_TIM16_Init
                0x08000d54       0x34 build/Core/Src/tim.o
                0x08000d54                MX_TIM16_Init
 .text.MX_TIM20_Init
                0x08000d88       0x88 build/Core/Src/tim.o
                0x08000d88                MX_TIM20_Init
 .text.HAL_TIM_Base_MspInit
                0x08000e10      0x19c build/Core/Src/tim.o
                0x08000e10                HAL_TIM_Base_MspInit
 *fill*         0x08000fac        0x4 
 .text.HAL_TIM_MspPostInit
                0x08000fb0       0xa4 build/Core/Src/tim.o
                0x08000fb0                HAL_TIM_MspPostInit
 *fill*         0x08001054        0x4 
 .text.MX_TIM1_Init
                0x08001058      0x120 build/Core/Src/tim.o
                0x08001058                MX_TIM1_Init
 .text.MX_TIM2_Init
                0x08001178       0xc4 build/Core/Src/tim.o
                0x08001178                MX_TIM2_Init
 .text.NMI_Handler
                0x0800123c        0x4 build/Core/Src/stm32g4xx_it.o
                0x0800123c                NMI_Handler
 .text.HardFault_Handler
                0x08001240        0x4 build/Core/Src/stm32g4xx_it.o
                0x08001240                HardFault_Handler
 .text.MemManage_Handler
                0x08001244        0x4 build/Core/Src/stm32g4xx_it.o
                0x08001244                MemManage_Handler
 .text.BusFault_Handler
                0x08001248        0x4 build/Core/Src/stm32g4xx_it.o
                0x08001248                BusFault_Handler
 .text.UsageFault_Handler
                0x0800124c        0x4 build/Core/Src/stm32g4xx_it.o
                0x0800124c                UsageFault_Handler
 .text.SVC_Handler
                0x08001250        0x4 build/Core/Src/stm32g4xx_it.o
                0x08001250                SVC_Handler
 .text.DebugMon_Handler
                0x08001254        0x4 build/Core/Src/stm32g4xx_it.o
                0x08001254                DebugMon_Handler
 .text.PendSV_Handler
                0x08001258        0x4 build/Core/Src/stm32g4xx_it.o
                0x08001258                PendSV_Handler
 .text.SysTick_Handler
                0x0800125c        0x4 build/Core/Src/stm32g4xx_it.o
                0x0800125c                SysTick_Handler
 .text.TIM6_DAC_IRQHandler
                0x08001260       0x1c build/Core/Src/stm32g4xx_it.o
                0x08001260                TIM6_DAC_IRQHandler
 .text.TIM20_UP_IRQHandler
                0x0800127c        0xc build/Core/Src/stm32g4xx_it.o
                0x0800127c                TIM20_UP_IRQHandler
 .text.TIM20_TRG_COM_IRQHandler
                0x08001288        0xc build/Core/Src/stm32g4xx_it.o
                0x08001288                TIM20_TRG_COM_IRQHandler
 .text.HAL_MspInit
                0x08001294       0x48 build/Core/Src/stm32g4xx_hal_msp.o
                0x08001294                HAL_MspInit
 .text.HAL_HRTIM_MspInit
                0x080012dc       0x98 build/Core/Src/hrtim.o
                0x080012dc                HAL_HRTIM_MspInit
 .text.HAL_HRTIM_MspPostInit
                0x08001374       0x84 build/Core/Src/hrtim.o
                0x08001374                HAL_HRTIM_MspPostInit
 .text.MX_HRTIM1_Init
                0x080013f8      0x998 build/Core/Src/hrtim.o
                0x080013f8                MX_HRTIM1_Init
 .text.MX_DMA_Init
                0x08001d90       0x44 build/Core/Src/dma.o
                0x08001d90                MX_DMA_Init
 .text.MX_COMP2_Init
                0x08001dd4       0x30 build/Core/Src/comp.o
                0x08001dd4                MX_COMP2_Init
 .text.MX_COMP3_Init
                0x08001e04       0x30 build/Core/Src/comp.o
                0x08001e04                MX_COMP3_Init
 .text.MX_COMP6_Init
                0x08001e34       0x34 build/Core/Src/comp.o
                0x08001e34                MX_COMP6_Init
 .text.HAL_COMP_MspInit
                0x08001e68      0x128 build/Core/Src/comp.o
                0x08001e68                HAL_COMP_MspInit
 .text.MX_OPAMP1_Init
                0x08001f90       0x34 build/Core/Src/opamp.o
                0x08001f90                MX_OPAMP1_Init
 .text.MX_OPAMP2_Init
                0x08001fc4       0x38 build/Core/Src/opamp.o
                0x08001fc4                MX_OPAMP2_Init
 .text.MX_OPAMP3_Init
                0x08001ffc       0x38 build/Core/Src/opamp.o
                0x08001ffc                MX_OPAMP3_Init
 .text.MX_OPAMP4_Init
                0x08002034       0x30 build/Core/Src/opamp.o
                0x08002034                MX_OPAMP4_Init
 .text.HAL_OPAMP_MspInit
                0x08002064      0x130 build/Core/Src/opamp.o
                0x08002064                HAL_OPAMP_MspInit
 .text.MX_DAC1_Init
                0x08002194       0xb8 build/Core/Src/dac.o
                0x08002194                MX_DAC1_Init
 .text.HAL_DAC_MspInit
                0x0800224c       0x74 build/Core/Src/dac.o
                0x0800224c                HAL_DAC_MspInit
 .text.HAL_ADC_Init
                0x080022c0      0x220 build/Drivers/STM32G4xx_HAL_Driver/Src/stm32g4xx_hal_adc.o
                0x080022c0                HAL_ADC_Init
 .text.HAL_ADC_ConvCpltCallback
                0x080024e0        0x4 build/Drivers/STM32G4xx_HAL_Driver/Src/stm32g4xx_hal_adc.o
                0x080024e0                HAL_ADC_ConvCpltCallback
 .text.HAL_ADC_ConvHalfCpltCallback
                0x080024e4        0x4 build/Drivers/STM32G4xx_HAL_Driver/Src/stm32g4xx_hal_adc.o
                0x080024e4                HAL_ADC_ConvHalfCpltCallback
 .text.ADC_DMAHalfConvCplt
                0x080024e8        0xc build/Drivers/STM32G4xx_HAL_Driver/Src/stm32g4xx_hal_adc.o
                0x080024e8                ADC_DMAHalfConvCplt
 .text.HAL_ADC_ErrorCallback
                0x080024f4        0x4 build/Drivers/STM32G4xx_HAL_Driver/Src/stm32g4xx_hal_adc.o
                0x080024f4                HAL_ADC_ErrorCallback
 .text.ADC_DMAConvCplt
                0x080024f8       0x6c build/Drivers/STM32G4xx_HAL_Driver/Src/stm32g4xx_hal_adc.o
                0x080024f8                ADC_DMAConvCplt
 .text.ADC_DMAError
                0x08002564       0x1c build/Drivers/STM32G4xx_HAL_Driver/Src/stm32g4xx_hal_adc.o
                0x08002564                ADC_DMAError
 .text.HAL_ADC_ConfigChannel
                0x08002580      0x51c build/Drivers/STM32G4xx_HAL_Driver/Src/stm32g4xx_hal_adc.o
                0x08002580                HAL_ADC_ConfigChannel
 .text.HAL_ADC_AnalogWDGConfig
                0x08002a9c      0x300 build/Drivers/STM32G4xx_HAL_Driver/Src/stm32g4xx_hal_adc.o
                0x08002a9c                HAL_ADC_AnalogWDGConfig
 .text.ADC_Enable
                0x08002d9c       0xdc build/Drivers/STM32G4xx_HAL_Driver/Src/stm32g4xx_hal_adc.o
                0x08002d9c                ADC_Enable
 .text.HAL_ADC_Start
                0x08002e78      0x108 build/Drivers/STM32G4xx_HAL_Driver/Src/stm32g4xx_hal_adc.o
                0x08002e78                HAL_ADC_Start
 .text.HAL_ADC_Start_DMA
                0x08002f80      0x10c build/Drivers/STM32G4xx_HAL_Driver/Src/stm32g4xx_hal_adc.o
                0x08002f80                HAL_ADC_Start_DMA
 .text.ADC_Disable
                0x0800308c       0x74 build/Drivers/STM32G4xx_HAL_Driver/Src/stm32g4xx_hal_adc.o
                0x0800308c                ADC_Disable
 .text.HAL_ADCEx_Calibration_Start
                0x08003100       0x9c build/Drivers/STM32G4xx_HAL_Driver/Src/stm32g4xx_hal_adc_ex.o
                0x08003100                HAL_ADCEx_Calibration_Start
 .text.HAL_ADCEx_MultiModeStart_DMA
                0x0800319c       0xfc build/Drivers/STM32G4xx_HAL_Driver/Src/stm32g4xx_hal_adc_ex.o
                0x0800319c                HAL_ADCEx_MultiModeStart_DMA
 .text.HAL_ADCEx_MultiModeConfigChannel
                0x08003298      0x154 build/Drivers/STM32G4xx_HAL_Driver/Src/stm32g4xx_hal_adc_ex.o
                0x08003298                HAL_ADCEx_MultiModeConfigChannel
 .text.HAL_InitTick
                0x080033ec       0x4c build/Drivers/STM32G4xx_HAL_Driver/Src/stm32g4xx_hal.o
                0x080033ec                HAL_InitTick
 .text.HAL_Init
                0x08003438       0x20 build/Drivers/STM32G4xx_HAL_Driver/Src/stm32g4xx_hal.o
                0x08003438                HAL_Init
 .text.HAL_IncTick
                0x08003458       0x18 build/Drivers/STM32G4xx_HAL_Driver/Src/stm32g4xx_hal.o
                0x08003458                HAL_IncTick
 .text.HAL_GetTick
                0x08003470        0xc build/Drivers/STM32G4xx_HAL_Driver/Src/stm32g4xx_hal.o
                0x08003470                HAL_GetTick
 .text.HAL_Delay
                0x0800347c       0x24 build/Drivers/STM32G4xx_HAL_Driver/Src/stm32g4xx_hal.o
                0x0800347c                HAL_Delay
 .text.HAL_SYSCFG_VREFBUF_VoltageScalingConfig
                0x080034a0       0x14 build/Drivers/STM32G4xx_HAL_Driver/Src/stm32g4xx_hal.o
                0x080034a0                HAL_SYSCFG_VREFBUF_VoltageScalingConfig
 .text.HAL_SYSCFG_VREFBUF_HighImpedanceConfig
                0x080034b4       0x14 build/Drivers/STM32G4xx_HAL_Driver/Src/stm32g4xx_hal.o
                0x080034b4                HAL_SYSCFG_VREFBUF_HighImpedanceConfig
 .text.HAL_SYSCFG_EnableVREFBUF
                0x080034c8       0x30 build/Drivers/STM32G4xx_HAL_Driver/Src/stm32g4xx_hal.o
                0x080034c8                HAL_SYSCFG_EnableVREFBUF
 .text.HAL_RCC_OscConfig
                0x080034f8      0x484 build/Drivers/STM32G4xx_HAL_Driver/Src/stm32g4xx_hal_rcc.o
                0x080034f8                HAL_RCC_OscConfig
 .text.HAL_RCC_GetSysClockFreq
                0x0800397c       0x70 build/Drivers/STM32G4xx_HAL_Driver/Src/stm32g4xx_hal_rcc.o
                0x0800397c                HAL_RCC_GetSysClockFreq
 .text.HAL_RCC_ClockConfig
                0x080039ec      0x208 build/Drivers/STM32G4xx_HAL_Driver/Src/stm32g4xx_hal_rcc.o
                0x080039ec                HAL_RCC_ClockConfig
 .text.HAL_RCC_GetHCLKFreq
                0x08003bf4        0xc build/Drivers/STM32G4xx_HAL_Driver/Src/stm32g4xx_hal_rcc.o
                0x08003bf4                HAL_RCC_GetHCLKFreq
 .text.HAL_RCCEx_PeriphCLKConfig
                0x08003c00      0x31c build/Drivers/STM32G4xx_HAL_Driver/Src/stm32g4xx_hal_rcc_ex.o
                0x08003c00                HAL_RCCEx_PeriphCLKConfig
 .text.HAL_GPIO_Init
                0x08003f1c      0x37c build/Drivers/STM32G4xx_HAL_Driver/Src/stm32g4xx_hal_gpio.o
                0x08003f1c                HAL_GPIO_Init
 .text.HAL_GPIO_ReadPin
                0x08004298        0xc build/Drivers/STM32G4xx_HAL_Driver/Src/stm32g4xx_hal_gpio.o
                0x08004298                HAL_GPIO_ReadPin
 .text.HAL_GPIO_WritePin
                0x080042a4        0xc build/Drivers/STM32G4xx_HAL_Driver/Src/stm32g4xx_hal_gpio.o
                0x080042a4                HAL_GPIO_WritePin
 .text.HAL_DMA_Init
                0x080042b0      0x12c build/Drivers/STM32G4xx_HAL_Driver/Src/stm32g4xx_hal_dma.o
                0x080042b0                HAL_DMA_Init
 .text.HAL_DMA_Start_IT
                0x080043dc       0xb0 build/Drivers/STM32G4xx_HAL_Driver/Src/stm32g4xx_hal_dma.o
                0x080043dc                HAL_DMA_Start_IT
 .text.HAL_DMA_Abort_IT
                0x0800448c       0x78 build/Drivers/STM32G4xx_HAL_Driver/Src/stm32g4xx_hal_dma.o
                0x0800448c                HAL_DMA_Abort_IT
 .text.HAL_PWREx_ControlVoltageScaling
                0x08004504       0xe4 build/Drivers/STM32G4xx_HAL_Driver/Src/stm32g4xx_hal_pwr_ex.o
                0x08004504                HAL_PWREx_ControlVoltageScaling
 .text.HAL_PWREx_DisableUCPDDeadBattery
                0x080045e8       0x10 build/Drivers/STM32G4xx_HAL_Driver/Src/stm32g4xx_hal_pwr_ex.o
                0x080045e8                HAL_PWREx_DisableUCPDDeadBattery
 .text.HAL_NVIC_SetPriorityGrouping
                0x080045f8       0x24 build/Drivers/STM32G4xx_HAL_Driver/Src/stm32g4xx_hal_cortex.o
                0x080045f8                HAL_NVIC_SetPriorityGrouping
 .text.HAL_NVIC_SetPriority
                0x0800461c       0x78 build/Drivers/STM32G4xx_HAL_Driver/Src/stm32g4xx_hal_cortex.o
                0x0800461c                HAL_NVIC_SetPriority
 .text.HAL_NVIC_EnableIRQ
                0x08004694       0x1c build/Drivers/STM32G4xx_HAL_Driver/Src/stm32g4xx_hal_cortex.o
                0x08004694                HAL_NVIC_EnableIRQ
 .text.HAL_SYSTICK_Config
                0x080046b0       0x34 build/Drivers/STM32G4xx_HAL_Driver/Src/stm32g4xx_hal_cortex.o
                0x080046b0                HAL_SYSTICK_Config
 .text.HAL_COMP_Init
                0x080046e4      0x2b4 build/Drivers/STM32G4xx_HAL_Driver/Src/stm32g4xx_hal_comp.o
                0x080046e4                HAL_COMP_Init
 .text.HAL_COMP_Start
                0x08004998       0x58 build/Drivers/STM32G4xx_HAL_Driver/Src/stm32g4xx_hal_comp.o
                0x08004998                HAL_COMP_Start
 .text.HAL_DAC_Init
                0x080049f0       0x2c build/Drivers/STM32G4xx_HAL_Driver/Src/stm32g4xx_hal_dac.o
                0x080049f0                HAL_DAC_Init
 .text.HAL_DAC_Start
                0x08004a1c       0x98 build/Drivers/STM32G4xx_HAL_Driver/Src/stm32g4xx_hal_dac.o
                0x08004a1c                HAL_DAC_Start
 .text.HAL_DAC_DMAUnderrunCallbackCh1
                0x08004ab4        0x4 build/Drivers/STM32G4xx_HAL_Driver/Src/stm32g4xx_hal_dac.o
                0x08004ab4                HAL_DAC_DMAUnderrunCallbackCh1
 .text.HAL_DAC_IRQHandler
                0x08004ab8       0x64 build/Drivers/STM32G4xx_HAL_Driver/Src/stm32g4xx_hal_dac.o
                0x08004ab8                HAL_DAC_IRQHandler
 .text.HAL_DAC_ConfigChannel
                0x08004b1c      0x1d8 build/Drivers/STM32G4xx_HAL_Driver/Src/stm32g4xx_hal_dac.o
                0x08004b1c                HAL_DAC_ConfigChannel
 .text.HAL_DACEx_SawtoothWaveGenerate
                0x08004cf4       0x68 build/Drivers/STM32G4xx_HAL_Driver/Src/stm32g4xx_hal_dac_ex.o
                0x08004cf4                HAL_DACEx_SawtoothWaveGenerate
 .text.HAL_DACEx_DMAUnderrunCallbackCh2
                0x08004d5c        0x4 build/Drivers/STM32G4xx_HAL_Driver/Src/stm32g4xx_hal_dac_ex.o
                0x08004d5c                HAL_DACEx_DMAUnderrunCallbackCh2
 .text.HAL_FDCAN_TxEventFifoCallback
                0x08004d60        0x4 build/Drivers/STM32G4xx_HAL_Driver/Src/stm32g4xx_hal_fdcan.o
                0x08004d60                HAL_FDCAN_TxEventFifoCallback
 .text.HAL_FDCAN_RxFifo0Callback
                0x08004d64        0x4 build/Drivers/STM32G4xx_HAL_Driver/Src/stm32g4xx_hal_fdcan.o
                0x08004d64                HAL_FDCAN_RxFifo0Callback
 .text.HAL_FDCAN_RxFifo1Callback
                0x08004d68        0x4 build/Drivers/STM32G4xx_HAL_Driver/Src/stm32g4xx_hal_fdcan.o
                0x08004d68                HAL_FDCAN_RxFifo1Callback
 .text.HAL_FDCAN_TxBufferCompleteCallback
                0x08004d6c        0x4 build/Drivers/STM32G4xx_HAL_Driver/Src/stm32g4xx_hal_fdcan.o
                0x08004d6c                HAL_FDCAN_TxBufferCompleteCallback
 .text.HAL_FDCAN_TxBufferAbortCallback
                0x08004d70        0x4 build/Drivers/STM32G4xx_HAL_Driver/Src/stm32g4xx_hal_fdcan.o
                0x08004d70                HAL_FDCAN_TxBufferAbortCallback
 .text.HAL_FDCAN_ErrorStatusCallback
                0x08004d74        0x4 build/Drivers/STM32G4xx_HAL_Driver/Src/stm32g4xx_hal_fdcan.o
                0x08004d74                HAL_FDCAN_ErrorStatusCallback
 .text.HAL_FDCAN_TxFifoEmptyCallback
                0x08004d78        0x4 build/Drivers/STM32G4xx_HAL_Driver/Src/stm32g4xx_hal_fdcan.o
                0x08004d78                HAL_FDCAN_TxFifoEmptyCallback
 .text.HAL_FDCAN_HighPriorityMessageCallback
                0x08004d7c        0x4 build/Drivers/STM32G4xx_HAL_Driver/Src/stm32g4xx_hal_fdcan.o
                0x08004d7c                HAL_FDCAN_HighPriorityMessageCallback
 .text.HAL_FDCAN_TimestampWraparoundCallback
                0x08004d80        0x4 build/Drivers/STM32G4xx_HAL_Driver/Src/stm32g4xx_hal_fdcan.o
                0x08004d80                HAL_FDCAN_TimestampWraparoundCallback
 .text.HAL_FDCAN_TimeoutOccurredCallback
                0x08004d84        0x4 build/Drivers/STM32G4xx_HAL_Driver/Src/stm32g4xx_hal_fdcan.o
                0x08004d84                HAL_FDCAN_TimeoutOccurredCallback
 .text.HAL_FDCAN_ErrorCallback
                0x08004d88        0x4 build/Drivers/STM32G4xx_HAL_Driver/Src/stm32g4xx_hal_fdcan.o
                0x08004d88                HAL_FDCAN_ErrorCallback
 .text.HAL_FDCAN_Init
                0x08004d8c      0x30c build/Drivers/STM32G4xx_HAL_Driver/Src/stm32g4xx_hal_fdcan.o
                0x08004d8c                HAL_FDCAN_Init
 .text.HAL_FDCAN_ConfigFilter
                0x08005098       0x58 build/Drivers/STM32G4xx_HAL_Driver/Src/stm32g4xx_hal_fdcan.o
                0x08005098                HAL_FDCAN_ConfigFilter
 .text.HAL_FDCAN_Start
                0x080050f0       0x30 build/Drivers/STM32G4xx_HAL_Driver/Src/stm32g4xx_hal_fdcan.o
                0x080050f0                HAL_FDCAN_Start
 .text.HAL_FDCAN_AddMessageToTxFifoQ
                0x08005120       0xc4 build/Drivers/STM32G4xx_HAL_Driver/Src/stm32g4xx_hal_fdcan.o
                0x08005120                HAL_FDCAN_AddMessageToTxFifoQ
 .text.HAL_FDCAN_GetRxMessage
                0x080051e4      0x134 build/Drivers/STM32G4xx_HAL_Driver/Src/stm32g4xx_hal_fdcan.o
                0x080051e4                HAL_FDCAN_GetRxMessage
 .text.HAL_FDCAN_ActivateNotification
                0x08005318       0xf8 build/Drivers/STM32G4xx_HAL_Driver/Src/stm32g4xx_hal_fdcan.o
                0x08005318                HAL_FDCAN_ActivateNotification
 .text.HAL_FDCAN_IRQHandler
                0x08005410      0x18c build/Drivers/STM32G4xx_HAL_Driver/Src/stm32g4xx_hal_fdcan.o
                0x08005410                HAL_FDCAN_IRQHandler
 .text.HAL_HRTIM_RegistersUpdateCallback
                0x0800559c        0x4 build/Drivers/STM32G4xx_HAL_Driver/Src/stm32g4xx_hal_hrtim.o
                0x0800559c                HAL_HRTIM_RegistersUpdateCallback
 .text.HRTIM_DMAMasterCplt
                0x080055a0       0x68 build/Drivers/STM32G4xx_HAL_Driver/Src/stm32g4xx_hal_hrtim.o
 .text.HRTIM_DMAError
                0x08005608        0x8 build/Drivers/STM32G4xx_HAL_Driver/Src/stm32g4xx_hal_hrtim.o
 .text.HRTIM_DMATimerxCplt
                0x08005610      0x170 build/Drivers/STM32G4xx_HAL_Driver/Src/stm32g4xx_hal_hrtim.o
 .text.HAL_HRTIM_RepetitionEventCallback
                0x08005780        0x4 build/Drivers/STM32G4xx_HAL_Driver/Src/stm32g4xx_hal_hrtim.o
                0x08005780                HAL_HRTIM_RepetitionEventCallback
 .text.HAL_HRTIM_Compare1EventCallback
                0x08005784        0x4 build/Drivers/STM32G4xx_HAL_Driver/Src/stm32g4xx_hal_hrtim.o
                0x08005784                HAL_HRTIM_Compare1EventCallback
 .text.HAL_HRTIM_Compare2EventCallback
                0x08005788        0x4 build/Drivers/STM32G4xx_HAL_Driver/Src/stm32g4xx_hal_hrtim.o
                0x08005788                HAL_HRTIM_Compare2EventCallback
 .text.HAL_HRTIM_Compare3EventCallback
                0x0800578c        0x4 build/Drivers/STM32G4xx_HAL_Driver/Src/stm32g4xx_hal_hrtim.o
                0x0800578c                HAL_HRTIM_Compare3EventCallback
 .text.HAL_HRTIM_Compare4EventCallback
                0x08005790        0x4 build/Drivers/STM32G4xx_HAL_Driver/Src/stm32g4xx_hal_hrtim.o
                0x08005790                HAL_HRTIM_Compare4EventCallback
 .text.HAL_HRTIM_Capture1EventCallback
                0x08005794        0x4 build/Drivers/STM32G4xx_HAL_Driver/Src/stm32g4xx_hal_hrtim.o
                0x08005794                HAL_HRTIM_Capture1EventCallback
 .text.HAL_HRTIM_Capture2EventCallback
                0x08005798        0x4 build/Drivers/STM32G4xx_HAL_Driver/Src/stm32g4xx_hal_hrtim.o
                0x08005798                HAL_HRTIM_Capture2EventCallback
 .text.HAL_HRTIM_DelayedProtectionCallback
                0x0800579c        0x4 build/Drivers/STM32G4xx_HAL_Driver/Src/stm32g4xx_hal_hrtim.o
                0x0800579c                HAL_HRTIM_DelayedProtectionCallback
 .text.HAL_HRTIM_CounterResetCallback
                0x080057a0        0x4 build/Drivers/STM32G4xx_HAL_Driver/Src/stm32g4xx_hal_hrtim.o
                0x080057a0                HAL_HRTIM_CounterResetCallback
 .text.HAL_HRTIM_Output1SetCallback
                0x080057a4        0x4 build/Drivers/STM32G4xx_HAL_Driver/Src/stm32g4xx_hal_hrtim.o
                0x080057a4                HAL_HRTIM_Output1SetCallback
 .text.HAL_HRTIM_Output1ResetCallback
                0x080057a8        0x4 build/Drivers/STM32G4xx_HAL_Driver/Src/stm32g4xx_hal_hrtim.o
                0x080057a8                HAL_HRTIM_Output1ResetCallback
 .text.HAL_HRTIM_Output2SetCallback
                0x080057ac        0x4 build/Drivers/STM32G4xx_HAL_Driver/Src/stm32g4xx_hal_hrtim.o
                0x080057ac                HAL_HRTIM_Output2SetCallback
 .text.HAL_HRTIM_Output2ResetCallback
                0x080057b0        0x4 build/Drivers/STM32G4xx_HAL_Driver/Src/stm32g4xx_hal_hrtim.o
                0x080057b0                HAL_HRTIM_Output2ResetCallback
 .text.HAL_HRTIM_BurstDMATransferCallback
                0x080057b4        0x4 build/Drivers/STM32G4xx_HAL_Driver/Src/stm32g4xx_hal_hrtim.o
                0x080057b4                HAL_HRTIM_BurstDMATransferCallback
 .text.HAL_HRTIM_Fault1Callback
                0x080057b8        0x4 build/Drivers/STM32G4xx_HAL_Driver/Src/stm32g4xx_hal_hrtim.o
                0x080057b8                HAL_HRTIM_Fault1Callback
 .text.HAL_HRTIM_Fault2Callback
                0x080057bc        0x4 build/Drivers/STM32G4xx_HAL_Driver/Src/stm32g4xx_hal_hrtim.o
                0x080057bc                HAL_HRTIM_Fault2Callback
 .text.HAL_HRTIM_Fault3Callback
                0x080057c0        0x4 build/Drivers/STM32G4xx_HAL_Driver/Src/stm32g4xx_hal_hrtim.o
                0x080057c0                HAL_HRTIM_Fault3Callback
 .text.HAL_HRTIM_Fault4Callback
                0x080057c4        0x4 build/Drivers/STM32G4xx_HAL_Driver/Src/stm32g4xx_hal_hrtim.o
                0x080057c4                HAL_HRTIM_Fault4Callback
 .text.HAL_HRTIM_Fault5Callback
                0x080057c8        0x4 build/Drivers/STM32G4xx_HAL_Driver/Src/stm32g4xx_hal_hrtim.o
                0x080057c8                HAL_HRTIM_Fault5Callback
 .text.HAL_HRTIM_Fault6Callback
                0x080057cc        0x4 build/Drivers/STM32G4xx_HAL_Driver/Src/stm32g4xx_hal_hrtim.o
                0x080057cc                HAL_HRTIM_Fault6Callback
 .text.HAL_HRTIM_SystemFaultCallback
                0x080057d0        0x4 build/Drivers/STM32G4xx_HAL_Driver/Src/stm32g4xx_hal_hrtim.o
                0x080057d0                HAL_HRTIM_SystemFaultCallback
 .text.HAL_HRTIM_DLLCalibrationReadyCallback
                0x080057d4        0x4 build/Drivers/STM32G4xx_HAL_Driver/Src/stm32g4xx_hal_hrtim.o
                0x080057d4                HAL_HRTIM_DLLCalibrationReadyCallback
 .text.HAL_HRTIM_BurstModePeriodCallback
                0x080057d8        0x4 build/Drivers/STM32G4xx_HAL_Driver/Src/stm32g4xx_hal_hrtim.o
                0x080057d8                HAL_HRTIM_BurstModePeriodCallback
 .text.HAL_HRTIM_SynchronizationEventCallback
                0x080057dc        0x4 build/Drivers/STM32G4xx_HAL_Driver/Src/stm32g4xx_hal_hrtim.o
                0x080057dc                HAL_HRTIM_SynchronizationEventCallback
 .text.HAL_HRTIM_ErrorCallback
                0x080057e0        0x4 build/Drivers/STM32G4xx_HAL_Driver/Src/stm32g4xx_hal_hrtim.o
                0x080057e0                HAL_HRTIM_ErrorCallback
 .text.HAL_HRTIM_Init
                0x080057e4      0x1e0 build/Drivers/STM32G4xx_HAL_Driver/Src/stm32g4xx_hal_hrtim.o
                0x080057e4                HAL_HRTIM_Init
 .text.HAL_HRTIM_DLLCalibrationStart
                0x080059c4       0x70 build/Drivers/STM32G4xx_HAL_Driver/Src/stm32g4xx_hal_hrtim.o
                0x080059c4                HAL_HRTIM_DLLCalibrationStart
 .text.HAL_HRTIM_PollForDLLCalibration
                0x08005a34       0x58 build/Drivers/STM32G4xx_HAL_Driver/Src/stm32g4xx_hal_hrtim.o
                0x08005a34                HAL_HRTIM_PollForDLLCalibration
 .text.HAL_HRTIM_TimeBaseConfig
                0x08005a8c       0x6c build/Drivers/STM32G4xx_HAL_Driver/Src/stm32g4xx_hal_hrtim.o
                0x08005a8c                HAL_HRTIM_TimeBaseConfig
 .text.HAL_HRTIM_EventConfig
                0x08005af8      0x268 build/Drivers/STM32G4xx_HAL_Driver/Src/stm32g4xx_hal_hrtim.o
                0x08005af8                HAL_HRTIM_EventConfig
 .text.HAL_HRTIM_EventPrescalerConfig
                0x08005d60       0x48 build/Drivers/STM32G4xx_HAL_Driver/Src/stm32g4xx_hal_hrtim.o
                0x08005d60                HAL_HRTIM_EventPrescalerConfig
 .text.HAL_HRTIM_FaultConfig
                0x08005da8      0x1cc build/Drivers/STM32G4xx_HAL_Driver/Src/stm32g4xx_hal_hrtim.o
                0x08005da8                HAL_HRTIM_FaultConfig
 .text.HAL_HRTIM_FaultPrescalerConfig
                0x08005f74       0x44 build/Drivers/STM32G4xx_HAL_Driver/Src/stm32g4xx_hal_hrtim.o
                0x08005f74                HAL_HRTIM_FaultPrescalerConfig
 .text.HAL_HRTIM_FaultBlankingConfigAndEnable
                0x08005fb8      0x118 build/Drivers/STM32G4xx_HAL_Driver/Src/stm32g4xx_hal_hrtim.o
                0x08005fb8                HAL_HRTIM_FaultBlankingConfigAndEnable
 .text.HAL_HRTIM_FaultCounterConfig
                0x080060d0      0x138 build/Drivers/STM32G4xx_HAL_Driver/Src/stm32g4xx_hal_hrtim.o
                0x080060d0                HAL_HRTIM_FaultCounterConfig
 .text.HAL_HRTIM_FaultModeCtl
                0x08006208       0x74 build/Drivers/STM32G4xx_HAL_Driver/Src/stm32g4xx_hal_hrtim.o
                0x08006208                HAL_HRTIM_FaultModeCtl
 .text.HAL_HRTIM_ADCTriggerConfig
                0x0800627c      0x250 build/Drivers/STM32G4xx_HAL_Driver/Src/stm32g4xx_hal_hrtim.o
                0x0800627c                HAL_HRTIM_ADCTriggerConfig
 .text.HAL_HRTIM_ADCPostScalerConfig
                0x080064cc      0x138 build/Drivers/STM32G4xx_HAL_Driver/Src/stm32g4xx_hal_hrtim.o
                0x080064cc                HAL_HRTIM_ADCPostScalerConfig
 .text.HAL_HRTIM_WaveformTimerConfig
                0x08006604      0x2f0 build/Drivers/STM32G4xx_HAL_Driver/Src/stm32g4xx_hal_hrtim.o
                0x08006604                HAL_HRTIM_WaveformTimerConfig
 .text.HAL_HRTIM_WaveformTimerControl
                0x080068f4       0xf4 build/Drivers/STM32G4xx_HAL_Driver/Src/stm32g4xx_hal_hrtim.o
                0x080068f4                HAL_HRTIM_WaveformTimerControl
 .text.HAL_HRTIM_TimerEventFilteringConfig
                0x080069e8      0x1c0 build/Drivers/STM32G4xx_HAL_Driver/Src/stm32g4xx_hal_hrtim.o
                0x080069e8                HAL_HRTIM_TimerEventFilteringConfig
 .text.HAL_HRTIM_DeadTimeConfig
                0x08006ba8       0x9c build/Drivers/STM32G4xx_HAL_Driver/Src/stm32g4xx_hal_hrtim.o
                0x08006ba8                HAL_HRTIM_DeadTimeConfig
 .text.HAL_HRTIM_WaveformCompareConfig
                0x08006c44      0x180 build/Drivers/STM32G4xx_HAL_Driver/Src/stm32g4xx_hal_hrtim.o
                0x08006c44                HAL_HRTIM_WaveformCompareConfig
 .text.HAL_HRTIM_WaveformOutputConfig
                0x08006dc4       0xf0 build/Drivers/STM32G4xx_HAL_Driver/Src/stm32g4xx_hal_hrtim.o
                0x08006dc4                HAL_HRTIM_WaveformOutputConfig
 .text.HAL_HRTIM_WaveformOutputStart
                0x08006eb4       0x34 build/Drivers/STM32G4xx_HAL_Driver/Src/stm32g4xx_hal_hrtim.o
                0x08006eb4                HAL_HRTIM_WaveformOutputStart
 .text.HAL_HRTIM_WaveformOutputStop
                0x08006ee8       0x34 build/Drivers/STM32G4xx_HAL_Driver/Src/stm32g4xx_hal_hrtim.o
                0x08006ee8                HAL_HRTIM_WaveformOutputStop
 .text.HAL_HRTIM_WaveformCountStart
                0x08006f1c       0x30 build/Drivers/STM32G4xx_HAL_Driver/Src/stm32g4xx_hal_hrtim.o
                0x08006f1c                HAL_HRTIM_WaveformCountStart
 .text.HAL_HRTIM_WaveformCountStart_DMA
                0x08006f4c      0x128 build/Drivers/STM32G4xx_HAL_Driver/Src/stm32g4xx_hal_hrtim.o
                0x08006f4c                HAL_HRTIM_WaveformCountStart_DMA
 .text.HAL_HRTIM_IRQHandler
                0x08007074      0x390 build/Drivers/STM32G4xx_HAL_Driver/Src/stm32g4xx_hal_hrtim.o
                0x08007074                HAL_HRTIM_IRQHandler
 .text.HAL_OPAMP_Init
                0x08007404      0x108 build/Drivers/STM32G4xx_HAL_Driver/Src/stm32g4xx_hal_opamp.o
                0x08007404                HAL_OPAMP_Init
 .text.HAL_OPAMP_Start
                0x0800750c       0x30 build/Drivers/STM32G4xx_HAL_Driver/Src/stm32g4xx_hal_opamp.o
                0x0800750c                HAL_OPAMP_Start
 .text.HAL_OPAMP_SelfCalibrate
                0x0800753c      0x154 build/Drivers/STM32G4xx_HAL_Driver/Src/stm32g4xx_hal_opamp.o
                0x0800753c                HAL_OPAMP_SelfCalibrate
 .text.TIM_DMAError
                0x08007690       0x60 build/Drivers/STM32G4xx_HAL_Driver/Src/stm32g4xx_hal_tim.o
                0x08007690                TIM_DMAError
 .text.TIM_DMADelayPulseCplt
                0x080076f0       0x70 build/Drivers/STM32G4xx_HAL_Driver/Src/stm32g4xx_hal_tim.o
 .text.TIM_DMADelayPulseHalfCplt
                0x08007760       0x40 build/Drivers/STM32G4xx_HAL_Driver/Src/stm32g4xx_hal_tim.o
                0x08007760                TIM_DMADelayPulseHalfCplt
 .text.TIM_OC1_SetConfig
                0x080077a0       0x80 build/Drivers/STM32G4xx_HAL_Driver/Src/stm32g4xx_hal_tim.o
 .text.TIM_OC3_SetConfig
                0x08007820       0x88 build/Drivers/STM32G4xx_HAL_Driver/Src/stm32g4xx_hal_tim.o
 .text.TIM_OC4_SetConfig
                0x080078a8       0x88 build/Drivers/STM32G4xx_HAL_Driver/Src/stm32g4xx_hal_tim.o
 .text.HAL_TIM_PWM_MspInit
                0x08007930        0x4 build/Drivers/STM32G4xx_HAL_Driver/Src/stm32g4xx_hal_tim.o
                0x08007930                HAL_TIM_PWM_MspInit
 .text.HAL_TIM_IC_MspInit
                0x08007934        0x4 build/Drivers/STM32G4xx_HAL_Driver/Src/stm32g4xx_hal_tim.o
                0x08007934                HAL_TIM_IC_MspInit
 .text.HAL_TIM_PeriodElapsedCallback
                0x08007938        0x4 build/Drivers/STM32G4xx_HAL_Driver/Src/stm32g4xx_hal_tim.o
                0x08007938                HAL_TIM_PeriodElapsedCallback
 .text.HAL_TIM_PeriodElapsedHalfCpltCallback
                0x0800793c        0x4 build/Drivers/STM32G4xx_HAL_Driver/Src/stm32g4xx_hal_tim.o
                0x0800793c                HAL_TIM_PeriodElapsedHalfCpltCallback
 .text.HAL_TIM_OC_DelayElapsedCallback
                0x08007940        0x4 build/Drivers/STM32G4xx_HAL_Driver/Src/stm32g4xx_hal_tim.o
                0x08007940                HAL_TIM_OC_DelayElapsedCallback
 .text.HAL_TIM_IC_CaptureCallback
                0x08007944        0x4 build/Drivers/STM32G4xx_HAL_Driver/Src/stm32g4xx_hal_tim.o
                0x08007944                HAL_TIM_IC_CaptureCallback
 .text.HAL_TIM_IC_CaptureHalfCpltCallback
                0x08007948        0x4 build/Drivers/STM32G4xx_HAL_Driver/Src/stm32g4xx_hal_tim.o
                0x08007948                HAL_TIM_IC_CaptureHalfCpltCallback
 .text.HAL_TIM_PWM_PulseFinishedCallback
                0x0800794c        0x4 build/Drivers/STM32G4xx_HAL_Driver/Src/stm32g4xx_hal_tim.o
                0x0800794c                HAL_TIM_PWM_PulseFinishedCallback
 .text.HAL_TIM_PWM_PulseFinishedHalfCpltCallback
                0x08007950        0x4 build/Drivers/STM32G4xx_HAL_Driver/Src/stm32g4xx_hal_tim.o
                0x08007950                HAL_TIM_PWM_PulseFinishedHalfCpltCallback
 .text.HAL_TIM_TriggerCallback
                0x08007954        0x4 build/Drivers/STM32G4xx_HAL_Driver/Src/stm32g4xx_hal_tim.o
                0x08007954                HAL_TIM_TriggerCallback
 .text.HAL_TIM_TriggerHalfCpltCallback
                0x08007958        0x4 build/Drivers/STM32G4xx_HAL_Driver/Src/stm32g4xx_hal_tim.o
                0x08007958                HAL_TIM_TriggerHalfCpltCallback
 .text.HAL_TIM_ErrorCallback
                0x0800795c        0x4 build/Drivers/STM32G4xx_HAL_Driver/Src/stm32g4xx_hal_tim.o
                0x0800795c                HAL_TIM_ErrorCallback
 .text.HAL_TIM_Base_Init
                0x08007960      0x1f8 build/Drivers/STM32G4xx_HAL_Driver/Src/stm32g4xx_hal_tim.o
                0x08007960                HAL_TIM_Base_Init
 .text.HAL_TIM_Base_Start
                0x08007b58       0x74 build/Drivers/STM32G4xx_HAL_Driver/Src/stm32g4xx_hal_tim.o
                0x08007b58                HAL_TIM_Base_Start
 .text.HAL_TIM_Base_Start_IT
                0x08007bcc       0x80 build/Drivers/STM32G4xx_HAL_Driver/Src/stm32g4xx_hal_tim.o
                0x08007bcc                HAL_TIM_Base_Start_IT
 .text.HAL_TIM_OC_Start_DMA
                0x08007c4c      0x2b8 build/Drivers/STM32G4xx_HAL_Driver/Src/stm32g4xx_hal_tim.o
                0x08007c4c                HAL_TIM_OC_Start_DMA
 .text.HAL_TIM_PWM_Init
                0x08007f04      0x1f8 build/Drivers/STM32G4xx_HAL_Driver/Src/stm32g4xx_hal_tim.o
                0x08007f04                HAL_TIM_PWM_Init
 .text.HAL_TIM_PWM_Start_DMA
                0x080080fc        0x4 build/Drivers/STM32G4xx_HAL_Driver/Src/stm32g4xx_hal_tim.o
                0x080080fc                HAL_TIM_PWM_Start_DMA
 .text.HAL_TIM_PWM_Stop_DMA
                0x08008100      0x108 build/Drivers/STM32G4xx_HAL_Driver/Src/stm32g4xx_hal_tim.o
                0x08008100                HAL_TIM_PWM_Stop_DMA
 .text.HAL_TIM_IC_Init
                0x08008208      0x1f8 build/Drivers/STM32G4xx_HAL_Driver/Src/stm32g4xx_hal_tim.o
                0x08008208                HAL_TIM_IC_Init
 .text.HAL_TIM_IRQHandler
                0x08008400      0x1ec build/Drivers/STM32G4xx_HAL_Driver/Src/stm32g4xx_hal_tim.o
                0x08008400                HAL_TIM_IRQHandler
 .text.HAL_TIM_IC_ConfigChannel
                0x080085ec      0x194 build/Drivers/STM32G4xx_HAL_Driver/Src/stm32g4xx_hal_tim.o
                0x080085ec                HAL_TIM_IC_ConfigChannel
 .text.HAL_TIM_ConfigClockSource
                0x08008780      0x1b4 build/Drivers/STM32G4xx_HAL_Driver/Src/stm32g4xx_hal_tim.o
                0x08008780                HAL_TIM_ConfigClockSource
 .text.HAL_TIM_RegisterCallback
                0x08008934      0x104 build/Drivers/STM32G4xx_HAL_Driver/Src/stm32g4xx_hal_tim.o
                0x08008934                HAL_TIM_RegisterCallback
 .text.TIM_OC2_SetConfig
                0x08008a38       0x88 build/Drivers/STM32G4xx_HAL_Driver/Src/stm32g4xx_hal_tim.o
                0x08008a38                TIM_OC2_SetConfig
 .text.HAL_TIM_PWM_ConfigChannel
                0x08008ac0      0x1dc build/Drivers/STM32G4xx_HAL_Driver/Src/stm32g4xx_hal_tim.o
                0x08008ac0                HAL_TIM_PWM_ConfigChannel
 .text.HAL_TIMEx_PWMN_Start
                0x08008c9c       0xd0 build/Drivers/STM32G4xx_HAL_Driver/Src/stm32g4xx_hal_tim_ex.o
                0x08008c9c                HAL_TIMEx_PWMN_Start
 .text.HAL_TIMEx_MasterConfigSynchronization
                0x08008d6c       0xb4 build/Drivers/STM32G4xx_HAL_Driver/Src/stm32g4xx_hal_tim_ex.o
                0x08008d6c                HAL_TIMEx_MasterConfigSynchronization
 .text.HAL_TIMEx_ConfigBreakDeadTime
                0x08008e20       0xa4 build/Drivers/STM32G4xx_HAL_Driver/Src/stm32g4xx_hal_tim_ex.o
                0x08008e20                HAL_TIMEx_ConfigBreakDeadTime
 .text.HAL_TIMEx_CommutCallback
                0x08008ec4        0x4 build/Drivers/STM32G4xx_HAL_Driver/Src/stm32g4xx_hal_tim_ex.o
                0x08008ec4                HAL_TIMEx_CommutCallback
 .text.HAL_TIMEx_CommutHalfCpltCallback
                0x08008ec8        0x4 build/Drivers/STM32G4xx_HAL_Driver/Src/stm32g4xx_hal_tim_ex.o
                0x08008ec8                HAL_TIMEx_CommutHalfCpltCallback
 .text.HAL_TIMEx_BreakCallback
                0x08008ecc        0x4 build/Drivers/STM32G4xx_HAL_Driver/Src/stm32g4xx_hal_tim_ex.o
                0x08008ecc                HAL_TIMEx_BreakCallback
 .text.HAL_TIMEx_Break2Callback
                0x08008ed0        0x4 build/Drivers/STM32G4xx_HAL_Driver/Src/stm32g4xx_hal_tim_ex.o
                0x08008ed0                HAL_TIMEx_Break2Callback
 .text.HAL_TIMEx_EncoderIndexCallback
                0x08008ed4        0x4 build/Drivers/STM32G4xx_HAL_Driver/Src/stm32g4xx_hal_tim_ex.o
                0x08008ed4                HAL_TIMEx_EncoderIndexCallback
 .text.HAL_TIMEx_DirectionChangeCallback
                0x08008ed8        0x4 build/Drivers/STM32G4xx_HAL_Driver/Src/stm32g4xx_hal_tim_ex.o
                0x08008ed8                HAL_TIMEx_DirectionChangeCallback
 .text.HAL_TIMEx_IndexErrorCallback
                0x08008edc        0x4 build/Drivers/STM32G4xx_HAL_Driver/Src/stm32g4xx_hal_tim_ex.o
                0x08008edc                HAL_TIMEx_IndexErrorCallback
 .text.HAL_TIMEx_TransitionErrorCallback
                0x08008ee0        0x4 build/Drivers/STM32G4xx_HAL_Driver/Src/stm32g4xx_hal_tim_ex.o
                0x08008ee0                HAL_TIMEx_TransitionErrorCallback
 .text.SystemInit
                0x08008ee4       0x14 build/Core/Src/system_stm32g4xx.o
                0x08008ee4                SystemInit
 .text._ZN7CANcomm4initEv
                0x08008ef8       0x4c build/Core/Src/Communication.o
                0x08008ef8                CANcomm::init()
 .text._ZN7CANcomm10sendSCDataEv
                0x08008f44      0x14c build/Core/Src/Communication.o
                0x08008f44                CANcomm::sendSCData()
 .text._ZN7CANcomm13rxDataHandlerERK6RxData
                0x08009090       0xd8 build/Core/Src/Communication.o
                0x08009090                CANcomm::rxDataHandler(RxData const&)
 .text.FDCAN3_IT0_IRQHandler
                0x08009168       0x68 build/Core/Src/Communication.o
                0x08009168                FDCAN3_IT0_IRQHandler
 .text.startup._GLOBAL__sub_I_rxData
                0x080091d0       0x3c build/Core/Src/Communication.o
 .text._ZN6WS281232PWM_DMA_TransmitFinshed_CallbackEP19__TIM_HandleTypeDef
                0x0800920c       0x20 build/Core/Src/Interface.o
                0x0800920c                WS2812::PWM_DMA_TransmitFinshed_Callback(__TIM_HandleTypeDef*)
 .text._ZN6WS28124initEv
                0x0800922c       0x28 build/Core/Src/Interface.o
                0x0800922c                WS2812::init()
 .text._ZN6WS28126updateEv
                0x08009254       0x7c build/Core/Src/Interface.o
                0x08009254                WS2812::update()
 .text._ZN6WS28125blinkEhm
                0x080092d0       0x28 build/Core/Src/Interface.o
                0x080092d0                WS2812::blink(unsigned char, unsigned long)
 .text._ZN6Buzzer4initEv
                0x080092f8       0x20 build/Core/Src/Interface.o
                0x080092f8                Buzzer::init()
 .text._ZN6Buzzer4playEtt
                0x08009318       0x3c build/Core/Src/Interface.o
                0x08009318                Buzzer::play(unsigned short, unsigned short)
 .text._ZN6Buzzer6updateEv
                0x08009354       0x24 build/Core/Src/Interface.o
                0x08009354                Buzzer::update()
 .text._ZN9Interface17updateButtonStateEv
                0x08009378       0x90 build/Core/Src/Interface.o
                0x08009378                Interface::updateButtonState()
 .text._ZN9Interface20updateBuzzerSequenceEv
                0x08009408      0x1a0 build/Core/Src/Interface.o
                0x08009408                Interface::updateBuzzerSequence()
 .text.startup._GLOBAL__sub_I_interfaceStatus
                0x080095a8       0x10 build/Core/Src/Interface.o
 .text._ZN5HRTIM10startTimerEv
                0x080095b8       0x48 build/Core/Src/PowerManager.o
                0x080095b8                HRTIM::startTimer()
 .text._ZN5HRTIM15disableOutputABEv
                0x08009600       0x2c build/Core/Src/PowerManager.o
                0x08009600                HRTIM::disableOutputAB()
 .text._ZN3ADC10initAnalogEv
                0x0800962c       0x74 build/Core/Src/PowerManager.o
                0x0800962c                ADC::initAnalog()
 .text._ZN3ADC7initADCEv
                0x080096a0       0x54 build/Core/Src/PowerManager.o
                0x080096a0                ADC::initADC()
 .text._ZN3ADC11updateADClfEv
                0x080096f4       0x30 build/Core/Src/PowerManager.o
                0x080096f4                ADC::updateADClf()
 .text._ZN12PowerControl17powerOnOffControlEv
                0x08009724       0xa0 build/Core/Src/PowerManager.o
                0x08009724                PowerControl::powerOnOffControl()
 .text._ZN12PowerControl18updateRefereePowerERK6RxDataRKm
                0x080097c4       0xe4 build/Core/Src/PowerManager.o
                0x080097c4                PowerControl::updateRefereePower(RxData const&, unsigned long const&)
 .text._ZN12PowerControl18checkRxDataTimeoutERKm
                0x080098a8       0x5c build/Core/Src/PowerManager.o
                0x080098a8                PowerControl::checkRxDataTimeout(unsigned long const&)
 .text._ZN10Protection14errorHandlerLFEv
                0x08009904       0xf0 build/Core/Src/PowerManager.o
                0x08009904                Protection::errorHandlerLF()
 .text._ZN10Protection15checkLowBatteryEv
                0x080099f4       0x94 build/Core/Src/PowerManager.o
                0x080099f4                Protection::checkLowBattery()
 .text._ZN10Protection10configAWDGEv
                0x08009a88       0x40 build/Core/Src/PowerManager.o
                0x08009a88                Protection::configAWDG()
 .text._ZN10Protection14autoClearErrorEv
                0x08009ac8       0x50 build/Core/Src/PowerManager.o
                0x08009ac8                Protection::autoClearError()
 .text._ZN10Protection16manualClearErrorEv
                0x08009b18       0x4c build/Core/Src/PowerManager.o
                0x08009b18                Protection::manualClearError()
 .text._ZN6CAPARR19getMaxPowerFeedbackEv
                0x08009b64       0x88 build/Core/Src/PowerManager.o
                0x08009b64                CAPARR::getMaxPowerFeedback()
 .text._ZN6CAPARR16estimateCapacityERKm
                0x08009bec      0x18c build/Core/Src/PowerManager.o
                0x08009bec                CAPARR::estimateCapacity(unsigned long const&)
 .text.HRTIM1_FLT_IRQHandler
                0x08009d78      0x174 build/Core/Src/PowerManager.o
                0x08009d78                HRTIM1_FLT_IRQHandler
 .text.startup._GLOBAL__sub_I_sysData
                0x08009eec       0xc4 build/Core/Src/PowerManager.o
 .text._Z12tickCallbackP19__TIM_HandleTypeDef
                0x08009fb0       0xb0 build/Core/Src/UserTask.o
                0x08009fb0                tickCallback(__TIM_HandleTypeDef*)
 .text._Z4initv
                0x0800a060       0x7c build/Core/Src/UserTask.o
                0x0800a060                init()
 .text.systemStart
                0x0800a0dc       0x2c build/Core/Src/UserTask.o
                0x0800a0dc                systemStart
 .text._ZN15IncreasementPID12computeDeltaEff
                0x0800a108       0x8c build/Core/Src/Utility.o
                0x0800a108                IncreasementPID::computeDelta(float, float)
 .text._ZN15IncreasementPID10resetErrorEv
                0x0800a194        0xc build/Core/Src/Utility.o
                0x0800a194                IncreasementPID::resetError()
 .text._ZN15IncreasementPID9getOutputEv
                0x0800a1a0        0x8 build/Core/Src/Utility.o
                0x0800a1a0                IncreasementPID::getOutput()
 .text.Reset_Handler
                0x0800a1a8       0x50 build/startup_stm32g474xx.o
                0x0800a1a8                Reset_Handler
 .text.Default_Handler
                0x0800a1f8        0x2 build/startup_stm32g474xx.o
                0x0800a1f8                RTC_Alarm_IRQHandler
                0x0800a1f8                EXTI2_IRQHandler
                0x0800a1f8                TIM8_TRG_COM_IRQHandler
                0x0800a1f8                TIM8_CC_IRQHandler
                0x0800a1f8                SPI4_IRQHandler
                0x0800a1f8                TIM1_CC_IRQHandler
                0x0800a1f8                HRTIM1_TIMF_IRQHandler
                0x0800a1f8                USB_HP_IRQHandler
                0x0800a1f8                CORDIC_IRQHandler
                0x0800a1f8                HRTIM1_TIMD_IRQHandler
                0x0800a1f8                DMA2_Channel8_IRQHandler
                0x0800a1f8                EXTI3_IRQHandler
                0x0800a1f8                I2C3_ER_IRQHandler
                0x0800a1f8                EXTI0_IRQHandler
                0x0800a1f8                I2C2_EV_IRQHandler
                0x0800a1f8                FPU_IRQHandler
                0x0800a1f8                FDCAN1_IT1_IRQHandler
                0x0800a1f8                TIM1_UP_TIM16_IRQHandler
                0x0800a1f8                ADC1_2_IRQHandler
                0x0800a1f8                HRTIM1_TIME_IRQHandler
                0x0800a1f8                SPI1_IRQHandler
                0x0800a1f8                HRTIM1_TIMC_IRQHandler
                0x0800a1f8                TIM8_UP_IRQHandler
                0x0800a1f8                DMA2_Channel2_IRQHandler
                0x0800a1f8                DMA1_Channel4_IRQHandler
                0x0800a1f8                USART3_IRQHandler
                0x0800a1f8                DMA1_Channel7_IRQHandler
                0x0800a1f8                UART5_IRQHandler
                0x0800a1f8                ADC3_IRQHandler
                0x0800a1f8                TIM4_IRQHandler
                0x0800a1f8                DMA2_Channel1_IRQHandler
                0x0800a1f8                QUADSPI_IRQHandler
                0x0800a1f8                I2C1_EV_IRQHandler
                0x0800a1f8                DMA1_Channel6_IRQHandler
                0x0800a1f8                UART4_IRQHandler
                0x0800a1f8                DMA2_Channel4_IRQHandler
                0x0800a1f8                TIM3_IRQHandler
                0x0800a1f8                RCC_IRQHandler
                0x0800a1f8                DMA1_Channel1_IRQHandler
                0x0800a1f8                Default_Handler
                0x0800a1f8                DMA2_Channel7_IRQHandler
                0x0800a1f8                RTC_TAMP_LSECSS_IRQHandler
                0x0800a1f8                FMAC_IRQHandler
                0x0800a1f8                EXTI15_10_IRQHandler
                0x0800a1f8                DMA1_Channel8_IRQHandler
                0x0800a1f8                HRTIM1_TIMA_IRQHandler
                0x0800a1f8                TIM7_DAC_IRQHandler
                0x0800a1f8                FDCAN3_IT1_IRQHandler
                0x0800a1f8                TIM5_IRQHandler
                0x0800a1f8                UCPD1_IRQHandler
                0x0800a1f8                I2C3_EV_IRQHandler
                0x0800a1f8                EXTI9_5_IRQHandler
                0x0800a1f8                RTC_WKUP_IRQHandler
                0x0800a1f8                PVD_PVM_IRQHandler
                0x0800a1f8                SPI2_IRQHandler
                0x0800a1f8                ADC5_IRQHandler
                0x0800a1f8                DMA2_Channel5_IRQHandler
                0x0800a1f8                CRS_IRQHandler
                0x0800a1f8                DMA1_Channel5_IRQHandler
                0x0800a1f8                USB_LP_IRQHandler
                0x0800a1f8                EXTI4_IRQHandler
                0x0800a1f8                RNG_IRQHandler
                0x0800a1f8                HRTIM1_TIMB_IRQHandler
                0x0800a1f8                TIM1_TRG_COM_TIM17_IRQHandler
                0x0800a1f8                FDCAN2_IT1_IRQHandler
                0x0800a1f8                DMA1_Channel3_IRQHandler
                0x0800a1f8                ADC4_IRQHandler
                0x0800a1f8                WWDG_IRQHandler
                0x0800a1f8                I2C4_EV_IRQHandler
                0x0800a1f8                FDCAN2_IT0_IRQHandler
                0x0800a1f8                LPUART1_IRQHandler
                0x0800a1f8                DMA2_Channel6_IRQHandler
                0x0800a1f8                FDCAN1_IT0_IRQHandler
                0x0800a1f8                TIM2_IRQHandler
                0x0800a1f8                COMP7_IRQHandler
                0x0800a1f8                COMP1_2_3_IRQHandler
                0x0800a1f8                EXTI1_IRQHandler
                0x0800a1f8                USART2_IRQHandler
                0x0800a1f8                COMP4_5_6_IRQHandler
                0x0800a1f8                TIM20_BRK_IRQHandler
                0x0800a1f8                I2C2_ER_IRQHandler
                0x0800a1f8                DMA1_Channel2_IRQHandler
                0x0800a1f8                TIM8_BRK_IRQHandler
                0x0800a1f8                FLASH_IRQHandler
                0x0800a1f8                TIM20_CC_IRQHandler
                0x0800a1f8                USART1_IRQHandler
                0x0800a1f8                SPI3_IRQHandler
                0x0800a1f8                I2C1_ER_IRQHandler
                0x0800a1f8                FMC_IRQHandler
                0x0800a1f8                LPTIM1_IRQHandler
                0x0800a1f8                DMAMUX_OVR_IRQHandler
                0x0800a1f8                I2C4_ER_IRQHandler
                0x0800a1f8                USBWakeUp_IRQHandler
                0x0800a1f8                SAI1_IRQHandler
                0x0800a1f8                DMA2_Channel3_IRQHandler
                0x0800a1f8                TIM1_BRK_TIM15_IRQHandler
 *(.glue_7)
 .glue_7        0x0800a1fa        0x0 linker stubs
 *(.glue_7t)
 .glue_7t       0x0800a1fa        0x0 linker stubs
 *(.eh_frame)
 *fill*         0x0800a1fa        0x2 
 .eh_frame      0x0800a1fc        0x0 /usr/lib/gcc/arm-none-eabi/14.2.1/thumb/v7e-m+fp/hard/crtbegin.o
 *(.init)
 .init          0x0800a1fc        0x4 /usr/lib/gcc/arm-none-eabi/14.2.1/thumb/v7e-m+fp/hard/crti.o
                0x0800a1fc                _init
 .init          0x0800a200        0x8 /usr/lib/gcc/arm-none-eabi/14.2.1/thumb/v7e-m+fp/hard/crtn.o
 *(.fini)
 .fini          0x0800a208        0x4 /usr/lib/gcc/arm-none-eabi/14.2.1/thumb/v7e-m+fp/hard/crti.o
                0x0800a208                _fini
 .fini          0x0800a20c        0x8 /usr/lib/gcc/arm-none-eabi/14.2.1/thumb/v7e-m+fp/hard/crtn.o
                0x0800a214                        . = ALIGN (0x4)
                0x0800a214                        _etext = .

.vfp11_veneer   0x0800a214        0x0
 .vfp11_veneer  0x0800a214        0x0 linker stubs

.v4_bx          0x0800a214        0x0
 .v4_bx         0x0800a214        0x0 linker stubs

.iplt           0x0800a214        0x0
 .iplt          0x0800a214        0x0 /usr/lib/gcc/arm-none-eabi/14.2.1/thumb/v7e-m+fp/hard/crtbegin.o

.code_in_ram    0x0800a214      0x960
 .code_in_ram   0x0800a214      0x960 build/Core/Src/PowerManager.o
                0x0800a214                HRTIM::modeStateMachine()
                0x0800a41c                ADC::updateADCmf()
                0x0800a5ec                PowerControl::updateMFLoop()
                0x0800a800                Protection::checkShortCircuit()
                0x0800a910                Protection::checkEfficiency()
                0x0800a97c                CAPARR::updateMaxCurrent()
                0x0800a9fc                HRTIM1_Master_IRQHandler

.rodata         0x0800ab74      0x258
                0x0800ab74                        . = ALIGN (0x4)
 *(.rodata)
 *(.rodata*)
 .rodata.DLCtoBytes
                0x0800ab74       0x10 build/Drivers/STM32G4xx_HAL_Driver/Src/stm32g4xx_hal_fdcan.o
 .rodata.TimerIdxToTimerId
                0x0800ab84       0x1c build/Drivers/STM32G4xx_HAL_Driver/Src/stm32g4xx_hal_hrtim.o
 .rodata.AHBPrescTable
                0x0800aba0       0x10 build/Core/Src/system_stm32g4xx.o
                0x0800aba0                AHBPrescTable
 .rodata._ZL19buzzerWS_LowBattery
                0x0800abb0       0x3c build/Core/Src/Interface.o
 .rodata._ZL13buzzerWS_OVPB
                0x0800abec       0x3c build/Core/Src/Interface.o
 .rodata._ZL13buzzerWS_OVPA
                0x0800ac28       0x3c build/Core/Src/Interface.o
 .rodata._ZL13buzzerWS_OCPR
                0x0800ac64       0x3c build/Core/Src/Interface.o
 .rodata._ZL13buzzerWS_OCPB
                0x0800aca0       0x3c build/Core/Src/Interface.o
 .rodata._ZL13buzzerWS_OCPA
                0x0800acdc       0x3c build/Core/Src/Interface.o
 .rodata._ZL13buzzerWS_SCPB
                0x0800ad18       0x3c build/Core/Src/Interface.o
 .rodata._ZL13buzzerWS_SCPA
                0x0800ad54       0x3c build/Core/Src/Interface.o
 .rodata._ZL22buzzerWS_Unrecoverable
                0x0800ad90       0x3c build/Core/Src/Interface.o
                0x0800adcc                        . = ALIGN (0x4)

.ARM.extab      0x0800adcc        0x0
                0x0800adcc                        . = ALIGN (0x4)
 *(.ARM.extab* .gnu.linkonce.armextab.*)
                0x0800adcc                        . = ALIGN (0x4)

.ARM            0x0800adcc        0x0
                0x0800adcc                        . = ALIGN (0x4)
                0x0800adcc                        __exidx_start = .
 *(.ARM.exidx*)
                0x0800adcc                        __exidx_end = .
                0x0800adcc                        . = ALIGN (0x4)

.preinit_array  0x0800adcc        0x0
                0x0800adcc                        . = ALIGN (0x4)
                0x0800adcc                        PROVIDE (__preinit_array_start = .)
 *(.preinit_array*)
                0x0800adcc                        PROVIDE (__preinit_array_end = .)
                0x0800adcc                        . = ALIGN (0x4)

.init_array     0x0800adcc       0x10
                0x0800adcc                        . = ALIGN (0x4)
                0x0800adcc                        PROVIDE (__init_array_start = .)
 *(SORT_BY_NAME(.init_array.*))
 *(.init_array*)
 .init_array    0x0800adcc        0x4 /usr/lib/gcc/arm-none-eabi/14.2.1/thumb/v7e-m+fp/hard/crtbegin.o
 .init_array    0x0800add0        0x4 build/Core/Src/Communication.o
 .init_array    0x0800add4        0x4 build/Core/Src/Interface.o
 .init_array    0x0800add8        0x4 build/Core/Src/PowerManager.o
                0x0800addc                        PROVIDE (__init_array_end = .)
                0x0800addc                        . = ALIGN (0x4)

.fini_array     0x0800addc        0x4
                0x0800addc                        . = ALIGN (0x4)
                0x0800addc                        PROVIDE (__fini_array_start = .)
 *(SORT_BY_NAME(.fini_array.*))
 *(.fini_array*)
 .fini_array    0x0800addc        0x4 /usr/lib/gcc/arm-none-eabi/14.2.1/thumb/v7e-m+fp/hard/crtbegin.o
                0x0800ade0                        PROVIDE (__fini_array_end = .)
                0x0800ade0                        . = ALIGN (0x4)
                0x0800ade0                        _sidata = LOADADDR (.data)

.rel.dyn        0x0800ade0        0x0
 .rel.iplt      0x0800ade0        0x0 /usr/lib/gcc/arm-none-eabi/14.2.1/thumb/v7e-m+fp/hard/crtbegin.o

.data           0x20000000       0x5c load address 0x0800ade0
                0x20000000                        . = ALIGN (0x4)
                0x20000000                        _sdata = .
 *(.data)
 *(.data*)
 .data.uwTickFreq
                0x20000000        0x4 build/Drivers/STM32G4xx_HAL_Driver/Src/stm32g4xx_hal.o
                0x20000000                uwTickFreq
 .data.uwTickPrio
                0x20000004        0x4 build/Drivers/STM32G4xx_HAL_Driver/Src/stm32g4xx_hal.o
                0x20000004                uwTickPrio
 .data.SystemCoreClock
                0x20000008        0x4 build/Core/Src/system_stm32g4xx.o
                0x20000008                SystemCoreClock
 .data.psData   0x2000000c       0x28 build/Core/Src/PowerManager.o
                0x2000000c                psData
 .data.capStatus
                0x20000034       0x28 build/Core/Src/PowerManager.o
                0x20000034                capStatus
 *(.RamFunc)
 *(.RamFunc*)
                0x2000005c                        . = ALIGN (0x4)
                0x2000005c                        _edata = .

.tm_clone_table
                0x2000005c        0x0 load address 0x0800ae3c
 .tm_clone_table
                0x2000005c        0x0 /usr/lib/gcc/arm-none-eabi/14.2.1/thumb/v7e-m+fp/hard/crtbegin.o
 .tm_clone_table
                0x2000005c        0x0 /usr/lib/gcc/arm-none-eabi/14.2.1/thumb/v7e-m+fp/hard/crtend.o

.igot.plt       0x2000005c        0x0 load address 0x0800ae3c
 .igot.plt      0x2000005c        0x0 /usr/lib/gcc/arm-none-eabi/14.2.1/thumb/v7e-m+fp/hard/crtbegin.o
                0x2000005c                        . = ALIGN (0x4)

.bss            0x20000060      0xfb8 load address 0x0800ae3c
                0x20000060                        _sbss = .
                0x20000060                        __bss_start__ = _sbss
 *(.bss)
 .bss           0x20000060       0x1c /usr/lib/gcc/arm-none-eabi/14.2.1/thumb/v7e-m+fp/hard/crtbegin.o
 *(.bss*)
 .bss.HAL_RCC_ADC12_CLK_ENABLED
                0x2000007c        0x4 build/Core/Src/adc.o
 .bss.hdma_adc4
                0x20000080       0x60 build/Core/Src/adc.o
                0x20000080                hdma_adc4
 .bss.hdma_adc1
                0x200000e0       0x60 build/Core/Src/adc.o
                0x200000e0                hdma_adc1
 .bss.hadc4     0x20000140       0x6c build/Core/Src/adc.o
                0x20000140                hadc4
 .bss.hadc2     0x200001ac       0x6c build/Core/Src/adc.o
                0x200001ac                hadc2
 .bss.hadc1     0x20000218       0x6c build/Core/Src/adc.o
                0x20000218                hadc1
 .bss.hfdcan3   0x20000284       0x98 build/Core/Src/fdcan.o
                0x20000284                hfdcan3
 .bss.hdma_tim2_ch3
                0x2000031c       0x60 build/Core/Src/tim.o
                0x2000031c                hdma_tim2_ch3
 *fill*         0x2000037c        0x4 
 .bss.htim20    0x20000380       0xcc build/Core/Src/tim.o
                0x20000380                htim20
 *fill*         0x2000044c        0x4 
 .bss.htim16    0x20000450       0xcc build/Core/Src/tim.o
                0x20000450                htim16
 *fill*         0x2000051c        0x4 
 .bss.htim6     0x20000520       0xcc build/Core/Src/tim.o
                0x20000520                htim6
 *fill*         0x200005ec        0x4 
 .bss.htim5     0x200005f0       0xcc build/Core/Src/tim.o
                0x200005f0                htim5
 *fill*         0x200006bc        0x4 
 .bss.htim3     0x200006c0       0xcc build/Core/Src/tim.o
                0x200006c0                htim3
 .bss.htim2     0x2000078c       0xcc build/Core/Src/tim.o
                0x2000078c                htim2
 .bss.htim1     0x20000858       0xcc build/Core/Src/tim.o
                0x20000858                htim1
 *fill*         0x20000924        0x4 
 .bss.hdma_hrtim1_e
                0x20000928       0x60 build/Core/Src/hrtim.o
                0x20000928                hdma_hrtim1_e
 .bss.hhrtim1   0x20000988      0x16c build/Core/Src/hrtim.o
                0x20000988                hhrtim1
 .bss.timerE_Duty_DMA_Buffer
                0x20000af4       0x10 build/Core/Src/hrtim.o
                0x20000af4                timerE_Duty_DMA_Buffer
 *fill*         0x20000b04        0x4 
 .bss.hcomp6    0x20000b08       0x24 build/Core/Src/comp.o
                0x20000b08                hcomp6
 *fill*         0x20000b2c        0x4 
 .bss.hcomp3    0x20000b30       0x24 build/Core/Src/comp.o
                0x20000b30                hcomp3
 *fill*         0x20000b54        0x4 
 .bss.hcomp2    0x20000b58       0x24 build/Core/Src/comp.o
                0x20000b58                hcomp2
 *fill*         0x20000b7c        0x4 
 .bss.hopamp4   0x20000b80       0x3c build/Core/Src/opamp.o
                0x20000b80                hopamp4
 *fill*         0x20000bbc        0x4 
 .bss.hopamp3   0x20000bc0       0x3c build/Core/Src/opamp.o
                0x20000bc0                hopamp3
 *fill*         0x20000bfc        0x4 
 .bss.hopamp2   0x20000c00       0x3c build/Core/Src/opamp.o
                0x20000c00                hopamp2
 *fill*         0x20000c3c        0x4 
 .bss.hopamp1   0x20000c40       0x3c build/Core/Src/opamp.o
                0x20000c40                hopamp1
 .bss.hdac1     0x20000c7c       0x14 build/Core/Src/dac.o
                0x20000c7c                hdac1
 .bss.uwTick    0x20000c90        0x4 build/Drivers/STM32G4xx_HAL_Driver/Src/stm32g4xx_hal.o
                0x20000c90                uwTick
 .bss._ZN7CANcommL8rxHeaderE
                0x20000c94       0x28 build/Core/Src/Communication.o
 *fill*         0x20000cbc        0x4 
 .bss._ZN7CANcommL11txHeaderNewE
                0x20000cc0       0x24 build/Core/Src/Communication.o
 *fill*         0x20000ce4        0x4 
 .bss._ZN7CANcommL8txHeaderE
                0x20000ce8       0x24 build/Core/Src/Communication.o
 .bss.txDataNew
                0x20000d0c        0x8 build/Core/Src/Communication.o
                0x20000d0c                txDataNew
 .bss.txData    0x20000d14        0x8 build/Core/Src/Communication.o
                0x20000d14                txData
 .bss.rxData1   0x20000d1c        0x8 build/Core/Src/Communication.o
                0x20000d1c                rxData1
 .bss.rxData    0x20000d24        0x8 build/Core/Src/Communication.o
                0x20000d24                rxData
 .bss._ZN6Buzzer8stopTimeE
                0x20000d2c        0x4 build/Core/Src/Interface.o
                0x20000d2c                Buzzer::stopTime
 .bss._ZN6WS2812L10CCRDMABuffE
                0x20000d30      0x124 build/Core/Src/Interface.o
 .bss._ZN6WS2812L13ws2812_isInitE
                0x20000e54        0x4 build/Core/Src/Interface.o
 .bss._ZN6WS2812L9rgbStatusE
                0x20000e58        0xb build/Core/Src/Interface.o
 *fill*         0x20000e63        0x1 
 .bss.interfaceStatus
                0x20000e64       0x42 build/Core/Src/Interface.o
                0x20000e64                interfaceStatus
 *fill*         0x20000ea6        0x2 
 .bss.errorData
                0x20000ea8       0x1c build/Core/Src/PowerManager.o
                0x20000ea8                errorData
 .bss.mfLoop    0x20000ec4       0x58 build/Core/Src/PowerManager.o
                0x20000ec4                mfLoop
 .bss.ctrlData  0x20000f1c       0x34 build/Core/Src/PowerManager.o
                0x20000f1c                ctrlData
 .bss.adcData   0x20000f50       0xac build/Core/Src/PowerManager.o
                0x20000f50                adcData
 .bss.sysData   0x20000ffc       0x1c build/Core/Src/PowerManager.o
                0x20000ffc                sysData
 *(COMMON)
                0x20001018                        . = ALIGN (0x4)
                0x20001018                        _ebss = .
                0x20001018                        __bss_end__ = _ebss

._user_heap_stack
                0x20001018      0x600 load address 0x0800ae3c
                0x20001018                        . = ALIGN (0x8)
                [!provide]                        PROVIDE (end = .)
                0x20001018                        PROVIDE (_end = .)
                0x20001218                        . = (. + _Min_Heap_Size)
 *fill*         0x20001018      0x200 
                0x20001618                        . = (. + _Min_Stack_Size)
 *fill*         0x20001218      0x400 
                0x20001618                        . = ALIGN (0x8)

/DISCARD/
 libc.a(*)
 libm.a(*)
 libgcc.a(*)
OUTPUT(build/RM2025-PowerControlBoard.elf elf32-littlearm)
LOAD linker stubs
LOAD /usr/lib/gcc/arm-none-eabi/14.2.1/../../../arm-none-eabi/lib/thumb/v7e-m+fp/hard/libc.a
LOAD /usr/lib/gcc/arm-none-eabi/14.2.1/../../../arm-none-eabi/lib/thumb/v7e-m+fp/hard/libm.a
LOAD /usr/lib/gcc/arm-none-eabi/14.2.1/thumb/v7e-m+fp/hard/libgcc.a

.ARM.attributes
                0x00000000       0x30
 .ARM.attributes
                0x00000000       0x22 /usr/lib/gcc/arm-none-eabi/14.2.1/thumb/v7e-m+fp/hard/crti.o
 .ARM.attributes
                0x00000022       0x34 /usr/lib/gcc/arm-none-eabi/14.2.1/thumb/v7e-m+fp/hard/crtbegin.o
 .ARM.attributes
                0x00000056       0x30 build/Core/Src/main.o
 .ARM.attributes
                0x00000086       0x30 build/Core/Src/gpio.o
 .ARM.attributes
                0x000000b6       0x30 build/Core/Src/adc.o
 .ARM.attributes
                0x000000e6       0x30 build/Core/Src/fdcan.o
 .ARM.attributes
                0x00000116       0x30 build/Core/Src/tim.o
 .ARM.attributes
                0x00000146       0x30 build/Core/Src/stm32g4xx_it.o
 .ARM.attributes
                0x00000176       0x30 build/Core/Src/stm32g4xx_hal_msp.o
 .ARM.attributes
                0x000001a6       0x30 build/Core/Src/hrtim.o
 .ARM.attributes
                0x000001d6       0x30 build/Core/Src/dma.o
 .ARM.attributes
                0x00000206       0x30 build/Core/Src/comp.o
 .ARM.attributes
                0x00000236       0x30 build/Core/Src/opamp.o
 .ARM.attributes
                0x00000266       0x30 build/Core/Src/dac.o
 .ARM.attributes
                0x00000296       0x30 build/Drivers/STM32G4xx_HAL_Driver/Src/stm32g4xx_hal_adc.o
 .ARM.attributes
                0x000002c6       0x30 build/Drivers/STM32G4xx_HAL_Driver/Src/stm32g4xx_hal_adc_ex.o
 .ARM.attributes
                0x000002f6       0x30 build/Drivers/STM32G4xx_HAL_Driver/Src/stm32g4xx_hal.o
 .ARM.attributes
                0x00000326       0x30 build/Drivers/STM32G4xx_HAL_Driver/Src/stm32g4xx_hal_rcc.o
 .ARM.attributes
                0x00000356       0x30 build/Drivers/STM32G4xx_HAL_Driver/Src/stm32g4xx_hal_rcc_ex.o
 .ARM.attributes
                0x00000386       0x30 build/Drivers/STM32G4xx_HAL_Driver/Src/stm32g4xx_hal_gpio.o
 .ARM.attributes
                0x000003b6       0x30 build/Drivers/STM32G4xx_HAL_Driver/Src/stm32g4xx_hal_dma.o
 .ARM.attributes
                0x000003e6       0x30 build/Drivers/STM32G4xx_HAL_Driver/Src/stm32g4xx_hal_pwr_ex.o
 .ARM.attributes
                0x00000416       0x30 build/Drivers/STM32G4xx_HAL_Driver/Src/stm32g4xx_hal_cortex.o
 .ARM.attributes
                0x00000446       0x30 build/Drivers/STM32G4xx_HAL_Driver/Src/stm32g4xx_hal_comp.o
 .ARM.attributes
                0x00000476       0x30 build/Drivers/STM32G4xx_HAL_Driver/Src/stm32g4xx_hal_dac.o
 .ARM.attributes
                0x000004a6       0x30 build/Drivers/STM32G4xx_HAL_Driver/Src/stm32g4xx_hal_dac_ex.o
 .ARM.attributes
                0x000004d6       0x30 build/Drivers/STM32G4xx_HAL_Driver/Src/stm32g4xx_hal_fdcan.o
 .ARM.attributes
                0x00000506       0x30 build/Drivers/STM32G4xx_HAL_Driver/Src/stm32g4xx_hal_hrtim.o
 .ARM.attributes
                0x00000536       0x30 build/Drivers/STM32G4xx_HAL_Driver/Src/stm32g4xx_hal_opamp.o
 .ARM.attributes
                0x00000566       0x30 build/Drivers/STM32G4xx_HAL_Driver/Src/stm32g4xx_hal_tim.o
 .ARM.attributes
                0x00000596       0x30 build/Drivers/STM32G4xx_HAL_Driver/Src/stm32g4xx_hal_tim_ex.o
 .ARM.attributes
                0x000005c6       0x30 build/Core/Src/system_stm32g4xx.o
 .ARM.attributes
                0x000005f6       0x30 build/Core/Src/Communication.o
 .ARM.attributes
                0x00000626       0x30 build/Core/Src/Interface.o
 .ARM.attributes
                0x00000656       0x30 build/Core/Src/PowerManager.o
 .ARM.attributes
                0x00000686       0x30 build/Core/Src/UserTask.o
 .ARM.attributes
                0x000006b6       0x30 build/Core/Src/Utility.o
 .ARM.attributes
                0x000006e6       0x21 build/startup_stm32g474xx.o
 .ARM.attributes
                0x00000707       0x34 /usr/lib/gcc/arm-none-eabi/14.2.1/../../../arm-none-eabi/lib/thumb/v7e-m+fp/hard/libc_nano.a(libc_a-init.o)
 .ARM.attributes
                0x0000073b       0x34 /usr/lib/gcc/arm-none-eabi/14.2.1/../../../arm-none-eabi/lib/thumb/v7e-m+fp/hard/libc_nano.a(libc_a-memset.o)
 .ARM.attributes
                0x0000076f       0x34 /usr/lib/gcc/arm-none-eabi/14.2.1/thumb/v7e-m+fp/hard/crtend.o
 .ARM.attributes
                0x000007a3       0x22 /usr/lib/gcc/arm-none-eabi/14.2.1/thumb/v7e-m+fp/hard/crtn.o

.comment        0x00000000       0x4c
 .comment       0x00000000       0x4c /usr/lib/gcc/arm-none-eabi/14.2.1/thumb/v7e-m+fp/hard/crtbegin.o
                                 0x27 (size before relaxing)
 .comment       0x0000004c       0x27 build/Core/Src/main.o
 .comment       0x0000004c       0x27 build/Core/Src/gpio.o
 .comment       0x0000004c       0x27 build/Core/Src/adc.o
 .comment       0x0000004c       0x27 build/Core/Src/fdcan.o
 .comment       0x0000004c       0x27 build/Core/Src/tim.o
 .comment       0x0000004c       0x27 build/Core/Src/stm32g4xx_it.o
 .comment       0x0000004c       0x27 build/Core/Src/stm32g4xx_hal_msp.o
 .comment       0x0000004c       0x27 build/Core/Src/hrtim.o
 .comment       0x0000004c       0x27 build/Core/Src/dma.o
 .comment       0x0000004c       0x27 build/Core/Src/comp.o
 .comment       0x0000004c       0x27 build/Core/Src/opamp.o
 .comment       0x0000004c       0x27 build/Core/Src/dac.o
 .comment       0x0000004c       0x27 build/Drivers/STM32G4xx_HAL_Driver/Src/stm32g4xx_hal_adc.o
 .comment       0x0000004c       0x27 build/Drivers/STM32G4xx_HAL_Driver/Src/stm32g4xx_hal_adc_ex.o
 .comment       0x0000004c       0x27 build/Drivers/STM32G4xx_HAL_Driver/Src/stm32g4xx_hal.o
 .comment       0x0000004c       0x27 build/Drivers/STM32G4xx_HAL_Driver/Src/stm32g4xx_hal_rcc.o
 .comment       0x0000004c       0x27 build/Drivers/STM32G4xx_HAL_Driver/Src/stm32g4xx_hal_rcc_ex.o
 .comment       0x0000004c       0x27 build/Drivers/STM32G4xx_HAL_Driver/Src/stm32g4xx_hal_gpio.o
 .comment       0x0000004c       0x27 build/Drivers/STM32G4xx_HAL_Driver/Src/stm32g4xx_hal_dma.o
 .comment       0x0000004c       0x27 build/Drivers/STM32G4xx_HAL_Driver/Src/stm32g4xx_hal_pwr_ex.o
 .comment       0x0000004c       0x27 build/Drivers/STM32G4xx_HAL_Driver/Src/stm32g4xx_hal_cortex.o
 .comment       0x0000004c       0x27 build/Drivers/STM32G4xx_HAL_Driver/Src/stm32g4xx_hal_comp.o
 .comment       0x0000004c       0x27 build/Drivers/STM32G4xx_HAL_Driver/Src/stm32g4xx_hal_dac.o
 .comment       0x0000004c       0x27 build/Drivers/STM32G4xx_HAL_Driver/Src/stm32g4xx_hal_dac_ex.o
 .comment       0x0000004c       0x27 build/Drivers/STM32G4xx_HAL_Driver/Src/stm32g4xx_hal_fdcan.o
 .comment       0x0000004c       0x27 build/Drivers/STM32G4xx_HAL_Driver/Src/stm32g4xx_hal_hrtim.o
 .comment       0x0000004c       0x27 build/Drivers/STM32G4xx_HAL_Driver/Src/stm32g4xx_hal_opamp.o
 .comment       0x0000004c       0x27 build/Drivers/STM32G4xx_HAL_Driver/Src/stm32g4xx_hal_tim.o
 .comment       0x0000004c       0x27 build/Drivers/STM32G4xx_HAL_Driver/Src/stm32g4xx_hal_tim_ex.o
 .comment       0x0000004c       0x27 build/Core/Src/system_stm32g4xx.o
 .comment       0x0000004c       0x27 build/Core/Src/Communication.o
 .comment       0x0000004c       0x27 build/Core/Src/Interface.o
 .comment       0x0000004c       0x27 build/Core/Src/PowerManager.o
 .comment       0x0000004c       0x27 build/Core/Src/UserTask.o
 .comment       0x0000004c       0x27 build/Core/Src/Utility.o
 .comment       0x0000004c       0x27 /usr/lib/gcc/arm-none-eabi/14.2.1/../../../arm-none-eabi/lib/thumb/v7e-m+fp/hard/libc_nano.a(libc_a-init.o)
 .comment       0x0000004c       0x27 /usr/lib/gcc/arm-none-eabi/14.2.1/../../../arm-none-eabi/lib/thumb/v7e-m+fp/hard/libc_nano.a(libc_a-memset.o)
 .comment       0x0000004c       0x27 /usr/lib/gcc/arm-none-eabi/14.2.1/thumb/v7e-m+fp/hard/crtend.o

.debug_info     0x00000000    0x39736
 .debug_info    0x00000000      0x551 build/Core/Src/main.o
 .debug_info    0x00000551      0x577 build/Core/Src/gpio.o
 .debug_info    0x00000ac8     0x1731 build/Core/Src/adc.o
 .debug_info    0x000021f9     0x1049 build/Core/Src/fdcan.o
 .debug_info    0x00003242     0x1d54 build/Core/Src/tim.o
 .debug_info    0x00004f96      0xd2c build/Core/Src/stm32g4xx_it.o
 .debug_info    0x00005cc2      0x3bc build/Core/Src/stm32g4xx_hal_msp.o
 .debug_info    0x0000607e     0x2ca6 build/Core/Src/hrtim.o
 .debug_info    0x00008d24      0x331 build/Core/Src/dma.o
 .debug_info    0x00009055      0x8ff build/Core/Src/comp.o
 .debug_info    0x00009954      0x9fd build/Core/Src/opamp.o
 .debug_info    0x0000a351     0x1072 build/Core/Src/dac.o
 .debug_info    0x0000b3c3     0x379c build/Drivers/STM32G4xx_HAL_Driver/Src/stm32g4xx_hal_adc.o
 .debug_info    0x0000eb5f     0x2f8d build/Drivers/STM32G4xx_HAL_Driver/Src/stm32g4xx_hal_adc_ex.o
 .debug_info    0x00011aec      0xcd8 build/Drivers/STM32G4xx_HAL_Driver/Src/stm32g4xx_hal.o
 .debug_info    0x000127c4      0xf9c build/Drivers/STM32G4xx_HAL_Driver/Src/stm32g4xx_hal_rcc.o
 .debug_info    0x00013760      0xe4e build/Drivers/STM32G4xx_HAL_Driver/Src/stm32g4xx_hal_rcc_ex.o
 .debug_info    0x000145ae      0x853 build/Drivers/STM32G4xx_HAL_Driver/Src/stm32g4xx_hal_gpio.o
 .debug_info    0x00014e01      0xaf9 build/Drivers/STM32G4xx_HAL_Driver/Src/stm32g4xx_hal_dma.o
 .debug_info    0x000158fa      0x9d7 build/Drivers/STM32G4xx_HAL_Driver/Src/stm32g4xx_hal_pwr_ex.o
 .debug_info    0x000162d1     0x117d build/Drivers/STM32G4xx_HAL_Driver/Src/stm32g4xx_hal_cortex.o
 .debug_info    0x0001744e      0xbcc build/Drivers/STM32G4xx_HAL_Driver/Src/stm32g4xx_hal_comp.o
 .debug_info    0x0001801a      0xeb2 build/Drivers/STM32G4xx_HAL_Driver/Src/stm32g4xx_hal_dac.o
 .debug_info    0x00018ecc      0xf6f build/Drivers/STM32G4xx_HAL_Driver/Src/stm32g4xx_hal_dac_ex.o
 .debug_info    0x00019e3b     0x231e build/Drivers/STM32G4xx_HAL_Driver/Src/stm32g4xx_hal_fdcan.o
 .debug_info    0x0001c159     0x5925 build/Drivers/STM32G4xx_HAL_Driver/Src/stm32g4xx_hal_hrtim.o
 .debug_info    0x00021a7e      0x8e1 build/Drivers/STM32G4xx_HAL_Driver/Src/stm32g4xx_hal_opamp.o
 .debug_info    0x0002235f     0x55c7 build/Drivers/STM32G4xx_HAL_Driver/Src/stm32g4xx_hal_tim.o
 .debug_info    0x00027926     0x2883 build/Drivers/STM32G4xx_HAL_Driver/Src/stm32g4xx_hal_tim_ex.o
 .debug_info    0x0002a1a9      0x5a0 build/Core/Src/system_stm32g4xx.o
 .debug_info    0x0002a749     0x3069 build/Core/Src/Communication.o
 .debug_info    0x0002d7b2     0x3005 build/Core/Src/Interface.o
 .debug_info    0x000307b7     0x55f9 build/Core/Src/PowerManager.o
 .debug_info    0x00035db0     0x33a2 build/Core/Src/UserTask.o
 .debug_info    0x00039152      0x375 build/Core/Src/Utility.o
 .debug_info    0x000394c7       0x2f build/startup_stm32g474xx.o
 .debug_info    0x000394f6      0x10b /usr/lib/gcc/arm-none-eabi/14.2.1/../../../arm-none-eabi/lib/thumb/v7e-m+fp/hard/libc_nano.a(libc_a-init.o)
 .debug_info    0x00039601      0x135 /usr/lib/gcc/arm-none-eabi/14.2.1/../../../arm-none-eabi/lib/thumb/v7e-m+fp/hard/libc_nano.a(libc_a-memset.o)

.debug_abbrev   0x00000000     0x63eb
 .debug_abbrev  0x00000000      0x1c7 build/Core/Src/main.o
 .debug_abbrev  0x000001c7      0x16a build/Core/Src/gpio.o
 .debug_abbrev  0x00000331      0x263 build/Core/Src/adc.o
 .debug_abbrev  0x00000594      0x211 build/Core/Src/fdcan.o
 .debug_abbrev  0x000007a5      0x2da build/Core/Src/tim.o
 .debug_abbrev  0x00000a7f      0x225 build/Core/Src/stm32g4xx_it.o
 .debug_abbrev  0x00000ca4      0x149 build/Core/Src/stm32g4xx_hal_msp.o
 .debug_abbrev  0x00000ded      0x2ae build/Core/Src/hrtim.o
 .debug_abbrev  0x0000109b       0xcb build/Core/Src/dma.o
 .debug_abbrev  0x00001166      0x212 build/Core/Src/comp.o
 .debug_abbrev  0x00001378      0x212 build/Core/Src/opamp.o
 .debug_abbrev  0x0000158a      0x21c build/Core/Src/dac.o
 .debug_abbrev  0x000017a6      0x358 build/Drivers/STM32G4xx_HAL_Driver/Src/stm32g4xx_hal_adc.o
 .debug_abbrev  0x00001afe      0x3bd build/Drivers/STM32G4xx_HAL_Driver/Src/stm32g4xx_hal_adc_ex.o
 .debug_abbrev  0x00001ebb      0x2dc build/Drivers/STM32G4xx_HAL_Driver/Src/stm32g4xx_hal.o
 .debug_abbrev  0x00002197      0x349 build/Drivers/STM32G4xx_HAL_Driver/Src/stm32g4xx_hal_rcc.o
 .debug_abbrev  0x000024e0      0x2c2 build/Drivers/STM32G4xx_HAL_Driver/Src/stm32g4xx_hal_rcc_ex.o
 .debug_abbrev  0x000027a2      0x1fb build/Drivers/STM32G4xx_HAL_Driver/Src/stm32g4xx_hal_gpio.o
 .debug_abbrev  0x0000299d      0x2a6 build/Drivers/STM32G4xx_HAL_Driver/Src/stm32g4xx_hal_dma.o
 .debug_abbrev  0x00002c43      0x27c build/Drivers/STM32G4xx_HAL_Driver/Src/stm32g4xx_hal_pwr_ex.o
 .debug_abbrev  0x00002ebf      0x36b build/Drivers/STM32G4xx_HAL_Driver/Src/stm32g4xx_hal_cortex.o
 .debug_abbrev  0x0000322a      0x296 build/Drivers/STM32G4xx_HAL_Driver/Src/stm32g4xx_hal_comp.o
 .debug_abbrev  0x000034c0      0x285 build/Drivers/STM32G4xx_HAL_Driver/Src/stm32g4xx_hal_dac.o
 .debug_abbrev  0x00003745      0x2a9 build/Drivers/STM32G4xx_HAL_Driver/Src/stm32g4xx_hal_dac_ex.o
 .debug_abbrev  0x000039ee      0x2d4 build/Drivers/STM32G4xx_HAL_Driver/Src/stm32g4xx_hal_fdcan.o
 .debug_abbrev  0x00003cc2      0x3e5 build/Drivers/STM32G4xx_HAL_Driver/Src/stm32g4xx_hal_hrtim.o
 .debug_abbrev  0x000040a7      0x1ee build/Drivers/STM32G4xx_HAL_Driver/Src/stm32g4xx_hal_opamp.o
 .debug_abbrev  0x00004295      0x3e4 build/Drivers/STM32G4xx_HAL_Driver/Src/stm32g4xx_hal_tim.o
 .debug_abbrev  0x00004679      0x3d4 build/Drivers/STM32G4xx_HAL_Driver/Src/stm32g4xx_hal_tim_ex.o
 .debug_abbrev  0x00004a4d      0x11c build/Core/Src/system_stm32g4xx.o
 .debug_abbrev  0x00004b69      0x4fb build/Core/Src/Communication.o
 .debug_abbrev  0x00005064      0x597 build/Core/Src/Interface.o
 .debug_abbrev  0x000055fb      0x6e0 build/Core/Src/PowerManager.o
 .debug_abbrev  0x00005cdb      0x42e build/Core/Src/UserTask.o
 .debug_abbrev  0x00006109      0x13e build/Core/Src/Utility.o
 .debug_abbrev  0x00006247       0x24 build/startup_stm32g474xx.o
 .debug_abbrev  0x0000626b       0xc9 /usr/lib/gcc/arm-none-eabi/14.2.1/../../../arm-none-eabi/lib/thumb/v7e-m+fp/hard/libc_nano.a(libc_a-init.o)
 .debug_abbrev  0x00006334       0xb7 /usr/lib/gcc/arm-none-eabi/14.2.1/../../../arm-none-eabi/lib/thumb/v7e-m+fp/hard/libc_nano.a(libc_a-memset.o)

.debug_aranges  0x00000000     0x1bd8
 .debug_aranges
                0x00000000       0x30 build/Core/Src/main.o
 .debug_aranges
                0x00000030       0x20 build/Core/Src/gpio.o
 .debug_aranges
                0x00000050       0x40 build/Core/Src/adc.o
 .debug_aranges
                0x00000090       0x30 build/Core/Src/fdcan.o
 .debug_aranges
                0x000000c0       0x68 build/Core/Src/tim.o
 .debug_aranges
                0x00000128       0x78 build/Core/Src/stm32g4xx_it.o
 .debug_aranges
                0x000001a0       0x20 build/Core/Src/stm32g4xx_hal_msp.o
 .debug_aranges
                0x000001c0       0x38 build/Core/Src/hrtim.o
 .debug_aranges
                0x000001f8       0x20 build/Core/Src/dma.o
 .debug_aranges
                0x00000218       0x40 build/Core/Src/comp.o
 .debug_aranges
                0x00000258       0x48 build/Core/Src/opamp.o
 .debug_aranges
                0x000002a0       0x30 build/Core/Src/dac.o
 .debug_aranges
                0x000002d0      0x108 build/Drivers/STM32G4xx_HAL_Driver/Src/stm32g4xx_hal_adc.o
 .debug_aranges
                0x000003d8       0xf0 build/Drivers/STM32G4xx_HAL_Driver/Src/stm32g4xx_hal_adc_ex.o
 .debug_aranges
                0x000004c8      0x148 build/Drivers/STM32G4xx_HAL_Driver/Src/stm32g4xx_hal.o
 .debug_aranges
                0x00000610       0x90 build/Drivers/STM32G4xx_HAL_Driver/Src/stm32g4xx_hal_rcc.o
 .debug_aranges
                0x000006a0       0xb0 build/Drivers/STM32G4xx_HAL_Driver/Src/stm32g4xx_hal_rcc_ex.o
 .debug_aranges
                0x00000750       0x58 build/Drivers/STM32G4xx_HAL_Driver/Src/stm32g4xx_hal_gpio.o
 .debug_aranges
                0x000007a8       0x78 build/Drivers/STM32G4xx_HAL_Driver/Src/stm32g4xx_hal_dma.o
 .debug_aranges
                0x00000820      0x140 build/Drivers/STM32G4xx_HAL_Driver/Src/stm32g4xx_hal_pwr_ex.o
 .debug_aranges
                0x00000960       0xb8 build/Drivers/STM32G4xx_HAL_Driver/Src/stm32g4xx_hal_cortex.o
 .debug_aranges
                0x00000a18       0x78 build/Drivers/STM32G4xx_HAL_Driver/Src/stm32g4xx_hal_comp.o
 .debug_aranges
                0x00000a90       0xc0 build/Drivers/STM32G4xx_HAL_Driver/Src/stm32g4xx_hal_dac.o
 .debug_aranges
                0x00000b50       0xc0 build/Drivers/STM32G4xx_HAL_Driver/Src/stm32g4xx_hal_dac_ex.o
 .debug_aranges
                0x00000c10      0x268 build/Drivers/STM32G4xx_HAL_Driver/Src/stm32g4xx_hal_fdcan.o
 .debug_aranges
                0x00000e78      0x430 build/Drivers/STM32G4xx_HAL_Driver/Src/stm32g4xx_hal_hrtim.o
 .debug_aranges
                0x000012a8       0x70 build/Drivers/STM32G4xx_HAL_Driver/Src/stm32g4xx_hal_opamp.o
 .debug_aranges
                0x00001318      0x3b0 build/Drivers/STM32G4xx_HAL_Driver/Src/stm32g4xx_hal_tim.o
 .debug_aranges
                0x000016c8      0x238 build/Drivers/STM32G4xx_HAL_Driver/Src/stm32g4xx_hal_tim_ex.o
 .debug_aranges
                0x00001900       0x28 build/Core/Src/system_stm32g4xx.o
 .debug_aranges
                0x00001928       0x48 build/Core/Src/Communication.o
 .debug_aranges
                0x00001970       0x78 build/Core/Src/Interface.o
 .debug_aranges
                0x000019e8      0x110 build/Core/Src/PowerManager.o
 .debug_aranges
                0x00001af8       0x30 build/Core/Src/UserTask.o
 .debug_aranges
                0x00001b28       0x48 build/Core/Src/Utility.o
 .debug_aranges
                0x00001b70       0x28 build/startup_stm32g474xx.o
 .debug_aranges
                0x00001b98       0x20 /usr/lib/gcc/arm-none-eabi/14.2.1/../../../arm-none-eabi/lib/thumb/v7e-m+fp/hard/libc_nano.a(libc_a-init.o)
 .debug_aranges
                0x00001bb8       0x20 /usr/lib/gcc/arm-none-eabi/14.2.1/../../../arm-none-eabi/lib/thumb/v7e-m+fp/hard/libc_nano.a(libc_a-memset.o)

.debug_ranges   0x00000000     0x46d0
 .debug_ranges  0x00000000       0x20 build/Core/Src/main.o
 .debug_ranges  0x00000020       0x48 build/Core/Src/gpio.o
 .debug_ranges  0x00000068       0xd0 build/Core/Src/adc.o
 .debug_ranges  0x00000138       0x60 build/Core/Src/fdcan.o
 .debug_ranges  0x00000198      0x138 build/Core/Src/tim.o
 .debug_ranges  0x000002d0       0x68 build/Core/Src/stm32g4xx_it.o
 .debug_ranges  0x00000338       0x48 build/Core/Src/stm32g4xx_hal_msp.o
 .debug_ranges  0x00000380       0x98 build/Core/Src/hrtim.o
 .debug_ranges  0x00000418       0x28 build/Core/Src/dma.o
 .debug_ranges  0x00000440       0x90 build/Core/Src/comp.o
 .debug_ranges  0x000004d0       0xa8 build/Core/Src/opamp.o
 .debug_ranges  0x00000578       0x50 build/Core/Src/dac.o
 .debug_ranges  0x000005c8      0xa70 build/Drivers/STM32G4xx_HAL_Driver/Src/stm32g4xx_hal_adc.o
 .debug_ranges  0x00001038      0x790 build/Drivers/STM32G4xx_HAL_Driver/Src/stm32g4xx_hal_adc_ex.o
 .debug_ranges  0x000017c8      0x138 build/Drivers/STM32G4xx_HAL_Driver/Src/stm32g4xx_hal.o
 .debug_ranges  0x00001900       0xf8 build/Drivers/STM32G4xx_HAL_Driver/Src/stm32g4xx_hal_rcc.o
 .debug_ranges  0x000019f8      0x118 build/Drivers/STM32G4xx_HAL_Driver/Src/stm32g4xx_hal_rcc_ex.o
 .debug_ranges  0x00001b10       0x60 build/Drivers/STM32G4xx_HAL_Driver/Src/stm32g4xx_hal_gpio.o
 .debug_ranges  0x00001b70      0x110 build/Drivers/STM32G4xx_HAL_Driver/Src/stm32g4xx_hal_dma.o
 .debug_ranges  0x00001c80      0x130 build/Drivers/STM32G4xx_HAL_Driver/Src/stm32g4xx_hal_pwr_ex.o
 .debug_ranges  0x00001db0      0x1c0 build/Drivers/STM32G4xx_HAL_Driver/Src/stm32g4xx_hal_cortex.o
 .debug_ranges  0x00001f70       0xd8 build/Drivers/STM32G4xx_HAL_Driver/Src/stm32g4xx_hal_comp.o
 .debug_ranges  0x00002048       0xb0 build/Drivers/STM32G4xx_HAL_Driver/Src/stm32g4xx_hal_dac.o
 .debug_ranges  0x000020f8       0xb0 build/Drivers/STM32G4xx_HAL_Driver/Src/stm32g4xx_hal_dac_ex.o
 .debug_ranges  0x000021a8      0x2c8 build/Drivers/STM32G4xx_HAL_Driver/Src/stm32g4xx_hal_fdcan.o
 .debug_ranges  0x00002470      0xca0 build/Drivers/STM32G4xx_HAL_Driver/Src/stm32g4xx_hal_hrtim.o
 .debug_ranges  0x00003110       0x60 build/Drivers/STM32G4xx_HAL_Driver/Src/stm32g4xx_hal_opamp.o
 .debug_ranges  0x00003170      0xa28 build/Drivers/STM32G4xx_HAL_Driver/Src/stm32g4xx_hal_tim.o
 .debug_ranges  0x00003b98      0x310 build/Drivers/STM32G4xx_HAL_Driver/Src/stm32g4xx_hal_tim_ex.o
 .debug_ranges  0x00003ea8       0x18 build/Core/Src/system_stm32g4xx.o
 .debug_ranges  0x00003ec0       0xf0 build/Core/Src/Communication.o
 .debug_ranges  0x00003fb0       0xd0 build/Core/Src/Interface.o
 .debug_ranges  0x00004080      0x5a8 build/Core/Src/PowerManager.o
 .debug_ranges  0x00004628       0x50 build/Core/Src/UserTask.o
 .debug_ranges  0x00004678       0x38 build/Core/Src/Utility.o
 .debug_ranges  0x000046b0       0x20 build/startup_stm32g474xx.o

.debug_macro    0x00000000    0x30abe
 .debug_macro   0x00000000      0x257 build/Core/Src/main.o
 .debug_macro   0x00000257      0xaf6 build/Core/Src/main.o
 .debug_macro   0x00000d4d      0x179 build/Core/Src/main.o
 .debug_macro   0x00000ec6       0x2e build/Core/Src/main.o
 .debug_macro   0x00000ef4       0x28 build/Core/Src/main.o
 .debug_macro   0x00000f1c      0x34e build/Core/Src/main.o
 .debug_macro   0x0000126a       0x1c build/Core/Src/main.o
 .debug_macro   0x00001286       0x22 build/Core/Src/main.o
 .debug_macro   0x000012a8       0xfb build/Core/Src/main.o
 .debug_macro   0x000013a3     0x1011 build/Core/Src/main.o
 .debug_macro   0x000023b4      0x11f build/Core/Src/main.o
 .debug_macro   0x000024d3    0x18b8c build/Core/Src/main.o
 .debug_macro   0x0001b05f       0x6d build/Core/Src/main.o
 .debug_macro   0x0001b0cc     0x3558 build/Core/Src/main.o
 .debug_macro   0x0001e624      0x190 build/Core/Src/main.o
 .debug_macro   0x0001e7b4       0x5c build/Core/Src/main.o
 .debug_macro   0x0001e810     0x171f build/Core/Src/main.o
 .debug_macro   0x0001ff2f      0x600 build/Core/Src/main.o
 .debug_macro   0x0002052f      0x1b6 build/Core/Src/main.o
 .debug_macro   0x000206e5      0x34a build/Core/Src/main.o
 .debug_macro   0x00020a2f      0x53c build/Core/Src/main.o
 .debug_macro   0x00020f6b      0x18b build/Core/Src/main.o
 .debug_macro   0x000210f6       0x43 build/Core/Src/main.o
 .debug_macro   0x00021139      0x23d build/Core/Src/main.o
 .debug_macro   0x00021376     0x1112 build/Core/Src/main.o
 .debug_macro   0x00022488      0x72e build/Core/Src/main.o
 .debug_macro   0x00022bb6      0x391 build/Core/Src/main.o
 .debug_macro   0x00022f47      0x140 build/Core/Src/main.o
 .debug_macro   0x00023087      0x527 build/Core/Src/main.o
 .debug_macro   0x000235ae      0x209 build/Core/Src/main.o
 .debug_macro   0x000237b7      0x107 build/Core/Src/main.o
 .debug_macro   0x000238be      0x211 build/Core/Src/main.o
 .debug_macro   0x00023acf      0x6c4 build/Core/Src/main.o
 .debug_macro   0x00024193      0x45c build/Core/Src/main.o
 .debug_macro   0x000245ef      0x11c build/Core/Src/main.o
 .debug_macro   0x0002470b     0x20a8 build/Core/Src/main.o
 .debug_macro   0x000267b3      0x1b5 build/Core/Src/main.o
 .debug_macro   0x00026968      0x122 build/Core/Src/main.o
 .debug_macro   0x00026a8a      0x3d1 build/Core/Src/main.o
 .debug_macro   0x00026e5b      0xc0b build/Core/Src/main.o
 .debug_macro   0x00027a66      0x718 build/Core/Src/main.o
 .debug_macro   0x0002817e      0x358 build/Core/Src/main.o
 .debug_macro   0x000284d6       0x2e build/Core/Src/main.o
 .debug_macro   0x00028504      0x203 build/Core/Src/gpio.o