Drivers/STM32G4xx_HAL_Driver/Src/stm32g4xx_hal_hrtim.c:732:13:HAL_HRTIM_MspInit	0	static
Drivers/STM32G4xx_HAL_Driver/Src/stm32g4xx_hal_hrtim.c:8160:13:HAL_HRTIM_RegistersUpdateCallback	0	static
Drivers/STM32G4xx_HAL_Driver/Src/stm32g4xx_hal_hrtim.c:10832:13:HRTIM_DMAMasterCplt	0	static
Drivers/STM32G4xx_HAL_Driver/Src/stm32g4xx_hal_hrtim.c:11036:13:HRTIM_DMAError	0	static
Drivers/STM32G4xx_HAL_Driver/Src/stm32g4xx_hal_hrtim.c:10903:13:HRTIM_DMATimerxCplt	4	static
Drivers/STM32G4xx_HAL_Driver/Src/stm32g4xx_hal_hrtim.c:8186:13:HAL_HRTIM_RepetitionEventCallback	0	static
Drivers/STM32G4xx_HAL_Driver/Src/stm32g4xx_hal_hrtim.c:8213:13:HAL_HRTIM_Compare1EventCallback	0	static
Drivers/STM32G4xx_HAL_Driver/Src/stm32g4xx_hal_hrtim.c:8240:13:HAL_HRTIM_Compare2EventCallback	0	static
Drivers/STM32G4xx_HAL_Driver/Src/stm32g4xx_hal_hrtim.c:8267:13:HAL_HRTIM_Compare3EventCallback	0	static
Drivers/STM32G4xx_HAL_Driver/Src/stm32g4xx_hal_hrtim.c:8294:13:HAL_HRTIM_Compare4EventCallback	0	static
Drivers/STM32G4xx_HAL_Driver/Src/stm32g4xx_hal_hrtim.c:8319:13:HAL_HRTIM_Capture1EventCallback	0	static
Drivers/STM32G4xx_HAL_Driver/Src/stm32g4xx_hal_hrtim.c:8344:13:HAL_HRTIM_Capture2EventCallback	0	static
Drivers/STM32G4xx_HAL_Driver/Src/stm32g4xx_hal_hrtim.c:8370:13:HAL_HRTIM_DelayedProtectionCallback	0	static
Drivers/STM32G4xx_HAL_Driver/Src/stm32g4xx_hal_hrtim.c:8396:13:HAL_HRTIM_CounterResetCallback	0	static
Drivers/STM32G4xx_HAL_Driver/Src/stm32g4xx_hal_hrtim.c:8421:13:HAL_HRTIM_Output1SetCallback	0	static
Drivers/STM32G4xx_HAL_Driver/Src/stm32g4xx_hal_hrtim.c:8446:13:HAL_HRTIM_Output1ResetCallback	0	static
Drivers/STM32G4xx_HAL_Driver/Src/stm32g4xx_hal_hrtim.c:8471:13:HAL_HRTIM_Output2SetCallback	0	static
Drivers/STM32G4xx_HAL_Driver/Src/stm32g4xx_hal_hrtim.c:8496:13:HAL_HRTIM_Output2ResetCallback	0	static
Drivers/STM32G4xx_HAL_Driver/Src/stm32g4xx_hal_hrtim.c:8522:13:HAL_HRTIM_BurstDMATransferCallback	0	static
Drivers/STM32G4xx_HAL_Driver/Src/stm32g4xx_hal_hrtim.c:747:13:HAL_HRTIM_MspDeInit	0	static
Drivers/STM32G4xx_HAL_Driver/Src/stm32g4xx_hal_hrtim.c:8001:13:HAL_HRTIM_Fault1Callback	0	static
Drivers/STM32G4xx_HAL_Driver/Src/stm32g4xx_hal_hrtim.c:8016:13:HAL_HRTIM_Fault2Callback	0	static
Drivers/STM32G4xx_HAL_Driver/Src/stm32g4xx_hal_hrtim.c:8031:13:HAL_HRTIM_Fault3Callback	0	static
Drivers/STM32G4xx_HAL_Driver/Src/stm32g4xx_hal_hrtim.c:8046:13:HAL_HRTIM_Fault4Callback	0	static
Drivers/STM32G4xx_HAL_Driver/Src/stm32g4xx_hal_hrtim.c:8061:13:HAL_HRTIM_Fault5Callback	0	static
Drivers/STM32G4xx_HAL_Driver/Src/stm32g4xx_hal_hrtim.c:8076:13:HAL_HRTIM_Fault6Callback	0	static
Drivers/STM32G4xx_HAL_Driver/Src/stm32g4xx_hal_hrtim.c:8091:13:HAL_HRTIM_SystemFaultCallback	0	static
Drivers/STM32G4xx_HAL_Driver/Src/stm32g4xx_hal_hrtim.c:8106:13:HAL_HRTIM_DLLCalibrationReadyCallback	0	static
Drivers/STM32G4xx_HAL_Driver/Src/stm32g4xx_hal_hrtim.c:8121:13:HAL_HRTIM_BurstModePeriodCallback	0	static
Drivers/STM32G4xx_HAL_Driver/Src/stm32g4xx_hal_hrtim.c:8136:13:HAL_HRTIM_SynchronizationEventCallback	0	static
Drivers/STM32G4xx_HAL_Driver/Src/stm32g4xx_hal_hrtim.c:8539:13:HAL_HRTIM_ErrorCallback	0	static
Drivers/STM32G4xx_HAL_Driver/Src/stm32g4xx_hal_hrtim.c:11052:13:HRTIM_BurstDMACplt	0	static
Drivers/STM32G4xx_HAL_Driver/Src/stm32g4xx_hal_hrtim.c:551:19:HAL_HRTIM_Init	16	static
Drivers/STM32G4xx_HAL_Driver/Src/stm32g4xx_hal_hrtim.c:696:19:HAL_HRTIM_DeInit	8	static
Drivers/STM32G4xx_HAL_Driver/Src/stm32g4xx_hal_hrtim.c:772:19:HAL_HRTIM_DLLCalibrationStart	0	static
Drivers/STM32G4xx_HAL_Driver/Src/stm32g4xx_hal_hrtim.c:822:19:HAL_HRTIM_DLLCalibrationStart_IT	0	static
Drivers/STM32G4xx_HAL_Driver/Src/stm32g4xx_hal_hrtim.c:863:19:HAL_HRTIM_PollForDLLCalibration	16	static
Drivers/STM32G4xx_HAL_Driver/Src/stm32g4xx_hal_hrtim.c:913:19:HAL_HRTIM_TimeBaseConfig	16	static
Drivers/STM32G4xx_HAL_Driver/Src/stm32g4xx_hal_hrtim.c:985:19:HAL_HRTIM_SimpleBaseStart	4	static
Drivers/STM32G4xx_HAL_Driver/Src/stm32g4xx_hal_hrtim.c:1021:19:HAL_HRTIM_SimpleBaseStop	0	static
Drivers/STM32G4xx_HAL_Driver/Src/stm32g4xx_hal_hrtim.c:1058:19:HAL_HRTIM_SimpleBaseStart_IT	8	static
Drivers/STM32G4xx_HAL_Driver/Src/stm32g4xx_hal_hrtim.c:1105:19:HAL_HRTIM_SimpleBaseStop_IT	4	static
Drivers/STM32G4xx_HAL_Driver/Src/stm32g4xx_hal_hrtim.c:1155:19:HAL_HRTIM_SimpleBaseStart_DMA	16	static
Drivers/STM32G4xx_HAL_Driver/Src/stm32g4xx_hal_hrtim.c:1258:19:HAL_HRTIM_SimpleBaseStop_DMA	16	static
Drivers/STM32G4xx_HAL_Driver/Src/stm32g4xx_hal_hrtim.c:1383:19:HAL_HRTIM_SimpleOCChannelConfig	20	static
Drivers/STM32G4xx_HAL_Driver/Src/stm32g4xx_hal_hrtim.c:1562:19:HAL_HRTIM_SimpleOCStart	4	static
Drivers/STM32G4xx_HAL_Driver/Src/stm32g4xx_hal_hrtim.c:1615:19:HAL_HRTIM_SimpleOCStop	0	static
Drivers/STM32G4xx_HAL_Driver/Src/stm32g4xx_hal_hrtim.c:1673:19:HAL_HRTIM_SimpleOCStart_IT	12	static
Drivers/STM32G4xx_HAL_Driver/Src/stm32g4xx_hal_hrtim.c:1735:19:HAL_HRTIM_SimpleOCStop_IT	8	static
Drivers/STM32G4xx_HAL_Driver/Src/stm32g4xx_hal_hrtim.c:1805:19:HAL_HRTIM_SimpleOCStart_DMA	24	static
Drivers/STM32G4xx_HAL_Driver/Src/stm32g4xx_hal_hrtim.c:1915:19:HAL_HRTIM_SimpleOCStop_DMA	24	static
Drivers/STM32G4xx_HAL_Driver/Src/stm32g4xx_hal_hrtim.c:2026:19:HAL_HRTIM_SimplePWMChannelConfig	16	static
Drivers/STM32G4xx_HAL_Driver/Src/stm32g4xx_hal_hrtim.c:2149:19:HAL_HRTIM_SimplePWMStart	4	static
Drivers/STM32G4xx_HAL_Driver/Src/stm32g4xx_hal_hrtim.c:2202:19:HAL_HRTIM_SimplePWMStop	0	static
Drivers/STM32G4xx_HAL_Driver/Src/stm32g4xx_hal_hrtim.c:2256:19:HAL_HRTIM_SimplePWMStart_IT	4	static
Drivers/STM32G4xx_HAL_Driver/Src/stm32g4xx_hal_hrtim.c:2351:19:HAL_HRTIM_SimplePWMStop_IT	4	static
Drivers/STM32G4xx_HAL_Driver/Src/stm32g4xx_hal_hrtim.c:2450:19:HAL_HRTIM_SimplePWMStart_DMA	16	static
Drivers/STM32G4xx_HAL_Driver/Src/stm32g4xx_hal_hrtim.c:2594:19:HAL_HRTIM_SimplePWMStop_DMA	16	static
Drivers/STM32G4xx_HAL_Driver/Src/stm32g4xx_hal_hrtim.c:2721:19:HAL_HRTIM_SimpleCaptureChannelConfig	28	static
Drivers/STM32G4xx_HAL_Driver/Src/stm32g4xx_hal_hrtim.c:2793:19:HAL_HRTIM_SimpleCaptureStart	4	static
Drivers/STM32G4xx_HAL_Driver/Src/stm32g4xx_hal_hrtim.c:2865:19:HAL_HRTIM_SimpleCaptureStop	4	static
Drivers/STM32G4xx_HAL_Driver/Src/stm32g4xx_hal_hrtim.c:2948:19:HAL_HRTIM_SimpleCaptureStart_IT	4	static
Drivers/STM32G4xx_HAL_Driver/Src/stm32g4xx_hal_hrtim.c:3027:19:HAL_HRTIM_SimpleCaptureStop_IT	4	static
Drivers/STM32G4xx_HAL_Driver/Src/stm32g4xx_hal_hrtim.c:3121:19:HAL_HRTIM_SimpleCaptureStart_DMA	16	static
Drivers/STM32G4xx_HAL_Driver/Src/stm32g4xx_hal_hrtim.c:3235:19:HAL_HRTIM_SimpleCaptureStop_DMA	16	static
Drivers/STM32G4xx_HAL_Driver/Src/stm32g4xx_hal_hrtim.c:3385:19:HAL_HRTIM_SimpleOnePulseChannelConfig	20	static
Drivers/STM32G4xx_HAL_Driver/Src/stm32g4xx_hal_hrtim.c:3526:19:HAL_HRTIM_SimpleOnePulseStart	4	static
Drivers/STM32G4xx_HAL_Driver/Src/stm32g4xx_hal_hrtim.c:3579:19:HAL_HRTIM_SimpleOnePulseStop	0	static
Drivers/STM32G4xx_HAL_Driver/Src/stm32g4xx_hal_hrtim.c:3633:19:HAL_HRTIM_SimpleOnePulseStart_IT	4	static
Drivers/STM32G4xx_HAL_Driver/Src/stm32g4xx_hal_hrtim.c:3728:19:HAL_HRTIM_SimpleOnePulseStop_IT	4	static
Drivers/STM32G4xx_HAL_Driver/Src/stm32g4xx_hal_hrtim.c:3827:19:HAL_HRTIM_BurstModeConfig	8	static
Drivers/STM32G4xx_HAL_Driver/Src/stm32g4xx_hal_hrtim.c:3907:19:HAL_HRTIM_EventConfig	12	static
Drivers/STM32G4xx_HAL_Driver/Src/stm32g4xx_hal_hrtim.c:3952:19:HAL_HRTIM_EventPrescalerConfig	4	static
Drivers/STM32G4xx_HAL_Driver/Src/stm32g4xx_hal_hrtim.c:3995:19:HAL_HRTIM_FaultConfig	20	static
Drivers/STM32G4xx_HAL_Driver/Src/stm32g4xx_hal_hrtim.c:4146:19:HAL_HRTIM_FaultPrescalerConfig	0	static
Drivers/STM32G4xx_HAL_Driver/Src/stm32g4xx_hal_hrtim.c:4189:19:HAL_HRTIM_FaultBlankingConfigAndEnable	0	static
Drivers/STM32G4xx_HAL_Driver/Src/stm32g4xx_hal_hrtim.c:4300:19:HAL_HRTIM_FaultCounterConfig	4	static
Drivers/STM32G4xx_HAL_Driver/Src/stm32g4xx_hal_hrtim.c:4407:19:HAL_HRTIM_FaultCounterReset	0	static
Drivers/STM32G4xx_HAL_Driver/Src/stm32g4xx_hal_hrtim.c:4497:6:HAL_HRTIM_FaultModeCtl	4	static
Drivers/STM32G4xx_HAL_Driver/Src/stm32g4xx_hal_hrtim.c:4559:19:HAL_HRTIM_ADCTriggerConfig	12	static
Drivers/STM32G4xx_HAL_Driver/Src/stm32g4xx_hal_hrtim.c:4746:19:HAL_HRTIM_ADCPostScalerConfig	0	static
Drivers/STM32G4xx_HAL_Driver/Src/stm32g4xx_hal_hrtim.c:4869:19:HAL_HRTIM_RollOverModeConfig	0	static
Drivers/STM32G4xx_HAL_Driver/Src/stm32g4xx_hal_hrtim.c:4958:19:HAL_HRTIM_WaveformTimerConfig	48	static
Drivers/STM32G4xx_HAL_Driver/Src/stm32g4xx_hal_hrtim.c:5062:19:HAL_HRTIM_WaveformTimerControl	8	static
Drivers/STM32G4xx_HAL_Driver/Src/stm32g4xx_hal_hrtim.c:5118:19:HAL_HRTIM_TimerDualChannelDacConfig	4	static
Drivers/STM32G4xx_HAL_Driver/Src/stm32g4xx_hal_hrtim.c:5184:19:HAL_HRTIM_TimerEventFilteringConfig	4	static
Drivers/STM32G4xx_HAL_Driver/Src/stm32g4xx_hal_hrtim.c:5330:19:HAL_HRTIM_ExtEventCounterConfig	20	static
Drivers/STM32G4xx_HAL_Driver/Src/stm32g4xx_hal_hrtim.c:5419:19:HAL_HRTIM_ExtEventCounterEnable	4	static
Drivers/STM32G4xx_HAL_Driver/Src/stm32g4xx_hal_hrtim.c:5471:19:HAL_HRTIM_ExtEventCounterDisable	4	static
Drivers/STM32G4xx_HAL_Driver/Src/stm32g4xx_hal_hrtim.c:5525:19:HAL_HRTIM_ExtEventCounterReset	4	static
Drivers/STM32G4xx_HAL_Driver/Src/stm32g4xx_hal_hrtim.c:5575:19:HAL_HRTIM_DeadTimeConfig	8	static
Drivers/STM32G4xx_HAL_Driver/Src/stm32g4xx_hal_hrtim.c:5641:19:HAL_HRTIM_ChopperModeConfig	4	static
Drivers/STM32G4xx_HAL_Driver/Src/stm32g4xx_hal_hrtim.c:5719:19:HAL_HRTIM_BurstDMAConfig	0	static
Drivers/STM32G4xx_HAL_Driver/Src/stm32g4xx_hal_hrtim.c:5833:19:HAL_HRTIM_WaveformCompareConfig	4	static
Drivers/STM32G4xx_HAL_Driver/Src/stm32g4xx_hal_hrtim.c:6035:19:HAL_HRTIM_WaveformCaptureConfig	8	static
Drivers/STM32G4xx_HAL_Driver/Src/stm32g4xx_hal_hrtim.c:6144:19:HAL_HRTIM_WaveformOutputConfig	20	static
Drivers/STM32G4xx_HAL_Driver/Src/stm32g4xx_hal_hrtim.c:6215:19:HAL_HRTIM_WaveformSetOutputLevel	4	static
Drivers/STM32G4xx_HAL_Driver/Src/stm32g4xx_hal_hrtim.c:6321:19:HAL_HRTIM_WaveformOutputStart	0	static
Drivers/STM32G4xx_HAL_Driver/Src/stm32g4xx_hal_hrtim.c:6363:19:HAL_HRTIM_WaveformOutputStop	0	static
Drivers/STM32G4xx_HAL_Driver/Src/stm32g4xx_hal_hrtim.c:6400:19:HAL_HRTIM_WaveformCountStart	0	static
Drivers/STM32G4xx_HAL_Driver/Src/stm32g4xx_hal_hrtim.c:6438:19:HAL_HRTIM_WaveformCountStop	0	static
Drivers/STM32G4xx_HAL_Driver/Src/stm32g4xx_hal_hrtim.c:6479:19:HAL_HRTIM_WaveformCountStart_IT	8	static
Drivers/STM32G4xx_HAL_Driver/Src/stm32g4xx_hal_hrtim.c:6543:19:HAL_HRTIM_WaveformCountStop_IT	16	static
Drivers/STM32G4xx_HAL_Driver/Src/stm32g4xx_hal_hrtim.c:6616:19:HAL_HRTIM_WaveformCountStart_DMA	40	static
Drivers/STM32G4xx_HAL_Driver/Src/stm32g4xx_hal_hrtim.c:6738:19:HAL_HRTIM_WaveformCountStop_DMA	40	static
Drivers/STM32G4xx_HAL_Driver/Src/stm32g4xx_hal_hrtim.c:6813:19:HAL_HRTIM_BurstModeCtl	0	static
Drivers/STM32G4xx_HAL_Driver/Src/stm32g4xx_hal_hrtim.c:6845:19:HAL_HRTIM_BurstModeSoftwareTrigger	0	static
Drivers/STM32G4xx_HAL_Driver/Src/stm32g4xx_hal_hrtim.c:6887:19:HAL_HRTIM_SoftwareCapture	0	static
Drivers/STM32G4xx_HAL_Driver/Src/stm32g4xx_hal_hrtim.c:6960:19:HAL_HRTIM_SoftwareUpdate	4	static
Drivers/STM32G4xx_HAL_Driver/Src/stm32g4xx_hal_hrtim.c:7001:19:HAL_HRTIM_SwapTimerOutput	0	static
Drivers/STM32G4xx_HAL_Driver/Src/stm32g4xx_hal_hrtim.c:7044:19:HAL_HRTIM_SoftwareReset	0	static
Drivers/STM32G4xx_HAL_Driver/Src/stm32g4xx_hal_hrtim.c:7084:19:HAL_HRTIM_OutputSwapEnable	4	static
Drivers/STM32G4xx_HAL_Driver/Src/stm32g4xx_hal_hrtim.c:7124:19:HAL_HRTIM_OutputSwapDisable	0	static
Drivers/STM32G4xx_HAL_Driver/Src/stm32g4xx_hal_hrtim.c:7177:19:HAL_HRTIM_BurstDMATransfer	8	static
Drivers/STM32G4xx_HAL_Driver/Src/stm32g4xx_hal_hrtim.c:7262:19:HAL_HRTIM_UpdateEnable	0	static
Drivers/STM32G4xx_HAL_Driver/Src/stm32g4xx_hal_hrtim.c:7299:19:HAL_HRTIM_UpdateDisable	0	static
Drivers/STM32G4xx_HAL_Driver/Src/stm32g4xx_hal_hrtim.c:7351:24:HAL_HRTIM_GetState	0	static
Drivers/STM32G4xx_HAL_Driver/Src/stm32g4xx_hal_hrtim.c:7374:10:HAL_HRTIM_GetCapturedValue	0	static
Drivers/STM32G4xx_HAL_Driver/Src/stm32g4xx_hal_hrtim.c:7427:27:HAL_HRTIM_GetCaptured	0	static
Drivers/STM32G4xx_HAL_Driver/Src/stm32g4xx_hal_hrtim.c:7480:10:HAL_HRTIM_GetCapturedDir	0	static
Drivers/STM32G4xx_HAL_Driver/Src/stm32g4xx_hal_hrtim.c:7537:10:HAL_HRTIM_WaveformGetOutputLevel	4	static
Drivers/STM32G4xx_HAL_Driver/Src/stm32g4xx_hal_hrtim.c:7622:10:HAL_HRTIM_WaveformGetOutputState	0	static
Drivers/STM32G4xx_HAL_Driver/Src/stm32g4xx_hal_hrtim.c:7767:10:HAL_HRTIM_GetDelayedProtectionStatus	4	static
Drivers/STM32G4xx_HAL_Driver/Src/stm32g4xx_hal_hrtim.c:7834:10:HAL_HRTIM_GetBurstStatus	0	static
Drivers/STM32G4xx_HAL_Driver/Src/stm32g4xx_hal_hrtim.c:7858:10:HAL_HRTIM_GetCurrentPushPullStatus	0	static
Drivers/STM32G4xx_HAL_Driver/Src/stm32g4xx_hal_hrtim.c:7887:10:HAL_HRTIM_GetIdlePushPullStatus	0	static
Drivers/STM32G4xx_HAL_Driver/Src/stm32g4xx_hal_hrtim.c:7975:6:HAL_HRTIM_IRQHandler	24	static
Drivers/STM32G4xx_HAL_Driver/Src/stm32g4xx_hal_hrtim.c:8571:19:HAL_HRTIM_RegisterCallback	0	static
Drivers/STM32G4xx_HAL_Driver/Src/stm32g4xx_hal_hrtim.c:8709:19:HAL_HRTIM_UnRegisterCallback	0	static
Drivers/STM32G4xx_HAL_Driver/Src/stm32g4xx_hal_hrtim.c:8841:19:HAL_HRTIM_TIMxRegisterCallback	0	static
Drivers/STM32G4xx_HAL_Driver/Src/stm32g4xx_hal_hrtim.c:8968:19:HAL_HRTIM_TIMxUnRegisterCallback	0	static
